Running docker compose command "ps --services --filter status=running"
Running docker compose command "exec nautobot coverage run --module nautobot.core.cli test nautobot_igp_models --buffer"
Implicitly excluding tests tagged 'integration'
Implicitly excluding tests tagged 'migration_test'
Implicitly excluding tests tagged 'example_app'
Implicitly excluding tests tagged 'example_app_with_view_override'
Found 475 test(s).
Creating test database for alias 'default'...




    Updated 0 leftover ObjectChanges from deleted devicerole records.
    Updated 0 leftover ObjectChanges from deleted rackrole records.
    Updated 0 leftover ObjectChanges from deleted role records.
    Updated 0 leftover ObjectChanges from deleted devicerole records.
    Created Role 'Loopback'
    Created Role 'Secondary'
    Created Role 'Anycast'
    Created Role 'VIP'
    Created Role 'VRRP'
    Created Role 'HSRP'
    Created Role 'GLBP'
    Created Role 'CARP'



>>> Checking whether any Interface or VMInterface has IPs with differing VRFs...
    ... completed (elapsed time: 0.0 seconds)
>>> Verifying all Prefix.broadcast values...
    ... completed (elapsed time: 0.0 seconds)
>>> Setting Prefix.version and IPAddress.version values...
    ... completed (elapsed time: 0.0 seconds)
>>> Processing VRFs...
    ... completed (elapsed time: 0.0 seconds)
>>> Processing IPAddresses...
    >>> Reparenting individual IPAddresses to a close-enough parent Prefix...
        ... completed (elapsed time: 0.0 seconds)
    >>> Reparenting orphaned IPAddresses by creating new Prefixes as needed...
        ... completed (elapsed time: 0.0 seconds)
    ... completed (elapsed time: 0.0 seconds)
>>> Processing duplicate Prefixes...
    ... completed (elapsed time: 0.0 seconds)
>>> Reparenting Prefixes...
    ... completed (elapsed time: 0.0 seconds)
>>> Copying VRFs to cleanup Namespaces as needed...
    ... completed (elapsed time: 0.0 seconds)
>>> Processing Interfaces and VM Interfaces...
    ... completed (elapsed time: 0.0 seconds)
>>> Processing VRF to Prefix many-to-many...
    ... completed (elapsed time: 0.0 seconds)

    Checking for duplicate records ...

    Checking for duplicate records ...

    Checking for duplicate records ...

    Checking for duplicate records ...

>>> Finding and removing any invalid or dangling Note objects ...


>>> Removal completed. 






Migration passed: No approval_required jobs or scheduled jobs found.





System check identified no issues (0 silenced).
.F..F......................FFF.F..F........................F.F..F......................F.F.F..F........................F.F..F........................F..FFF...FF.FFFF.FF.F.FF..F.FF....EFFF.F.FF...............F..F..F.F.............F........F............F..s........E..FF......FF......F...........s..ss.......sE..FF......FF......F.....FF.F..s..ss.......FE..FF......FF......F.....FF.F..s..ss.......sE..FF......FF......F.....FF.F..s..ss.......FFE..FF......FF......F.....FF.F..s..s.
======================================================================
ERROR: test_filter_by_interface (nautobot_igp_models.tests.test_filter_ospfinterfaceconfiguration.OSPFInterfaceConfigurationFilterTestCase.test_filter_by_interface)
Test filtering by interface.
----------------------------------------------------------------------
Traceback (most recent call last):
  File "/usr/local/lib/python3.11/site-packages/django/db/models/fields/__init__.py", line 2688, in to_python
    return uuid.UUID(**{input_form: value})
           ^^^^^^^^^^^^^^^^^^^^^^^^^^^^^^^^
  File "/usr/local/lib/python3.11/uuid.py", line 178, in __init__
    raise ValueError('badly formed hexadecimal UUID string')
ValueError: badly formed hexadecimal UUID string

During handling of the above exception, another exception occurred:

Traceback (most recent call last):
  File "/source/nautobot_igp_models/tests/test_filter_ospfinterfaceconfiguration.py", line 60, in test_filter_by_interface
    self.assertEqual(filterset.qs.count(), 1)
                     ^^^^^^^^^^^^
  File "/usr/local/lib/python3.11/site-packages/django_filters/filterset.py", line 250, in qs
    qs = self.filter_queryset(qs)
         ^^^^^^^^^^^^^^^^^^^^^^^^
  File "/usr/local/lib/python3.11/site-packages/django_filters/filterset.py", line 233, in filter_queryset
    queryset = self.filters[name].filter(queryset, value)
               ^^^^^^^^^^^^^^^^^^^^^^^^^^^^^^^^^^^^^^^^^^
  File "/usr/local/lib/python3.11/site-packages/django_filters/filters.py", line 167, in filter
    qs = self.get_method(qs)(**{lookup: value})
         ^^^^^^^^^^^^^^^^^^^^^^^^^^^^^^^^^^^^^^
  File "/usr/local/lib/python3.11/site-packages/nautobot/core/models/querysets.py", line 100, in filter
    return super().filter(*args, **self.split_composite_key_into_kwargs(composite_key, **kwargs))
           ^^^^^^^^^^^^^^^^^^^^^^^^^^^^^^^^^^^^^^^^^^^^^^^^^^^^^^^^^^^^^^^^^^^^^^^^^^^^^^^^^^^^^^
  File "/usr/local/lib/python3.11/site-packages/django/db/models/query.py", line 1438, in filter
    return self._filter_or_exclude(False, args, kwargs)
           ^^^^^^^^^^^^^^^^^^^^^^^^^^^^^^^^^^^^^^^^^^^^
  File "/usr/local/lib/python3.11/site-packages/django/db/models/query.py", line 1456, in _filter_or_exclude
    clone._filter_or_exclude_inplace(negate, args, kwargs)
  File "/usr/local/lib/python3.11/site-packages/django/db/models/query.py", line 1466, in _filter_or_exclude_inplace
    self._query.add_q(Q(*args, **kwargs))
  File "/usr/local/lib/python3.11/site-packages/django/db/models/sql/query.py", line 1548, in add_q
    clause, _ = self._add_q(q_object, self.used_aliases)
                ^^^^^^^^^^^^^^^^^^^^^^^^^^^^^^^^^^^^^^^^
  File "/usr/local/lib/python3.11/site-packages/django/db/models/sql/query.py", line 1579, in _add_q
    child_clause, needed_inner = self.build_filter(
                                 ^^^^^^^^^^^^^^^^^^
  File "/usr/local/lib/python3.11/site-packages/django/db/models/sql/query.py", line 1494, in build_filter
    condition = self.build_lookup(lookups, col, value)
                ^^^^^^^^^^^^^^^^^^^^^^^^^^^^^^^^^^^^^^
  File "/usr/local/lib/python3.11/site-packages/django/db/models/sql/query.py", line 1321, in build_lookup
    lookup = lookup_class(lhs, rhs)
             ^^^^^^^^^^^^^^^^^^^^^^
  File "/usr/local/lib/python3.11/site-packages/django/db/models/lookups.py", line 27, in __init__
    self.rhs = self.get_prep_lookup()
               ^^^^^^^^^^^^^^^^^^^^^^
  File "/usr/local/lib/python3.11/site-packages/django/db/models/fields/related_lookups.py", line 166, in get_prep_lookup
    self.rhs = target_field.get_prep_value(self.rhs)
               ^^^^^^^^^^^^^^^^^^^^^^^^^^^^^^^^^^^^^
  File "/usr/local/lib/python3.11/site-packages/django/db/models/fields/__init__.py", line 2672, in get_prep_value
    return self.to_python(value)
           ^^^^^^^^^^^^^^^^^^^^^
  File "/usr/local/lib/python3.11/site-packages/django/db/models/fields/__init__.py", line 2690, in to_python
    raise exceptions.ValidationError(
django.core.exceptions.ValidationError: ["“['da42022a-3c92-4082-b4dd-06c6adc61888']” is not a valid UUID."]

======================================================================
ERROR: test_bulk_edit_objects_with_constrained_permission (nautobot_igp_models.tests.test_views.IGPRoutingInstanceViewTest.test_bulk_edit_objects_with_constrained_permission)
----------------------------------------------------------------------
Traceback (most recent call last):
  File "/usr/local/lib/python3.11/site-packages/django/test/utils.py", line 461, in inner
    return func(*args, **kwargs)
           ^^^^^^^^^^^^^^^^^^^^^
  File "/usr/local/lib/python3.11/site-packages/nautobot/core/testing/views.py", line 1480, in test_bulk_edit_objects_with_constrained_permission
    attr_name = next(iter(self.bulk_edit_data.keys()))
                ^^^^^^^^^^^^^^^^^^^^^^^^^^^^^^^^^^^^^^
StopIteration

======================================================================
ERROR: test_bulk_edit_objects_with_constrained_permission (nautobot_igp_models.tests.test_views.ISISConfigurationViewTest.test_bulk_edit_objects_with_constrained_permission)
----------------------------------------------------------------------
Traceback (most recent call last):
  File "/usr/local/lib/python3.11/site-packages/django/test/utils.py", line 461, in inner
    return func(*args, **kwargs)
           ^^^^^^^^^^^^^^^^^^^^^
  File "/usr/local/lib/python3.11/site-packages/nautobot/core/testing/views.py", line 1480, in test_bulk_edit_objects_with_constrained_permission
    attr_name = next(iter(self.bulk_edit_data.keys()))
                ^^^^^^^^^^^^^^^^^^^^^^^^^^^^^^^^^^^^^^
StopIteration

======================================================================
ERROR: test_bulk_edit_objects_with_constrained_permission (nautobot_igp_models.tests.test_views.ISISInterfaceConfigurationViewTest.test_bulk_edit_objects_with_constrained_permission)
----------------------------------------------------------------------
Traceback (most recent call last):
  File "/usr/local/lib/python3.11/site-packages/django/test/utils.py", line 461, in inner
    return func(*args, **kwargs)
           ^^^^^^^^^^^^^^^^^^^^^
  File "/usr/local/lib/python3.11/site-packages/nautobot/core/testing/views.py", line 1480, in test_bulk_edit_objects_with_constrained_permission
    attr_name = next(iter(self.bulk_edit_data.keys()))
                ^^^^^^^^^^^^^^^^^^^^^^^^^^^^^^^^^^^^^^
StopIteration

======================================================================
ERROR: test_bulk_edit_objects_with_constrained_permission (nautobot_igp_models.tests.test_views.OSPFConfigurationViewTest.test_bulk_edit_objects_with_constrained_permission)
----------------------------------------------------------------------
Traceback (most recent call last):
  File "/usr/local/lib/python3.11/site-packages/django/test/utils.py", line 461, in inner
    return func(*args, **kwargs)
           ^^^^^^^^^^^^^^^^^^^^^
  File "/usr/local/lib/python3.11/site-packages/nautobot/core/testing/views.py", line 1480, in test_bulk_edit_objects_with_constrained_permission
    attr_name = next(iter(self.bulk_edit_data.keys()))
                ^^^^^^^^^^^^^^^^^^^^^^^^^^^^^^^^^^^^^^
StopIteration

======================================================================
ERROR: test_bulk_edit_objects_with_constrained_permission (nautobot_igp_models.tests.test_views.OSPFInterfaceConfigurationViewTest.test_bulk_edit_objects_with_constrained_permission)
----------------------------------------------------------------------
Traceback (most recent call last):
  File "/usr/local/lib/python3.11/site-packages/django/test/utils.py", line 461, in inner
    return func(*args, **kwargs)
           ^^^^^^^^^^^^^^^^^^^^^
  File "/usr/local/lib/python3.11/site-packages/nautobot/core/testing/views.py", line 1480, in test_bulk_edit_objects_with_constrained_permission
    attr_name = next(iter(self.bulk_edit_data.keys()))
                ^^^^^^^^^^^^^^^^^^^^^^^^^^^^^^^^^^^^^^
StopIteration

======================================================================
FAIL: test_bulk_create_objects (nautobot_igp_models.tests.test_api_views.IGPRoutingInstanceAPIViewTest.test_bulk_create_objects)
POST a set of objects in a single request.
----------------------------------------------------------------------
Traceback (most recent call last):
  File "/usr/local/lib/python3.11/site-packages/django/test/utils.py", line 461, in inner
    return func(*args, **kwargs)
           ^^^^^^^^^^^^^^^^^^^^^
  File "/usr/local/lib/python3.11/site-packages/nautobot/core/testing/api.py", line 885, in test_bulk_create_objects
    self.assertHttpStatus(
  File "/usr/local/lib/python3.11/site-packages/nautobot/core/testing/mixins.py", line 232, in assertHttpStatus
    self.assertIn(response.status_code, expected_status, err_message)
AssertionError: 400 not found in [201] : create_data: [{'name': 'API-Test-IGP-1', 'description': 'API test IGP instance 1', 'device': '3ad4be43-c767-4507-9374-6666adb46627', 'protocol': 'ISIS', 'router_id': 'bc924260-ac8e-453b-9e77-de6af7475ec3', 'vrf': 'a503b0d5-5d59-4b84-9a6d-d9f0dffbbe56', 'isis_area': '49.0001', 'status': 'cdb9192d-437f-4c1d-8ed7-1859b1d3d81e'}, {'name': 'API-Test-IGP-2', 'description': 'API test IGP instance 2', 'device': '8747a52e-fa7c-4d61-881c-8292860b7877', 'protocol': 'OSPF', 'router_id': 'b2a4d706-95c8-48d2-af12-d1839dd1f850', 'vrf': 'a503b0d5-5d59-4b84-9a6d-d9f0dffbbe56', 'status': 'cdb9192d-437f-4c1d-8ed7-1859b1d3d81e'}, {'name': 'API-Test-IGP-3', 'description': 'API test IGP instance 3', 'device': '8747a52e-fa7c-4d61-881c-8292860b7877', 'protocol': 'ISIS', 'router_id': 'b2a4d706-95c8-48d2-af12-d1839dd1f850', 'vrf': 'a503b0d5-5d59-4b84-9a6d-d9f0dffbbe56', 'isis_area': '49.0002', 'status': 'cdb9192d-437f-4c1d-8ed7-1859b1d3d81e'}]
existing records: [<IGPRoutingInstance: ISIS on router1>, <IGPRoutingInstance: ISIS on router2>, <IGPRoutingInstance: ISIS on router3>, <IGPRoutingInstance: OSPF on router1>, <IGPRoutingInstance: OSPF on router2>, <IGPRoutingInstance: OSPF on router3>]
Expected HTTP status(es) [201]; received 400:
[{'non_field_errors': [ErrorDetail(string='The fields device, protocol, vrf must make a unique set.', code='unique')]}, {'non_field_errors': [ErrorDetail(string='The fields device, protocol, vrf must make a unique set.', code='unique')]}, {'non_field_errors': [ErrorDetail(string='The fields device, protocol, vrf must make a unique set.', code='unique')]}]

======================================================================
FAIL: test_create_object (nautobot_igp_models.tests.test_api_views.IGPRoutingInstanceAPIViewTest.test_create_object)
POST a single object with permission.
----------------------------------------------------------------------
Traceback (most recent call last):
  File "/usr/local/lib/python3.11/site-packages/django/test/utils.py", line 461, in inner
    return func(*args, **kwargs)
           ^^^^^^^^^^^^^^^^^^^^^
  File "/usr/local/lib/python3.11/site-packages/nautobot/core/testing/api.py", line 783, in test_create_object
    self.assertHttpStatus(response, status.HTTP_201_CREATED)
  File "/usr/local/lib/python3.11/site-packages/nautobot/core/testing/mixins.py", line 232, in assertHttpStatus
    self.assertIn(response.status_code, expected_status, err_message)
AssertionError: 400 not found in [201] : Expected HTTP status(es) [201]; received 400:
{'non_field_errors': [ErrorDetail(string='The fields device, protocol, vrf must make a unique set.', code='unique')]}

======================================================================
FAIL: test_options_returns_expected_choices (nautobot_igp_models.tests.test_api_views.IGPRoutingInstanceAPIViewTest.test_options_returns_expected_choices)
Make an OPTIONS request for a list endpoint and validate choices match expected choices for serializer.
----------------------------------------------------------------------
Traceback (most recent call last):
  File "/usr/local/lib/python3.11/site-packages/django/test/utils.py", line 461, in inner
    return func(*args, **kwargs)
           ^^^^^^^^^^^^^^^^^^^^^
  File "/usr/local/lib/python3.11/site-packages/nautobot/core/testing/api.py", line 1147, in test_options_returns_expected_choices
    self.assertEqual(
AssertionError: Items in the second set but not the first:
'protocol' : All field names of choice fields for a given model serializer need to be manually added to self.choices_fields. If this is already the case, perhaps the serializer is implemented incorrectly?

======================================================================
FAIL: test_recreate_object_csv (nautobot_igp_models.tests.test_api_views.IGPRoutingInstanceAPIViewTest.test_recreate_object_csv)
CSV export an object, delete it, and recreate it via CSV import.
----------------------------------------------------------------------
Traceback (most recent call last):
  File "/usr/local/lib/python3.11/site-packages/django/test/utils.py", line 461, in inner
    return func(*args, **kwargs)
           ^^^^^^^^^^^^^^^^^^^^^
  File "/usr/local/lib/python3.11/site-packages/nautobot/core/testing/api.py", line 843, in test_recreate_object_csv
    self.assertHttpStatus(response, status.HTTP_201_CREATED, csv_data)
  File "/usr/local/lib/python3.11/site-packages/nautobot/core/testing/mixins.py", line 232, in assertHttpStatus
    self.assertIn(response.status_code, expected_status, err_message)
AssertionError: 400 not found in [201] : name,display,id,object_type,natural_slug,description,protocol,isis_area,device__name,device__tenant__name,device__location__name,router_id__parent__namespace__name,router_id__host,vrf__namespace__name,vrf__rd,status__name,created,last_updated,tags
ISIS-router1,ISIS on router1,1d1b6302-caf3-4b0b-8288-2092dbdf4a67,nautobot_igp_models.igproutinginstance,router1__datacenter-1_isis_global_1d1b,ISIS routing instance for router1,ISIS,49.0001,router1,NoObject,DataCenter-1,Global,10.0.0.1,Global,NULL,Active,2026-02-08T00:51:25.118975Z,2026-02-08T00:51:25.119004Z,

Expected HTTP status(es) [201]; received 400:
[{'vrf': [ErrorDetail(string="Multiple objects match the provided attributes: {'namespace__name': 'Global', 'rd': None}", code='invalid')]}]

======================================================================
FAIL: test_update_object (nautobot_igp_models.tests.test_api_views.IGPRoutingInstanceAPIViewTest.test_update_object)
PATCH a single object identified by its ID.
----------------------------------------------------------------------
Traceback (most recent call last):
  File "/usr/local/lib/python3.11/site-packages/django/test/utils.py", line 461, in inner
    return func(*args, **kwargs)
           ^^^^^^^^^^^^^^^^^^^^^
  File "/usr/local/lib/python3.11/site-packages/nautobot/core/testing/api.py", line 1016, in test_update_object
    self.assertInstanceEqual(instance, update_data, exclude=self.validation_excluded_fields, api=True)
  File "/usr/local/lib/python3.11/site-packages/nautobot/core/testing/mixins.py", line 289, in assertInstanceEqual
    self.assertEqual(new_model_dict, relevant_data)
AssertionError: {'nam[69 chars]ce': UUID('3ad4be43-c767-4507-9374-6666adb4662[211 chars]1e')} != {'nam[69 chars]ce': '3ad4be43-c767-4507-9374-6666adb46627', '[187 chars]81e'}
  {'description': 'API test IGP instance 1',
-  'device': UUID('3ad4be43-c767-4507-9374-6666adb46627'),
?            -----                                      -

+  'device': '3ad4be43-c767-4507-9374-6666adb46627',
   'isis_area': '49.0001',
   'name': 'API-Test-IGP-1',
   'protocol': 'ISIS',
-  'router_id': UUID('bc924260-ac8e-453b-9e77-de6af7475ec3'),
?               -----                                      -

+  'router_id': 'bc924260-ac8e-453b-9e77-de6af7475ec3',
-  'status': UUID('cdb9192d-437f-4c1d-8ed7-1859b1d3d81e'),
?            -----                                      -

+  'status': 'cdb9192d-437f-4c1d-8ed7-1859b1d3d81e',
-  'vrf': UUID('a503b0d5-5d59-4b84-9a6d-d9f0dffbbe56')}
?         -----                                      -

+  'vrf': 'a503b0d5-5d59-4b84-9a6d-d9f0dffbbe56'}

======================================================================
FAIL: test_bulk_create_objects (nautobot_igp_models.tests.test_api_views.ISISConfigurationAPIViewTest.test_bulk_create_objects)
POST a set of objects in a single request.
----------------------------------------------------------------------
Traceback (most recent call last):
  File "/usr/local/lib/python3.11/site-packages/django/test/utils.py", line 461, in inner
    return func(*args, **kwargs)
           ^^^^^^^^^^^^^^^^^^^^^
  File "/usr/local/lib/python3.11/site-packages/nautobot/core/testing/api.py", line 901, in test_bulk_create_objects
    self.assertInstanceEqual(
  File "/usr/local/lib/python3.11/site-packages/nautobot/core/testing/mixins.py", line 289, in assertInstanceEqual
    self.assertEqual(new_model_dict, relevant_data)
AssertionError: {'nam[32 chars]ce': UUID('f1fcfd16-0811-4627-ba5c-bc89408e23b[97 chars]1e')} != {'nam[32 chars]ce': 'f1fcfd16-0811-4627-ba5c-bc89408e23b2', '[85 chars]81e'}
- {'instance': UUID('f1fcfd16-0811-4627-ba5c-bc89408e23b2'),
?              -----                                      -

+ {'instance': 'f1fcfd16-0811-4627-ba5c-bc89408e23b2',
   'name': 'API-ISIS-Config-1',
-  'status': UUID('cdb9192d-437f-4c1d-8ed7-1859b1d3d81e'),
?            -----                                      -

+  'status': 'cdb9192d-437f-4c1d-8ed7-1859b1d3d81e',
   'system_id': '49.0001.1111.2222.3333.00'}

======================================================================
FAIL: test_create_object (nautobot_igp_models.tests.test_api_views.ISISConfigurationAPIViewTest.test_create_object)
POST a single object with permission.
----------------------------------------------------------------------
Traceback (most recent call last):
  File "/usr/local/lib/python3.11/site-packages/django/test/utils.py", line 461, in inner
    return func(*args, **kwargs)
           ^^^^^^^^^^^^^^^^^^^^^
  File "/usr/local/lib/python3.11/site-packages/nautobot/core/testing/api.py", line 786, in test_create_object
    self.assertInstanceEqual(
  File "/usr/local/lib/python3.11/site-packages/nautobot/core/testing/mixins.py", line 289, in assertInstanceEqual
    self.assertEqual(new_model_dict, relevant_data)
AssertionError: {'nam[32 chars]ce': UUID('f1fcfd16-0811-4627-ba5c-bc89408e23b[97 chars]1e')} != {'nam[32 chars]ce': 'f1fcfd16-0811-4627-ba5c-bc89408e23b2', '[85 chars]81e'}
- {'instance': UUID('f1fcfd16-0811-4627-ba5c-bc89408e23b2'),
?              -----                                      -

+ {'instance': 'f1fcfd16-0811-4627-ba5c-bc89408e23b2',
   'name': 'API-ISIS-Config-1',
-  'status': UUID('cdb9192d-437f-4c1d-8ed7-1859b1d3d81e'),
?            -----                                      -

+  'status': 'cdb9192d-437f-4c1d-8ed7-1859b1d3d81e',
   'system_id': '49.0001.1111.2222.3333.00'}

======================================================================
FAIL: test_update_object (nautobot_igp_models.tests.test_api_views.ISISConfigurationAPIViewTest.test_update_object)
PATCH a single object identified by its ID.
----------------------------------------------------------------------
Traceback (most recent call last):
  File "/usr/local/lib/python3.11/site-packages/django/test/utils.py", line 461, in inner
    return func(*args, **kwargs)
           ^^^^^^^^^^^^^^^^^^^^^
  File "/usr/local/lib/python3.11/site-packages/nautobot/core/testing/api.py", line 1016, in test_update_object
    self.assertInstanceEqual(instance, update_data, exclude=self.validation_excluded_fields, api=True)
  File "/usr/local/lib/python3.11/site-packages/nautobot/core/testing/mixins.py", line 289, in assertInstanceEqual
    self.assertEqual(new_model_dict, relevant_data)
AssertionError: {'nam[32 chars]ce': UUID('f1fcfd16-0811-4627-ba5c-bc89408e23b[97 chars]1e')} != {'nam[32 chars]ce': 'f1fcfd16-0811-4627-ba5c-bc89408e23b2', '[85 chars]81e'}
- {'instance': UUID('f1fcfd16-0811-4627-ba5c-bc89408e23b2'),
?              -----                                      -

+ {'instance': 'f1fcfd16-0811-4627-ba5c-bc89408e23b2',
   'name': 'API-ISIS-Config-1',
-  'status': UUID('cdb9192d-437f-4c1d-8ed7-1859b1d3d81e'),
?            -----                                      -

+  'status': 'cdb9192d-437f-4c1d-8ed7-1859b1d3d81e',
   'system_id': '49.0001.1111.2222.3333.00'}

======================================================================
FAIL: test_bulk_create_objects (nautobot_igp_models.tests.test_api_views.ISISInterfaceConfigurationAPIViewTest.test_bulk_create_objects)
POST a set of objects in a single request.
----------------------------------------------------------------------
Traceback (most recent call last):
  File "/usr/local/lib/python3.11/site-packages/django/test/utils.py", line 461, in inner
    return func(*args, **kwargs)
           ^^^^^^^^^^^^^^^^^^^^^
  File "/usr/local/lib/python3.11/site-packages/nautobot/core/testing/api.py", line 885, in test_bulk_create_objects
    self.assertHttpStatus(
  File "/usr/local/lib/python3.11/site-packages/nautobot/core/testing/mixins.py", line 232, in assertHttpStatus
    self.assertIn(response.status_code, expected_status, err_message)
AssertionError: 400 not found in [201] : create_data: [{'name': 'API-ISIS-Int-1', 'isis_config': 'ba72c596-d330-451f-9e97-658668fae420', 'device': 'd722dffa-f38f-403f-96e1-0925884c6f39', 'interface': 'fe1d957d-0649-4e8d-9c10-9ef53c18ccbc', 'circuit_type': 'L2', 'metric': 10, 'status': 'cdb9192d-437f-4c1d-8ed7-1859b1d3d81e'}, {'name': 'API-ISIS-Int-2', 'isis_config': '3e122874-222e-41dd-94b4-765c6bca6146', 'device': 'c5465798-9686-495c-ba50-950cf2ce5575', 'interface': '8dd2e62d-489b-4a58-9d76-7e2d2f1aaf65', 'circuit_type': 'L1L2', 'metric': 20, 'status': 'cdb9192d-437f-4c1d-8ed7-1859b1d3d81e'}, {'name': 'API-ISIS-Int-3', 'isis_config': 'ba72c596-d330-451f-9e97-658668fae420', 'device': 'd722dffa-f38f-403f-96e1-0925884c6f39', 'interface': 'af7a3a2b-b583-4785-994e-56b2ac20d26b', 'circuit_type': 'L1', 'metric': 30, 'status': '38d5a3fd-f945-4350-815e-7a2912be0b26'}]
existing records: [<ISISInterfaceConfiguration: ISIS L2 on GigabitEthernet1>, <ISISInterfaceConfiguration: ISIS L2 on GigabitEthernet1>, <ISISInterfaceConfiguration: ISIS L2 on GigabitEthernet1>]
Expected HTTP status(es) [201]; received 400:
[{}, {}, {'non_field_errors': [ErrorDetail(string='The fields isis_config, interface must make a unique set.', code='unique')]}]

======================================================================
FAIL: test_create_object (nautobot_igp_models.tests.test_api_views.ISISInterfaceConfigurationAPIViewTest.test_create_object)
POST a single object with permission.
----------------------------------------------------------------------
Traceback (most recent call last):
  File "/usr/local/lib/python3.11/site-packages/django/test/utils.py", line 461, in inner
    return func(*args, **kwargs)
           ^^^^^^^^^^^^^^^^^^^^^
  File "/usr/local/lib/python3.11/site-packages/nautobot/core/testing/api.py", line 786, in test_create_object
    self.assertInstanceEqual(
  File "/usr/local/lib/python3.11/site-packages/nautobot/core/testing/mixins.py", line 289, in assertInstanceEqual
    self.assertEqual(new_model_dict, relevant_data)
AssertionError: {'nam[32 chars]ig': UUID('ba72c596-d330-451f-9e97-658668fae42[206 chars]1e')} != {'nam[32 chars]ig': 'ba72c596-d330-451f-9e97-658668fae420', '[182 chars]81e'}
  {'circuit_type': 'L2',
-  'device': UUID('d722dffa-f38f-403f-96e1-0925884c6f39'),
?            -----                                      -

+  'device': 'd722dffa-f38f-403f-96e1-0925884c6f39',
-  'interface': UUID('fe1d957d-0649-4e8d-9c10-9ef53c18ccbc'),
?               -----                                      -

+  'interface': 'fe1d957d-0649-4e8d-9c10-9ef53c18ccbc',
-  'isis_config': UUID('ba72c596-d330-451f-9e97-658668fae420'),
?                 -----                                      -

+  'isis_config': 'ba72c596-d330-451f-9e97-658668fae420',
   'metric': 10,
   'name': 'API-ISIS-Int-1',
-  'status': UUID('cdb9192d-437f-4c1d-8ed7-1859b1d3d81e')}
?            -----                                      -

+  'status': 'cdb9192d-437f-4c1d-8ed7-1859b1d3d81e'}

======================================================================
FAIL: test_options_returns_expected_choices (nautobot_igp_models.tests.test_api_views.ISISInterfaceConfigurationAPIViewTest.test_options_returns_expected_choices)
Make an OPTIONS request for a list endpoint and validate choices match expected choices for serializer.
----------------------------------------------------------------------
Traceback (most recent call last):
  File "/usr/local/lib/python3.11/site-packages/django/test/utils.py", line 461, in inner
    return func(*args, **kwargs)
           ^^^^^^^^^^^^^^^^^^^^^
  File "/usr/local/lib/python3.11/site-packages/nautobot/core/testing/api.py", line 1147, in test_options_returns_expected_choices
    self.assertEqual(
AssertionError: Items in the second set but not the first:
'circuit_type' : All field names of choice fields for a given model serializer need to be manually added to self.choices_fields. If this is already the case, perhaps the serializer is implemented incorrectly?

======================================================================
FAIL: test_update_object (nautobot_igp_models.tests.test_api_views.ISISInterfaceConfigurationAPIViewTest.test_update_object)
PATCH a single object identified by its ID.
----------------------------------------------------------------------
Traceback (most recent call last):
  File "/usr/local/lib/python3.11/site-packages/django/test/utils.py", line 461, in inner
    return func(*args, **kwargs)
           ^^^^^^^^^^^^^^^^^^^^^
  File "/usr/local/lib/python3.11/site-packages/nautobot/core/testing/api.py", line 1016, in test_update_object
    self.assertInstanceEqual(instance, update_data, exclude=self.validation_excluded_fields, api=True)
  File "/usr/local/lib/python3.11/site-packages/nautobot/core/testing/mixins.py", line 289, in assertInstanceEqual
    self.assertEqual(new_model_dict, relevant_data)
AssertionError: {'nam[32 chars]ig': UUID('ba72c596-d330-451f-9e97-658668fae42[206 chars]1e')} != {'nam[32 chars]ig': 'ba72c596-d330-451f-9e97-658668fae420', '[182 chars]81e'}
  {'circuit_type': 'L2',
-  'device': UUID('d722dffa-f38f-403f-96e1-0925884c6f39'),
?            -----                                      -

+  'device': 'd722dffa-f38f-403f-96e1-0925884c6f39',
-  'interface': UUID('fe1d957d-0649-4e8d-9c10-9ef53c18ccbc'),
?               -----                                      -

+  'interface': 'fe1d957d-0649-4e8d-9c10-9ef53c18ccbc',
-  'isis_config': UUID('ba72c596-d330-451f-9e97-658668fae420'),
?                 -----                                      -

+  'isis_config': 'ba72c596-d330-451f-9e97-658668fae420',
   'metric': 10,
   'name': 'API-ISIS-Int-1',
-  'status': UUID('cdb9192d-437f-4c1d-8ed7-1859b1d3d81e')}
?            -----                                      -

+  'status': 'cdb9192d-437f-4c1d-8ed7-1859b1d3d81e'}

======================================================================
FAIL: test_bulk_create_objects (nautobot_igp_models.tests.test_api_views.OSPFConfigurationAPIViewTest.test_bulk_create_objects)
POST a set of objects in a single request.
----------------------------------------------------------------------
Traceback (most recent call last):
  File "/usr/local/lib/python3.11/site-packages/django/test/utils.py", line 461, in inner
    return func(*args, **kwargs)
           ^^^^^^^^^^^^^^^^^^^^^
  File "/usr/local/lib/python3.11/site-packages/nautobot/core/testing/api.py", line 901, in test_bulk_create_objects
    self.assertInstanceEqual(
  File "/usr/local/lib/python3.11/site-packages/nautobot/core/testing/mixins.py", line 289, in assertInstanceEqual
    self.assertEqual(new_model_dict, relevant_data)
AssertionError: {'nam[32 chars]ce': UUID('409feaa6-af31-4e88-9040-f9746e63e28[74 chars]1e')} != {'nam[32 chars]ce': '409feaa6-af31-4e88-9040-f9746e63e280', '[62 chars]81e'}
- {'instance': UUID('409feaa6-af31-4e88-9040-f9746e63e280'),
?              -----                                      -

+ {'instance': '409feaa6-af31-4e88-9040-f9746e63e280',
   'name': 'API-OSPF-Config-1',
   'process_id': 100,
-  'status': UUID('cdb9192d-437f-4c1d-8ed7-1859b1d3d81e')}
?            -----                                      -

+  'status': 'cdb9192d-437f-4c1d-8ed7-1859b1d3d81e'}

======================================================================
FAIL: test_create_object (nautobot_igp_models.tests.test_api_views.OSPFConfigurationAPIViewTest.test_create_object)
POST a single object with permission.
----------------------------------------------------------------------
Traceback (most recent call last):
  File "/usr/local/lib/python3.11/site-packages/django/test/utils.py", line 461, in inner
    return func(*args, **kwargs)
           ^^^^^^^^^^^^^^^^^^^^^
  File "/usr/local/lib/python3.11/site-packages/nautobot/core/testing/api.py", line 786, in test_create_object
    self.assertInstanceEqual(
  File "/usr/local/lib/python3.11/site-packages/nautobot/core/testing/mixins.py", line 289, in assertInstanceEqual
    self.assertEqual(new_model_dict, relevant_data)
AssertionError: {'nam[32 chars]ce': UUID('409feaa6-af31-4e88-9040-f9746e63e28[74 chars]1e')} != {'nam[32 chars]ce': '409feaa6-af31-4e88-9040-f9746e63e280', '[62 chars]81e'}
- {'instance': UUID('409feaa6-af31-4e88-9040-f9746e63e280'),
?              -----                                      -

+ {'instance': '409feaa6-af31-4e88-9040-f9746e63e280',
   'name': 'API-OSPF-Config-1',
   'process_id': 100,
-  'status': UUID('cdb9192d-437f-4c1d-8ed7-1859b1d3d81e')}
?            -----                                      -

+  'status': 'cdb9192d-437f-4c1d-8ed7-1859b1d3d81e'}

======================================================================
FAIL: test_update_object (nautobot_igp_models.tests.test_api_views.OSPFConfigurationAPIViewTest.test_update_object)
PATCH a single object identified by its ID.
----------------------------------------------------------------------
Traceback (most recent call last):
  File "/usr/local/lib/python3.11/site-packages/django/test/utils.py", line 461, in inner
    return func(*args, **kwargs)
           ^^^^^^^^^^^^^^^^^^^^^
  File "/usr/local/lib/python3.11/site-packages/nautobot/core/testing/api.py", line 1016, in test_update_object
    self.assertInstanceEqual(instance, update_data, exclude=self.validation_excluded_fields, api=True)
  File "/usr/local/lib/python3.11/site-packages/nautobot/core/testing/mixins.py", line 289, in assertInstanceEqual
    self.assertEqual(new_model_dict, relevant_data)
AssertionError: {'nam[32 chars]ce': UUID('409feaa6-af31-4e88-9040-f9746e63e28[74 chars]1e')} != {'nam[32 chars]ce': '409feaa6-af31-4e88-9040-f9746e63e280', '[62 chars]81e'}
- {'instance': UUID('409feaa6-af31-4e88-9040-f9746e63e280'),
?              -----                                      -

+ {'instance': '409feaa6-af31-4e88-9040-f9746e63e280',
   'name': 'API-OSPF-Config-1',
   'process_id': 100,
-  'status': UUID('cdb9192d-437f-4c1d-8ed7-1859b1d3d81e')}
?            -----                                      -

+  'status': 'cdb9192d-437f-4c1d-8ed7-1859b1d3d81e'}

======================================================================
FAIL: test_bulk_create_objects (nautobot_igp_models.tests.test_api_views.OSPFInterfaceConfigurationAPIViewTest.test_bulk_create_objects)
POST a set of objects in a single request.
----------------------------------------------------------------------
Traceback (most recent call last):
  File "/usr/local/lib/python3.11/site-packages/django/test/utils.py", line 461, in inner
    return func(*args, **kwargs)
           ^^^^^^^^^^^^^^^^^^^^^
  File "/usr/local/lib/python3.11/site-packages/nautobot/core/testing/api.py", line 885, in test_bulk_create_objects
    self.assertHttpStatus(
  File "/usr/local/lib/python3.11/site-packages/nautobot/core/testing/mixins.py", line 232, in assertHttpStatus
    self.assertIn(response.status_code, expected_status, err_message)
AssertionError: 400 not found in [201] : create_data: [{'name': 'API-OSPF-Int-1', 'ospf_config': '24235ec3-62c5-4964-80e0-a505052827e8', 'interface': 'c2c99237-c3ad-4e57-9622-306dbe092563', 'area': '0.0.0.0', 'cost': 10, 'status': 'cdb9192d-437f-4c1d-8ed7-1859b1d3d81e'}, {'name': 'API-OSPF-Int-2', 'ospf_config': 'a5971e5a-6463-40c8-ab8c-8392c22a0982', 'interface': 'bcd017d1-1cda-417b-9b75-ccfa90149ae7', 'area': '0.0.0.1', 'cost': 20, 'status': 'cdb9192d-437f-4c1d-8ed7-1859b1d3d81e'}, {'name': 'API-OSPF-Int-3', 'ospf_config': '24235ec3-62c5-4964-80e0-a505052827e8', 'interface': '137030aa-2d74-4614-b68f-526a69da000e', 'area': '0.0.0.2', 'cost': 30, 'status': '38d5a3fd-f945-4350-815e-7a2912be0b26'}]
existing records: [<OSPFInterfaceConfiguration: OSPF Area 0.0.0.0 on GigabitEthernet1>, <OSPFInterfaceConfiguration: OSPF Area 0.0.0.0 on GigabitEthernet1>, <OSPFInterfaceConfiguration: OSPF Area 0.0.0.0 on GigabitEthernet1>]
Expected HTTP status(es) [201]; received 400:
[{}, {}, {'non_field_errors': [ErrorDetail(string='The fields ospf_config, interface must make a unique set.', code='unique')]}]

======================================================================
FAIL: test_create_object (nautobot_igp_models.tests.test_api_views.OSPFInterfaceConfigurationAPIViewTest.test_create_object)
POST a single object with permission.
----------------------------------------------------------------------
Traceback (most recent call last):
  File "/usr/local/lib/python3.11/site-packages/django/test/utils.py", line 461, in inner
    return func(*args, **kwargs)
           ^^^^^^^^^^^^^^^^^^^^^
  File "/usr/local/lib/python3.11/site-packages/nautobot/core/testing/api.py", line 786, in test_create_object
    self.assertInstanceEqual(
  File "/usr/local/lib/python3.11/site-packages/nautobot/core/testing/mixins.py", line 289, in assertInstanceEqual
    self.assertEqual(new_model_dict, relevant_data)
AssertionError: {'nam[32 chars]ig': UUID('24235ec3-62c5-4964-80e0-a505052827e[145 chars]1e')} != {'nam[32 chars]ig': '24235ec3-62c5-4964-80e0-a505052827e8', '[127 chars]81e'}
  {'area': '0.0.0.0',
   'cost': 10,
-  'interface': UUID('c2c99237-c3ad-4e57-9622-306dbe092563'),
?               -----                                      -

+  'interface': 'c2c99237-c3ad-4e57-9622-306dbe092563',
   'name': 'API-OSPF-Int-1',
-  'ospf_config': UUID('24235ec3-62c5-4964-80e0-a505052827e8'),
?                 -----                                      -

+  'ospf_config': '24235ec3-62c5-4964-80e0-a505052827e8',
-  'status': UUID('cdb9192d-437f-4c1d-8ed7-1859b1d3d81e')}
?            -----                                      -

+  'status': 'cdb9192d-437f-4c1d-8ed7-1859b1d3d81e'}

======================================================================
FAIL: test_update_object (nautobot_igp_models.tests.test_api_views.OSPFInterfaceConfigurationAPIViewTest.test_update_object)
PATCH a single object identified by its ID.
----------------------------------------------------------------------
Traceback (most recent call last):
  File "/usr/local/lib/python3.11/site-packages/django/test/utils.py", line 461, in inner
    return func(*args, **kwargs)
           ^^^^^^^^^^^^^^^^^^^^^
  File "/usr/local/lib/python3.11/site-packages/nautobot/core/testing/api.py", line 1016, in test_update_object
    self.assertInstanceEqual(instance, update_data, exclude=self.validation_excluded_fields, api=True)
  File "/usr/local/lib/python3.11/site-packages/nautobot/core/testing/mixins.py", line 289, in assertInstanceEqual
    self.assertEqual(new_model_dict, relevant_data)
AssertionError: {'nam[32 chars]ig': UUID('24235ec3-62c5-4964-80e0-a505052827e[145 chars]1e')} != {'nam[32 chars]ig': '24235ec3-62c5-4964-80e0-a505052827e8', '[127 chars]81e'}
  {'area': '0.0.0.0',
   'cost': 10,
-  'interface': UUID('c2c99237-c3ad-4e57-9622-306dbe092563'),
?               -----                                      -

+  'interface': 'c2c99237-c3ad-4e57-9622-306dbe092563',
   'name': 'API-OSPF-Int-1',
-  'ospf_config': UUID('24235ec3-62c5-4964-80e0-a505052827e8'),
?                 -----                                      -

+  'ospf_config': '24235ec3-62c5-4964-80e0-a505052827e8',
-  'status': UUID('cdb9192d-437f-4c1d-8ed7-1859b1d3d81e')}
?            -----                                      -

+  'status': 'cdb9192d-437f-4c1d-8ed7-1859b1d3d81e'}

======================================================================
FAIL: test_q_search_name (nautobot_igp_models.tests.test_filter_igproutinginstance.IGPRoutingInstanceFilterTestCase.test_q_search_name)
Test using Q search with name of IGPRoutingInstance.
----------------------------------------------------------------------
Traceback (most recent call last):
  File "/source/nautobot_igp_models/tests/test_filter_igproutinginstance.py", line 23, in test_q_search_name
    self.assertEqual(self.filterset(params, self.queryset).qs.count(), 1)
AssertionError: 0 != 1

======================================================================
FAIL: test_filter_by_instance (nautobot_igp_models.tests.test_filter_isisconfiguration.ISISConfigurationFilterTestCase.test_filter_by_instance)
Test filtering by IGP routing instance.
----------------------------------------------------------------------
Traceback (most recent call last):
  File "/source/nautobot_igp_models/tests/test_filter_isisconfiguration.py", line 49, in test_filter_by_instance
    self.assertTrue(filterset.is_valid())
AssertionError: False is not true

======================================================================
FAIL: test_filter_by_name (nautobot_igp_models.tests.test_filter_isisconfiguration.ISISConfigurationFilterTestCase.test_filter_by_name)
Test filtering ISIS configurations by name.
----------------------------------------------------------------------
Traceback (most recent call last):
  File "/source/nautobot_igp_models/tests/test_filter_isisconfiguration.py", line 23, in test_filter_by_name
    self.assertTrue(filterset.is_valid())
AssertionError: False is not true

======================================================================
FAIL: test_filter_invalid_returns_empty (nautobot_igp_models.tests.test_filter_isisconfiguration.ISISConfigurationFilterTestCase.test_filter_invalid_returns_empty)
Test that filtering with invalid values returns empty queryset.
----------------------------------------------------------------------
Traceback (most recent call last):
  File "/source/nautobot_igp_models/tests/test_filter_isisconfiguration.py", line 90, in test_filter_invalid_returns_empty
    self.assertTrue(filterset.is_valid())
AssertionError: False is not true

======================================================================
FAIL: test_filter_multiple_instances (nautobot_igp_models.tests.test_filter_isisconfiguration.ISISConfigurationFilterTestCase.test_filter_multiple_instances)
Test filtering by multiple IGP instances.
----------------------------------------------------------------------
Traceback (most recent call last):
  File "/source/nautobot_igp_models/tests/test_filter_isisconfiguration.py", line 107, in test_filter_multiple_instances
    self.assertTrue(filterset.is_valid())
AssertionError: False is not true

======================================================================
FAIL: test_filter_by_circuit_type (nautobot_igp_models.tests.test_filter_isisinterfaceconfiguration.ISISInterfaceConfigurationFilterTestCase.test_filter_by_circuit_type)
Test filtering by circuit type.
----------------------------------------------------------------------
Traceback (most recent call last):
  File "/source/nautobot_igp_models/tests/test_filter_isisinterfaceconfiguration.py", line 71, in test_filter_by_circuit_type
    self.assertTrue(filterset.is_valid())
AssertionError: False is not true

======================================================================
FAIL: test_filter_by_device (nautobot_igp_models.tests.test_filter_isisinterfaceconfiguration.ISISInterfaceConfigurationFilterTestCase.test_filter_by_device)
Test filtering by device.
----------------------------------------------------------------------
Traceback (most recent call last):
  File "/source/nautobot_igp_models/tests/test_filter_isisinterfaceconfiguration.py", line 109, in test_filter_by_device
    self.assertTrue(filterset.is_valid())
AssertionError: False is not true

======================================================================
FAIL: test_filter_by_interface (nautobot_igp_models.tests.test_filter_isisinterfaceconfiguration.ISISInterfaceConfigurationFilterTestCase.test_filter_by_interface)
Test filtering by interface.
----------------------------------------------------------------------
Traceback (most recent call last):
  File "/source/nautobot_igp_models/tests/test_filter_isisinterfaceconfiguration.py", line 59, in test_filter_by_interface
    self.assertTrue(filterset.is_valid())
AssertionError: False is not true

======================================================================
FAIL: test_filter_by_isis_config (nautobot_igp_models.tests.test_filter_isisinterfaceconfiguration.ISISInterfaceConfigurationFilterTestCase.test_filter_by_isis_config)
Test filtering by ISIS configuration.
----------------------------------------------------------------------
Traceback (most recent call last):
  File "/source/nautobot_igp_models/tests/test_filter_isisinterfaceconfiguration.py", line 47, in test_filter_by_isis_config
    self.assertTrue(filterset.is_valid())
AssertionError: False is not true

======================================================================
FAIL: test_filter_by_name (nautobot_igp_models.tests.test_filter_isisinterfaceconfiguration.ISISInterfaceConfigurationFilterTestCase.test_filter_by_name)
Test filtering ISIS interface configurations by name.
----------------------------------------------------------------------
Traceback (most recent call last):
  File "/source/nautobot_igp_models/tests/test_filter_isisinterfaceconfiguration.py", line 22, in test_filter_by_name
    self.assertTrue(filterset.is_valid())
AssertionError: False is not true

======================================================================
FAIL: test_filter_by_q_search (nautobot_igp_models.tests.test_filter_isisinterfaceconfiguration.ISISInterfaceConfigurationFilterTestCase.test_filter_by_q_search)
Test Q search across multiple fields.
----------------------------------------------------------------------
Traceback (most recent call last):
  File "/source/nautobot_igp_models/tests/test_filter_isisinterfaceconfiguration.py", line 35, in test_filter_by_q_search
    self.assertTrue(filterset.is_valid())
AssertionError: False is not true

======================================================================
FAIL: test_filter_invalid_returns_empty (nautobot_igp_models.tests.test_filter_isisinterfaceconfiguration.ISISInterfaceConfigurationFilterTestCase.test_filter_invalid_returns_empty)
Test that filtering with invalid values returns empty queryset.
----------------------------------------------------------------------
Traceback (most recent call last):
  File "/source/nautobot_igp_models/tests/test_filter_isisinterfaceconfiguration.py", line 121, in test_filter_invalid_returns_empty
    self.assertTrue(filterset.is_valid())
AssertionError: False is not true

======================================================================
FAIL: test_filter_by_instance (nautobot_igp_models.tests.test_filter_ospfconfiguration.OSPFConfigurationFilterTestCase.test_filter_by_instance)
Test filtering by IGP routing instance.
----------------------------------------------------------------------
Traceback (most recent call last):
  File "/source/nautobot_igp_models/tests/test_filter_ospfconfiguration.py", line 47, in test_filter_by_instance
    self.assertTrue(filterset.is_valid())
AssertionError: False is not true

======================================================================
FAIL: test_filter_by_name (nautobot_igp_models.tests.test_filter_ospfconfiguration.OSPFConfigurationFilterTestCase.test_filter_by_name)
Test filtering OSPF configurations by name.
----------------------------------------------------------------------
Traceback (most recent call last):
  File "/source/nautobot_igp_models/tests/test_filter_ospfconfiguration.py", line 22, in test_filter_by_name
    self.assertTrue(filterset.is_valid())
AssertionError: False is not true

======================================================================
FAIL: test_filter_by_q_search (nautobot_igp_models.tests.test_filter_ospfconfiguration.OSPFConfigurationFilterTestCase.test_filter_by_q_search)
Test Q search across multiple fields.
----------------------------------------------------------------------
Traceback (most recent call last):
  File "/source/nautobot_igp_models/tests/test_filter_ospfconfiguration.py", line 35, in test_filter_by_q_search
    self.assertTrue(filterset.is_valid())
AssertionError: False is not true

======================================================================
FAIL: test_filter_invalid_returns_empty (nautobot_igp_models.tests.test_filter_ospfconfiguration.OSPFConfigurationFilterTestCase.test_filter_invalid_returns_empty)
Test that filtering with invalid values returns empty queryset.
----------------------------------------------------------------------
Traceback (most recent call last):
  File "/source/nautobot_igp_models/tests/test_filter_ospfconfiguration.py", line 85, in test_filter_invalid_returns_empty
    self.assertTrue(filterset.is_valid())
AssertionError: False is not true

======================================================================
FAIL: test_filter_multiple_instances (nautobot_igp_models.tests.test_filter_ospfconfiguration.OSPFConfigurationFilterTestCase.test_filter_multiple_instances)
Test filtering by multiple IGP instances.
----------------------------------------------------------------------
Traceback (most recent call last):
  File "/source/nautobot_igp_models/tests/test_filter_ospfconfiguration.py", line 102, in test_filter_multiple_instances
    self.assertTrue(filterset.is_valid())
AssertionError: False is not true

======================================================================
FAIL: test_filter_by_name (nautobot_igp_models.tests.test_filter_ospfinterfaceconfiguration.OSPFInterfaceConfigurationFilterTestCase.test_filter_by_name)
Test filtering OSPF interface configurations by name.
----------------------------------------------------------------------
Traceback (most recent call last):
  File "/source/nautobot_igp_models/tests/test_filter_ospfinterfaceconfiguration.py", line 22, in test_filter_by_name
    self.assertTrue(filterset.is_valid())
AssertionError: False is not true

======================================================================
FAIL: test_filter_by_ospf_config (nautobot_igp_models.tests.test_filter_ospfinterfaceconfiguration.OSPFInterfaceConfigurationFilterTestCase.test_filter_by_ospf_config)
Test filtering by OSPF configuration.
----------------------------------------------------------------------
Traceback (most recent call last):
  File "/source/nautobot_igp_models/tests/test_filter_ospfinterfaceconfiguration.py", line 47, in test_filter_by_ospf_config
    self.assertTrue(filterset.is_valid())
AssertionError: False is not true

======================================================================
FAIL: test_filter_by_q_search (nautobot_igp_models.tests.test_filter_ospfinterfaceconfiguration.OSPFInterfaceConfigurationFilterTestCase.test_filter_by_q_search)
Test Q search across multiple fields.
----------------------------------------------------------------------
Traceback (most recent call last):
  File "/source/nautobot_igp_models/tests/test_filter_ospfinterfaceconfiguration.py", line 35, in test_filter_by_q_search
    self.assertTrue(filterset.is_valid())
AssertionError: False is not true

======================================================================
FAIL: test_filter_invalid_returns_empty (nautobot_igp_models.tests.test_filter_ospfinterfaceconfiguration.OSPFInterfaceConfigurationFilterTestCase.test_filter_invalid_returns_empty)
Test that filtering with invalid values returns empty queryset.
----------------------------------------------------------------------
Traceback (most recent call last):
  File "/source/nautobot_igp_models/tests/test_filter_ospfinterfaceconfiguration.py", line 109, in test_filter_invalid_returns_empty
    self.assertTrue(filterset.is_valid())
AssertionError: False is not true

======================================================================
FAIL: test_specifying_all_fields_success (nautobot_igp_models.tests.test_form_igproutinginstance.IGPRoutingInstanceTest.test_specifying_all_fields_success)
----------------------------------------------------------------------
Traceback (most recent call last):
  File "/source/nautobot_igp_models/tests/test_form_igproutinginstance.py", line 18, in test_specifying_all_fields_success
    self.assertTrue(form.is_valid())
AssertionError: False is not true

======================================================================
FAIL: test_specifying_only_required_success (nautobot_igp_models.tests.test_form_igproutinginstance.IGPRoutingInstanceTest.test_specifying_only_required_success)
----------------------------------------------------------------------
Traceback (most recent call last):
  File "/source/nautobot_igp_models/tests/test_form_igproutinginstance.py", line 27, in test_specifying_only_required_success
    self.assertTrue(form.is_valid())
AssertionError: False is not true

======================================================================
FAIL: test_form_with_required_fields_only (nautobot_igp_models.tests.test_form_ospfconfiguration.OSPFConfigurationFormTestCase.test_form_with_required_fields_only)
Test form with only required fields.
----------------------------------------------------------------------
Traceback (most recent call last):
  File "/source/nautobot_igp_models/tests/test_form_ospfconfiguration.py", line 55, in test_form_with_required_fields_only
    self.assertTrue(form.is_valid(), form.errors)
AssertionError: False is not true : <ul class="errorlist"><li>process_id<ul class="errorlist"><li>This field is required.</li></ul></li></ul>

======================================================================
FAIL: test_create_igproutinginstance_only_required (nautobot_igp_models.tests.test_model_igproutinginstance.TestIGPRoutingInstance.test_create_igproutinginstance_only_required)
Create with only required fields, and validate null description and __str__.
----------------------------------------------------------------------
Traceback (most recent call last):
  File "/source/nautobot_igp_models/tests/test_model_igproutinginstance.py", line 28, in test_create_igproutinginstance_only_required
    self.assertEqual(str(igproutinginstance), "Development")
AssertionError: 'ISIS on router1' != 'Development'
- ISIS on router1
+ Development


======================================================================
FAIL: test_isisconfiguration_generate_full_net_method (nautobot_igp_models.tests.test_model_isisconfiguration.ISISConfigurationModelTestCase.test_isisconfiguration_generate_full_net_method)
Test the generate_full_net() method directly.
----------------------------------------------------------------------
Traceback (most recent call last):
  File "/source/nautobot_igp_models/tests/test_model_isisconfiguration.py", line 132, in test_isisconfiguration_generate_full_net_method
    self.assertEqual(len(generated_net.split(".")), 5)
AssertionError: 6 != 5

======================================================================
FAIL: test_isisconfiguration_net_generation_formats (nautobot_igp_models.tests.test_model_isisconfiguration.ISISConfigurationModelTestCase.test_isisconfiguration_net_generation_formats)
Test NET generation with various IP/area combinations.
----------------------------------------------------------------------
Traceback (most recent call last):
  File "/source/nautobot_igp_models/tests/test_model_isisconfiguration.py", line 67, in test_isisconfiguration_net_generation_formats
    self.assertEqual(len(net_parts), 5)
AssertionError: 6 != 5

======================================================================
FAIL: test_isis_interface_str_method (nautobot_igp_models.tests.test_model_isisinterfaceconfiguration.ISISInterfaceConfigurationModelTestCase.test_isis_interface_str_method)
Test string representation of ISISInterfaceConfiguration.
----------------------------------------------------------------------
Traceback (most recent call last):
  File "/source/nautobot_igp_models/tests/test_model_isisinterfaceconfiguration.py", line 132, in test_isis_interface_str_method
    self.assertIn(isis_int_config.name, str_repr)
AssertionError: 'ISIS-R1-GE1' not found in 'ISIS L2 on GigabitEthernet1'

======================================================================
FAIL: test_ospfconfiguration_str_method (nautobot_igp_models.tests.test_model_ospfconfiguration.OSPFConfigurationModelTestCase.test_ospfconfiguration_str_method)
Test string representation of OSPFConfiguration.
----------------------------------------------------------------------
Traceback (most recent call last):
  File "/source/nautobot_igp_models/tests/test_model_ospfconfiguration.py", line 109, in test_ospfconfiguration_str_method
    self.assertIn(ospf_config.name, str_repr)
AssertionError: 'OSPF-Config-R1' not found in 'OSPF 1 on router1'

======================================================================
FAIL: test_ospf_interface_str_method (nautobot_igp_models.tests.test_model_ospfinterfaceconfiguration.OSPFInterfaceConfigurationModelTestCase.test_ospf_interface_str_method)
Test string representation of OSPFInterfaceConfiguration.
----------------------------------------------------------------------
Traceback (most recent call last):
  File "/source/nautobot_igp_models/tests/test_model_ospfinterfaceconfiguration.py", line 122, in test_ospf_interface_str_method
    self.assertIn(ospf_int_config.name, str_repr)
AssertionError: 'OSPF-R1-GE1' not found in 'OSPF Area 0.0.0.0 on GigabitEthernet1'

======================================================================
FAIL: test_create_object_with_constrained_permission (nautobot_igp_models.tests.test_views.IGPRoutingInstanceViewTest.test_create_object_with_constrained_permission)
----------------------------------------------------------------------
Traceback (most recent call last):
  File "/usr/local/lib/python3.11/site-packages/django/test/utils.py", line 461, in inner
    return func(*args, **kwargs)
           ^^^^^^^^^^^^^^^^^^^^^
  File "/usr/local/lib/python3.11/site-packages/nautobot/core/testing/views.py", line 638, in test_create_object_with_constrained_permission
    self.assertHttpStatus(self.client.post(**request), 302)
  File "/usr/local/lib/python3.11/site-packages/nautobot/core/testing/mixins.py", line 232, in assertHttpStatus
    self.assertIn(response.status_code, expected_status, err_message)
AssertionError: 200 not found in [302] : Expected HTTP status(es) [302]; received 200:
{'form': <IGPRoutingInstanceForm bound=True, valid=False, fields=(name;description;device;protocol;router_id;vrf;isis_area;status;object_note;dynamic_groups)>, 'request': <rest_framework.request.Request: POST '/plugins/nautobot-igp-models/igproutinginstance/add/'>}

======================================================================
FAIL: test_create_object_with_permission (nautobot_igp_models.tests.test_views.IGPRoutingInstanceViewTest.test_create_object_with_permission)
----------------------------------------------------------------------
Traceback (most recent call last):
  File "/usr/local/lib/python3.11/site-packages/django/test/utils.py", line 461, in inner
    return func(*args, **kwargs)
           ^^^^^^^^^^^^^^^^^^^^^
  File "/usr/local/lib/python3.11/site-packages/nautobot/core/testing/views.py", line 569, in test_create_object_with_permission
    self.assertHttpStatus(self.client.post(**request), 302)
  File "/usr/local/lib/python3.11/site-packages/nautobot/core/testing/mixins.py", line 232, in assertHttpStatus
    self.assertIn(response.status_code, expected_status, err_message)
AssertionError: 200 not found in [302] : Expected HTTP status(es) [302]; received 200:
{'form': <IGPRoutingInstanceForm bound=True, valid=False, fields=(name;description;device;protocol;router_id;vrf;isis_area;status;object_note;dynamic_groups)>, 'request': <rest_framework.request.Request: POST '/plugins/nautobot-igp-models/igproutinginstance/add/'>}

======================================================================
FAIL: test_edit_object_with_constrained_permission (nautobot_igp_models.tests.test_views.IGPRoutingInstanceViewTest.test_edit_object_with_constrained_permission)
----------------------------------------------------------------------
Traceback (most recent call last):
  File "/usr/local/lib/python3.11/site-packages/django/test/utils.py", line 461, in inner
    return func(*args, **kwargs)
           ^^^^^^^^^^^^^^^^^^^^^
  File "/usr/local/lib/python3.11/site-packages/nautobot/core/testing/views.py", line 770, in test_edit_object_with_constrained_permission
    self.assertHttpStatus(self.client.post(**request), 302)
  File "/usr/local/lib/python3.11/site-packages/nautobot/core/testing/mixins.py", line 232, in assertHttpStatus
    self.assertIn(response.status_code, expected_status, err_message)
AssertionError: 200 not found in [302] : Expected HTTP status(es) [302]; received 200:
{'form': <IGPRoutingInstanceForm bound=True, valid=False, fields=(name;description;device;protocol;router_id;vrf;isis_area;status;object_note;dynamic_groups)>, 'request': <rest_framework.request.Request: POST '/plugins/nautobot-igp-models/igproutinginstance/6bb97f99-f6b8-42cf-93d9-3c0ae6e3968f/edit/'>}

======================================================================
FAIL: test_edit_object_with_permission (nautobot_igp_models.tests.test_views.IGPRoutingInstanceViewTest.test_edit_object_with_permission)
----------------------------------------------------------------------
Traceback (most recent call last):
  File "/usr/local/lib/python3.11/site-packages/django/test/utils.py", line 461, in inner
    return func(*args, **kwargs)
           ^^^^^^^^^^^^^^^^^^^^^
  File "/usr/local/lib/python3.11/site-packages/nautobot/core/testing/views.py", line 724, in test_edit_object_with_permission
    self.assertHttpStatus(self.client.post(**request), 302)
  File "/usr/local/lib/python3.11/site-packages/nautobot/core/testing/mixins.py", line 232, in assertHttpStatus
    self.assertIn(response.status_code, expected_status, err_message)
AssertionError: 200 not found in [302] : Expected HTTP status(es) [302]; received 200:
{'form': <IGPRoutingInstanceForm bound=True, valid=False, fields=(name;description;device;protocol;router_id;vrf;isis_area;status;object_note;dynamic_groups)>, 'request': <rest_framework.request.Request: POST '/plugins/nautobot-igp-models/igproutinginstance/6bb97f99-f6b8-42cf-93d9-3c0ae6e3968f/edit/'>}

======================================================================
FAIL: test_get_object_with_permission (nautobot_igp_models.tests.test_views.IGPRoutingInstanceViewTest.test_get_object_with_permission)
----------------------------------------------------------------------
Traceback (most recent call last):
  File "/usr/local/lib/python3.11/site-packages/django/test/utils.py", line 461, in inner
    return func(*args, **kwargs)
           ^^^^^^^^^^^^^^^^^^^^^
  File "/usr/local/lib/python3.11/site-packages/nautobot/core/testing/views.py", line 232, in test_get_object_with_permission
    self.assertEqual(
AssertionError: 1 != 0 : This view was expected to execute 0 recursive database queries but 1 were executed. If this is expected, please update the IGPRoutingInstanceViewTest.allowed_number_of_tree_queries_per_view_type['retrieve'] property. Care should be taken to only increase these numbers where necessary - recursive queries can become really slow with bigger datasets. The following queries were used:

    WITH RECURSIVE __rank_table(
        
        "id",
        "parent_id",
        "rank_order"
    ) AS (
        SELECT "dcim_location"."id", "dcim_location"."parent_id", ROW_NUMBER() OVER (ORDER BY "dcim_location"."_name") AS "rank_order" FROM "dcim_location"
    ),
    __tree (
        
        "tree_depth",
        "tree_path",
        "tree_ordering",
        "tree_pk"
    ) AS (
        SELECT
            
            0,
            array[T.id],
            array[T.rank_order],
            T."id"
        FROM __rank_table T
        WHERE T."parent_id" IS NULL

        UNION ALL

        SELECT
            
            __tree.tree_depth + 1,
            __tree.tree_path || T.id,
            __tree.tree_ordering || T.rank_order,
            T."id"
        FROM __rank_table T
        JOIN __tree ON T."parent_id" = __tree.tree_pk
    )
    SELECT (__tree.tree_depth) AS "tree_depth", (__tree.tree_path) AS "tree_path", (__tree.tree_ordering) AS "tree_ordering", "dcim_location"."id", "dcim_location"."created", "dcim_location"."last_updated", "dcim_location"."_custom_field_data", "dcim_location"."parent_id", "dcim_location"."name", "dcim_location"."_name", "dcim_location"."location_type_id", "dcim_location"."status_id", "dcim_location"."tenant_id", "dcim_location"."description", "dcim_location"."facility", "dcim_location"."asn", "dcim_location"."time_zone", "dcim_location"."physical_address", "dcim_location"."shipping_address", "dcim_location"."latitude", "dcim_location"."longitude", "dcim_location"."contact_name", "dcim_location"."contact_phone", "dcim_location"."contact_email", "dcim_location"."comments" FROM "dcim_location" , "__tree" WHERE (__tree.tree_pk = dcim_location.id) ORDER BY ("__tree".tree_depth) DESC LIMIT 1

======================================================================
FAIL: test_create_object_with_constrained_permission (nautobot_igp_models.tests.test_views.ISISConfigurationViewTest.test_create_object_with_constrained_permission)
----------------------------------------------------------------------
Traceback (most recent call last):
  File "/usr/local/lib/python3.11/site-packages/django/test/utils.py", line 461, in inner
    return func(*args, **kwargs)
           ^^^^^^^^^^^^^^^^^^^^^
  File "/usr/local/lib/python3.11/site-packages/nautobot/core/testing/views.py", line 638, in test_create_object_with_constrained_permission
    self.assertHttpStatus(self.client.post(**request), 302)
  File "/usr/local/lib/python3.11/site-packages/nautobot/core/testing/mixins.py", line 232, in assertHttpStatus
    self.assertIn(response.status_code, expected_status, err_message)
AssertionError: 200 not found in [302] : Expected HTTP status(es) [302]; received 200:
{'form': <ISISConfigurationForm bound=True, valid=False, fields=(name;instance;system_id;status;object_note;dynamic_groups)>, 'request': <rest_framework.request.Request: POST '/plugins/nautobot-igp-models/isis-configuration/add/'>}

======================================================================
FAIL: test_create_object_with_permission (nautobot_igp_models.tests.test_views.ISISConfigurationViewTest.test_create_object_with_permission)
----------------------------------------------------------------------
Traceback (most recent call last):
  File "/usr/local/lib/python3.11/site-packages/django/test/utils.py", line 461, in inner
    return func(*args, **kwargs)
           ^^^^^^^^^^^^^^^^^^^^^
  File "/usr/local/lib/python3.11/site-packages/nautobot/core/testing/views.py", line 569, in test_create_object_with_permission
    self.assertHttpStatus(self.client.post(**request), 302)
  File "/usr/local/lib/python3.11/site-packages/nautobot/core/testing/mixins.py", line 232, in assertHttpStatus
    self.assertIn(response.status_code, expected_status, err_message)
AssertionError: 200 not found in [302] : Expected HTTP status(es) [302]; received 200:
{'form': <ISISConfigurationForm bound=True, valid=False, fields=(name;instance;system_id;status;object_note;dynamic_groups)>, 'request': <rest_framework.request.Request: POST '/plugins/nautobot-igp-models/isis-configuration/add/'>}

======================================================================
FAIL: test_edit_object_with_constrained_permission (nautobot_igp_models.tests.test_views.ISISConfigurationViewTest.test_edit_object_with_constrained_permission)
----------------------------------------------------------------------
Traceback (most recent call last):
  File "/usr/local/lib/python3.11/site-packages/django/test/utils.py", line 461, in inner
    return func(*args, **kwargs)
           ^^^^^^^^^^^^^^^^^^^^^
  File "/usr/local/lib/python3.11/site-packages/nautobot/core/testing/views.py", line 770, in test_edit_object_with_constrained_permission
    self.assertHttpStatus(self.client.post(**request), 302)
  File "/usr/local/lib/python3.11/site-packages/nautobot/core/testing/mixins.py", line 232, in assertHttpStatus
    self.assertIn(response.status_code, expected_status, err_message)
AssertionError: 200 not found in [302] : Expected HTTP status(es) [302]; received 200:
{'form': <ISISConfigurationForm bound=True, valid=False, fields=(name;instance;system_id;status;object_note;dynamic_groups)>, 'request': <rest_framework.request.Request: POST '/plugins/nautobot-igp-models/isis-configuration/449c14d1-95c0-4a40-95ef-964df89bb858/edit/'>}

======================================================================
FAIL: test_edit_object_with_permission (nautobot_igp_models.tests.test_views.ISISConfigurationViewTest.test_edit_object_with_permission)
----------------------------------------------------------------------
Traceback (most recent call last):
  File "/usr/local/lib/python3.11/site-packages/django/test/utils.py", line 461, in inner
    return func(*args, **kwargs)
           ^^^^^^^^^^^^^^^^^^^^^
  File "/usr/local/lib/python3.11/site-packages/nautobot/core/testing/views.py", line 724, in test_edit_object_with_permission
    self.assertHttpStatus(self.client.post(**request), 302)
  File "/usr/local/lib/python3.11/site-packages/nautobot/core/testing/mixins.py", line 232, in assertHttpStatus
    self.assertIn(response.status_code, expected_status, err_message)
AssertionError: 200 not found in [302] : Expected HTTP status(es) [302]; received 200:
{'form': <ISISConfigurationForm bound=True, valid=False, fields=(name;instance;system_id;status;object_note;dynamic_groups)>, 'request': <rest_framework.request.Request: POST '/plugins/nautobot-igp-models/isis-configuration/449c14d1-95c0-4a40-95ef-964df89bb858/edit/'>}

======================================================================
FAIL: test_get_object_with_permission (nautobot_igp_models.tests.test_views.ISISConfigurationViewTest.test_get_object_with_permission)
----------------------------------------------------------------------
Traceback (most recent call last):
  File "/usr/local/lib/python3.11/site-packages/django/test/utils.py", line 461, in inner
    return func(*args, **kwargs)
           ^^^^^^^^^^^^^^^^^^^^^
  File "/usr/local/lib/python3.11/site-packages/nautobot/core/testing/views.py", line 232, in test_get_object_with_permission
    self.assertEqual(
AssertionError: 1 != 0 : This view was expected to execute 0 recursive database queries but 1 were executed. If this is expected, please update the ISISConfigurationViewTest.allowed_number_of_tree_queries_per_view_type['retrieve'] property. Care should be taken to only increase these numbers where necessary - recursive queries can become really slow with bigger datasets. The following queries were used:

    WITH RECURSIVE __rank_table(
        
        "id",
        "parent_id",
        "rank_order"
    ) AS (
        SELECT "dcim_location"."id", "dcim_location"."parent_id", ROW_NUMBER() OVER (ORDER BY "dcim_location"."_name") AS "rank_order" FROM "dcim_location"
    ),
    __tree (
        
        "tree_depth",
        "tree_path",
        "tree_ordering",
        "tree_pk"
    ) AS (
        SELECT
            
            0,
            array[T.id],
            array[T.rank_order],
            T."id"
        FROM __rank_table T
        WHERE T."parent_id" IS NULL

        UNION ALL

        SELECT
            
            __tree.tree_depth + 1,
            __tree.tree_path || T.id,
            __tree.tree_ordering || T.rank_order,
            T."id"
        FROM __rank_table T
        JOIN __tree ON T."parent_id" = __tree.tree_pk
    )
    SELECT (__tree.tree_depth) AS "tree_depth", (__tree.tree_path) AS "tree_path", (__tree.tree_ordering) AS "tree_ordering", "dcim_location"."id", "dcim_location"."created", "dcim_location"."last_updated", "dcim_location"."_custom_field_data", "dcim_location"."parent_id", "dcim_location"."name", "dcim_location"."_name", "dcim_location"."location_type_id", "dcim_location"."status_id", "dcim_location"."tenant_id", "dcim_location"."description", "dcim_location"."facility", "dcim_location"."asn", "dcim_location"."time_zone", "dcim_location"."physical_address", "dcim_location"."shipping_address", "dcim_location"."latitude", "dcim_location"."longitude", "dcim_location"."contact_name", "dcim_location"."contact_phone", "dcim_location"."contact_email", "dcim_location"."comments" FROM "dcim_location" , "__tree" WHERE (__tree.tree_pk = dcim_location.id) ORDER BY ("__tree".tree_depth) DESC LIMIT 1

======================================================================
FAIL: test_list_objects_filtered (nautobot_igp_models.tests.test_views.ISISConfigurationViewTest.test_list_objects_filtered)
----------------------------------------------------------------------
Traceback (most recent call last):
  File "/usr/local/lib/python3.11/site-packages/django/test/utils.py", line 461, in inner
    return func(*args, **kwargs)
           ^^^^^^^^^^^^^^^^^^^^^
  File "/usr/local/lib/python3.11/site-packages/nautobot/core/testing/views.py", line 1044, in test_list_objects_filtered
    self.assertRegex(content, r">\s*" + re.escape(escape(instance1.name)) + r"\s*<", msg=content)
AssertionError: Regex didn't match: '>\\s*ISIS\\-Config\\-R1\\s*<' not found in '\n\n\n        <div id="drawer">\n            \n    \n\n\n\n<section class="nb-drawer" tabindex="-1" id="FilterForm_drawer">\n    <div class="nb-drawer-header">\n        <h1>Filters</h1>\n        <button type="button" class="btn-close" data-nb-dismiss="drawer" aria-label="Close"></button>\n    </div>\n    <div class="nb-drawer-body">\n        <ul id="filter-tabs" class="nav nav-tabs">\n            \n                <li role="presentation" class="nav-item">\n                    <a class="nav-link active"  href="#default-filter" role="tab" data-bs-toggle="tab">\n                        Basic\n                    </a>\n                </li>\n            \n            \n                <li role="presentation" class="nav-item">\n                    <a class="nav-link position-relative" href="#advanced-filter" role="tab" data-bs-toggle="tab">\n                        Advanced\n                        \n    <span\n        aria-hidden="true"\n        class="end-0 me-2 mt-2 top-0 nb-btn-indicator"\n        data-bs-toggle="tooltip"\n        data-bs-title="Some of the applied filters can only be viewed in Advanced"\n    ></span>\n\n\n                    </a>\n                </li>\n            \n        </ul>\n        <div class="tab-content h-100">\n            \n                <div id="default-filter" role="tabpanel" class="tab-pane fade show active h-100 p-20">\n                    \n\n<form class="h-100 vstack">\n    <div class="align-content-start flex-fill pb-20">\n        \n        \n            \n                <div class="nb-form-group">\n                    \n                        <label for="id_instance">IGP Instance</label>\n                        <select name="instance" class="nautobot-select2-api form-control" data-query-param-exclude_m2m="[&quot;true&quot;]" display-field="display" data-depth="0" placeholder="IGP Instance" data-url="/api/plugins/nautobot-igp-models/igp-routing-instances/" id="id_instance">\n  <option value=""\n         selected\n        >---------</option>\n\n</select>\n                    \n                </div>\n            \n        \n            \n                <div class="nb-form-group">\n                    \n                        <label for="id_system_id">System ID</label>\n                        <input type="text" name="system_id" class="form-control" placeholder="System ID" id="id_system_id">\n                    \n                </div>\n            \n        \n            \n                <div class="nb-form-group">\n                    \n                        <label for="id_contacts">Contacts</label>\n                        <select name="contacts" class="nautobot-select2-api form-control" data-multiple="1" data-query-param-exclude_m2m="[&quot;true&quot;]" display-field="display" value-field="name" data-depth="0" placeholder="None" data-url="/api/extras/contacts/" id="id_contacts" multiple>\n</select>\n                    \n                </div>\n            \n        \n            \n                <div class="nb-form-group">\n                    \n                        <label for="id_teams">Teams</label>\n                        <select name="teams" class="nautobot-select2-api form-control" data-multiple="1" data-query-param-exclude_m2m="[&quot;true&quot;]" display-field="display" value-field="name" data-depth="0" placeholder="None" data-url="/api/extras/teams/" id="id_teams" multiple>\n</select>\n                    \n                </div>\n            \n        \n    </div>\n    <div class="justify-content-between mb-n20 nb-form-sticky-footer">\n        <button type="submit" class="btn btn-primary">\n            <span class="mdi mdi-check me-4" aria-hidden="true"></span><!--\n            -->Apply Specified\n        </button>\n        <button type="reset" class="btn btn-secondary">\n            <span aria-hidden="true" class="mdi mdi-close me-4"></span><!--\n            -->Clear All\n        </button>\n    </div>\n</form>\n\n                </div>\n            \n            \n                <div id="advanced-filter" role="tabpanel" class="tab-pane fade h-100 p-20">\n                    <form class="h-100 vstack" id="dynamic-filter-form">\n                        <div class="align-content-start flex-fill pb-20">\n                            <input type="hidden" name="form-TOTAL_FORMS" value="1" id="id_form-TOTAL_FORMS"><input type="hidden" name="form-INITIAL_FORMS" value="0" id="id_form-INITIAL_FORMS"><input type="hidden" name="form-MIN_NUM_FORMS" value="0" id="id_form-MIN_NUM_FORMS"><input type="hidden" name="form-MAX_NUM_FORMS" value="1000" id="id_form-MAX_NUM_FORMS">\n                            \n                                <div class="nb-form-group">\n                                    <label for="id_form-0-lookup_field">Field</label>\n                                    <select name="form-0-lookup_field" class="nautobot-select2-static lookup_field-select" placeholder="Field" id="id_form-0-lookup_field">\n  <option value="" selected>---------</option>\n\n  <option value="contacts">Contacts (name or ID)</option>\n\n  <option value="created">Created</option>\n\n  <option value="dynamic_groups">Dynamic groups (name or ID)</option>\n\n  <option value="instance">IGP Instance (Device Name)</option>\n\n  <option value="id">Id</option>\n\n  <option value="last_updated">Last updated</option>\n\n  <option value="status">Status (name or ID)</option>\n\n  <option value="system_id">System ID</option>\n\n  <option value="teams">Teams (name or ID)</option>\n\n</select>\n                                </div>\n                            \n                                <div class="nb-form-group">\n                                    <label for="id_form-0-lookup_type">Lookup type</label>\n                                    <select name="form-0-lookup_type" class="nautobot-select2-api lookup_type-select" placeholder="None" data-query-param-field_name="[&quot;$lookup_field&quot;]" data-contenttype="nautobot_igp_models.isisconfiguration" data-url="/api/core/filterset-fields/lookup-choices/" id="id_form-0-lookup_type">\n</select>\n                                </div>\n                            \n                                <div class="nb-form-group">\n                                    <label for="id_form-0-lookup_value">Value</label>\n                                    <input type="text" name="form-0-lookup_value" class="form-control lookup_value-input form-control" placeholder="Value" id="id_form-0-lookup_value">\n                                </div>\n                            \n                            <button class="nb-dynamic-filter-add btn btn-primary d-block ms-auto my-20" type="button">\n                                <span aria-hidden="true" class="mdi mdi-plus me-4"></span><!--\n                                -->Add Filter\n                            </button>\n                            <hr class="border-top my-20">\n                            <div class="nb-dynamic-filter-items d-flex flex-wrap gap-10">\n                                \n                                    \n                                        <span class="badge nb-multi-badge" data-nb-field="id">\n                                            <button class="nb-dynamic-filter-remove" type="button">\n                                                <span aria-hidden="true" class="mdi mdi-close"></span>\n                                                <span class="visually-hidden">Remove All</span>\n                                            </button>\n                                            Id:\n                                            <span class="nb-multi-badge-items">\n                                                \n                                                    <span class="badge" data-nb-value="449c14d1-95c0-4a40-95ef-964df89bb858"><!--\n                                                        --><button class="nb-dynamic-filter-remove" type="button">\n                                                        <span aria-hidden="true" class="mdi mdi-close"></span>\n                                                        <span class="visually-hidden">Remove</span>\n                                                    </button><!--\n                                                        -->449c14d1-95c0-4a40-95ef-964df89bb858<!--\n                                                        --><input name="id" type="hidden" value="449c14d1-95c0-4a40-95ef-964df89bb858">\n                                                    </span>\n                                                \n                                            </span>\n                                        </span>\n                                    \n                                \n                            </div>\n                        </div>\n\n                        <div class="d-print-none justify-content-between mb-n20 nb-form-sticky-footer">\n                            <button type="submit" class="btn btn-primary">\n                                <span class="mdi mdi-check me-4" aria-hidden="true"></span><!--\n                                -->Apply Specified\n                            </button>\n                            <button type="reset" class="btn btn-secondary">\n                                <span aria-hidden="true" class="mdi mdi-close me-4"></span><!--\n                                -->Clear All\n                            </button>\n                        </div>\n                    </form>\n                </div>\n            \n        </div>\n    </div>\n</section>\n\n\n    <script>\n        (() => {\n            document.addEventListener(\'DOMContentLoaded\', () => {\n                const NON_FILTER_PARAMS = [\n                    \'all_filters_removed\',\n                    \'clear_view\',\n                    \'per_page\',\n                    \'saved_view\',\n                    \'sort\',\n                    \'table_changes_pending\',\n                ];\n\n                /**\n                 * Insert given `element` as `parent`\'s first child.\n                 * @param {HTMLElement} element - Element to be inserted.\n                 * @param {HTMLElement} parent - Parent container for given `element`.\n                 * @returns {void} Do not return any value, modify DOM in-place.\n                 */\n                const insertFirst = (element, parent) => {\n                    parent.hasChildNodes() ? parent.insertBefore(element, parent.firstElementChild) : parent.appendChild(element);\n                };\n\n                /**\n                 * Get HTML elements for default and dynamic filter forms.\n                 * @returns {object} Object with `defaultFilterForm` and `dynamicFilterForm` HTML elements or `null`,\n                 *   depending on their actual existence in the DOM.\n                 */\n                const getFilterForms = () => ({\n                    defaultFilterForm: document.querySelector(\'#default-filter form\'),\n                    dynamicFilterForm: document.querySelector(\'#dynamic-filter-form\'),\n                });\n\n                const prepopulateFilterSelectsFromURL = (() => {\n                    const { defaultFilterForm } = getFilterForms();\n                    const urlParams = new URLSearchParams(window.location.search);\n                    // Only target Select2 controls inside the default filter form.\n                    [...defaultFilterForm.querySelectorAll(\'select.nautobot-select2-multi-value-char\')].forEach((el) => {\n                        const name = el.getAttribute(\'name\');\n                        if (!name) { return; }\n                        const values = urlParams.getAll(name);\n                        if (!values.length) { return; }\n                        values.forEach((val) => {\n                            let found = Array.prototype.find.call(el.options, (opt) => {\n                                return String(opt.value) === String(val);\n                            });\n                            if (found) {\n                                found.selected = true;\n                            } else {\n                                el.add(new Option(val, val, true, true));\n                            }\n                        });\n                        if (window.jQuery && $(el).data(\'select2\')) {\n                            $(el).trigger(\'change\');\n                        }\n                    });\n                })();\n\n                /**\n                 * Synchronize given `filter` value from default to dynamic filter form.\n                 * @param {string} name - Filter name.\n                 * @returns {void} Do not return any value, just set given field values.\n                 */\n                const syncDefaultToDynamic = (name) => {\n                    const { defaultFilterForm } = getFilterForms();\n\n                    const field = defaultFilterForm.querySelector(`[name="${name}"]`);\n                    const text = field?.closest(\'.nb-form-group\')?.querySelector(\'label\')?.innerText?.trim();\n                    /*\n                     * `manageDynamicFilter` takes an array of `{ text: string, value: string }` objects as `value`, so\n                     * regardless of field being a textbox, a single or multiple choice combobox, conversion is required:\n                     *   1. For combobox (i.e. `<select>`), iterate over selected options and map them to display `text`\n                     *     and underlying `value`.\n                     *   2. For textbox (i.e. `<input>` or `<textarea>`):\n                     *     1. Use entered value as both display `text` and underlying `value`.\n                     *     2. If field is empty, use an empty array.\n                     */\n                    const value =\n                        field?.tagName === \'SELECT\'\n                        ? [...field.selectedOptions].map((option) => ({ text: option.innerText, value: option.value }))\n                        : [...(field?.value ? [{ text: field.value, value: field.value }] : [])];\n\n                    manageDynamicFilter({ action: \'set\', name, text, value });\n                };\n\n                /**\n                 * Synchronize given `filter` value from dynamic to default filter form.\n                 * @param {string} name - Filter name.\n                 * @returns {void} Do not return any value, just set given field values.\n                 */\n                const syncDynamicToDefault = (name) => {\n                    const { defaultFilterForm, dynamicFilterForm } = getFilterForms();\n\n                    const current = [...dynamicFilterForm.querySelectorAll(`input[name="${name}"][type="hidden"]`)].map(\n                        (input) => ({\n                            text: [...(input.parentElement?.childNodes ?? [])].find((node) => node.nodeName === \'#text\')?.wholeText,\n                            value: input.getAttribute(\'value\'),\n                        }),\n                    );\n\n                    const sync = defaultFilterForm?.querySelector(`[name=${name}]`);\n\n                    if (sync?.tagName === \'INPUT\' || sync?.tagName === \'TEXTAREA\') {\n                        sync.value = current.length > 0 ? current[0].value : \'\';\n                    } else if (sync?.tagName === \'SELECT\') {\n                        window.nb.select2.setSelect2Value(sync, current);\n                    }\n                };\n\n                /**\n                 * Manage dynamic filter either by adding values to the existing selection or by setting passed values\n                 * regardless of previous selection.\n                 * @param {\'add\'|\'set\'} action - Use `\'add\'` to add given value to the existing selection; use `\'set\'`\n                 *   to set given value regardless of what was set previously.\n                 * @param {string} name - Filter field name.\n                 * @param {string} text - Filter display text.\n                 * @param {object[]} value - Array of objects containing `text` and `value` key-value pairs.\n                 */\n                const manageDynamicFilter = ({ action, name, text, value }) => {\n                    const { dynamicFilterForm } = getFilterForms();\n                    const items = dynamicFilterForm.querySelector(\'.nb-dynamic-filter-items\');\n\n                    const group = (() => {\n                        const existing = items.querySelector(`.nb-multi-badge[data-nb-field="${name}"]`);\n                        if (existing) {\n                            return existing;\n                        }\n\n                        const group = document.createElement(\'span\');\n                        group.classList.toggle(\'badge\', true);\n                        group.classList.toggle(\'nb-multi-badge\', true);\n                        group.setAttribute(\'data-nb-field\', name);\n\n                        const button = document.createElement(\'button\');\n                        button.classList.toggle(\'nb-dynamic-filter-remove\', true);\n                        button.setAttribute(\'type\', \'button\');\n\n                        const close = document.createElement(\'span\');\n                        close.classList.toggle(\'mdi\', true);\n                        close.classList.toggle(\'mdi-close\', true);\n                        close.setAttribute(\'aria-hidden\', \'true\');\n\n                        const remove = document.createElement(\'span\');\n                        remove.classList.toggle(\'visually-hidden\', true);\n                        remove.innerText = \'Remove All\';\n\n                        const children = document.createElement(\'span\');\n                        children.classList.toggle(\'nb-multi-badge-items\', true);\n\n                        button.appendChild(close);\n                        button.appendChild(remove);\n                        group.appendChild(button);\n                        group.insertAdjacentText(\'beforeend\', `${text}:`);\n                        group.appendChild(children);\n\n                        return group;\n                    })();\n\n                    const children = group.querySelector(\'.nb-multi-badge-items\');\n                    const existing = [...children.querySelectorAll(\'.badge[data-nb-value]\')];\n\n                    /*\n                     * Depending on `action` remove the following badges:\n                     *   1. For `\'add\'`, remove already existing filters with the same key-value pairs and re-create them later.\n                     *   2. For `\'set\'`, remove all existing filters of given key and apply only these passed as `values`.\n                     */\n                    const badgesToRemove =\n                        action === \'add\'\n                        ? existing.filter((badge) => value.some((item) => badge.getAttribute(\'data-nb-value\') === item.value))\n                        : existing;\n                    badgesToRemove.forEach((item) => children.removeChild(item));\n\n                    value.forEach(({ text, value }) => {\n                        const badge = document.createElement(\'span\');\n                        badge.classList.toggle(\'badge\', true);\n                        badge.setAttribute(\'data-nb-value\', value);\n\n                        const input = document.createElement(\'input\');\n                        input.setAttribute(\'name\', name);\n                        input.setAttribute(\'type\', \'hidden\');\n                        input.setAttribute(\'value\', value);\n\n                        const button = document.createElement(\'button\');\n                        button.classList.toggle(\'nb-dynamic-filter-remove\', true);\n                        button.setAttribute(\'type\', \'button\');\n\n                        const close = document.createElement(\'span\');\n                        close.classList.toggle(\'mdi\', true);\n                        close.classList.toggle(\'mdi-close\', true);\n                        close.setAttribute(\'aria-hidden\', \'true\');\n\n                        const remove = document.createElement(\'span\');\n                        remove.classList.toggle(\'visually-hidden\', true);\n                        remove.innerText = \'Remove\';\n\n                        button.appendChild(close);\n                        button.appendChild(remove);\n                        badge.appendChild(button);\n                        badge.insertAdjacentText(\'beforeend\', text);\n                        badge.appendChild(input);\n\n                        insertFirst(badge, children);\n                    });\n\n                    // If group already exists, remove it and later insert as the first child.\n                    if (items.contains(group)) {\n                        items.removeChild(group);\n                    }\n\n                    if (children.hasChildNodes()) {\n                        insertFirst(group, items);\n                    }\n                };\n\n                document.addEventListener(\'click\', (event) => {\n                    const { defaultFilterForm, dynamicFilterForm } = getFilterForms();\n\n                    const add = event.target.closest(\'button.nb-dynamic-filter-add\');\n                    if (add) {\n                        const field = dynamicFilterForm.querySelector(\'[name$="lookup_field"]\');\n                        const type = dynamicFilterForm.querySelector(\'[name$="lookup_type"]\');\n                        const value = [...dynamicFilterForm.querySelectorAll(\'.nb-form-group\')]\n                            .pop()\n                        ?.querySelector(\'input, select, textarea\');\n\n                        const isMissing = (control) =>\n                        control?.selectedOptions ? control.selectedOptions.length === 0 : !control?.value;\n                        if (isMissing(field) || isMissing(type) || isMissing(value)) {\n                            // Return early if selected filter is not complete (i.e. is missing lookup field, type or value).\n                            return;\n                        }\n\n                        const name = type.selectedOptions[0].value;\n                        const label = field.selectedOptions[0].innerText.trim();\n                        const suffix = type.selectedOptions[0].innerText.trim();\n                        const text = /\\(\\w+\\)/.test(suffix) ? `${label} ${suffix}` : label;\n                        const values =\n                            value?.getAttribute(\'multiple\') !== null\n                            ? [...value.selectedOptions].map((option) => ({ text: option.innerText.trim(), value: option.value }))\n                            : [{ text: value?.value, value: value?.value }];\n\n                        // If field exists in default filter form and is a single value input, use `\'set\'` action.\n                        const action =\n                            defaultFilterForm.querySelector(`[name="${name}"]`) &&\n                        (value.tagName === \'INPUT\' || value.tagName === \'TEXTAREA\')\n                            ? \'set\'\n                            : \'add\';\n                        manageDynamicFilter({ action, name, text, value: values });\n\n                        syncDynamicToDefault(name);\n                    }\n\n                    const remove = event.target.closest(\'button.nb-dynamic-filter-remove\');\n                    if (remove) {\n                        const badge = remove.closest(\'.badge\');\n                        /*\n                         * Remove the group badge (i.e. multi-badge) when given badge is the group badge itself, or it is the only\n                         * one left in the group (i.e. has no siblings) because removing it will leave the group badge empty anyway.\n                         */\n                        const shouldRemoveGroup =\n                            badge?.classList.contains(\'nb-multi-badge\') ||\n                        (!badge?.previousElementSibling && !badge?.nextElementSibling);\n                        shouldRemoveGroup ? badge?.closest(\'.nb-multi-badge\')?.remove() : badge?.remove();\n\n                        syncDynamicToDefault(badge?.querySelector(\'input[type="hidden"]\')?.getAttribute(\'name\'));\n                    }\n                });\n\n                // Need to wrap `document` with jQuery to be able to listen to Select2 `change` event.\n                $(document).on(\'change\', (event) => {\n                    const { defaultFilterForm } = getFilterForms();\n                    const isDefaultFilterFormField = event.target.form === defaultFilterForm;\n                    if (isDefaultFilterFormField) {\n                        syncDefaultToDynamic(event.target.name);\n                    }\n                });\n\n                // Need to wrap `document` with jQuery to be able to listen to Select2 `change` event.\n                $(document).on(\'change\', async (event) => {\n                    const isLookupType = event.target.getAttribute(\'name\')?.endsWith(\'lookup_type\');\n                    if (isLookupType) {\n                        const content_type = event.target.getAttribute(\'data-contenttype\');\n                        const field_name = event.target.value;\n                        const value = [...event.target.form.querySelectorAll(\'.nb-form-group\')]\n                            .pop()\n                        ?.querySelector(\'input, select, textarea\');\n\n                        if (field_name) {\n                            const replacement = await (async () => {\n                                try {\n                                    const response = await window.fetch(\n                                        `/api/ui/core/filterset-fields/lookup-value-dom-element/?${new URLSearchParams({ content_type, field_name })}`,\n                                        { method: \'GET\', headers: { Accept: \'*/*\' } },\n                                    );\n\n                                    const html = await response.json();\n\n                                    const element = document.createElement(\'div\');\n                                    element.innerHTML = html;\n\n                                    return element.firstElementChild;\n                                } catch (exception) {\n                                    // Default to `<input type="text" ...>` field if error occurs.\n                                    const input = document.createElement(\'input\');\n                                    input.classList.toggle(\'lookup_value-input\', true);\n                                    input.classList.toggle(\'form-control\', true);\n                                    input.setAttribute(\'id\', `id_for_${field_name}`);\n                                    input.setAttribute(\'name\', field_name);\n                                    input.setAttribute(\'type\', \'text\');\n                                    return input;\n                                }\n                            })();\n\n                            value.replaceWith(replacement);\n                            replacement.nextElementSibling?.remove(); // Remove Select2 widget if present.\n                            replacement.previousElementSibling?.setAttribute(\'for\', replacement.getAttribute(\'id\')); // Set label `for` attribute to match field `id`.\n                            initializeInputs(replacement.parentElement);\n                        }\n                    }\n                });\n\n                // Need to wrap `document` with jQuery to be able to listen to Select2 `change` event.\n                $(document).on(\'change\', (event) => {\n                    const isLookupField = event.target.getAttribute(\'name\')?.endsWith(\'lookup_field\');\n                    const isLookupType = event.target.getAttribute(\'name\')?.endsWith(\'lookup_type\');\n\n                    if (isLookupField) {\n                        const type = event.target.form.querySelector(\'[name$="lookup_type"]\');\n                        $(type).val(null).trigger(\'change\');\n                    }\n\n                    if (isLookupField || isLookupType) {\n                        const value = [...event.target.form.querySelectorAll(\'.nb-form-group\')]\n                            .pop()\n                        ?.querySelector(\'input, select, textarea\');\n\n                        if (value.tagName === \'SELECT\') {\n                            $(value).val(null).trigger(\'change\');\n                        } else {\n                            value.value = \'\';\n                        }\n                    }\n                });\n\n                const isFilterForm = (target) => Boolean(target?.closest(\'#FilterForm_drawer\'));\n\n                document.addEventListener(\'reset\', (event) => {\n                    if (isFilterForm(event.target)) {\n                        event.preventDefault();\n\n                        // Remove all filter query params from location search while keeping non-filter params intact.\n                        const searchParams = new URLSearchParams(window.location.search);\n                        const nextSearchParams = new URLSearchParams([\n                            ...[...searchParams].filter(\n                                ([property]) => NON_FILTER_PARAMS.includes(property) && property !== \'all_filters_removed\',\n                            ),\n                            [\'all_filters_removed\', \'true\'],\n                        ]);\n\n                        location.assign(`?${nextSearchParams}`);\n                    }\n                });\n\n                document.addEventListener(\'submit\', (event) => {\n                    if (isFilterForm(event.target)) {\n                        event.preventDefault();\n\n                        const { defaultFilterForm, dynamicFilterForm } = getFilterForms();\n\n                        /*\n                         * Just before the form submission automatically add filter selected in "Advanced" tab (if any)\n                         * which hasn\'t been manually applied for whatever reason (usually forgetfulness, speed, etc.).\n                         * This is a requested UX flavor.\n                         */\n                        const add = dynamicFilterForm.querySelector(\'button.nb-dynamic-filter-add\');\n                        add.click();\n\n                        // Remove all field names which are not applied filters container descendants.\n                        [...dynamicFilterForm.querySelectorAll(\'input, select, textarea\')].forEach((field) =>\n                            field.closest(\'.nb-dynamic-filter-items\') ? undefined : field.removeAttribute(\'name\'),\n                        );\n\n                        /*\n                         * Get the serialized data from the forms and:\n                         *   1) Filter out query params which values are empty e.g `?sam=&dan=2` becomes `dan=2`.\n                         *   2) Combine the two forms into a single set of data without duplicate entries.\n                         */\n                        const defaultFilterFormSearchParams = new URLSearchParams(new FormData(defaultFilterForm));\n                        const dynamicFilterFormSearchParams = new URLSearchParams(new FormData(dynamicFilterForm));\n                        const searchParams = new URLSearchParams(window.location.search);\n\n                        const nextSearchParams = new URLSearchParams([\n                            ...[...defaultFilterFormSearchParams].filter(([, value]) => value !== \'\'),\n                            ...[...dynamicFilterFormSearchParams].filter(\n                                ([property, value]) => value !== \'\' && !defaultFilterFormSearchParams.has(property, value),\n                            ),\n                            ...[...searchParams].filter(\n                                ([property]) => NON_FILTER_PARAMS.includes(property) && property !== \'all_filters_removed\',\n                            ),\n                        ]);\n\n                        if (nextSearchParams.has(\'saved_view\')) {\n                            const all_filters_removed = [...nextSearchParams].every(([property]) =>\n                                NON_FILTER_PARAMS.includes(property),\n                            );\n\n                            if (all_filters_removed) {\n                                nextSearchParams.set(\'all_filters_removed\', \'true\');\n                            }\n                        }\n\n                        location.assign(`?${nextSearchParams}`);\n                    }\n                });\n\n                const onSubmitOrReset = (event) => (isFilterForm(event.target) ? window.nb?.history?.saveState() : undefined);\n                document.addEventListener(\'reset\', onSubmitOrReset);\n                document.addEventListener(\'submit\', onSubmitOrReset);\n            });\n        })();\n    </script>\n\n\n    \n        \n\n\n<section class="nb-drawer" tabindex="-1" id="ISISConfigurationTable_config">\n    <div class="nb-drawer-header">\n        <h1>Table Configuration</h1>\n        <button type="button" class="btn-close" data-nb-dismiss="drawer" aria-label="Close"></button>\n    </div>\n    <div class="nb-drawer-body">\n        <form class="userconfigform h-100 pb-20 px-20 vstack" data-config-root="tables.ISISConfigurationTable">\n            <div class="row align-content-start flex-fill">\n                <div class="col-12">\n                    <div class="alert alert-warning">\n                        Column choices may negatively affect loading times.\n                        <a href="/static/docs/user-guide/platform-functionality/user-interface/configurablecolumns.html" class="btn btn-link btn-sm" target="_blank" rel="noopener">\n                            <span class="mdi mdi-information"></span>\n                        </a>\n                    </div>\n                </div>\n                <div class="col-12">\n                    \n                        <select name="columns" size="20" class="form-control" placeholder="None" id="id_columns" multiple>\n  <option value="instance" selected>Instance</option>\n\n  <option value="system_id" selected>System ID</option>\n\n  <option value="status" selected>Status</option>\n\n  <option value="dynamic_group_count">Dynamic Groups</option>\n\n</select>\n                        <span class="form-text mt-8">Use the buttons below to arrange columns in the desired order, then select all columns to display.</span>\n                        <div class="hstack gap-4 mt-8 mx-n4">\n                            \n                            <button type="button" class="btn btn-primary btn-sm" id="move-option-up" data-target="id_columns"><span class="mdi mdi-arrow-up-bold me-4"></span>Move up</button>\n                            <button type="button" class="btn btn-primary btn-sm" id="move-option-down" data-target="id_columns"><span class="mdi mdi-arrow-down-bold me-4"></span>Move down</button>\n                            <button type="button" class="btn btn-success btn-sm" id="select-all-options" data-target="id_columns"><span class="mdi mdi-expand-all-outline me-4"></span>Select all</button>\n                            \n                        </div>\n                    \n                </div>\n            </div>\n            <div class="nb-form-sticky-footer">\n                <input type="submit" class="btn btn-primary" value="Save">\n                <input type="submit" class="btn btn-danger reset" value="Reset">\n            </div>\n        </form>\n    </div>\n</section>\n\n\n    <script>\n        (() => {\n            document.addEventListener(\'DOMContentLoaded\', () => {\n                document.addEventListener(\'submit\', (event) => {\n                    if (event.target.closest(\'#ISISConfigurationTable_config\')) {\n                        // Keep the drawer open after page reload caused by form submission.\n                        window.nb.history.saveState();\n                    }\n                });\n            });\n        })();\n    </script>\n\n\n    \n    <section class="nb-drawer" tabindex="-1" id="SavedViews_drawer">\n        <div class="nb-drawer-header">\n            <h1>Saved Views</h1>\n            <button type="button" class="btn-close" data-nb-dismiss="drawer" aria-label="Close"></button>\n        </div>\n        <div class="nb-drawer-body pb-20 px-20">\n            <div class="align-items-start vstack flex-grow-0 gap-10">\n                \n            </div>\n            \n            <div class="align-items-start vstack gap-10">\n                Actions:\n                \n                <a class="btn btn-secondary" href="" data-bs-toggle="modal" data-bs-target="#saved_view_modal">\n                    <span class="mdi mdi-content-save-plus-outline me-4" aria-hidden="true"></span>Save As New\n                </a>\n                \n            </div>\n        </div>\n    </section>\n\n        </div>\n        <header id="header">\n            <div class="banner-alert-area">\n                \n\n\n\n    \n        <div class="alert alert-info text-center" role="alert">\n            <p>Local</p>\n        </div>\n    \n\n\n\n\n\n\n                \n\n            </div>\n            <div class="container-fluid mb-12 mt-16">\n                <div class="row">\n                    <div id="page-title" class="col-4">\n                        \n                            \n\n\n<h1 class="d-flex fs-2 gap-8 lh-sm py-6">\n    <img\n        alt="Nautobot chevron"\n        class="align-self-start flex-grow-0 flex-shrink-0 my-n4"\n        role="presentation"\n        src="/static/img/nautobot_chevron.svg"\n        style="width: 1.5rem;"\n    />\n    \n        Isis Configurations\n    \n</h1>\n\n                        \n                    </div>\n                    \n\n\n\n    \n        <form action="/search/" class="col-4 text-center" id="header_search" method="get" role="search">\n            <label class="position-relative w-100">\n                <input\n                    aria-placeholder="Press Ctrl+K to search"\n                    class="form-control nb-text-transparent"\n                    name="q"\n                    type="search"\n                    value=""\n                />\n                <span class="align-items-center d-inline-flex gap-6 overflow-hidden px-12 py-6 pe-none position-absolute start-0 top-0 user-select-none w-100">\n                    <span aria-hidden="true" class="mdi mdi-magnify text-secondary d-inline-flex"></span>\n                    \n                        \n                            \n                                \n                                    \n                                \n                                    \n                                \n                                    \n                                \n                                    \n                                \n                                    \n                                \n                            \n                                \n                                    \n                                \n                                    \n                                \n                                    \n                                \n                            \n                                \n                                    \n                                \n                                    \n                                \n                                    \n                                \n                            \n                                \n                                    \n                                \n                                    \n                                \n                                    \n                                \n                            \n                                \n                                    \n                                \n                                    \n                                \n                            \n                                \n                                    \n                                \n                                    \n                                \n                                    \n                                \n                                    \n                                \n                            \n                                \n                                    \n                                \n                                    \n                                \n                                    \n                                \n                                    \n                                \n                                    \n                                \n                                    \n                                \n                                    \n                                \n                                    \n                                \n                                    \n                                \n                                    \n                                \n                            \n                        \n                            \n                                \n                                    \n                                \n                            \n                                \n                                    \n                                \n                            \n                                \n                                    \n                                \n                            \n                                \n                                    \n                                \n                                    \n                                \n                                    \n                                \n                            \n                                \n                                    \n                                \n                                    \n                                \n                            \n                                \n                                    \n                                \n                            \n                        \n                            \n                                \n                                    \n                                \n                                    \n                                \n                            \n                                \n                                    \n                                \n                                    \n                                \n                                    \n                                \n                                    \n                                \n                            \n                                \n                                    \n                                \n                                    \n                                \n                            \n                                \n                                    \n                                \n                                    \n                                \n                            \n                                \n                                    \n                                \n                            \n                                \n                                    \n                                \n                                    \n                                \n                                    \n                                \n                            \n                        \n                            \n                                \n                                    \n                                \n                                    \n                                        <span class="badge border" data-nb-link="/plugins/nautobot-igp-models/isis-configuration/"><!--\n                                            -->in: ISIS Configuration<!--\n                                            --><button tabindex="-1" type="button">\n                                            <span aria-hidden="true" class="mdi mdi-close"></span>\n                                            <span class="visually-hidden">Remove</span>\n                                        </button>\n                                        </span>\n                                    \n                                \n                                    \n                                \n                                    \n                                \n                                    \n                                \n                            \n                        \n                            \n                                \n                                    \n                                \n                                    \n                                \n                                    \n                                \n                            \n                                \n                                    \n                                \n                                    \n                                \n                            \n                        \n                            \n                                \n                                    \n                                \n                                    \n                                \n                                    \n                                \n                            \n                                \n                                    \n                                \n                                    \n                                \n                                    \n                                \n                            \n                        \n                            \n                                \n                                    \n                                \n                                    \n                                \n                            \n                        \n                            \n                                \n                                    \n                                \n                                    \n                                \n                                    \n                                \n                                    \n                                \n                                    \n                                \n                            \n                        \n                            \n                                \n                                    \n                                \n                                    \n                                \n                            \n                        \n                            \n                                \n                                    \n                                \n                                    \n                                \n                                    \n                                \n                                    \n                                \n                                    \n                                \n                            \n                        \n                            \n                                \n                                    \n                                \n                                    \n                                \n                            \n                                \n                                    \n                                \n                                    \n                                \n                                    \n                                \n                            \n                        \n                            \n                                \n                                    \n                                \n                                    \n                                \n                                    \n                                \n                                    \n                                \n                            \n                        \n                            \n                                \n                                    \n                                \n                                    \n                                \n                            \n                        \n                            \n                                \n                                    \n                                \n                            \n                                \n                                    \n                                \n                            \n                                \n                                    \n                                \n                                    \n                                \n                                    \n                                \n                                    \n                                \n                                    \n                                \n                                    \n                                \n                            \n                                \n                                    \n                                \n                            \n                                \n                                    \n                                \n                                    \n                                \n                            \n                                \n                                    \n                                \n                                    \n                                \n                                    \n                                \n                                    \n                                \n                                    \n                                \n                            \n                                \n                                    \n                                \n                                    \n                                \n                                    \n                                \n                                    \n                                \n                            \n                                \n                                    \n                                \n                                    \n                                \n                            \n                        \n                            \n                                \n                                    \n                                \n                                    \n                                \n                                    \n                                \n                                    \n                                \n                                    \n                                \n                                    \n                                \n                            \n                        \n                            \n                                \n                                    \n                                \n                                    \n                                \n                            \n                        \n                    \n                    <span\n                        aria-hidden="true"\n                        class="align-items-center d-inline-flex gap-4 text-nowrap text-secondary"\n                    >\n                        \n                            Press <kbd class="mt-n1">Ctrl+K</kbd> to search\n                        \n                    </span>\n                    <a class="align-items-center d-inline-flex ms-auto pe-auto"\n                       href="/static/docs/user-guide/platform-functionality/user-interface/search.html"\n                       target="_blank"\n                       rel="noopener"\n                    >\n                        <span aria-hidden="true" class="mdi mdi-help-circle-outline text-secondary"></span>\n                    </a>\n                </span>\n            </label>\n        </form>\n    \n\n    <div class="col-4 text-end">\n        <div class="dropdown">\n            <button class="btn dropdown-toggle align-items-center d-inline-flex gap-6" type="button" data-bs-toggle="dropdown" aria-expanded="false">\n                <span aria-hidden="true" class="mdi mdi-account text-secondary"></span>\n                nautobotuser\n            </button>\n            <ul class="dropdown-menu dropdown-menu-end">\n                <li><a class="dropdown-item" href="/about/"><span class="mdi mdi-information"></span>About Nautobot</a></li>\n                <li><a class="dropdown-item" href="/user/profile/"><span class="mdi mdi-account-box"></span>Profile</a></li>\n                <li><a class="dropdown-item" href="/extras/approver-dashboard/"><span class="mdi mdi-check-bold"></span>Approval Dashboard</a></li>\n                \n                <li class="dropdown-divider"></li>\n                <li><a class="dropdown-item" href="/logout/"><span class="mdi mdi-logout"></span>Log out</a></li>\n            </ul>\n        </div>\n    </div>\n\n\n                    <div class="col-12">\n                        \n    \n\n    \n\n    \n\n<nav aria-label="Breadcrumbs" class="mt-1">\n    <ol class="breadcrumb">\n        \n            \n                \n            \n        \n    </ol>\n</nav>\n\n\n                    </div>\n                </div>\n            </div>\n            \n        </header>\n        <main class="container-fluid wrapper" id="main-content" tabindex="-1">\n            \n    <div class="align-items-center d-flex gap-8 justify-content-end mb-16 d-print-none">\n        \n        \n\n        <div class="btn-group">\n            \n                <button type="button" id="actions-dropdown" class="btn btn-primary dropdown-toggle" data-bs-toggle="dropdown">\n                    Actions\n                    <span class="mdi mdi-chevron-down" aria-hidden="true"></span>\n                </button>\n            \n            <ul class="dropdown-menu dropdown-menu-end" role="menu">\n                \n                \n                \n                    \n                        \n    \n        \n        \n        <li>\n            <form action="/extras/jobs/nautobot.core.jobs.ExportObjectList/run/" method="post">\n                <input type="hidden" name="csrfmiddlewaretoken" value="4dYv2pL2ysjMzgmQiuTWsAap4xDKb3Nasp7hphN9ct0DZWmKPGSBrwzYETa2DDLC">\n                <input type="hidden" name="content_type" value="193">\n                <input type="hidden" name="query_string" value="id=449c14d1-95c0-4a40-95ef-964df89bb858">\n                <input type="hidden" name="_schedule_type" value="immediately">\n                <input type="hidden" name="export_format" value="csv">\n                <button class="dropdown-item" type="submit">\n                    <span class="mdi mdi-database-export text-secondary" aria-hidden="true"></span> Export as CSV\n                </button>\n            </form>\n        </li>\n        \n    \n\n\n                    \n                \n            </ul>\n        </div>\n        \n        \n        \n            \n            \n        \n        <div class="align-items-center d-flex gap-4">\n            \n                <button\n                    type="button"\n                    class="btn position-relative text-secondary"\n                    data-nb-toggle="drawer"\n                    data-nb-target="#SavedViews_drawer"\n                    title="Saved Views"\n                    aria-expanded="false"\n                    aria-controls="SavedViews_drawer"\n                >\n                    <span class="mdi mdi-view-compact-outline" aria-hidden="true"></span>\n                    <span class="visually-hidden">Saved Views</span>\n                    \n                </button>\n            \n            \n                <button\n                    type="button"\n                    class="btn position-relative text-secondary"\n                    data-nb-toggle="drawer"\n                    data-nb-target="#FilterForm_drawer"\n                    title="Add Filters"\n                    id="id__filterbtn"\n                    aria-controls="FilterForm_drawer"\n                    aria-expanded="false"\n                >\n                    <span class="mdi mdi-filter" aria-hidden="true"></span>\n                    <span class="visually-hidden">Add Filters</span>\n                    \n                        <span aria-hidden="true" class="nb-btn-indicator"></span>\n                    \n                </button>\n            \n        </div>\n    </div>\n\n    \n\n    <div>\n        \n            \n                \n                    \n\n\n<div class="card mb-3">\n    \n    <div class="table-responsive">\n        \n\n\n\n    <table class="table table-hover nb-table-headings">\n        \n            <thead>\n                <tr>\n                    \n                        \n                            \n                                <th class="orderable"><a href="?id=449c14d1-95c0-4a40-95ef-964df89bb858&amp;sort=instance" data-column-name="instance">Instance</a></th>\n                            \n                        \n                    \n                        \n                            \n                                <th class="orderable"><a href="?id=449c14d1-95c0-4a40-95ef-964df89bb858&amp;sort=system_id" data-column-name="system_id">System ID</a></th>\n                            \n                        \n                    \n                        \n                            \n                                <th class="orderable"><a href="?id=449c14d1-95c0-4a40-95ef-964df89bb858&amp;sort=status" data-column-name="status">Status</a></th>\n                            \n                        \n                    \n                        \n                            <th class="nb-actionable nb-w-0 orderable">\n                                <button\n            type="button"\n            class="btn border-0 float-end rounded-0 text-end text-secondary "\n            data-nb-toggle="drawer"\n            data-nb-target="#ISISConfigurationTable_config"\n            \n            title="Configure table"\n            aria-controls="ISISConfigurationTable_config"\n            aria-expanded="false"\n        >\n            <span class="mdi mdi-cog" aria-hidden="true"></span>\n            <span class="visually-hidden">Configure</span>\n        </button>\n                            </th>\n                        \n                    \n                    \n                </tr>\n            </thead>\n        \n        <tbody>\n            \n                <tr class="even">\n                    \n                        <td ><a href="/plugins/nautobot-igp-models/igproutinginstance/42c8e615-cc74-4916-be8f-777d63949368/">ISIS on router1</a></td>\n                    \n                        <td >49.0001.0010.0000.0001.00</td>\n                    \n                        <td >\n    \n    \n        <span class="badge" style="color: #ffffff; background-color: #4caf50">\n            Active\n        </span>\n    \n    </td>\n                    \n                        <td class="d-print-none nb-actions nb-w-0 text-end text-nowrap">\n    <div class="dropdown">\n        <button class="btn dropdown-toggle" type="button" data-bs-toggle="dropdown" aria-expanded="false">\n            <span class="mdi mdi-dots-vertical" aria-hidden="true"></span>\n            <span class="visually-hidden">Toggle Dropdown</span>\n        </button>\n        <ul class="dropdown-menu dropdown-menu-end">\n            \n            \n            \n            \n        </ul>\n    </div>\n\n    </td>\n                    \n                    \n                </tr>\n            \n        </tbody>\n        \n    </table>\n\n\n    </div>\n    \n</div>\n\n                \n            \n            \n\n<div class="paginator align-items-center d-flex fs-5 gap-10 justify-content-end mt-16 text-secondary">\n    \n        <div>\n            Showing 1-1 of 1\n        </div>\n        <div class="vr border-start my-8"></div>\n    \n    <form class="align-items-center d-flex gap-4" method="get">\n        \n            \n                \n                    <input type="hidden" name="id" value="449c14d1-95c0-4a40-95ef-964df89bb858" />\n                \n            \n        \n        <select name="per_page" id="per_page" class="form-select">\n            \n                <option value="65000" selected="selected">65000</option>\n            \n            \n                <option value="25">25</option>\n            \n                <option value="50">50</option>\n            \n                <option value="100">100</option>\n            \n                <option value="250">250</option>\n            \n                <option value="500">500</option>\n            \n                <option value="1000">1000</option>\n            \n        </select>\n        per page\n    </form>\n    \n</div>\n\n            <div class="clearfix"></div>\n        \n    </div>\n    \n        \n\n\n<div class="modal fade" tabindex="-1" id="saved_view_modal" role="dialog">\n    <div class="modal-dialog modal-lg">\n        <div class="modal-content">\n            <div class="modal-header">\n                <h4 class="modal-title">New Saved View</h4>\n                <button type="button" class="btn-close" data-bs-dismiss="modal" aria-label="Close"></button>\n            </div>\n            <form action="/extras/saved-views/add/" method="post">\n                <div class="modal-body">\n                    <input type="hidden" name="csrfmiddlewaretoken" value="4dYv2pL2ysjMzgmQiuTWsAap4xDKb3Nasp7hphN9ct0DZWmKPGSBrwzYETa2DDLC">\n                    <div class="row">\n                        \n\n<div class="mb-10 d-md-flex justify-content-center">\n    \n        <label class="col-md-3 col-form-label nb-required" for="id_name">\n            Name\n        </label>\n        <div class="col-md-9">\n            <input type="text" name="name" maxlength="255" class="form-control" required placeholder="Name" id="id_name">\n            \n            \n                <span class="form-text">The name of this view</span>\n            \n    \n    \n</div>\n</div>\n\n                        <span class="col-lg-3 text-end text-secondary">New Changes</span>\n                        <div class="col-lg-9">\n                            <pre><code class="language-json">{\n    &quot;filter_params&quot;: {\n        &quot;id&quot;: [\n            &quot;449c14d1-95c0-4a40-95ef-964df89bb858&quot;\n        ]\n    },\n    &quot;per_page&quot;: 65000,\n    &quot;sort_order&quot;: [],\n    &quot;table_config&quot;: null\n}</code></pre>\n                        </div>\n                        \n\n<div class="mb-10 d-md-flex justify-content-center">\n    \n        <div class="col-md-9 offset-md-3">\n            <div class="form-check mt-6">\n                <input type="checkbox" name="is_shared" class="form-check-input" placeholder="Is shared" id="id_is_shared">\n                <label class="form-check-label" for="id_is_shared">\n                    Is shared\n                </label>\n            </div>\n            \n            \n                <span class="form-text">If checked, all users will be able to see this saved view</span>\n            \n    \n    \n</div>\n</div>\n\n                        <input type="hidden" id="view" name="view" value="plugins:nautobot_igp_models:isisconfiguration_list">\n                        <input type="hidden" id="params" name="params" value="id=449c14d1-95c0-4a40-95ef-964df89bb858">\n                    </div>\n                </div>\n                <div class="modal-footer">\n                    <button type="submit" class="btn btn-primary">\n                        <span aria-hidden="true" class="mdi mdi-content-save-plus-outline me-4"></span><!--\n                        -->Save\n                    </button>\n                    <button class="btn btn-secondary" data-bs-dismiss="modal" type="button">\n                        <span aria-hidden="true" class="mdi mdi-close me-4"></span><!--\n                        -->Cancel\n                    </button>\n                </div>\n            </form>\n        </div>\n    </div>\n</div>\n\n    \n    \n\n<div class="modal fade" tabindex="-1" role="dialog" id="dynamic_group_assignment_modal">\n    <div class="modal-dialog modal-lg" role="document">\n        <div class="modal-content">\n            <div class="modal-header">\n                <button type="button" class="btn-close" data-bs-dismiss="modal" aria-label="Close">\n                </button>\n                <h4 class="modal-title">Static Assignment to Dynamic Groups</h4>\n            </div>\n            <form id="dynamic_group_assignment_form" action="/extras/dynamic-groups/assign-members/?"\n                  method="post" class="form form-horizontal">\n                <div class="modal-body">\n                    <input type="hidden" name="csrfmiddlewaretoken" value="4dYv2pL2ysjMzgmQiuTWsAap4xDKb3Nasp7hphN9ct0DZWmKPGSBrwzYETa2DDLC">\n                    <input type="hidden" name="return_url" value="/plugins/nautobot-igp-models/isis-configuration/?id=449c14d1-95c0-4a40-95ef-964df89bb858">\n                    <input type="hidden" id="dynamic_group_assignment_all" name="_all">\n                    <span id="dynamic_group_assignment_pks"></span>\n                    \n                        <input type="hidden" name="content_type" value="193" class="form-control" required="required" placeholder="None" id="id_content_type">\n                    \n                        \n                    \n                    \n\n<div class="mb-10 d-md-flex justify-content-center">\n    \n        <label class="col-md-3 col-form-label" for="id_add_to_groups">\n            Add to existing group(s)\n        </label>\n        <div class="col-md-9">\n            <select name="add_to_groups" class="nautobot-select2-api" data-multiple="1" data-query-param-group_type="[&quot;static&quot;]" data-query-param-content_type="[&quot;nautobot_igp_models.isisconfiguration&quot;]" data-query-param-exclude_m2m="[&quot;true&quot;]" display-field="display" data-depth="0" data-url="/api/extras/dynamic-groups/" id="id_add_to_groups" multiple>\n</select>\n            \n            \n    \n    \n</div>\n</div>\n\n                    \n\n<div class="mb-10 d-md-flex justify-content-center">\n    \n        <label class="col-md-3 col-form-label" for="id_create_and_assign_to_new_group_name">\n            Create a new group\n        </label>\n        <div class="col-md-9">\n            <input type="text" name="create_and_assign_to_new_group_name" class="form-control" placeholder="Create a new group" id="id_create_and_assign_to_new_group_name">\n            \n            \n                <span class="form-text">Create a new group with this name and assign the selected objects to it.</span>\n            \n    \n    \n</div>\n</div>\n\n                    \n\n<div class="mb-10 d-md-flex justify-content-center">\n    \n        <label class="col-md-3 col-form-label" for="id_remove_from_groups">\n            Remove from group(s)\n        </label>\n        <div class="col-md-9">\n            <select name="remove_from_groups" class="nautobot-select2-api" data-multiple="1" data-query-param-group_type="[&quot;static&quot;]" data-query-param-content_type="[&quot;nautobot_igp_models.isisconfiguration&quot;]" data-query-param-exclude_m2m="[&quot;true&quot;]" display-field="display" data-depth="0" data-url="/api/extras/dynamic-groups/" id="id_remove_from_groups" multiple>\n</select>\n            \n            \n    \n    \n</div>\n</div>\n\n                </div>\n                <div class="modal-footer">\n                    <button type="submit" class="btn btn-primary">\n                        <span class="mdi mdi-group" aria-hidden="true"></span> Apply\n                    </button>\n                    <button type="button" class="btn btn-secondary" id="dynamic_group_assignment_cancel">\n                        <span class="mdi mdi-close-thick" aria-hidden="true"></span> Cancel\n                    </button>\n                </div>\n            </form>\n        </div>\n    </div>\n</div>\n\n\n        </main>\n        \n            \n        \n        \n\n\n\n' : 


        <div id="drawer">
            
    



<section class="nb-drawer" tabindex="-1" id="FilterForm_drawer">
    <div class="nb-drawer-header">
        <h1>Filters</h1>
        <button type="button" class="btn-close" data-nb-dismiss="drawer" aria-label="Close"></button>
    </div>
    <div class="nb-drawer-body">
        <ul id="filter-tabs" class="nav nav-tabs">
            
                <li role="presentation" class="nav-item">
                    <a class="nav-link active"  href="#default-filter" role="tab" data-bs-toggle="tab">
                        Basic
                    </a>
                </li>
            
            
                <li role="presentation" class="nav-item">
                    <a class="nav-link position-relative" href="#advanced-filter" role="tab" data-bs-toggle="tab">
                        Advanced
                        
    <span
        aria-hidden="true"
        class="end-0 me-2 mt-2 top-0 nb-btn-indicator"
        data-bs-toggle="tooltip"
        data-bs-title="Some of the applied filters can only be viewed in Advanced"
    ></span>


                    </a>
                </li>
            
        </ul>
        <div class="tab-content h-100">
            
                <div id="default-filter" role="tabpanel" class="tab-pane fade show active h-100 p-20">
                    

<form class="h-100 vstack">
    <div class="align-content-start flex-fill pb-20">
        
        
            
                <div class="nb-form-group">
                    
                        <label for="id_instance">IGP Instance</label>
                        <select name="instance" class="nautobot-select2-api form-control" data-query-param-exclude_m2m="[&quot;true&quot;]" display-field="display" data-depth="0" placeholder="IGP Instance" data-url="/api/plugins/nautobot-igp-models/igp-routing-instances/" id="id_instance">
  <option value=""
         selected
        >---------</option>

</select>
                    
                </div>
            
        
            
                <div class="nb-form-group">
                    
                        <label for="id_system_id">System ID</label>
                        <input type="text" name="system_id" class="form-control" placeholder="System ID" id="id_system_id">
                    
                </div>
            
        
            
                <div class="nb-form-group">
                    
                        <label for="id_contacts">Contacts</label>
                        <select name="contacts" class="nautobot-select2-api form-control" data-multiple="1" data-query-param-exclude_m2m="[&quot;true&quot;]" display-field="display" value-field="name" data-depth="0" placeholder="None" data-url="/api/extras/contacts/" id="id_contacts" multiple>
</select>
                    
                </div>
            
        
            
                <div class="nb-form-group">
                    
                        <label for="id_teams">Teams</label>
                        <select name="teams" class="nautobot-select2-api form-control" data-multiple="1" data-query-param-exclude_m2m="[&quot;true&quot;]" display-field="display" value-field="name" data-depth="0" placeholder="None" data-url="/api/extras/teams/" id="id_teams" multiple>
</select>
                    
                </div>
            
        
    </div>
    <div class="justify-content-between mb-n20 nb-form-sticky-footer">
        <button type="submit" class="btn btn-primary">
            <span class="mdi mdi-check me-4" aria-hidden="true"></span><!--
            -->Apply Specified
        </button>
        <button type="reset" class="btn btn-secondary">
            <span aria-hidden="true" class="mdi mdi-close me-4"></span><!--
            -->Clear All
        </button>
    </div>
</form>

                </div>
            
            
                <div id="advanced-filter" role="tabpanel" class="tab-pane fade h-100 p-20">
                    <form class="h-100 vstack" id="dynamic-filter-form">
                        <div class="align-content-start flex-fill pb-20">
                            <input type="hidden" name="form-TOTAL_FORMS" value="1" id="id_form-TOTAL_FORMS"><input type="hidden" name="form-INITIAL_FORMS" value="0" id="id_form-INITIAL_FORMS"><input type="hidden" name="form-MIN_NUM_FORMS" value="0" id="id_form-MIN_NUM_FORMS"><input type="hidden" name="form-MAX_NUM_FORMS" value="1000" id="id_form-MAX_NUM_FORMS">
                            
                                <div class="nb-form-group">
                                    <label for="id_form-0-lookup_field">Field</label>
                                    <select name="form-0-lookup_field" class="nautobot-select2-static lookup_field-select" placeholder="Field" id="id_form-0-lookup_field">
  <option value="" selected>---------</option>

  <option value="contacts">Contacts (name or ID)</option>

  <option value="created">Created</option>

  <option value="dynamic_groups">Dynamic groups (name or ID)</option>

  <option value="instance">IGP Instance (Device Name)</option>

  <option value="id">Id</option>

  <option value="last_updated">Last updated</option>

  <option value="status">Status (name or ID)</option>

  <option value="system_id">System ID</option>

  <option value="teams">Teams (name or ID)</option>

</select>
                                </div>
                            
                                <div class="nb-form-group">
                                    <label for="id_form-0-lookup_type">Lookup type</label>
                                    <select name="form-0-lookup_type" class="nautobot-select2-api lookup_type-select" placeholder="None" data-query-param-field_name="[&quot;$lookup_field&quot;]" data-contenttype="nautobot_igp_models.isisconfiguration" data-url="/api/core/filterset-fields/lookup-choices/" id="id_form-0-lookup_type">
</select>
                                </div>
                            
                                <div class="nb-form-group">
                                    <label for="id_form-0-lookup_value">Value</label>
                                    <input type="text" name="form-0-lookup_value" class="form-control lookup_value-input form-control" placeholder="Value" id="id_form-0-lookup_value">
                                </div>
                            
                            <button class="nb-dynamic-filter-add btn btn-primary d-block ms-auto my-20" type="button">
                                <span aria-hidden="true" class="mdi mdi-plus me-4"></span><!--
                                -->Add Filter
                            </button>
                            <hr class="border-top my-20">
                            <div class="nb-dynamic-filter-items d-flex flex-wrap gap-10">
                                
                                    
                                        <span class="badge nb-multi-badge" data-nb-field="id">
                                            <button class="nb-dynamic-filter-remove" type="button">
                                                <span aria-hidden="true" class="mdi mdi-close"></span>
                                                <span class="visually-hidden">Remove All</span>
                                            </button>
                                            Id:
                                            <span class="nb-multi-badge-items">
                                                
                                                    <span class="badge" data-nb-value="449c14d1-95c0-4a40-95ef-964df89bb858"><!--
                                                        --><button class="nb-dynamic-filter-remove" type="button">
                                                        <span aria-hidden="true" class="mdi mdi-close"></span>
                                                        <span class="visually-hidden">Remove</span>
                                                    </button><!--
                                                        -->449c14d1-95c0-4a40-95ef-964df89bb858<!--
                                                        --><input name="id" type="hidden" value="449c14d1-95c0-4a40-95ef-964df89bb858">
                                                    </span>
                                                
                                            </span>
                                        </span>
                                    
                                
                            </div>
                        </div>

                        <div class="d-print-none justify-content-between mb-n20 nb-form-sticky-footer">
                            <button type="submit" class="btn btn-primary">
                                <span class="mdi mdi-check me-4" aria-hidden="true"></span><!--
                                -->Apply Specified
                            </button>
                            <button type="reset" class="btn btn-secondary">
                                <span aria-hidden="true" class="mdi mdi-close me-4"></span><!--
                                -->Clear All
                            </button>
                        </div>
                    </form>
                </div>
            
        </div>
    </div>
</section>


    <script>
        (() => {
            document.addEventListener('DOMContentLoaded', () => {
                const NON_FILTER_PARAMS = [
                    'all_filters_removed',
                    'clear_view',
                    'per_page',
                    'saved_view',
                    'sort',
                    'table_changes_pending',
                ];

                /**
                 * Insert given `element` as `parent`'s first child.
                 * @param {HTMLElement} element - Element to be inserted.
                 * @param {HTMLElement} parent - Parent container for given `element`.
                 * @returns {void} Do not return any value, modify DOM in-place.
                 */
                const insertFirst = (element, parent) => {
                    parent.hasChildNodes() ? parent.insertBefore(element, parent.firstElementChild) : parent.appendChild(element);
                };

                /**
                 * Get HTML elements for default and dynamic filter forms.
                 * @returns {object} Object with `defaultFilterForm` and `dynamicFilterForm` HTML elements or `null`,
                 *   depending on their actual existence in the DOM.
                 */
                const getFilterForms = () => ({
                    defaultFilterForm: document.querySelector('#default-filter form'),
                    dynamicFilterForm: document.querySelector('#dynamic-filter-form'),
                });

                const prepopulateFilterSelectsFromURL = (() => {
                    const { defaultFilterForm } = getFilterForms();
                    const urlParams = new URLSearchParams(window.location.search);
                    // Only target Select2 controls inside the default filter form.
                    [...defaultFilterForm.querySelectorAll('select.nautobot-select2-multi-value-char')].forEach((el) => {
                        const name = el.getAttribute('name');
                        if (!name) { return; }
                        const values = urlParams.getAll(name);
                        if (!values.length) { return; }
                        values.forEach((val) => {
                            let found = Array.prototype.find.call(el.options, (opt) => {
                                return String(opt.value) === String(val);
                            });
                            if (found) {
                                found.selected = true;
                            } else {
                                el.add(new Option(val, val, true, true));
                            }
                        });
                        if (window.jQuery && $(el).data('select2')) {
                            $(el).trigger('change');
                        }
                    });
                })();

                /**
                 * Synchronize given `filter` value from default to dynamic filter form.
                 * @param {string} name - Filter name.
                 * @returns {void} Do not return any value, just set given field values.
                 */
                const syncDefaultToDynamic = (name) => {
                    const { defaultFilterForm } = getFilterForms();

                    const field = defaultFilterForm.querySelector(`[name="${name}"]`);
                    const text = field?.closest('.nb-form-group')?.querySelector('label')?.innerText?.trim();
                    /*
                     * `manageDynamicFilter` takes an array of `{ text: string, value: string }` objects as `value`, so
                     * regardless of field being a textbox, a single or multiple choice combobox, conversion is required:
                     *   1. For combobox (i.e. `<select>`), iterate over selected options and map them to display `text`
                     *     and underlying `value`.
                     *   2. For textbox (i.e. `<input>` or `<textarea>`):
                     *     1. Use entered value as both display `text` and underlying `value`.
                     *     2. If field is empty, use an empty array.
                     */
                    const value =
                        field?.tagName === 'SELECT'
                        ? [...field.selectedOptions].map((option) => ({ text: option.innerText, value: option.value }))
                        : [...(field?.value ? [{ text: field.value, value: field.value }] : [])];

                    manageDynamicFilter({ action: 'set', name, text, value });
                };

                /**
                 * Synchronize given `filter` value from dynamic to default filter form.
                 * @param {string} name - Filter name.
                 * @returns {void} Do not return any value, just set given field values.
                 */
                const syncDynamicToDefault = (name) => {
                    const { defaultFilterForm, dynamicFilterForm } = getFilterForms();

                    const current = [...dynamicFilterForm.querySelectorAll(`input[name="${name}"][type="hidden"]`)].map(
                        (input) => ({
                            text: [...(input.parentElement?.childNodes ?? [])].find((node) => node.nodeName === '#text')?.wholeText,
                            value: input.getAttribute('value'),
                        }),
                    );

                    const sync = defaultFilterForm?.querySelector(`[name=${name}]`);

                    if (sync?.tagName === 'INPUT' || sync?.tagName === 'TEXTAREA') {
                        sync.value = current.length > 0 ? current[0].value : '';
                    } else if (sync?.tagName === 'SELECT') {
                        window.nb.select2.setSelect2Value(sync, current);
                    }
                };

                /**
                 * Manage dynamic filter either by adding values to the existing selection or by setting passed values
                 * regardless of previous selection.
                 * @param {'add'|'set'} action - Use `'add'` to add given value to the existing selection; use `'set'`
                 *   to set given value regardless of what was set previously.
                 * @param {string} name - Filter field name.
                 * @param {string} text - Filter display text.
                 * @param {object[]} value - Array of objects containing `text` and `value` key-value pairs.
                 */
                const manageDynamicFilter = ({ action, name, text, value }) => {
                    const { dynamicFilterForm } = getFilterForms();
                    const items = dynamicFilterForm.querySelector('.nb-dynamic-filter-items');

                    const group = (() => {
                        const existing = items.querySelector(`.nb-multi-badge[data-nb-field="${name}"]`);
                        if (existing) {
                            return existing;
                        }

                        const group = document.createElement('span');
                        group.classList.toggle('badge', true);
                        group.classList.toggle('nb-multi-badge', true);
                        group.setAttribute('data-nb-field', name);

                        const button = document.createElement('button');
                        button.classList.toggle('nb-dynamic-filter-remove', true);
                        button.setAttribute('type', 'button');

                        const close = document.createElement('span');
                        close.classList.toggle('mdi', true);
                        close.classList.toggle('mdi-close', true);
                        close.setAttribute('aria-hidden', 'true');

                        const remove = document.createElement('span');
                        remove.classList.toggle('visually-hidden', true);
                        remove.innerText = 'Remove All';

                        const children = document.createElement('span');
                        children.classList.toggle('nb-multi-badge-items', true);

                        button.appendChild(close);
                        button.appendChild(remove);
                        group.appendChild(button);
                        group.insertAdjacentText('beforeend', `${text}:`);
                        group.appendChild(children);

                        return group;
                    })();

                    const children = group.querySelector('.nb-multi-badge-items');
                    const existing = [...children.querySelectorAll('.badge[data-nb-value]')];

                    /*
                     * Depending on `action` remove the following badges:
                     *   1. For `'add'`, remove already existing filters with the same key-value pairs and re-create them later.
                     *   2. For `'set'`, remove all existing filters of given key and apply only these passed as `values`.
                     */
                    const badgesToRemove =
                        action === 'add'
                        ? existing.filter((badge) => value.some((item) => badge.getAttribute('data-nb-value') === item.value))
                        : existing;
                    badgesToRemove.forEach((item) => children.removeChild(item));

                    value.forEach(({ text, value }) => {
                        const badge = document.createElement('span');
                        badge.classList.toggle('badge', true);
                        badge.setAttribute('data-nb-value', value);

                        const input = document.createElement('input');
                        input.setAttribute('name', name);
                        input.setAttribute('type', 'hidden');
                        input.setAttribute('value', value);

                        const button = document.createElement('button');
                        button.classList.toggle('nb-dynamic-filter-remove', true);
                        button.setAttribute('type', 'button');

                        const close = document.createElement('span');
                        close.classList.toggle('mdi', true);
                        close.classList.toggle('mdi-close', true);
                        close.setAttribute('aria-hidden', 'true');

                        const remove = document.createElement('span');
                        remove.classList.toggle('visually-hidden', true);
                        remove.innerText = 'Remove';

                        button.appendChild(close);
                        button.appendChild(remove);
                        badge.appendChild(button);
                        badge.insertAdjacentText('beforeend', text);
                        badge.appendChild(input);

                        insertFirst(badge, children);
                    });

                    // If group already exists, remove it and later insert as the first child.
                    if (items.contains(group)) {
                        items.removeChild(group);
                    }

                    if (children.hasChildNodes()) {
                        insertFirst(group, items);
                    }
                };

                document.addEventListener('click', (event) => {
                    const { defaultFilterForm, dynamicFilterForm } = getFilterForms();

                    const add = event.target.closest('button.nb-dynamic-filter-add');
                    if (add) {
                        const field = dynamicFilterForm.querySelector('[name$="lookup_field"]');
                        const type = dynamicFilterForm.querySelector('[name$="lookup_type"]');
                        const value = [...dynamicFilterForm.querySelectorAll('.nb-form-group')]
                            .pop()
                        ?.querySelector('input, select, textarea');

                        const isMissing = (control) =>
                        control?.selectedOptions ? control.selectedOptions.length === 0 : !control?.value;
                        if (isMissing(field) || isMissing(type) || isMissing(value)) {
                            // Return early if selected filter is not complete (i.e. is missing lookup field, type or value).
                            return;
                        }

                        const name = type.selectedOptions[0].value;
                        const label = field.selectedOptions[0].innerText.trim();
                        const suffix = type.selectedOptions[0].innerText.trim();
                        const text = /\(\w+\)/.test(suffix) ? `${label} ${suffix}` : label;
                        const values =
                            value?.getAttribute('multiple') !== null
                            ? [...value.selectedOptions].map((option) => ({ text: option.innerText.trim(), value: option.value }))
                            : [{ text: value?.value, value: value?.value }];

                        // If field exists in default filter form and is a single value input, use `'set'` action.
                        const action =
                            defaultFilterForm.querySelector(`[name="${name}"]`) &&
                        (value.tagName === 'INPUT' || value.tagName === 'TEXTAREA')
                            ? 'set'
                            : 'add';
                        manageDynamicFilter({ action, name, text, value: values });

                        syncDynamicToDefault(name);
                    }

                    const remove = event.target.closest('button.nb-dynamic-filter-remove');
                    if (remove) {
                        const badge = remove.closest('.badge');
                        /*
                         * Remove the group badge (i.e. multi-badge) when given badge is the group badge itself, or it is the only
                         * one left in the group (i.e. has no siblings) because removing it will leave the group badge empty anyway.
                         */
                        const shouldRemoveGroup =
                            badge?.classList.contains('nb-multi-badge') ||
                        (!badge?.previousElementSibling && !badge?.nextElementSibling);
                        shouldRemoveGroup ? badge?.closest('.nb-multi-badge')?.remove() : badge?.remove();

                        syncDynamicToDefault(badge?.querySelector('input[type="hidden"]')?.getAttribute('name'));
                    }
                });

                // Need to wrap `document` with jQuery to be able to listen to Select2 `change` event.
                $(document).on('change', (event) => {
                    const { defaultFilterForm } = getFilterForms();
                    const isDefaultFilterFormField = event.target.form === defaultFilterForm;
                    if (isDefaultFilterFormField) {
                        syncDefaultToDynamic(event.target.name);
                    }
                });

                // Need to wrap `document` with jQuery to be able to listen to Select2 `change` event.
                $(document).on('change', async (event) => {
                    const isLookupType = event.target.getAttribute('name')?.endsWith('lookup_type');
                    if (isLookupType) {
                        const content_type = event.target.getAttribute('data-contenttype');
                        const field_name = event.target.value;
                        const value = [...event.target.form.querySelectorAll('.nb-form-group')]
                            .pop()
                        ?.querySelector('input, select, textarea');

                        if (field_name) {
                            const replacement = await (async () => {
                                try {
                                    const response = await window.fetch(
                                        `/api/ui/core/filterset-fields/lookup-value-dom-element/?${new URLSearchParams({ content_type, field_name })}`,
                                        { method: 'GET', headers: { Accept: '*/*' } },
                                    );

                                    const html = await response.json();

                                    const element = document.createElement('div');
                                    element.innerHTML = html;

                                    return element.firstElementChild;
                                } catch (exception) {
                                    // Default to `<input type="text" ...>` field if error occurs.
                                    const input = document.createElement('input');
                                    input.classList.toggle('lookup_value-input', true);
                                    input.classList.toggle('form-control', true);
                                    input.setAttribute('id', `id_for_${field_name}`);
                                    input.setAttribute('name', field_name);
                                    input.setAttribute('type', 'text');
                                    return input;
                                }
                            })();

                            value.replaceWith(replacement);
                            replacement.nextElementSibling?.remove(); // Remove Select2 widget if present.
                            replacement.previousElementSibling?.setAttribute('for', replacement.getAttribute('id')); // Set label `for` attribute to match field `id`.
                            initializeInputs(replacement.parentElement);
                        }
                    }
                });

                // Need to wrap `document` with jQuery to be able to listen to Select2 `change` event.
                $(document).on('change', (event) => {
                    const isLookupField = event.target.getAttribute('name')?.endsWith('lookup_field');
                    const isLookupType = event.target.getAttribute('name')?.endsWith('lookup_type');

                    if (isLookupField) {
                        const type = event.target.form.querySelector('[name$="lookup_type"]');
                        $(type).val(null).trigger('change');
                    }

                    if (isLookupField || isLookupType) {
                        const value = [...event.target.form.querySelectorAll('.nb-form-group')]
                            .pop()
                        ?.querySelector('input, select, textarea');

                        if (value.tagName === 'SELECT') {
                            $(value).val(null).trigger('change');
                        } else {
                            value.value = '';
                        }
                    }
                });

                const isFilterForm = (target) => Boolean(target?.closest('#FilterForm_drawer'));

                document.addEventListener('reset', (event) => {
                    if (isFilterForm(event.target)) {
                        event.preventDefault();

                        // Remove all filter query params from location search while keeping non-filter params intact.
                        const searchParams = new URLSearchParams(window.location.search);
                        const nextSearchParams = new URLSearchParams([
                            ...[...searchParams].filter(
                                ([property]) => NON_FILTER_PARAMS.includes(property) && property !== 'all_filters_removed',
                            ),
                            ['all_filters_removed', 'true'],
                        ]);

                        location.assign(`?${nextSearchParams}`);
                    }
                });

                document.addEventListener('submit', (event) => {
                    if (isFilterForm(event.target)) {
                        event.preventDefault();

                        const { defaultFilterForm, dynamicFilterForm } = getFilterForms();

                        /*
                         * Just before the form submission automatically add filter selected in "Advanced" tab (if any)
                         * which hasn't been manually applied for whatever reason (usually forgetfulness, speed, etc.).
                         * This is a requested UX flavor.
                         */
                        const add = dynamicFilterForm.querySelector('button.nb-dynamic-filter-add');
                        add.click();

                        // Remove all field names which are not applied filters container descendants.
                        [...dynamicFilterForm.querySelectorAll('input, select, textarea')].forEach((field) =>
                            field.closest('.nb-dynamic-filter-items') ? undefined : field.removeAttribute('name'),
                        );

                        /*
                         * Get the serialized data from the forms and:
                         *   1) Filter out query params which values are empty e.g `?sam=&dan=2` becomes `dan=2`.
                         *   2) Combine the two forms into a single set of data without duplicate entries.
                         */
                        const defaultFilterFormSearchParams = new URLSearchParams(new FormData(defaultFilterForm));
                        const dynamicFilterFormSearchParams = new URLSearchParams(new FormData(dynamicFilterForm));
                        const searchParams = new URLSearchParams(window.location.search);

                        const nextSearchParams = new URLSearchParams([
                            ...[...defaultFilterFormSearchParams].filter(([, value]) => value !== ''),
                            ...[...dynamicFilterFormSearchParams].filter(
                                ([property, value]) => value !== '' && !defaultFilterFormSearchParams.has(property, value),
                            ),
                            ...[...searchParams].filter(
                                ([property]) => NON_FILTER_PARAMS.includes(property) && property !== 'all_filters_removed',
                            ),
                        ]);

                        if (nextSearchParams.has('saved_view')) {
                            const all_filters_removed = [...nextSearchParams].every(([property]) =>
                                NON_FILTER_PARAMS.includes(property),
                            );

                            if (all_filters_removed) {
                                nextSearchParams.set('all_filters_removed', 'true');
                            }
                        }

                        location.assign(`?${nextSearchParams}`);
                    }
                });

                const onSubmitOrReset = (event) => (isFilterForm(event.target) ? window.nb?.history?.saveState() : undefined);
                document.addEventListener('reset', onSubmitOrReset);
                document.addEventListener('submit', onSubmitOrReset);
            });
        })();
    </script>


    
        


<section class="nb-drawer" tabindex="-1" id="ISISConfigurationTable_config">
    <div class="nb-drawer-header">
        <h1>Table Configuration</h1>
        <button type="button" class="btn-close" data-nb-dismiss="drawer" aria-label="Close"></button>
    </div>
    <div class="nb-drawer-body">
        <form class="userconfigform h-100 pb-20 px-20 vstack" data-config-root="tables.ISISConfigurationTable">
            <div class="row align-content-start flex-fill">
                <div class="col-12">
                    <div class="alert alert-warning">
                        Column choices may negatively affect loading times.
                        <a href="/static/docs/user-guide/platform-functionality/user-interface/configurablecolumns.html" class="btn btn-link btn-sm" target="_blank" rel="noopener">
                            <span class="mdi mdi-information"></span>
                        </a>
                    </div>
                </div>
                <div class="col-12">
                    
                        <select name="columns" size="20" class="form-control" placeholder="None" id="id_columns" multiple>
  <option value="instance" selected>Instance</option>

  <option value="system_id" selected>System ID</option>

  <option value="status" selected>Status</option>

  <option value="dynamic_group_count">Dynamic Groups</option>

</select>
                        <span class="form-text mt-8">Use the buttons below to arrange columns in the desired order, then select all columns to display.</span>
                        <div class="hstack gap-4 mt-8 mx-n4">
                            
                            <button type="button" class="btn btn-primary btn-sm" id="move-option-up" data-target="id_columns"><span class="mdi mdi-arrow-up-bold me-4"></span>Move up</button>
                            <button type="button" class="btn btn-primary btn-sm" id="move-option-down" data-target="id_columns"><span class="mdi mdi-arrow-down-bold me-4"></span>Move down</button>
                            <button type="button" class="btn btn-success btn-sm" id="select-all-options" data-target="id_columns"><span class="mdi mdi-expand-all-outline me-4"></span>Select all</button>
                            
                        </div>
                    
                </div>
            </div>
            <div class="nb-form-sticky-footer">
                <input type="submit" class="btn btn-primary" value="Save">
                <input type="submit" class="btn btn-danger reset" value="Reset">
            </div>
        </form>
    </div>
</section>


    <script>
        (() => {
            document.addEventListener('DOMContentLoaded', () => {
                document.addEventListener('submit', (event) => {
                    if (event.target.closest('#ISISConfigurationTable_config')) {
                        // Keep the drawer open after page reload caused by form submission.
                        window.nb.history.saveState();
                    }
                });
            });
        })();
    </script>


    
    <section class="nb-drawer" tabindex="-1" id="SavedViews_drawer">
        <div class="nb-drawer-header">
            <h1>Saved Views</h1>
            <button type="button" class="btn-close" data-nb-dismiss="drawer" aria-label="Close"></button>
        </div>
        <div class="nb-drawer-body pb-20 px-20">
            <div class="align-items-start vstack flex-grow-0 gap-10">
                
            </div>
            
            <div class="align-items-start vstack gap-10">
                Actions:
                
                <a class="btn btn-secondary" href="" data-bs-toggle="modal" data-bs-target="#saved_view_modal">
                    <span class="mdi mdi-content-save-plus-outline me-4" aria-hidden="true"></span>Save As New
                </a>
                
            </div>
        </div>
    </section>

        </div>
        <header id="header">
            <div class="banner-alert-area">
                



    
        <div class="alert alert-info text-center" role="alert">
            <p>Local</p>
        </div>
    






                

            </div>
            <div class="container-fluid mb-12 mt-16">
                <div class="row">
                    <div id="page-title" class="col-4">
                        
                            


<h1 class="d-flex fs-2 gap-8 lh-sm py-6">
    <img
        alt="Nautobot chevron"
        class="align-self-start flex-grow-0 flex-shrink-0 my-n4"
        role="presentation"
        src="/static/img/nautobot_chevron.svg"
        style="width: 1.5rem;"
    />
    
        Isis Configurations
    
</h1>

                        
                    </div>
                    



    
        <form action="/search/" class="col-4 text-center" id="header_search" method="get" role="search">
            <label class="position-relative w-100">
                <input
                    aria-placeholder="Press Ctrl+K to search"
                    class="form-control nb-text-transparent"
                    name="q"
                    type="search"
                    value=""
                />
                <span class="align-items-center d-inline-flex gap-6 overflow-hidden px-12 py-6 pe-none position-absolute start-0 top-0 user-select-none w-100">
                    <span aria-hidden="true" class="mdi mdi-magnify text-secondary d-inline-flex"></span>
                    
                        
                            
                                
                                    
                                
                                    
                                
                                    
                                
                                    
                                
                                    
                                
                            
                                
                                    
                                
                                    
                                
                                    
                                
                            
                                
                                    
                                
                                    
                                
                                    
                                
                            
                                
                                    
                                
                                    
                                
                                    
                                
                            
                                
                                    
                                
                                    
                                
                            
                                
                                    
                                
                                    
                                
                                    
                                
                                    
                                
                            
                                
                                    
                                
                                    
                                
                                    
                                
                                    
                                
                                    
                                
                                    
                                
                                    
                                
                                    
                                
                                    
                                
                                    
                                
                            
                        
                            
                                
                                    
                                
                            
                                
                                    
                                
                            
                                
                                    
                                
                            
                                
                                    
                                
                                    
                                
                                    
                                
                            
                                
                                    
                                
                                    
                                
                            
                                
                                    
                                
                            
                        
                            
                                
                                    
                                
                                    
                                
                            
                                
                                    
                                
                                    
                                
                                    
                                
                                    
                                
                            
                                
                                    
                                
                                    
                                
                            
                                
                                    
                                
                                    
                                
                            
                                
                                    
                                
                            
                                
                                    
                                
                                    
                                
                                    
                                
                            
                        
                            
                                
                                    
                                
                                    
                                        <span class="badge border" data-nb-link="/plugins/nautobot-igp-models/isis-configuration/"><!--
                                            -->in: ISIS Configuration<!--
                                            --><button tabindex="-1" type="button">
                                            <span aria-hidden="true" class="mdi mdi-close"></span>
                                            <span class="visually-hidden">Remove</span>
                                        </button>
                                        </span>
                                    
                                
                                    
                                
                                    
                                
                                    
                                
                            
                        
                            
                                
                                    
                                
                                    
                                
                                    
                                
                            
                                
                                    
                                
                                    
                                
                            
                        
                            
                                
                                    
                                
                                    
                                
                                    
                                
                            
                                
                                    
                                
                                    
                                
                                    
                                
                            
                        
                            
                                
                                    
                                
                                    
                                
                            
                        
                            
                                
                                    
                                
                                    
                                
                                    
                                
                                    
                                
                                    
                                
                            
                        
                            
                                
                                    
                                
                                    
                                
                            
                        
                            
                                
                                    
                                
                                    
                                
                                    
                                
                                    
                                
                                    
                                
                            
                        
                            
                                
                                    
                                
                                    
                                
                            
                                
                                    
                                
                                    
                                
                                    
                                
                            
                        
                            
                                
                                    
                                
                                    
                                
                                    
                                
                                    
                                
                            
                        
                            
                                
                                    
                                
                                    
                                
                            
                        
                            
                                
                                    
                                
                            
                                
                                    
                                
                            
                                
                                    
                                
                                    
                                
                                    
                                
                                    
                                
                                    
                                
                                    
                                
                            
                                
                                    
                                
                            
                                
                                    
                                
                                    
                                
                            
                                
                                    
                                
                                    
                                
                                    
                                
                                    
                                
                                    
                                
                            
                                
                                    
                                
                                    
                                
                                    
                                
                                    
                                
                            
                                
                                    
                                
                                    
                                
                            
                        
                            
                                
                                    
                                
                                    
                                
                                    
                                
                                    
                                
                                    
                                
                                    
                                
                            
                        
                            
                                
                                    
                                
                                    
                                
                            
                        
                    
                    <span
                        aria-hidden="true"
                        class="align-items-center d-inline-flex gap-4 text-nowrap text-secondary"
                    >
                        
                            Press <kbd class="mt-n1">Ctrl+K</kbd> to search
                        
                    </span>
                    <a class="align-items-center d-inline-flex ms-auto pe-auto"
                       href="/static/docs/user-guide/platform-functionality/user-interface/search.html"
                       target="_blank"
                       rel="noopener"
                    >
                        <span aria-hidden="true" class="mdi mdi-help-circle-outline text-secondary"></span>
                    </a>
                </span>
            </label>
        </form>
    

    <div class="col-4 text-end">
        <div class="dropdown">
            <button class="btn dropdown-toggle align-items-center d-inline-flex gap-6" type="button" data-bs-toggle="dropdown" aria-expanded="false">
                <span aria-hidden="true" class="mdi mdi-account text-secondary"></span>
                nautobotuser
            </button>
            <ul class="dropdown-menu dropdown-menu-end">
                <li><a class="dropdown-item" href="/about/"><span class="mdi mdi-information"></span>About Nautobot</a></li>
                <li><a class="dropdown-item" href="/user/profile/"><span class="mdi mdi-account-box"></span>Profile</a></li>
                <li><a class="dropdown-item" href="/extras/approver-dashboard/"><span class="mdi mdi-check-bold"></span>Approval Dashboard</a></li>
                
                <li class="dropdown-divider"></li>
                <li><a class="dropdown-item" href="/logout/"><span class="mdi mdi-logout"></span>Log out</a></li>
            </ul>
        </div>
    </div>


                    <div class="col-12">
                        
    

    

    

<nav aria-label="Breadcrumbs" class="mt-1">
    <ol class="breadcrumb">
        
            
                
            
        
    </ol>
</nav>


                    </div>
                </div>
            </div>
            
        </header>
        <main class="container-fluid wrapper" id="main-content" tabindex="-1">
            
    <div class="align-items-center d-flex gap-8 justify-content-end mb-16 d-print-none">
        
        

        <div class="btn-group">
            
                <button type="button" id="actions-dropdown" class="btn btn-primary dropdown-toggle" data-bs-toggle="dropdown">
                    Actions
                    <span class="mdi mdi-chevron-down" aria-hidden="true"></span>
                </button>
            
            <ul class="dropdown-menu dropdown-menu-end" role="menu">
                
                
                
                    
                        
    
        
        
        <li>
            <form action="/extras/jobs/nautobot.core.jobs.ExportObjectList/run/" method="post">
                <input type="hidden" name="csrfmiddlewaretoken" value="4dYv2pL2ysjMzgmQiuTWsAap4xDKb3Nasp7hphN9ct0DZWmKPGSBrwzYETa2DDLC">
                <input type="hidden" name="content_type" value="193">
                <input type="hidden" name="query_string" value="id=449c14d1-95c0-4a40-95ef-964df89bb858">
                <input type="hidden" name="_schedule_type" value="immediately">
                <input type="hidden" name="export_format" value="csv">
                <button class="dropdown-item" type="submit">
                    <span class="mdi mdi-database-export text-secondary" aria-hidden="true"></span> Export as CSV
                </button>
            </form>
        </li>
        
    


                    
                
            </ul>
        </div>
        
        
        
            
            
        
        <div class="align-items-center d-flex gap-4">
            
                <button
                    type="button"
                    class="btn position-relative text-secondary"
                    data-nb-toggle="drawer"
                    data-nb-target="#SavedViews_drawer"
                    title="Saved Views"
                    aria-expanded="false"
                    aria-controls="SavedViews_drawer"
                >
                    <span class="mdi mdi-view-compact-outline" aria-hidden="true"></span>
                    <span class="visually-hidden">Saved Views</span>
                    
                </button>
            
            
                <button
                    type="button"
                    class="btn position-relative text-secondary"
                    data-nb-toggle="drawer"
                    data-nb-target="#FilterForm_drawer"
                    title="Add Filters"
                    id="id__filterbtn"
                    aria-controls="FilterForm_drawer"
                    aria-expanded="false"
                >
                    <span class="mdi mdi-filter" aria-hidden="true"></span>
                    <span class="visually-hidden">Add Filters</span>
                    
                        <span aria-hidden="true" class="nb-btn-indicator"></span>
                    
                </button>
            
        </div>
    </div>

    

    <div>
        
            
                
                    


<div class="card mb-3">
    
    <div class="table-responsive">
        



    <table class="table table-hover nb-table-headings">
        
            <thead>
                <tr>
                    
                        
                            
                                <th class="orderable"><a href="?id=449c14d1-95c0-4a40-95ef-964df89bb858&amp;sort=instance" data-column-name="instance">Instance</a></th>
                            
                        
                    
                        
                            
                                <th class="orderable"><a href="?id=449c14d1-95c0-4a40-95ef-964df89bb858&amp;sort=system_id" data-column-name="system_id">System ID</a></th>
                            
                        
                    
                        
                            
                                <th class="orderable"><a href="?id=449c14d1-95c0-4a40-95ef-964df89bb858&amp;sort=status" data-column-name="status">Status</a></th>
                            
                        
                    
                        
                            <th class="nb-actionable nb-w-0 orderable">
                                <button
            type="button"
            class="btn border-0 float-end rounded-0 text-end text-secondary "
            data-nb-toggle="drawer"
            data-nb-target="#ISISConfigurationTable_config"
            
            title="Configure table"
            aria-controls="ISISConfigurationTable_config"
            aria-expanded="false"
        >
            <span class="mdi mdi-cog" aria-hidden="true"></span>
            <span class="visually-hidden">Configure</span>
        </button>
                            </th>
                        
                    
                    
                </tr>
            </thead>
        
        <tbody>
            
                <tr class="even">
                    
                        <td ><a href="/plugins/nautobot-igp-models/igproutinginstance/42c8e615-cc74-4916-be8f-777d63949368/">ISIS on router1</a></td>
                    
                        <td >49.0001.0010.0000.0001.00</td>
                    
                        <td >
    
    
        <span class="badge" style="color: #ffffff; background-color: #4caf50">
            Active
        </span>
    
    </td>
                    
                        <td class="d-print-none nb-actions nb-w-0 text-end text-nowrap">
    <div class="dropdown">
        <button class="btn dropdown-toggle" type="button" data-bs-toggle="dropdown" aria-expanded="false">
            <span class="mdi mdi-dots-vertical" aria-hidden="true"></span>
            <span class="visually-hidden">Toggle Dropdown</span>
        </button>
        <ul class="dropdown-menu dropdown-menu-end">
            
            
            
            
        </ul>
    </div>

    </td>
                    
                    
                </tr>
            
        </tbody>
        
    </table>


    </div>
    
</div>

                
            
            

<div class="paginator align-items-center d-flex fs-5 gap-10 justify-content-end mt-16 text-secondary">
    
        <div>
            Showing 1-1 of 1
        </div>
        <div class="vr border-start my-8"></div>
    
    <form class="align-items-center d-flex gap-4" method="get">
        
            
                
                    <input type="hidden" name="id" value="449c14d1-95c0-4a40-95ef-964df89bb858" />
                
            
        
        <select name="per_page" id="per_page" class="form-select">
            
                <option value="65000" selected="selected">65000</option>
            
            
                <option value="25">25</option>
            
                <option value="50">50</option>
            
                <option value="100">100</option>
            
                <option value="250">250</option>
            
                <option value="500">500</option>
            
                <option value="1000">1000</option>
            
        </select>
        per page
    </form>
    
</div>

            <div class="clearfix"></div>
        
    </div>
    
        


<div class="modal fade" tabindex="-1" id="saved_view_modal" role="dialog">
    <div class="modal-dialog modal-lg">
        <div class="modal-content">
            <div class="modal-header">
                <h4 class="modal-title">New Saved View</h4>
                <button type="button" class="btn-close" data-bs-dismiss="modal" aria-label="Close"></button>
            </div>
            <form action="/extras/saved-views/add/" method="post">
                <div class="modal-body">
                    <input type="hidden" name="csrfmiddlewaretoken" value="4dYv2pL2ysjMzgmQiuTWsAap4xDKb3Nasp7hphN9ct0DZWmKPGSBrwzYETa2DDLC">
                    <div class="row">
                        

<div class="mb-10 d-md-flex justify-content-center">
    
        <label class="col-md-3 col-form-label nb-required" for="id_name">
            Name
        </label>
        <div class="col-md-9">
            <input type="text" name="name" maxlength="255" class="form-control" required placeholder="Name" id="id_name">
            
            
                <span class="form-text">The name of this view</span>
            
    
    
</div>
</div>

                        <span class="col-lg-3 text-end text-secondary">New Changes</span>
                        <div class="col-lg-9">
                            <pre><code class="language-json">{
    &quot;filter_params&quot;: {
        &quot;id&quot;: [
            &quot;449c14d1-95c0-4a40-95ef-964df89bb858&quot;
        ]
    },
    &quot;per_page&quot;: 65000,
    &quot;sort_order&quot;: [],
    &quot;table_config&quot;: null
}</code></pre>
                        </div>
                        

<div class="mb-10 d-md-flex justify-content-center">
    
        <div class="col-md-9 offset-md-3">
            <div class="form-check mt-6">
                <input type="checkbox" name="is_shared" class="form-check-input" placeholder="Is shared" id="id_is_shared">
                <label class="form-check-label" for="id_is_shared">
                    Is shared
                </label>
            </div>
            
            
                <span class="form-text">If checked, all users will be able to see this saved view</span>
            
    
    
</div>
</div>

                        <input type="hidden" id="view" name="view" value="plugins:nautobot_igp_models:isisconfiguration_list">
                        <input type="hidden" id="params" name="params" value="id=449c14d1-95c0-4a40-95ef-964df89bb858">
                    </div>
                </div>
                <div class="modal-footer">
                    <button type="submit" class="btn btn-primary">
                        <span aria-hidden="true" class="mdi mdi-content-save-plus-outline me-4"></span><!--
                        -->Save
                    </button>
                    <button class="btn btn-secondary" data-bs-dismiss="modal" type="button">
                        <span aria-hidden="true" class="mdi mdi-close me-4"></span><!--
                        -->Cancel
                    </button>
                </div>
            </form>
        </div>
    </div>
</div>

    
    

<div class="modal fade" tabindex="-1" role="dialog" id="dynamic_group_assignment_modal">
    <div class="modal-dialog modal-lg" role="document">
        <div class="modal-content">
            <div class="modal-header">
                <button type="button" class="btn-close" data-bs-dismiss="modal" aria-label="Close">
                </button>
                <h4 class="modal-title">Static Assignment to Dynamic Groups</h4>
            </div>
            <form id="dynamic_group_assignment_form" action="/extras/dynamic-groups/assign-members/?"
                  method="post" class="form form-horizontal">
                <div class="modal-body">
                    <input type="hidden" name="csrfmiddlewaretoken" value="4dYv2pL2ysjMzgmQiuTWsAap4xDKb3Nasp7hphN9ct0DZWmKPGSBrwzYETa2DDLC">
                    <input type="hidden" name="return_url" value="/plugins/nautobot-igp-models/isis-configuration/?id=449c14d1-95c0-4a40-95ef-964df89bb858">
                    <input type="hidden" id="dynamic_group_assignment_all" name="_all">
                    <span id="dynamic_group_assignment_pks"></span>
                    
                        <input type="hidden" name="content_type" value="193" class="form-control" required="required" placeholder="None" id="id_content_type">
                    
                        
                    
                    

<div class="mb-10 d-md-flex justify-content-center">
    
        <label class="col-md-3 col-form-label" for="id_add_to_groups">
            Add to existing group(s)
        </label>
        <div class="col-md-9">
            <select name="add_to_groups" class="nautobot-select2-api" data-multiple="1" data-query-param-group_type="[&quot;static&quot;]" data-query-param-content_type="[&quot;nautobot_igp_models.isisconfiguration&quot;]" data-query-param-exclude_m2m="[&quot;true&quot;]" display-field="display" data-depth="0" data-url="/api/extras/dynamic-groups/" id="id_add_to_groups" multiple>
</select>
            
            
    
    
</div>
</div>

                    

<div class="mb-10 d-md-flex justify-content-center">
    
        <label class="col-md-3 col-form-label" for="id_create_and_assign_to_new_group_name">
            Create a new group
        </label>
        <div class="col-md-9">
            <input type="text" name="create_and_assign_to_new_group_name" class="form-control" placeholder="Create a new group" id="id_create_and_assign_to_new_group_name">
            
            
                <span class="form-text">Create a new group with this name and assign the selected objects to it.</span>
            
    
    
</div>
</div>

                    

<div class="mb-10 d-md-flex justify-content-center">
    
        <label class="col-md-3 col-form-label" for="id_remove_from_groups">
            Remove from group(s)
        </label>
        <div class="col-md-9">
            <select name="remove_from_groups" class="nautobot-select2-api" data-multiple="1" data-query-param-group_type="[&quot;static&quot;]" data-query-param-content_type="[&quot;nautobot_igp_models.isisconfiguration&quot;]" data-query-param-exclude_m2m="[&quot;true&quot;]" display-field="display" data-depth="0" data-url="/api/extras/dynamic-groups/" id="id_remove_from_groups" multiple>
</select>
            
            
    
    
</div>
</div>

                </div>
                <div class="modal-footer">
                    <button type="submit" class="btn btn-primary">
                        <span class="mdi mdi-group" aria-hidden="true"></span> Apply
                    </button>
                    <button type="button" class="btn btn-secondary" id="dynamic_group_assignment_cancel">
                        <span class="mdi mdi-close-thick" aria-hidden="true"></span> Cancel
                    </button>
                </div>
            </form>
        </div>
    </div>
</div>


        </main>
        
            
        
        





======================================================================
FAIL: test_list_objects_unknown_filter_no_strict_filtering (nautobot_igp_models.tests.test_views.ISISConfigurationViewTest.test_list_objects_unknown_filter_no_strict_filtering)
Verify that without STRICT_FILTERING, an unknown filter is ignored.
----------------------------------------------------------------------
Traceback (most recent call last):
  File "/usr/local/lib/python3.11/site-packages/django/test/utils.py", line 461, in inner
    return func(*args, **kwargs)
           ^^^^^^^^^^^^^^^^^^^^^
  File "/usr/local/lib/python3.11/site-packages/nautobot/core/testing/views.py", line 1089, in test_list_objects_unknown_filter_no_strict_filtering
    self.assertRegex(content, r">\s*" + re.escape(escape(instance1.name)) + r"\s*<", msg=content)
AssertionError: Regex didn't match: '>\\s*ISIS\\-Config\\-R1\\s*<' not found in '\n\n\n        <div id="drawer">\n            \n    \n\n\n\n<section class="nb-drawer" tabindex="-1" id="FilterForm_drawer">\n    <div class="nb-drawer-header">\n        <h1>Filters</h1>\n        <button type="button" class="btn-close" data-nb-dismiss="drawer" aria-label="Close"></button>\n    </div>\n    <div class="nb-drawer-body">\n        <ul id="filter-tabs" class="nav nav-tabs">\n            \n                <li role="presentation" class="nav-item">\n                    <a class="nav-link active"  href="#default-filter" role="tab" data-bs-toggle="tab">\n                        Basic\n                    </a>\n                </li>\n            \n            \n                <li role="presentation" class="nav-item">\n                    <a class="nav-link position-relative" href="#advanced-filter" role="tab" data-bs-toggle="tab">\n                        Advanced\n                        \n    <span\n        aria-hidden="true"\n        class="end-0 me-2 mt-2 top-0 nb-btn-indicator"\n        data-bs-toggle="tooltip"\n        data-bs-title="Some of the applied filters can only be viewed in Advanced"\n    ></span>\n\n\n                    </a>\n                </li>\n            \n        </ul>\n        <div class="tab-content h-100">\n            \n                <div id="default-filter" role="tabpanel" class="tab-pane fade show active h-100 p-20">\n                    \n\n<form class="h-100 vstack">\n    <div class="align-content-start flex-fill pb-20">\n        \n        \n            \n                <div class="nb-form-group">\n                    \n                        <label for="id_instance">IGP Instance</label>\n                        <select name="instance" class="nautobot-select2-api form-control" data-query-param-exclude_m2m="[&quot;true&quot;]" display-field="display" data-depth="0" placeholder="IGP Instance" data-url="/api/plugins/nautobot-igp-models/igp-routing-instances/" id="id_instance">\n  <option value=""\n         selected\n        >---------</option>\n\n</select>\n                    \n                </div>\n            \n        \n            \n                <div class="nb-form-group">\n                    \n                        <label for="id_system_id">System ID</label>\n                        <input type="text" name="system_id" class="form-control" placeholder="System ID" id="id_system_id">\n                    \n                </div>\n            \n        \n            \n                <div class="nb-form-group">\n                    \n                        <label for="id_contacts">Contacts</label>\n                        <select name="contacts" class="nautobot-select2-api form-control" data-multiple="1" data-query-param-exclude_m2m="[&quot;true&quot;]" display-field="display" value-field="name" data-depth="0" placeholder="None" data-url="/api/extras/contacts/" id="id_contacts" multiple>\n</select>\n                    \n                </div>\n            \n        \n            \n                <div class="nb-form-group">\n                    \n                        <label for="id_teams">Teams</label>\n                        <select name="teams" class="nautobot-select2-api form-control" data-multiple="1" data-query-param-exclude_m2m="[&quot;true&quot;]" display-field="display" value-field="name" data-depth="0" placeholder="None" data-url="/api/extras/teams/" id="id_teams" multiple>\n</select>\n                    \n                </div>\n            \n        \n    </div>\n    <div class="justify-content-between mb-n20 nb-form-sticky-footer">\n        <button type="submit" class="btn btn-primary">\n            <span class="mdi mdi-check me-4" aria-hidden="true"></span><!--\n            -->Apply Specified\n        </button>\n        <button type="reset" class="btn btn-secondary">\n            <span aria-hidden="true" class="mdi mdi-close me-4"></span><!--\n            -->Clear All\n        </button>\n    </div>\n</form>\n\n                </div>\n            \n            \n                <div id="advanced-filter" role="tabpanel" class="tab-pane fade h-100 p-20">\n                    <form class="h-100 vstack" id="dynamic-filter-form">\n                        <div class="align-content-start flex-fill pb-20">\n                            <input type="hidden" name="form-TOTAL_FORMS" value="1" id="id_form-TOTAL_FORMS"><input type="hidden" name="form-INITIAL_FORMS" value="0" id="id_form-INITIAL_FORMS"><input type="hidden" name="form-MIN_NUM_FORMS" value="0" id="id_form-MIN_NUM_FORMS"><input type="hidden" name="form-MAX_NUM_FORMS" value="1000" id="id_form-MAX_NUM_FORMS">\n                            \n                                <div class="nb-form-group">\n                                    <label for="id_form-0-lookup_field">Field</label>\n                                    <select name="form-0-lookup_field" class="nautobot-select2-static lookup_field-select" placeholder="Field" id="id_form-0-lookup_field">\n  <option value="" selected>---------</option>\n\n  <option value="contacts">Contacts (name or ID)</option>\n\n  <option value="created">Created</option>\n\n  <option value="dynamic_groups">Dynamic groups (name or ID)</option>\n\n  <option value="instance">IGP Instance (Device Name)</option>\n\n  <option value="id">Id</option>\n\n  <option value="last_updated">Last updated</option>\n\n  <option value="status">Status (name or ID)</option>\n\n  <option value="system_id">System ID</option>\n\n  <option value="teams">Teams (name or ID)</option>\n\n</select>\n                                </div>\n                            \n                                <div class="nb-form-group">\n                                    <label for="id_form-0-lookup_type">Lookup type</label>\n                                    <select name="form-0-lookup_type" class="nautobot-select2-api lookup_type-select" placeholder="None" data-query-param-field_name="[&quot;$lookup_field&quot;]" data-contenttype="nautobot_igp_models.isisconfiguration" data-url="/api/core/filterset-fields/lookup-choices/" id="id_form-0-lookup_type">\n</select>\n                                </div>\n                            \n                                <div class="nb-form-group">\n                                    <label for="id_form-0-lookup_value">Value</label>\n                                    <input type="text" name="form-0-lookup_value" class="form-control lookup_value-input form-control" placeholder="Value" id="id_form-0-lookup_value">\n                                </div>\n                            \n                            <button class="nb-dynamic-filter-add btn btn-primary d-block ms-auto my-20" type="button">\n                                <span aria-hidden="true" class="mdi mdi-plus me-4"></span><!--\n                                -->Add Filter\n                            </button>\n                            <hr class="border-top my-20">\n                            <div class="nb-dynamic-filter-items d-flex flex-wrap gap-10">\n                                \n                                    \n                                        <span class="badge nb-multi-badge" data-nb-field="ice_cream_flavor">\n                                            <button class="nb-dynamic-filter-remove" type="button">\n                                                <span aria-hidden="true" class="mdi mdi-close"></span>\n                                                <span class="visually-hidden">Remove All</span>\n                                            </button>\n                                            ice_cream_flavor:\n                                            <span class="nb-multi-badge-items">\n                                                \n                                                    <span class="badge" data-nb-value="chocolate"><!--\n                                                        --><button class="nb-dynamic-filter-remove" type="button">\n                                                        <span aria-hidden="true" class="mdi mdi-close"></span>\n                                                        <span class="visually-hidden">Remove</span>\n                                                    </button><!--\n                                                        -->chocolate<!--\n                                                        --><input name="ice_cream_flavor" type="hidden" value="chocolate">\n                                                    </span>\n                                                \n                                            </span>\n                                        </span>\n                                    \n                                \n                            </div>\n                        </div>\n\n                        <div class="d-print-none justify-content-between mb-n20 nb-form-sticky-footer">\n                            <button type="submit" class="btn btn-primary">\n                                <span class="mdi mdi-check me-4" aria-hidden="true"></span><!--\n                                -->Apply Specified\n                            </button>\n                            <button type="reset" class="btn btn-secondary">\n                                <span aria-hidden="true" class="mdi mdi-close me-4"></span><!--\n                                -->Clear All\n                            </button>\n                        </div>\n                    </form>\n                </div>\n            \n        </div>\n    </div>\n</section>\n\n\n    <script>\n        (() => {\n            document.addEventListener(\'DOMContentLoaded\', () => {\n                const NON_FILTER_PARAMS = [\n                    \'all_filters_removed\',\n                    \'clear_view\',\n                    \'per_page\',\n                    \'saved_view\',\n                    \'sort\',\n                    \'table_changes_pending\',\n                ];\n\n                /**\n                 * Insert given `element` as `parent`\'s first child.\n                 * @param {HTMLElement} element - Element to be inserted.\n                 * @param {HTMLElement} parent - Parent container for given `element`.\n                 * @returns {void} Do not return any value, modify DOM in-place.\n                 */\n                const insertFirst = (element, parent) => {\n                    parent.hasChildNodes() ? parent.insertBefore(element, parent.firstElementChild) : parent.appendChild(element);\n                };\n\n                /**\n                 * Get HTML elements for default and dynamic filter forms.\n                 * @returns {object} Object with `defaultFilterForm` and `dynamicFilterForm` HTML elements or `null`,\n                 *   depending on their actual existence in the DOM.\n                 */\n                const getFilterForms = () => ({\n                    defaultFilterForm: document.querySelector(\'#default-filter form\'),\n                    dynamicFilterForm: document.querySelector(\'#dynamic-filter-form\'),\n                });\n\n                const prepopulateFilterSelectsFromURL = (() => {\n                    const { defaultFilterForm } = getFilterForms();\n                    const urlParams = new URLSearchParams(window.location.search);\n                    // Only target Select2 controls inside the default filter form.\n                    [...defaultFilterForm.querySelectorAll(\'select.nautobot-select2-multi-value-char\')].forEach((el) => {\n                        const name = el.getAttribute(\'name\');\n                        if (!name) { return; }\n                        const values = urlParams.getAll(name);\n                        if (!values.length) { return; }\n                        values.forEach((val) => {\n                            let found = Array.prototype.find.call(el.options, (opt) => {\n                                return String(opt.value) === String(val);\n                            });\n                            if (found) {\n                                found.selected = true;\n                            } else {\n                                el.add(new Option(val, val, true, true));\n                            }\n                        });\n                        if (window.jQuery && $(el).data(\'select2\')) {\n                            $(el).trigger(\'change\');\n                        }\n                    });\n                })();\n\n                /**\n                 * Synchronize given `filter` value from default to dynamic filter form.\n                 * @param {string} name - Filter name.\n                 * @returns {void} Do not return any value, just set given field values.\n                 */\n                const syncDefaultToDynamic = (name) => {\n                    const { defaultFilterForm } = getFilterForms();\n\n                    const field = defaultFilterForm.querySelector(`[name="${name}"]`);\n                    const text = field?.closest(\'.nb-form-group\')?.querySelector(\'label\')?.innerText?.trim();\n                    /*\n                     * `manageDynamicFilter` takes an array of `{ text: string, value: string }` objects as `value`, so\n                     * regardless of field being a textbox, a single or multiple choice combobox, conversion is required:\n                     *   1. For combobox (i.e. `<select>`), iterate over selected options and map them to display `text`\n                     *     and underlying `value`.\n                     *   2. For textbox (i.e. `<input>` or `<textarea>`):\n                     *     1. Use entered value as both display `text` and underlying `value`.\n                     *     2. If field is empty, use an empty array.\n                     */\n                    const value =\n                        field?.tagName === \'SELECT\'\n                        ? [...field.selectedOptions].map((option) => ({ text: option.innerText, value: option.value }))\n                        : [...(field?.value ? [{ text: field.value, value: field.value }] : [])];\n\n                    manageDynamicFilter({ action: \'set\', name, text, value });\n                };\n\n                /**\n                 * Synchronize given `filter` value from dynamic to default filter form.\n                 * @param {string} name - Filter name.\n                 * @returns {void} Do not return any value, just set given field values.\n                 */\n                const syncDynamicToDefault = (name) => {\n                    const { defaultFilterForm, dynamicFilterForm } = getFilterForms();\n\n                    const current = [...dynamicFilterForm.querySelectorAll(`input[name="${name}"][type="hidden"]`)].map(\n                        (input) => ({\n                            text: [...(input.parentElement?.childNodes ?? [])].find((node) => node.nodeName === \'#text\')?.wholeText,\n                            value: input.getAttribute(\'value\'),\n                        }),\n                    );\n\n                    const sync = defaultFilterForm?.querySelector(`[name=${name}]`);\n\n                    if (sync?.tagName === \'INPUT\' || sync?.tagName === \'TEXTAREA\') {\n                        sync.value = current.length > 0 ? current[0].value : \'\';\n                    } else if (sync?.tagName === \'SELECT\') {\n                        window.nb.select2.setSelect2Value(sync, current);\n                    }\n                };\n\n                /**\n                 * Manage dynamic filter either by adding values to the existing selection or by setting passed values\n                 * regardless of previous selection.\n                 * @param {\'add\'|\'set\'} action - Use `\'add\'` to add given value to the existing selection; use `\'set\'`\n                 *   to set given value regardless of what was set previously.\n                 * @param {string} name - Filter field name.\n                 * @param {string} text - Filter display text.\n                 * @param {object[]} value - Array of objects containing `text` and `value` key-value pairs.\n                 */\n                const manageDynamicFilter = ({ action, name, text, value }) => {\n                    const { dynamicFilterForm } = getFilterForms();\n                    const items = dynamicFilterForm.querySelector(\'.nb-dynamic-filter-items\');\n\n                    const group = (() => {\n                        const existing = items.querySelector(`.nb-multi-badge[data-nb-field="${name}"]`);\n                        if (existing) {\n                            return existing;\n                        }\n\n                        const group = document.createElement(\'span\');\n                        group.classList.toggle(\'badge\', true);\n                        group.classList.toggle(\'nb-multi-badge\', true);\n                        group.setAttribute(\'data-nb-field\', name);\n\n                        const button = document.createElement(\'button\');\n                        button.classList.toggle(\'nb-dynamic-filter-remove\', true);\n                        button.setAttribute(\'type\', \'button\');\n\n                        const close = document.createElement(\'span\');\n                        close.classList.toggle(\'mdi\', true);\n                        close.classList.toggle(\'mdi-close\', true);\n                        close.setAttribute(\'aria-hidden\', \'true\');\n\n                        const remove = document.createElement(\'span\');\n                        remove.classList.toggle(\'visually-hidden\', true);\n                        remove.innerText = \'Remove All\';\n\n                        const children = document.createElement(\'span\');\n                        children.classList.toggle(\'nb-multi-badge-items\', true);\n\n                        button.appendChild(close);\n                        button.appendChild(remove);\n                        group.appendChild(button);\n                        group.insertAdjacentText(\'beforeend\', `${text}:`);\n                        group.appendChild(children);\n\n                        return group;\n                    })();\n\n                    const children = group.querySelector(\'.nb-multi-badge-items\');\n                    const existing = [...children.querySelectorAll(\'.badge[data-nb-value]\')];\n\n                    /*\n                     * Depending on `action` remove the following badges:\n                     *   1. For `\'add\'`, remove already existing filters with the same key-value pairs and re-create them later.\n                     *   2. For `\'set\'`, remove all existing filters of given key and apply only these passed as `values`.\n                     */\n                    const badgesToRemove =\n                        action === \'add\'\n                        ? existing.filter((badge) => value.some((item) => badge.getAttribute(\'data-nb-value\') === item.value))\n                        : existing;\n                    badgesToRemove.forEach((item) => children.removeChild(item));\n\n                    value.forEach(({ text, value }) => {\n                        const badge = document.createElement(\'span\');\n                        badge.classList.toggle(\'badge\', true);\n                        badge.setAttribute(\'data-nb-value\', value);\n\n                        const input = document.createElement(\'input\');\n                        input.setAttribute(\'name\', name);\n                        input.setAttribute(\'type\', \'hidden\');\n                        input.setAttribute(\'value\', value);\n\n                        const button = document.createElement(\'button\');\n                        button.classList.toggle(\'nb-dynamic-filter-remove\', true);\n                        button.setAttribute(\'type\', \'button\');\n\n                        const close = document.createElement(\'span\');\n                        close.classList.toggle(\'mdi\', true);\n                        close.classList.toggle(\'mdi-close\', true);\n                        close.setAttribute(\'aria-hidden\', \'true\');\n\n                        const remove = document.createElement(\'span\');\n                        remove.classList.toggle(\'visually-hidden\', true);\n                        remove.innerText = \'Remove\';\n\n                        button.appendChild(close);\n                        button.appendChild(remove);\n                        badge.appendChild(button);\n                        badge.insertAdjacentText(\'beforeend\', text);\n                        badge.appendChild(input);\n\n                        insertFirst(badge, children);\n                    });\n\n                    // If group already exists, remove it and later insert as the first child.\n                    if (items.contains(group)) {\n                        items.removeChild(group);\n                    }\n\n                    if (children.hasChildNodes()) {\n                        insertFirst(group, items);\n                    }\n                };\n\n                document.addEventListener(\'click\', (event) => {\n                    const { defaultFilterForm, dynamicFilterForm } = getFilterForms();\n\n                    const add = event.target.closest(\'button.nb-dynamic-filter-add\');\n                    if (add) {\n                        const field = dynamicFilterForm.querySelector(\'[name$="lookup_field"]\');\n                        const type = dynamicFilterForm.querySelector(\'[name$="lookup_type"]\');\n                        const value = [...dynamicFilterForm.querySelectorAll(\'.nb-form-group\')]\n                            .pop()\n                        ?.querySelector(\'input, select, textarea\');\n\n                        const isMissing = (control) =>\n                        control?.selectedOptions ? control.selectedOptions.length === 0 : !control?.value;\n                        if (isMissing(field) || isMissing(type) || isMissing(value)) {\n                            // Return early if selected filter is not complete (i.e. is missing lookup field, type or value).\n                            return;\n                        }\n\n                        const name = type.selectedOptions[0].value;\n                        const label = field.selectedOptions[0].innerText.trim();\n                        const suffix = type.selectedOptions[0].innerText.trim();\n                        const text = /\\(\\w+\\)/.test(suffix) ? `${label} ${suffix}` : label;\n                        const values =\n                            value?.getAttribute(\'multiple\') !== null\n                            ? [...value.selectedOptions].map((option) => ({ text: option.innerText.trim(), value: option.value }))\n                            : [{ text: value?.value, value: value?.value }];\n\n                        // If field exists in default filter form and is a single value input, use `\'set\'` action.\n                        const action =\n                            defaultFilterForm.querySelector(`[name="${name}"]`) &&\n                        (value.tagName === \'INPUT\' || value.tagName === \'TEXTAREA\')\n                            ? \'set\'\n                            : \'add\';\n                        manageDynamicFilter({ action, name, text, value: values });\n\n                        syncDynamicToDefault(name);\n                    }\n\n                    const remove = event.target.closest(\'button.nb-dynamic-filter-remove\');\n                    if (remove) {\n                        const badge = remove.closest(\'.badge\');\n                        /*\n                         * Remove the group badge (i.e. multi-badge) when given badge is the group badge itself, or it is the only\n                         * one left in the group (i.e. has no siblings) because removing it will leave the group badge empty anyway.\n                         */\n                        const shouldRemoveGroup =\n                            badge?.classList.contains(\'nb-multi-badge\') ||\n                        (!badge?.previousElementSibling && !badge?.nextElementSibling);\n                        shouldRemoveGroup ? badge?.closest(\'.nb-multi-badge\')?.remove() : badge?.remove();\n\n                        syncDynamicToDefault(badge?.querySelector(\'input[type="hidden"]\')?.getAttribute(\'name\'));\n                    }\n                });\n\n                // Need to wrap `document` with jQuery to be able to listen to Select2 `change` event.\n                $(document).on(\'change\', (event) => {\n                    const { defaultFilterForm } = getFilterForms();\n                    const isDefaultFilterFormField = event.target.form === defaultFilterForm;\n                    if (isDefaultFilterFormField) {\n                        syncDefaultToDynamic(event.target.name);\n                    }\n                });\n\n                // Need to wrap `document` with jQuery to be able to listen to Select2 `change` event.\n                $(document).on(\'change\', async (event) => {\n                    const isLookupType = event.target.getAttribute(\'name\')?.endsWith(\'lookup_type\');\n                    if (isLookupType) {\n                        const content_type = event.target.getAttribute(\'data-contenttype\');\n                        const field_name = event.target.value;\n                        const value = [...event.target.form.querySelectorAll(\'.nb-form-group\')]\n                            .pop()\n                        ?.querySelector(\'input, select, textarea\');\n\n                        if (field_name) {\n                            const replacement = await (async () => {\n                                try {\n                                    const response = await window.fetch(\n                                        `/api/ui/core/filterset-fields/lookup-value-dom-element/?${new URLSearchParams({ content_type, field_name })}`,\n                                        { method: \'GET\', headers: { Accept: \'*/*\' } },\n                                    );\n\n                                    const html = await response.json();\n\n                                    const element = document.createElement(\'div\');\n                                    element.innerHTML = html;\n\n                                    return element.firstElementChild;\n                                } catch (exception) {\n                                    // Default to `<input type="text" ...>` field if error occurs.\n                                    const input = document.createElement(\'input\');\n                                    input.classList.toggle(\'lookup_value-input\', true);\n                                    input.classList.toggle(\'form-control\', true);\n                                    input.setAttribute(\'id\', `id_for_${field_name}`);\n                                    input.setAttribute(\'name\', field_name);\n                                    input.setAttribute(\'type\', \'text\');\n                                    return input;\n                                }\n                            })();\n\n                            value.replaceWith(replacement);\n                            replacement.nextElementSibling?.remove(); // Remove Select2 widget if present.\n                            replacement.previousElementSibling?.setAttribute(\'for\', replacement.getAttribute(\'id\')); // Set label `for` attribute to match field `id`.\n                            initializeInputs(replacement.parentElement);\n                        }\n                    }\n                });\n\n                // Need to wrap `document` with jQuery to be able to listen to Select2 `change` event.\n                $(document).on(\'change\', (event) => {\n                    const isLookupField = event.target.getAttribute(\'name\')?.endsWith(\'lookup_field\');\n                    const isLookupType = event.target.getAttribute(\'name\')?.endsWith(\'lookup_type\');\n\n                    if (isLookupField) {\n                        const type = event.target.form.querySelector(\'[name$="lookup_type"]\');\n                        $(type).val(null).trigger(\'change\');\n                    }\n\n                    if (isLookupField || isLookupType) {\n                        const value = [...event.target.form.querySelectorAll(\'.nb-form-group\')]\n                            .pop()\n                        ?.querySelector(\'input, select, textarea\');\n\n                        if (value.tagName === \'SELECT\') {\n                            $(value).val(null).trigger(\'change\');\n                        } else {\n                            value.value = \'\';\n                        }\n                    }\n                });\n\n                const isFilterForm = (target) => Boolean(target?.closest(\'#FilterForm_drawer\'));\n\n                document.addEventListener(\'reset\', (event) => {\n                    if (isFilterForm(event.target)) {\n                        event.preventDefault();\n\n                        // Remove all filter query params from location search while keeping non-filter params intact.\n                        const searchParams = new URLSearchParams(window.location.search);\n                        const nextSearchParams = new URLSearchParams([\n                            ...[...searchParams].filter(\n                                ([property]) => NON_FILTER_PARAMS.includes(property) && property !== \'all_filters_removed\',\n                            ),\n                            [\'all_filters_removed\', \'true\'],\n                        ]);\n\n                        location.assign(`?${nextSearchParams}`);\n                    }\n                });\n\n                document.addEventListener(\'submit\', (event) => {\n                    if (isFilterForm(event.target)) {\n                        event.preventDefault();\n\n                        const { defaultFilterForm, dynamicFilterForm } = getFilterForms();\n\n                        /*\n                         * Just before the form submission automatically add filter selected in "Advanced" tab (if any)\n                         * which hasn\'t been manually applied for whatever reason (usually forgetfulness, speed, etc.).\n                         * This is a requested UX flavor.\n                         */\n                        const add = dynamicFilterForm.querySelector(\'button.nb-dynamic-filter-add\');\n                        add.click();\n\n                        // Remove all field names which are not applied filters container descendants.\n                        [...dynamicFilterForm.querySelectorAll(\'input, select, textarea\')].forEach((field) =>\n                            field.closest(\'.nb-dynamic-filter-items\') ? undefined : field.removeAttribute(\'name\'),\n                        );\n\n                        /*\n                         * Get the serialized data from the forms and:\n                         *   1) Filter out query params which values are empty e.g `?sam=&dan=2` becomes `dan=2`.\n                         *   2) Combine the two forms into a single set of data without duplicate entries.\n                         */\n                        const defaultFilterFormSearchParams = new URLSearchParams(new FormData(defaultFilterForm));\n                        const dynamicFilterFormSearchParams = new URLSearchParams(new FormData(dynamicFilterForm));\n                        const searchParams = new URLSearchParams(window.location.search);\n\n                        const nextSearchParams = new URLSearchParams([\n                            ...[...defaultFilterFormSearchParams].filter(([, value]) => value !== \'\'),\n                            ...[...dynamicFilterFormSearchParams].filter(\n                                ([property, value]) => value !== \'\' && !defaultFilterFormSearchParams.has(property, value),\n                            ),\n                            ...[...searchParams].filter(\n                                ([property]) => NON_FILTER_PARAMS.includes(property) && property !== \'all_filters_removed\',\n                            ),\n                        ]);\n\n                        if (nextSearchParams.has(\'saved_view\')) {\n                            const all_filters_removed = [...nextSearchParams].every(([property]) =>\n                                NON_FILTER_PARAMS.includes(property),\n                            );\n\n                            if (all_filters_removed) {\n                                nextSearchParams.set(\'all_filters_removed\', \'true\');\n                            }\n                        }\n\n                        location.assign(`?${nextSearchParams}`);\n                    }\n                });\n\n                const onSubmitOrReset = (event) => (isFilterForm(event.target) ? window.nb?.history?.saveState() : undefined);\n                document.addEventListener(\'reset\', onSubmitOrReset);\n                document.addEventListener(\'submit\', onSubmitOrReset);\n            });\n        })();\n    </script>\n\n\n    \n        \n\n\n<section class="nb-drawer" tabindex="-1" id="ISISConfigurationTable_config">\n    <div class="nb-drawer-header">\n        <h1>Table Configuration</h1>\n        <button type="button" class="btn-close" data-nb-dismiss="drawer" aria-label="Close"></button>\n    </div>\n    <div class="nb-drawer-body">\n        <form class="userconfigform h-100 pb-20 px-20 vstack" data-config-root="tables.ISISConfigurationTable">\n            <div class="row align-content-start flex-fill">\n                <div class="col-12">\n                    <div class="alert alert-warning">\n                        Column choices may negatively affect loading times.\n                        <a href="/static/docs/user-guide/platform-functionality/user-interface/configurablecolumns.html" class="btn btn-link btn-sm" target="_blank" rel="noopener">\n                            <span class="mdi mdi-information"></span>\n                        </a>\n                    </div>\n                </div>\n                <div class="col-12">\n                    \n                        <select name="columns" size="20" class="form-control" placeholder="None" id="id_columns" multiple>\n  <option value="instance" selected>Instance</option>\n\n  <option value="system_id" selected>System ID</option>\n\n  <option value="status" selected>Status</option>\n\n  <option value="dynamic_group_count">Dynamic Groups</option>\n\n</select>\n                        <span class="form-text mt-8">Use the buttons below to arrange columns in the desired order, then select all columns to display.</span>\n                        <div class="hstack gap-4 mt-8 mx-n4">\n                            \n                            <button type="button" class="btn btn-primary btn-sm" id="move-option-up" data-target="id_columns"><span class="mdi mdi-arrow-up-bold me-4"></span>Move up</button>\n                            <button type="button" class="btn btn-primary btn-sm" id="move-option-down" data-target="id_columns"><span class="mdi mdi-arrow-down-bold me-4"></span>Move down</button>\n                            <button type="button" class="btn btn-success btn-sm" id="select-all-options" data-target="id_columns"><span class="mdi mdi-expand-all-outline me-4"></span>Select all</button>\n                            \n                        </div>\n                    \n                </div>\n            </div>\n            <div class="nb-form-sticky-footer">\n                <input type="submit" class="btn btn-primary" value="Save">\n                <input type="submit" class="btn btn-danger reset" value="Reset">\n            </div>\n        </form>\n    </div>\n</section>\n\n\n    <script>\n        (() => {\n            document.addEventListener(\'DOMContentLoaded\', () => {\n                document.addEventListener(\'submit\', (event) => {\n                    if (event.target.closest(\'#ISISConfigurationTable_config\')) {\n                        // Keep the drawer open after page reload caused by form submission.\n                        window.nb.history.saveState();\n                    }\n                });\n            });\n        })();\n    </script>\n\n\n    \n    <section class="nb-drawer" tabindex="-1" id="SavedViews_drawer">\n        <div class="nb-drawer-header">\n            <h1>Saved Views</h1>\n            <button type="button" class="btn-close" data-nb-dismiss="drawer" aria-label="Close"></button>\n        </div>\n        <div class="nb-drawer-body pb-20 px-20">\n            <div class="align-items-start vstack flex-grow-0 gap-10">\n                \n            </div>\n            \n            <div class="align-items-start vstack gap-10">\n                Actions:\n                \n                <a class="btn btn-secondary" href="" data-bs-toggle="modal" data-bs-target="#saved_view_modal">\n                    <span class="mdi mdi-content-save-plus-outline me-4" aria-hidden="true"></span>Save As New\n                </a>\n                \n            </div>\n        </div>\n    </section>\n\n        </div>\n        <header id="header">\n            <div class="banner-alert-area">\n                \n\n\n\n    \n        <div class="alert alert-info text-center" role="alert">\n            <p>Local</p>\n        </div>\n    \n\n\n\n\n\n\n                \n\n            </div>\n            <div class="container-fluid mb-12 mt-16">\n                <div class="row">\n                    <div id="page-title" class="col-4">\n                        \n                            \n\n\n<h1 class="d-flex fs-2 gap-8 lh-sm py-6">\n    <img\n        alt="Nautobot chevron"\n        class="align-self-start flex-grow-0 flex-shrink-0 my-n4"\n        role="presentation"\n        src="/static/img/nautobot_chevron.svg"\n        style="width: 1.5rem;"\n    />\n    \n        Isis Configurations\n    \n</h1>\n\n                        \n                    </div>\n                    \n\n\n\n    \n        <form action="/search/" class="col-4 text-center" id="header_search" method="get" role="search">\n            <label class="position-relative w-100">\n                <input\n                    aria-placeholder="Press Ctrl+K to search"\n                    class="form-control nb-text-transparent"\n                    name="q"\n                    type="search"\n                    value=""\n                />\n                <span class="align-items-center d-inline-flex gap-6 overflow-hidden px-12 py-6 pe-none position-absolute start-0 top-0 user-select-none w-100">\n                    <span aria-hidden="true" class="mdi mdi-magnify text-secondary d-inline-flex"></span>\n                    \n                        \n                            \n                                \n                                    \n                                \n                                    \n                                \n                                    \n                                \n                                    \n                                \n                                    \n                                \n                            \n                                \n                                    \n                                \n                                    \n                                \n                                    \n                                \n                            \n                                \n                                    \n                                \n                                    \n                                \n                                    \n                                \n                            \n                                \n                                    \n                                \n                                    \n                                \n                                    \n                                \n                            \n                                \n                                    \n                                \n                                    \n                                \n                            \n                                \n                                    \n                                \n                                    \n                                \n                                    \n                                \n                                    \n                                \n                            \n                                \n                                    \n                                \n                                    \n                                \n                                    \n                                \n                                    \n                                \n                                    \n                                \n                                    \n                                \n                                    \n                                \n                                    \n                                \n                                    \n                                \n                                    \n                                \n                            \n                        \n                            \n                                \n                                    \n                                \n                            \n                                \n                                    \n                                \n                            \n                                \n                                    \n                                \n                            \n                                \n                                    \n                                \n                                    \n                                \n                                    \n                                \n                            \n                                \n                                    \n                                \n                                    \n                                \n                            \n                                \n                                    \n                                \n                            \n                        \n                            \n                                \n                                    \n                                \n                                    \n                                \n                            \n                                \n                                    \n                                \n                                    \n                                \n                                    \n                                \n                                    \n                                \n                            \n                                \n                                    \n                                \n                                    \n                                \n                            \n                                \n                                    \n                                \n                                    \n                                \n                            \n                                \n                                    \n                                \n                            \n                                \n                                    \n                                \n                                    \n                                \n                                    \n                                \n                            \n                        \n                            \n                                \n                                    \n                                \n                                    \n                                        <span class="badge border" data-nb-link="/plugins/nautobot-igp-models/isis-configuration/"><!--\n                                            -->in: ISIS Configuration<!--\n                                            --><button tabindex="-1" type="button">\n                                            <span aria-hidden="true" class="mdi mdi-close"></span>\n                                            <span class="visually-hidden">Remove</span>\n                                        </button>\n                                        </span>\n                                    \n                                \n                                    \n                                \n                                    \n                                \n                                    \n                                \n                            \n                        \n                            \n                                \n                                    \n                                \n                                    \n                                \n                                    \n                                \n                            \n                                \n                                    \n                                \n                                    \n                                \n                            \n                        \n                            \n                                \n                                    \n                                \n                                    \n                                \n                                    \n                                \n                            \n                                \n                                    \n                                \n                                    \n                                \n                                    \n                                \n                            \n                        \n                            \n                                \n                                    \n                                \n                                    \n                                \n                            \n                        \n                            \n                                \n                                    \n                                \n                                    \n                                \n                                    \n                                \n                                    \n                                \n                                    \n                                \n                            \n                        \n                            \n                                \n                                    \n                                \n                                    \n                                \n                            \n                        \n                            \n                                \n                                    \n                                \n                                    \n                                \n                                    \n                                \n                                    \n                                \n                                    \n                                \n                            \n                        \n                            \n                                \n                                    \n                                \n                                    \n                                \n                            \n                                \n                                    \n                                \n                                    \n                                \n                                    \n                                \n                            \n                        \n                            \n                                \n                                    \n                                \n                                    \n                                \n                                    \n                                \n                                    \n                                \n                            \n                        \n                            \n                                \n                                    \n                                \n                                    \n                                \n                            \n                        \n                            \n                                \n                                    \n                                \n                            \n                                \n                                    \n                                \n                            \n                                \n                                    \n                                \n                                    \n                                \n                                    \n                                \n                                    \n                                \n                                    \n                                \n                                    \n                                \n                            \n                                \n                                    \n                                \n                            \n                                \n                                    \n                                \n                                    \n                                \n                            \n                                \n                                    \n                                \n                                    \n                                \n                                    \n                                \n                                    \n                                \n                                    \n                                \n                            \n                                \n                                    \n                                \n                                    \n                                \n                                    \n                                \n                                    \n                                \n                            \n                                \n                                    \n                                \n                                    \n                                \n                            \n                        \n                            \n                                \n                                    \n                                \n                                    \n                                \n                                    \n                                \n                                    \n                                \n                                    \n                                \n                                    \n                                \n                            \n                        \n                            \n                                \n                                    \n                                \n                                    \n                                \n                            \n                        \n                    \n                    <span\n                        aria-hidden="true"\n                        class="align-items-center d-inline-flex gap-4 text-nowrap text-secondary"\n                    >\n                        \n                            Press <kbd class="mt-n1">Ctrl+K</kbd> to search\n                        \n                    </span>\n                    <a class="align-items-center d-inline-flex ms-auto pe-auto"\n                       href="/static/docs/user-guide/platform-functionality/user-interface/search.html"\n                       target="_blank"\n                       rel="noopener"\n                    >\n                        <span aria-hidden="true" class="mdi mdi-help-circle-outline text-secondary"></span>\n                    </a>\n                </span>\n            </label>\n        </form>\n    \n\n    <div class="col-4 text-end">\n        <div class="dropdown">\n            <button class="btn dropdown-toggle align-items-center d-inline-flex gap-6" type="button" data-bs-toggle="dropdown" aria-expanded="false">\n                <span aria-hidden="true" class="mdi mdi-account text-secondary"></span>\n                nautobotuser\n            </button>\n            <ul class="dropdown-menu dropdown-menu-end">\n                <li><a class="dropdown-item" href="/about/"><span class="mdi mdi-information"></span>About Nautobot</a></li>\n                <li><a class="dropdown-item" href="/user/profile/"><span class="mdi mdi-account-box"></span>Profile</a></li>\n                <li><a class="dropdown-item" href="/extras/approver-dashboard/"><span class="mdi mdi-check-bold"></span>Approval Dashboard</a></li>\n                \n                <li class="dropdown-divider"></li>\n                <li><a class="dropdown-item" href="/logout/"><span class="mdi mdi-logout"></span>Log out</a></li>\n            </ul>\n        </div>\n    </div>\n\n\n                    <div class="col-12">\n                        \n    \n\n    \n\n    \n\n<nav aria-label="Breadcrumbs" class="mt-1">\n    <ol class="breadcrumb">\n        \n            \n                \n            \n        \n    </ol>\n</nav>\n\n\n                    </div>\n                </div>\n            </div>\n            \n        </header>\n        <main class="container-fluid wrapper" id="main-content" tabindex="-1">\n            \n    <div class="align-items-center d-flex gap-8 justify-content-end mb-16 d-print-none">\n        \n        \n\n        <div class="btn-group">\n            \n                <button type="button" id="actions-dropdown" class="btn btn-primary dropdown-toggle" data-bs-toggle="dropdown">\n                    Actions\n                    <span class="mdi mdi-chevron-down" aria-hidden="true"></span>\n                </button>\n            \n            <ul class="dropdown-menu dropdown-menu-end" role="menu">\n                \n                \n                \n                    \n                        \n    \n        \n        \n        <li>\n            <form action="/extras/jobs/nautobot.core.jobs.ExportObjectList/run/" method="post">\n                <input type="hidden" name="csrfmiddlewaretoken" value="1IAxzjXwEaikWfI7y09M0Hh4h3QbgLzdpyFVxr8SibgqaL9ckR6b70ztFfWXq8n6">\n                <input type="hidden" name="content_type" value="193">\n                <input type="hidden" name="query_string" value="ice_cream_flavor=chocolate">\n                <input type="hidden" name="_schedule_type" value="immediately">\n                <input type="hidden" name="export_format" value="csv">\n                <button class="dropdown-item" type="submit">\n                    <span class="mdi mdi-database-export text-secondary" aria-hidden="true"></span> Export as CSV\n                </button>\n            </form>\n        </li>\n        \n    \n\n\n                    \n                \n            </ul>\n        </div>\n        \n        \n        \n            \n            \n        \n        <div class="align-items-center d-flex gap-4">\n            \n                <button\n                    type="button"\n                    class="btn position-relative text-secondary"\n                    data-nb-toggle="drawer"\n                    data-nb-target="#SavedViews_drawer"\n                    title="Saved Views"\n                    aria-expanded="false"\n                    aria-controls="SavedViews_drawer"\n                >\n                    <span class="mdi mdi-view-compact-outline" aria-hidden="true"></span>\n                    <span class="visually-hidden">Saved Views</span>\n                    \n                </button>\n            \n            \n                <button\n                    type="button"\n                    class="btn position-relative text-secondary"\n                    data-nb-toggle="drawer"\n                    data-nb-target="#FilterForm_drawer"\n                    title="Add Filters"\n                    id="id__filterbtn"\n                    aria-controls="FilterForm_drawer"\n                    aria-expanded="false"\n                >\n                    <span class="mdi mdi-filter" aria-hidden="true"></span>\n                    <span class="visually-hidden">Add Filters</span>\n                    \n                        <span aria-hidden="true" class="nb-btn-indicator"></span>\n                    \n                </button>\n            \n        </div>\n    </div>\n\n    \n\n    <div>\n        \n            \n                \n                    \n\n\n<div class="card mb-3">\n    \n    <div class="table-responsive">\n        \n\n\n\n    <table class="table table-hover nb-table-headings">\n        \n            <thead>\n                <tr>\n                    \n                        \n                            \n                                <th class="orderable"><a href="?ice_cream_flavor=chocolate&amp;sort=instance" data-column-name="instance">Instance</a></th>\n                            \n                        \n                    \n                        \n                            \n                                <th class="orderable"><a href="?ice_cream_flavor=chocolate&amp;sort=system_id" data-column-name="system_id">System ID</a></th>\n                            \n                        \n                    \n                        \n                            \n                                <th class="orderable"><a href="?ice_cream_flavor=chocolate&amp;sort=status" data-column-name="status">Status</a></th>\n                            \n                        \n                    \n                        \n                            <th class="nb-actionable nb-w-0 orderable">\n                                <button\n            type="button"\n            class="btn border-0 float-end rounded-0 text-end text-secondary "\n            data-nb-toggle="drawer"\n            data-nb-target="#ISISConfigurationTable_config"\n            \n            title="Configure table"\n            aria-controls="ISISConfigurationTable_config"\n            aria-expanded="false"\n        >\n            <span class="mdi mdi-cog" aria-hidden="true"></span>\n            <span class="visually-hidden">Configure</span>\n        </button>\n                            </th>\n                        \n                    \n                    \n                </tr>\n            </thead>\n        \n        <tbody>\n            \n                <tr class="even">\n                    \n                        <td ><a href="/plugins/nautobot-igp-models/igproutinginstance/42c8e615-cc74-4916-be8f-777d63949368/">ISIS on router1</a></td>\n                    \n                        <td >49.0001.0010.0000.0001.00</td>\n                    \n                        <td >\n    \n    \n        <span class="badge" style="color: #ffffff; background-color: #4caf50">\n            Active\n        </span>\n    \n    </td>\n                    \n                        <td class="d-print-none nb-actions nb-w-0 text-end text-nowrap">\n    <div class="dropdown">\n        <button class="btn dropdown-toggle" type="button" data-bs-toggle="dropdown" aria-expanded="false">\n            <span class="mdi mdi-dots-vertical" aria-hidden="true"></span>\n            <span class="visually-hidden">Toggle Dropdown</span>\n        </button>\n        <ul class="dropdown-menu dropdown-menu-end">\n            \n            \n            \n            \n        </ul>\n    </div>\n\n    </td>\n                    \n                    \n                </tr>\n            \n                <tr class="odd">\n                    \n                        <td ><a href="/plugins/nautobot-igp-models/igproutinginstance/a5012768-11e1-4bc1-b1dc-d545172fc8d1/">ISIS on router2</a></td>\n                    \n                        <td >49.0001.0010.0000.0002.00</td>\n                    \n                        <td >\n    \n    \n        <span class="badge" style="color: #ffffff; background-color: #4caf50">\n            Active\n        </span>\n    \n    </td>\n                    \n                        <td class="d-print-none nb-actions nb-w-0 text-end text-nowrap">\n    <div class="dropdown">\n        <button class="btn dropdown-toggle" type="button" data-bs-toggle="dropdown" aria-expanded="false">\n            <span class="mdi mdi-dots-vertical" aria-hidden="true"></span>\n            <span class="visually-hidden">Toggle Dropdown</span>\n        </button>\n        <ul class="dropdown-menu dropdown-menu-end">\n            \n            \n            \n            \n        </ul>\n    </div>\n\n    </td>\n                    \n                    \n                </tr>\n            \n                <tr class="even">\n                    \n                        <td ><a href="/plugins/nautobot-igp-models/igproutinginstance/7685a211-b1c0-4e19-a28a-9007e6e74979/">ISIS on router3</a></td>\n                    \n                        <td >49.0001.0010.0000.0003.00</td>\n                    \n                        <td >\n    \n    \n        <span class="badge" style="color: #ffffff; background-color: #4caf50">\n            Active\n        </span>\n    \n    </td>\n                    \n                        <td class="d-print-none nb-actions nb-w-0 text-end text-nowrap">\n    <div class="dropdown">\n        <button class="btn dropdown-toggle" type="button" data-bs-toggle="dropdown" aria-expanded="false">\n            <span class="mdi mdi-dots-vertical" aria-hidden="true"></span>\n            <span class="visually-hidden">Toggle Dropdown</span>\n        </button>\n        <ul class="dropdown-menu dropdown-menu-end">\n            \n            \n            \n            \n        </ul>\n    </div>\n\n    </td>\n                    \n                    \n                </tr>\n            \n        </tbody>\n        \n    </table>\n\n\n    </div>\n    \n</div>\n\n                \n            \n            \n\n<div class="paginator align-items-center d-flex fs-5 gap-10 justify-content-end mt-16 text-secondary">\n    \n        <div>\n            Showing 1-3 of 3\n        </div>\n        <div class="vr border-start my-8"></div>\n    \n    <form class="align-items-center d-flex gap-4" method="get">\n        \n            \n                \n                    <input type="hidden" name="ice_cream_flavor" value="chocolate" />\n                \n            \n        \n        <select name="per_page" id="per_page" class="form-select">\n            \n                <option value="65000" selected="selected">65000</option>\n            \n            \n                <option value="25">25</option>\n            \n                <option value="50">50</option>\n            \n                <option value="100">100</option>\n            \n                <option value="250">250</option>\n            \n                <option value="500">500</option>\n            \n                <option value="1000">1000</option>\n            \n        </select>\n        per page\n    </form>\n    \n</div>\n\n            <div class="clearfix"></div>\n        \n    </div>\n    \n        \n\n\n<div class="modal fade" tabindex="-1" id="saved_view_modal" role="dialog">\n    <div class="modal-dialog modal-lg">\n        <div class="modal-content">\n            <div class="modal-header">\n                <h4 class="modal-title">New Saved View</h4>\n                <button type="button" class="btn-close" data-bs-dismiss="modal" aria-label="Close"></button>\n            </div>\n            <form action="/extras/saved-views/add/" method="post">\n                <div class="modal-body">\n                    <input type="hidden" name="csrfmiddlewaretoken" value="1IAxzjXwEaikWfI7y09M0Hh4h3QbgLzdpyFVxr8SibgqaL9ckR6b70ztFfWXq8n6">\n                    <div class="row">\n                        \n\n<div class="mb-10 d-md-flex justify-content-center">\n    \n        <label class="col-md-3 col-form-label nb-required" for="id_name">\n            Name\n        </label>\n        <div class="col-md-9">\n            <input type="text" name="name" maxlength="255" class="form-control" required placeholder="Name" id="id_name">\n            \n            \n                <span class="form-text">The name of this view</span>\n            \n    \n    \n</div>\n</div>\n\n                        <span class="col-lg-3 text-end text-secondary">New Changes</span>\n                        <div class="col-lg-9">\n                            <pre><code class="language-json">{\n    &quot;filter_params&quot;: {\n        &quot;ice_cream_flavor&quot;: [\n            &quot;chocolate&quot;\n        ]\n    },\n    &quot;per_page&quot;: 65000,\n    &quot;sort_order&quot;: [],\n    &quot;table_config&quot;: null\n}</code></pre>\n                        </div>\n                        \n\n<div class="mb-10 d-md-flex justify-content-center">\n    \n        <div class="col-md-9 offset-md-3">\n            <div class="form-check mt-6">\n                <input type="checkbox" name="is_shared" class="form-check-input" placeholder="Is shared" id="id_is_shared">\n                <label class="form-check-label" for="id_is_shared">\n                    Is shared\n                </label>\n            </div>\n            \n            \n                <span class="form-text">If checked, all users will be able to see this saved view</span>\n            \n    \n    \n</div>\n</div>\n\n                        <input type="hidden" id="view" name="view" value="plugins:nautobot_igp_models:isisconfiguration_list">\n                        <input type="hidden" id="params" name="params" value="ice_cream_flavor=chocolate">\n                    </div>\n                </div>\n                <div class="modal-footer">\n                    <button type="submit" class="btn btn-primary">\n                        <span aria-hidden="true" class="mdi mdi-content-save-plus-outline me-4"></span><!--\n                        -->Save\n                    </button>\n                    <button class="btn btn-secondary" data-bs-dismiss="modal" type="button">\n                        <span aria-hidden="true" class="mdi mdi-close me-4"></span><!--\n                        -->Cancel\n                    </button>\n                </div>\n            </form>\n        </div>\n    </div>\n</div>\n\n    \n    \n\n<div class="modal fade" tabindex="-1" role="dialog" id="dynamic_group_assignment_modal">\n    <div class="modal-dialog modal-lg" role="document">\n        <div class="modal-content">\n            <div class="modal-header">\n                <button type="button" class="btn-close" data-bs-dismiss="modal" aria-label="Close">\n                </button>\n                <h4 class="modal-title">Static Assignment to Dynamic Groups</h4>\n            </div>\n            <form id="dynamic_group_assignment_form" action="/extras/dynamic-groups/assign-members/?"\n                  method="post" class="form form-horizontal">\n                <div class="modal-body">\n                    <input type="hidden" name="csrfmiddlewaretoken" value="1IAxzjXwEaikWfI7y09M0Hh4h3QbgLzdpyFVxr8SibgqaL9ckR6b70ztFfWXq8n6">\n                    <input type="hidden" name="return_url" value="/plugins/nautobot-igp-models/isis-configuration/?ice_cream_flavor=chocolate">\n                    <input type="hidden" id="dynamic_group_assignment_all" name="_all">\n                    <span id="dynamic_group_assignment_pks"></span>\n                    \n                        <input type="hidden" name="content_type" value="193" class="form-control" required="required" placeholder="None" id="id_content_type">\n                    \n                        \n                    \n                    \n\n<div class="mb-10 d-md-flex justify-content-center">\n    \n        <label class="col-md-3 col-form-label" for="id_add_to_groups">\n            Add to existing group(s)\n        </label>\n        <div class="col-md-9">\n            <select name="add_to_groups" class="nautobot-select2-api" data-multiple="1" data-query-param-group_type="[&quot;static&quot;]" data-query-param-content_type="[&quot;nautobot_igp_models.isisconfiguration&quot;]" data-query-param-exclude_m2m="[&quot;true&quot;]" display-field="display" data-depth="0" data-url="/api/extras/dynamic-groups/" id="id_add_to_groups" multiple>\n</select>\n            \n            \n    \n    \n</div>\n</div>\n\n                    \n\n<div class="mb-10 d-md-flex justify-content-center">\n    \n        <label class="col-md-3 col-form-label" for="id_create_and_assign_to_new_group_name">\n            Create a new group\n        </label>\n        <div class="col-md-9">\n            <input type="text" name="create_and_assign_to_new_group_name" class="form-control" placeholder="Create a new group" id="id_create_and_assign_to_new_group_name">\n            \n            \n                <span class="form-text">Create a new group with this name and assign the selected objects to it.</span>\n            \n    \n    \n</div>\n</div>\n\n                    \n\n<div class="mb-10 d-md-flex justify-content-center">\n    \n        <label class="col-md-3 col-form-label" for="id_remove_from_groups">\n            Remove from group(s)\n        </label>\n        <div class="col-md-9">\n            <select name="remove_from_groups" class="nautobot-select2-api" data-multiple="1" data-query-param-group_type="[&quot;static&quot;]" data-query-param-content_type="[&quot;nautobot_igp_models.isisconfiguration&quot;]" data-query-param-exclude_m2m="[&quot;true&quot;]" display-field="display" data-depth="0" data-url="/api/extras/dynamic-groups/" id="id_remove_from_groups" multiple>\n</select>\n            \n            \n    \n    \n</div>\n</div>\n\n                </div>\n                <div class="modal-footer">\n                    <button type="submit" class="btn btn-primary">\n                        <span class="mdi mdi-group" aria-hidden="true"></span> Apply\n                    </button>\n                    <button type="button" class="btn btn-secondary" id="dynamic_group_assignment_cancel">\n                        <span class="mdi mdi-close-thick" aria-hidden="true"></span> Cancel\n                    </button>\n                </div>\n            </form>\n        </div>\n    </div>\n</div>\n\n\n        </main>\n        \n            \n        \n        \n\n\n\n' : 


        <div id="drawer">
            
    



<section class="nb-drawer" tabindex="-1" id="FilterForm_drawer">
    <div class="nb-drawer-header">
        <h1>Filters</h1>
        <button type="button" class="btn-close" data-nb-dismiss="drawer" aria-label="Close"></button>
    </div>
    <div class="nb-drawer-body">
        <ul id="filter-tabs" class="nav nav-tabs">
            
                <li role="presentation" class="nav-item">
                    <a class="nav-link active"  href="#default-filter" role="tab" data-bs-toggle="tab">
                        Basic
                    </a>
                </li>
            
            
                <li role="presentation" class="nav-item">
                    <a class="nav-link position-relative" href="#advanced-filter" role="tab" data-bs-toggle="tab">
                        Advanced
                        
    <span
        aria-hidden="true"
        class="end-0 me-2 mt-2 top-0 nb-btn-indicator"
        data-bs-toggle="tooltip"
        data-bs-title="Some of the applied filters can only be viewed in Advanced"
    ></span>


                    </a>
                </li>
            
        </ul>
        <div class="tab-content h-100">
            
                <div id="default-filter" role="tabpanel" class="tab-pane fade show active h-100 p-20">
                    

<form class="h-100 vstack">
    <div class="align-content-start flex-fill pb-20">
        
        
            
                <div class="nb-form-group">
                    
                        <label for="id_instance">IGP Instance</label>
                        <select name="instance" class="nautobot-select2-api form-control" data-query-param-exclude_m2m="[&quot;true&quot;]" display-field="display" data-depth="0" placeholder="IGP Instance" data-url="/api/plugins/nautobot-igp-models/igp-routing-instances/" id="id_instance">
  <option value=""
         selected
        >---------</option>

</select>
                    
                </div>
            
        
            
                <div class="nb-form-group">
                    
                        <label for="id_system_id">System ID</label>
                        <input type="text" name="system_id" class="form-control" placeholder="System ID" id="id_system_id">
                    
                </div>
            
        
            
                <div class="nb-form-group">
                    
                        <label for="id_contacts">Contacts</label>
                        <select name="contacts" class="nautobot-select2-api form-control" data-multiple="1" data-query-param-exclude_m2m="[&quot;true&quot;]" display-field="display" value-field="name" data-depth="0" placeholder="None" data-url="/api/extras/contacts/" id="id_contacts" multiple>
</select>
                    
                </div>
            
        
            
                <div class="nb-form-group">
                    
                        <label for="id_teams">Teams</label>
                        <select name="teams" class="nautobot-select2-api form-control" data-multiple="1" data-query-param-exclude_m2m="[&quot;true&quot;]" display-field="display" value-field="name" data-depth="0" placeholder="None" data-url="/api/extras/teams/" id="id_teams" multiple>
</select>
                    
                </div>
            
        
    </div>
    <div class="justify-content-between mb-n20 nb-form-sticky-footer">
        <button type="submit" class="btn btn-primary">
            <span class="mdi mdi-check me-4" aria-hidden="true"></span><!--
            -->Apply Specified
        </button>
        <button type="reset" class="btn btn-secondary">
            <span aria-hidden="true" class="mdi mdi-close me-4"></span><!--
            -->Clear All
        </button>
    </div>
</form>

                </div>
            
            
                <div id="advanced-filter" role="tabpanel" class="tab-pane fade h-100 p-20">
                    <form class="h-100 vstack" id="dynamic-filter-form">
                        <div class="align-content-start flex-fill pb-20">
                            <input type="hidden" name="form-TOTAL_FORMS" value="1" id="id_form-TOTAL_FORMS"><input type="hidden" name="form-INITIAL_FORMS" value="0" id="id_form-INITIAL_FORMS"><input type="hidden" name="form-MIN_NUM_FORMS" value="0" id="id_form-MIN_NUM_FORMS"><input type="hidden" name="form-MAX_NUM_FORMS" value="1000" id="id_form-MAX_NUM_FORMS">
                            
                                <div class="nb-form-group">
                                    <label for="id_form-0-lookup_field">Field</label>
                                    <select name="form-0-lookup_field" class="nautobot-select2-static lookup_field-select" placeholder="Field" id="id_form-0-lookup_field">
  <option value="" selected>---------</option>

  <option value="contacts">Contacts (name or ID)</option>

  <option value="created">Created</option>

  <option value="dynamic_groups">Dynamic groups (name or ID)</option>

  <option value="instance">IGP Instance (Device Name)</option>

  <option value="id">Id</option>

  <option value="last_updated">Last updated</option>

  <option value="status">Status (name or ID)</option>

  <option value="system_id">System ID</option>

  <option value="teams">Teams (name or ID)</option>

</select>
                                </div>
                            
                                <div class="nb-form-group">
                                    <label for="id_form-0-lookup_type">Lookup type</label>
                                    <select name="form-0-lookup_type" class="nautobot-select2-api lookup_type-select" placeholder="None" data-query-param-field_name="[&quot;$lookup_field&quot;]" data-contenttype="nautobot_igp_models.isisconfiguration" data-url="/api/core/filterset-fields/lookup-choices/" id="id_form-0-lookup_type">
</select>
                                </div>
                            
                                <div class="nb-form-group">
                                    <label for="id_form-0-lookup_value">Value</label>
                                    <input type="text" name="form-0-lookup_value" class="form-control lookup_value-input form-control" placeholder="Value" id="id_form-0-lookup_value">
                                </div>
                            
                            <button class="nb-dynamic-filter-add btn btn-primary d-block ms-auto my-20" type="button">
                                <span aria-hidden="true" class="mdi mdi-plus me-4"></span><!--
                                -->Add Filter
                            </button>
                            <hr class="border-top my-20">
                            <div class="nb-dynamic-filter-items d-flex flex-wrap gap-10">
                                
                                    
                                        <span class="badge nb-multi-badge" data-nb-field="ice_cream_flavor">
                                            <button class="nb-dynamic-filter-remove" type="button">
                                                <span aria-hidden="true" class="mdi mdi-close"></span>
                                                <span class="visually-hidden">Remove All</span>
                                            </button>
                                            ice_cream_flavor:
                                            <span class="nb-multi-badge-items">
                                                
                                                    <span class="badge" data-nb-value="chocolate"><!--
                                                        --><button class="nb-dynamic-filter-remove" type="button">
                                                        <span aria-hidden="true" class="mdi mdi-close"></span>
                                                        <span class="visually-hidden">Remove</span>
                                                    </button><!--
                                                        -->chocolate<!--
                                                        --><input name="ice_cream_flavor" type="hidden" value="chocolate">
                                                    </span>
                                                
                                            </span>
                                        </span>
                                    
                                
                            </div>
                        </div>

                        <div class="d-print-none justify-content-between mb-n20 nb-form-sticky-footer">
                            <button type="submit" class="btn btn-primary">
                                <span class="mdi mdi-check me-4" aria-hidden="true"></span><!--
                                -->Apply Specified
                            </button>
                            <button type="reset" class="btn btn-secondary">
                                <span aria-hidden="true" class="mdi mdi-close me-4"></span><!--
                                -->Clear All
                            </button>
                        </div>
                    </form>
                </div>
            
        </div>
    </div>
</section>


    <script>
        (() => {
            document.addEventListener('DOMContentLoaded', () => {
                const NON_FILTER_PARAMS = [
                    'all_filters_removed',
                    'clear_view',
                    'per_page',
                    'saved_view',
                    'sort',
                    'table_changes_pending',
                ];

                /**
                 * Insert given `element` as `parent`'s first child.
                 * @param {HTMLElement} element - Element to be inserted.
                 * @param {HTMLElement} parent - Parent container for given `element`.
                 * @returns {void} Do not return any value, modify DOM in-place.
                 */
                const insertFirst = (element, parent) => {
                    parent.hasChildNodes() ? parent.insertBefore(element, parent.firstElementChild) : parent.appendChild(element);
                };

                /**
                 * Get HTML elements for default and dynamic filter forms.
                 * @returns {object} Object with `defaultFilterForm` and `dynamicFilterForm` HTML elements or `null`,
                 *   depending on their actual existence in the DOM.
                 */
                const getFilterForms = () => ({
                    defaultFilterForm: document.querySelector('#default-filter form'),
                    dynamicFilterForm: document.querySelector('#dynamic-filter-form'),
                });

                const prepopulateFilterSelectsFromURL = (() => {
                    const { defaultFilterForm } = getFilterForms();
                    const urlParams = new URLSearchParams(window.location.search);
                    // Only target Select2 controls inside the default filter form.
                    [...defaultFilterForm.querySelectorAll('select.nautobot-select2-multi-value-char')].forEach((el) => {
                        const name = el.getAttribute('name');
                        if (!name) { return; }
                        const values = urlParams.getAll(name);
                        if (!values.length) { return; }
                        values.forEach((val) => {
                            let found = Array.prototype.find.call(el.options, (opt) => {
                                return String(opt.value) === String(val);
                            });
                            if (found) {
                                found.selected = true;
                            } else {
                                el.add(new Option(val, val, true, true));
                            }
                        });
                        if (window.jQuery && $(el).data('select2')) {
                            $(el).trigger('change');
                        }
                    });
                })();

                /**
                 * Synchronize given `filter` value from default to dynamic filter form.
                 * @param {string} name - Filter name.
                 * @returns {void} Do not return any value, just set given field values.
                 */
                const syncDefaultToDynamic = (name) => {
                    const { defaultFilterForm } = getFilterForms();

                    const field = defaultFilterForm.querySelector(`[name="${name}"]`);
                    const text = field?.closest('.nb-form-group')?.querySelector('label')?.innerText?.trim();
                    /*
                     * `manageDynamicFilter` takes an array of `{ text: string, value: string }` objects as `value`, so
                     * regardless of field being a textbox, a single or multiple choice combobox, conversion is required:
                     *   1. For combobox (i.e. `<select>`), iterate over selected options and map them to display `text`
                     *     and underlying `value`.
                     *   2. For textbox (i.e. `<input>` or `<textarea>`):
                     *     1. Use entered value as both display `text` and underlying `value`.
                     *     2. If field is empty, use an empty array.
                     */
                    const value =
                        field?.tagName === 'SELECT'
                        ? [...field.selectedOptions].map((option) => ({ text: option.innerText, value: option.value }))
                        : [...(field?.value ? [{ text: field.value, value: field.value }] : [])];

                    manageDynamicFilter({ action: 'set', name, text, value });
                };

                /**
                 * Synchronize given `filter` value from dynamic to default filter form.
                 * @param {string} name - Filter name.
                 * @returns {void} Do not return any value, just set given field values.
                 */
                const syncDynamicToDefault = (name) => {
                    const { defaultFilterForm, dynamicFilterForm } = getFilterForms();

                    const current = [...dynamicFilterForm.querySelectorAll(`input[name="${name}"][type="hidden"]`)].map(
                        (input) => ({
                            text: [...(input.parentElement?.childNodes ?? [])].find((node) => node.nodeName === '#text')?.wholeText,
                            value: input.getAttribute('value'),
                        }),
                    );

                    const sync = defaultFilterForm?.querySelector(`[name=${name}]`);

                    if (sync?.tagName === 'INPUT' || sync?.tagName === 'TEXTAREA') {
                        sync.value = current.length > 0 ? current[0].value : '';
                    } else if (sync?.tagName === 'SELECT') {
                        window.nb.select2.setSelect2Value(sync, current);
                    }
                };

                /**
                 * Manage dynamic filter either by adding values to the existing selection or by setting passed values
                 * regardless of previous selection.
                 * @param {'add'|'set'} action - Use `'add'` to add given value to the existing selection; use `'set'`
                 *   to set given value regardless of what was set previously.
                 * @param {string} name - Filter field name.
                 * @param {string} text - Filter display text.
                 * @param {object[]} value - Array of objects containing `text` and `value` key-value pairs.
                 */
                const manageDynamicFilter = ({ action, name, text, value }) => {
                    const { dynamicFilterForm } = getFilterForms();
                    const items = dynamicFilterForm.querySelector('.nb-dynamic-filter-items');

                    const group = (() => {
                        const existing = items.querySelector(`.nb-multi-badge[data-nb-field="${name}"]`);
                        if (existing) {
                            return existing;
                        }

                        const group = document.createElement('span');
                        group.classList.toggle('badge', true);
                        group.classList.toggle('nb-multi-badge', true);
                        group.setAttribute('data-nb-field', name);

                        const button = document.createElement('button');
                        button.classList.toggle('nb-dynamic-filter-remove', true);
                        button.setAttribute('type', 'button');

                        const close = document.createElement('span');
                        close.classList.toggle('mdi', true);
                        close.classList.toggle('mdi-close', true);
                        close.setAttribute('aria-hidden', 'true');

                        const remove = document.createElement('span');
                        remove.classList.toggle('visually-hidden', true);
                        remove.innerText = 'Remove All';

                        const children = document.createElement('span');
                        children.classList.toggle('nb-multi-badge-items', true);

                        button.appendChild(close);
                        button.appendChild(remove);
                        group.appendChild(button);
                        group.insertAdjacentText('beforeend', `${text}:`);
                        group.appendChild(children);

                        return group;
                    })();

                    const children = group.querySelector('.nb-multi-badge-items');
                    const existing = [...children.querySelectorAll('.badge[data-nb-value]')];

                    /*
                     * Depending on `action` remove the following badges:
                     *   1. For `'add'`, remove already existing filters with the same key-value pairs and re-create them later.
                     *   2. For `'set'`, remove all existing filters of given key and apply only these passed as `values`.
                     */
                    const badgesToRemove =
                        action === 'add'
                        ? existing.filter((badge) => value.some((item) => badge.getAttribute('data-nb-value') === item.value))
                        : existing;
                    badgesToRemove.forEach((item) => children.removeChild(item));

                    value.forEach(({ text, value }) => {
                        const badge = document.createElement('span');
                        badge.classList.toggle('badge', true);
                        badge.setAttribute('data-nb-value', value);

                        const input = document.createElement('input');
                        input.setAttribute('name', name);
                        input.setAttribute('type', 'hidden');
                        input.setAttribute('value', value);

                        const button = document.createElement('button');
                        button.classList.toggle('nb-dynamic-filter-remove', true);
                        button.setAttribute('type', 'button');

                        const close = document.createElement('span');
                        close.classList.toggle('mdi', true);
                        close.classList.toggle('mdi-close', true);
                        close.setAttribute('aria-hidden', 'true');

                        const remove = document.createElement('span');
                        remove.classList.toggle('visually-hidden', true);
                        remove.innerText = 'Remove';

                        button.appendChild(close);
                        button.appendChild(remove);
                        badge.appendChild(button);
                        badge.insertAdjacentText('beforeend', text);
                        badge.appendChild(input);

                        insertFirst(badge, children);
                    });

                    // If group already exists, remove it and later insert as the first child.
                    if (items.contains(group)) {
                        items.removeChild(group);
                    }

                    if (children.hasChildNodes()) {
                        insertFirst(group, items);
                    }
                };

                document.addEventListener('click', (event) => {
                    const { defaultFilterForm, dynamicFilterForm } = getFilterForms();

                    const add = event.target.closest('button.nb-dynamic-filter-add');
                    if (add) {
                        const field = dynamicFilterForm.querySelector('[name$="lookup_field"]');
                        const type = dynamicFilterForm.querySelector('[name$="lookup_type"]');
                        const value = [...dynamicFilterForm.querySelectorAll('.nb-form-group')]
                            .pop()
                        ?.querySelector('input, select, textarea');

                        const isMissing = (control) =>
                        control?.selectedOptions ? control.selectedOptions.length === 0 : !control?.value;
                        if (isMissing(field) || isMissing(type) || isMissing(value)) {
                            // Return early if selected filter is not complete (i.e. is missing lookup field, type or value).
                            return;
                        }

                        const name = type.selectedOptions[0].value;
                        const label = field.selectedOptions[0].innerText.trim();
                        const suffix = type.selectedOptions[0].innerText.trim();
                        const text = /\(\w+\)/.test(suffix) ? `${label} ${suffix}` : label;
                        const values =
                            value?.getAttribute('multiple') !== null
                            ? [...value.selectedOptions].map((option) => ({ text: option.innerText.trim(), value: option.value }))
                            : [{ text: value?.value, value: value?.value }];

                        // If field exists in default filter form and is a single value input, use `'set'` action.
                        const action =
                            defaultFilterForm.querySelector(`[name="${name}"]`) &&
                        (value.tagName === 'INPUT' || value.tagName === 'TEXTAREA')
                            ? 'set'
                            : 'add';
                        manageDynamicFilter({ action, name, text, value: values });

                        syncDynamicToDefault(name);
                    }

                    const remove = event.target.closest('button.nb-dynamic-filter-remove');
                    if (remove) {
                        const badge = remove.closest('.badge');
                        /*
                         * Remove the group badge (i.e. multi-badge) when given badge is the group badge itself, or it is the only
                         * one left in the group (i.e. has no siblings) because removing it will leave the group badge empty anyway.
                         */
                        const shouldRemoveGroup =
                            badge?.classList.contains('nb-multi-badge') ||
                        (!badge?.previousElementSibling && !badge?.nextElementSibling);
                        shouldRemoveGroup ? badge?.closest('.nb-multi-badge')?.remove() : badge?.remove();

                        syncDynamicToDefault(badge?.querySelector('input[type="hidden"]')?.getAttribute('name'));
                    }
                });

                // Need to wrap `document` with jQuery to be able to listen to Select2 `change` event.
                $(document).on('change', (event) => {
                    const { defaultFilterForm } = getFilterForms();
                    const isDefaultFilterFormField = event.target.form === defaultFilterForm;
                    if (isDefaultFilterFormField) {
                        syncDefaultToDynamic(event.target.name);
                    }
                });

                // Need to wrap `document` with jQuery to be able to listen to Select2 `change` event.
                $(document).on('change', async (event) => {
                    const isLookupType = event.target.getAttribute('name')?.endsWith('lookup_type');
                    if (isLookupType) {
                        const content_type = event.target.getAttribute('data-contenttype');
                        const field_name = event.target.value;
                        const value = [...event.target.form.querySelectorAll('.nb-form-group')]
                            .pop()
                        ?.querySelector('input, select, textarea');

                        if (field_name) {
                            const replacement = await (async () => {
                                try {
                                    const response = await window.fetch(
                                        `/api/ui/core/filterset-fields/lookup-value-dom-element/?${new URLSearchParams({ content_type, field_name })}`,
                                        { method: 'GET', headers: { Accept: '*/*' } },
                                    );

                                    const html = await response.json();

                                    const element = document.createElement('div');
                                    element.innerHTML = html;

                                    return element.firstElementChild;
                                } catch (exception) {
                                    // Default to `<input type="text" ...>` field if error occurs.
                                    const input = document.createElement('input');
                                    input.classList.toggle('lookup_value-input', true);
                                    input.classList.toggle('form-control', true);
                                    input.setAttribute('id', `id_for_${field_name}`);
                                    input.setAttribute('name', field_name);
                                    input.setAttribute('type', 'text');
                                    return input;
                                }
                            })();

                            value.replaceWith(replacement);
                            replacement.nextElementSibling?.remove(); // Remove Select2 widget if present.
                            replacement.previousElementSibling?.setAttribute('for', replacement.getAttribute('id')); // Set label `for` attribute to match field `id`.
                            initializeInputs(replacement.parentElement);
                        }
                    }
                });

                // Need to wrap `document` with jQuery to be able to listen to Select2 `change` event.
                $(document).on('change', (event) => {
                    const isLookupField = event.target.getAttribute('name')?.endsWith('lookup_field');
                    const isLookupType = event.target.getAttribute('name')?.endsWith('lookup_type');

                    if (isLookupField) {
                        const type = event.target.form.querySelector('[name$="lookup_type"]');
                        $(type).val(null).trigger('change');
                    }

                    if (isLookupField || isLookupType) {
                        const value = [...event.target.form.querySelectorAll('.nb-form-group')]
                            .pop()
                        ?.querySelector('input, select, textarea');

                        if (value.tagName === 'SELECT') {
                            $(value).val(null).trigger('change');
                        } else {
                            value.value = '';
                        }
                    }
                });

                const isFilterForm = (target) => Boolean(target?.closest('#FilterForm_drawer'));

                document.addEventListener('reset', (event) => {
                    if (isFilterForm(event.target)) {
                        event.preventDefault();

                        // Remove all filter query params from location search while keeping non-filter params intact.
                        const searchParams = new URLSearchParams(window.location.search);
                        const nextSearchParams = new URLSearchParams([
                            ...[...searchParams].filter(
                                ([property]) => NON_FILTER_PARAMS.includes(property) && property !== 'all_filters_removed',
                            ),
                            ['all_filters_removed', 'true'],
                        ]);

                        location.assign(`?${nextSearchParams}`);
                    }
                });

                document.addEventListener('submit', (event) => {
                    if (isFilterForm(event.target)) {
                        event.preventDefault();

                        const { defaultFilterForm, dynamicFilterForm } = getFilterForms();

                        /*
                         * Just before the form submission automatically add filter selected in "Advanced" tab (if any)
                         * which hasn't been manually applied for whatever reason (usually forgetfulness, speed, etc.).
                         * This is a requested UX flavor.
                         */
                        const add = dynamicFilterForm.querySelector('button.nb-dynamic-filter-add');
                        add.click();

                        // Remove all field names which are not applied filters container descendants.
                        [...dynamicFilterForm.querySelectorAll('input, select, textarea')].forEach((field) =>
                            field.closest('.nb-dynamic-filter-items') ? undefined : field.removeAttribute('name'),
                        );

                        /*
                         * Get the serialized data from the forms and:
                         *   1) Filter out query params which values are empty e.g `?sam=&dan=2` becomes `dan=2`.
                         *   2) Combine the two forms into a single set of data without duplicate entries.
                         */
                        const defaultFilterFormSearchParams = new URLSearchParams(new FormData(defaultFilterForm));
                        const dynamicFilterFormSearchParams = new URLSearchParams(new FormData(dynamicFilterForm));
                        const searchParams = new URLSearchParams(window.location.search);

                        const nextSearchParams = new URLSearchParams([
                            ...[...defaultFilterFormSearchParams].filter(([, value]) => value !== ''),
                            ...[...dynamicFilterFormSearchParams].filter(
                                ([property, value]) => value !== '' && !defaultFilterFormSearchParams.has(property, value),
                            ),
                            ...[...searchParams].filter(
                                ([property]) => NON_FILTER_PARAMS.includes(property) && property !== 'all_filters_removed',
                            ),
                        ]);

                        if (nextSearchParams.has('saved_view')) {
                            const all_filters_removed = [...nextSearchParams].every(([property]) =>
                                NON_FILTER_PARAMS.includes(property),
                            );

                            if (all_filters_removed) {
                                nextSearchParams.set('all_filters_removed', 'true');
                            }
                        }

                        location.assign(`?${nextSearchParams}`);
                    }
                });

                const onSubmitOrReset = (event) => (isFilterForm(event.target) ? window.nb?.history?.saveState() : undefined);
                document.addEventListener('reset', onSubmitOrReset);
                document.addEventListener('submit', onSubmitOrReset);
            });
        })();
    </script>


    
        


<section class="nb-drawer" tabindex="-1" id="ISISConfigurationTable_config">
    <div class="nb-drawer-header">
        <h1>Table Configuration</h1>
        <button type="button" class="btn-close" data-nb-dismiss="drawer" aria-label="Close"></button>
    </div>
    <div class="nb-drawer-body">
        <form class="userconfigform h-100 pb-20 px-20 vstack" data-config-root="tables.ISISConfigurationTable">
            <div class="row align-content-start flex-fill">
                <div class="col-12">
                    <div class="alert alert-warning">
                        Column choices may negatively affect loading times.
                        <a href="/static/docs/user-guide/platform-functionality/user-interface/configurablecolumns.html" class="btn btn-link btn-sm" target="_blank" rel="noopener">
                            <span class="mdi mdi-information"></span>
                        </a>
                    </div>
                </div>
                <div class="col-12">
                    
                        <select name="columns" size="20" class="form-control" placeholder="None" id="id_columns" multiple>
  <option value="instance" selected>Instance</option>

  <option value="system_id" selected>System ID</option>

  <option value="status" selected>Status</option>

  <option value="dynamic_group_count">Dynamic Groups</option>

</select>
                        <span class="form-text mt-8">Use the buttons below to arrange columns in the desired order, then select all columns to display.</span>
                        <div class="hstack gap-4 mt-8 mx-n4">
                            
                            <button type="button" class="btn btn-primary btn-sm" id="move-option-up" data-target="id_columns"><span class="mdi mdi-arrow-up-bold me-4"></span>Move up</button>
                            <button type="button" class="btn btn-primary btn-sm" id="move-option-down" data-target="id_columns"><span class="mdi mdi-arrow-down-bold me-4"></span>Move down</button>
                            <button type="button" class="btn btn-success btn-sm" id="select-all-options" data-target="id_columns"><span class="mdi mdi-expand-all-outline me-4"></span>Select all</button>
                            
                        </div>
                    
                </div>
            </div>
            <div class="nb-form-sticky-footer">
                <input type="submit" class="btn btn-primary" value="Save">
                <input type="submit" class="btn btn-danger reset" value="Reset">
            </div>
        </form>
    </div>
</section>


    <script>
        (() => {
            document.addEventListener('DOMContentLoaded', () => {
                document.addEventListener('submit', (event) => {
                    if (event.target.closest('#ISISConfigurationTable_config')) {
                        // Keep the drawer open after page reload caused by form submission.
                        window.nb.history.saveState();
                    }
                });
            });
        })();
    </script>


    
    <section class="nb-drawer" tabindex="-1" id="SavedViews_drawer">
        <div class="nb-drawer-header">
            <h1>Saved Views</h1>
            <button type="button" class="btn-close" data-nb-dismiss="drawer" aria-label="Close"></button>
        </div>
        <div class="nb-drawer-body pb-20 px-20">
            <div class="align-items-start vstack flex-grow-0 gap-10">
                
            </div>
            
            <div class="align-items-start vstack gap-10">
                Actions:
                
                <a class="btn btn-secondary" href="" data-bs-toggle="modal" data-bs-target="#saved_view_modal">
                    <span class="mdi mdi-content-save-plus-outline me-4" aria-hidden="true"></span>Save As New
                </a>
                
            </div>
        </div>
    </section>

        </div>
        <header id="header">
            <div class="banner-alert-area">
                



    
        <div class="alert alert-info text-center" role="alert">
            <p>Local</p>
        </div>
    






                

            </div>
            <div class="container-fluid mb-12 mt-16">
                <div class="row">
                    <div id="page-title" class="col-4">
                        
                            


<h1 class="d-flex fs-2 gap-8 lh-sm py-6">
    <img
        alt="Nautobot chevron"
        class="align-self-start flex-grow-0 flex-shrink-0 my-n4"
        role="presentation"
        src="/static/img/nautobot_chevron.svg"
        style="width: 1.5rem;"
    />
    
        Isis Configurations
    
</h1>

                        
                    </div>
                    



    
        <form action="/search/" class="col-4 text-center" id="header_search" method="get" role="search">
            <label class="position-relative w-100">
                <input
                    aria-placeholder="Press Ctrl+K to search"
                    class="form-control nb-text-transparent"
                    name="q"
                    type="search"
                    value=""
                />
                <span class="align-items-center d-inline-flex gap-6 overflow-hidden px-12 py-6 pe-none position-absolute start-0 top-0 user-select-none w-100">
                    <span aria-hidden="true" class="mdi mdi-magnify text-secondary d-inline-flex"></span>
                    
                        
                            
                                
                                    
                                
                                    
                                
                                    
                                
                                    
                                
                                    
                                
                            
                                
                                    
                                
                                    
                                
                                    
                                
                            
                                
                                    
                                
                                    
                                
                                    
                                
                            
                                
                                    
                                
                                    
                                
                                    
                                
                            
                                
                                    
                                
                                    
                                
                            
                                
                                    
                                
                                    
                                
                                    
                                
                                    
                                
                            
                                
                                    
                                
                                    
                                
                                    
                                
                                    
                                
                                    
                                
                                    
                                
                                    
                                
                                    
                                
                                    
                                
                                    
                                
                            
                        
                            
                                
                                    
                                
                            
                                
                                    
                                
                            
                                
                                    
                                
                            
                                
                                    
                                
                                    
                                
                                    
                                
                            
                                
                                    
                                
                                    
                                
                            
                                
                                    
                                
                            
                        
                            
                                
                                    
                                
                                    
                                
                            
                                
                                    
                                
                                    
                                
                                    
                                
                                    
                                
                            
                                
                                    
                                
                                    
                                
                            
                                
                                    
                                
                                    
                                
                            
                                
                                    
                                
                            
                                
                                    
                                
                                    
                                
                                    
                                
                            
                        
                            
                                
                                    
                                
                                    
                                        <span class="badge border" data-nb-link="/plugins/nautobot-igp-models/isis-configuration/"><!--
                                            -->in: ISIS Configuration<!--
                                            --><button tabindex="-1" type="button">
                                            <span aria-hidden="true" class="mdi mdi-close"></span>
                                            <span class="visually-hidden">Remove</span>
                                        </button>
                                        </span>
                                    
                                
                                    
                                
                                    
                                
                                    
                                
                            
                        
                            
                                
                                    
                                
                                    
                                
                                    
                                
                            
                                
                                    
                                
                                    
                                
                            
                        
                            
                                
                                    
                                
                                    
                                
                                    
                                
                            
                                
                                    
                                
                                    
                                
                                    
                                
                            
                        
                            
                                
                                    
                                
                                    
                                
                            
                        
                            
                                
                                    
                                
                                    
                                
                                    
                                
                                    
                                
                                    
                                
                            
                        
                            
                                
                                    
                                
                                    
                                
                            
                        
                            
                                
                                    
                                
                                    
                                
                                    
                                
                                    
                                
                                    
                                
                            
                        
                            
                                
                                    
                                
                                    
                                
                            
                                
                                    
                                
                                    
                                
                                    
                                
                            
                        
                            
                                
                                    
                                
                                    
                                
                                    
                                
                                    
                                
                            
                        
                            
                                
                                    
                                
                                    
                                
                            
                        
                            
                                
                                    
                                
                            
                                
                                    
                                
                            
                                
                                    
                                
                                    
                                
                                    
                                
                                    
                                
                                    
                                
                                    
                                
                            
                                
                                    
                                
                            
                                
                                    
                                
                                    
                                
                            
                                
                                    
                                
                                    
                                
                                    
                                
                                    
                                
                                    
                                
                            
                                
                                    
                                
                                    
                                
                                    
                                
                                    
                                
                            
                                
                                    
                                
                                    
                                
                            
                        
                            
                                
                                    
                                
                                    
                                
                                    
                                
                                    
                                
                                    
                                
                                    
                                
                            
                        
                            
                                
                                    
                                
                                    
                                
                            
                        
                    
                    <span
                        aria-hidden="true"
                        class="align-items-center d-inline-flex gap-4 text-nowrap text-secondary"
                    >
                        
                            Press <kbd class="mt-n1">Ctrl+K</kbd> to search
                        
                    </span>
                    <a class="align-items-center d-inline-flex ms-auto pe-auto"
                       href="/static/docs/user-guide/platform-functionality/user-interface/search.html"
                       target="_blank"
                       rel="noopener"
                    >
                        <span aria-hidden="true" class="mdi mdi-help-circle-outline text-secondary"></span>
                    </a>
                </span>
            </label>
        </form>
    

    <div class="col-4 text-end">
        <div class="dropdown">
            <button class="btn dropdown-toggle align-items-center d-inline-flex gap-6" type="button" data-bs-toggle="dropdown" aria-expanded="false">
                <span aria-hidden="true" class="mdi mdi-account text-secondary"></span>
                nautobotuser
            </button>
            <ul class="dropdown-menu dropdown-menu-end">
                <li><a class="dropdown-item" href="/about/"><span class="mdi mdi-information"></span>About Nautobot</a></li>
                <li><a class="dropdown-item" href="/user/profile/"><span class="mdi mdi-account-box"></span>Profile</a></li>
                <li><a class="dropdown-item" href="/extras/approver-dashboard/"><span class="mdi mdi-check-bold"></span>Approval Dashboard</a></li>
                
                <li class="dropdown-divider"></li>
                <li><a class="dropdown-item" href="/logout/"><span class="mdi mdi-logout"></span>Log out</a></li>
            </ul>
        </div>
    </div>


                    <div class="col-12">
                        
    

    

    

<nav aria-label="Breadcrumbs" class="mt-1">
    <ol class="breadcrumb">
        
            
                
            
        
    </ol>
</nav>


                    </div>
                </div>
            </div>
            
        </header>
        <main class="container-fluid wrapper" id="main-content" tabindex="-1">
            
    <div class="align-items-center d-flex gap-8 justify-content-end mb-16 d-print-none">
        
        

        <div class="btn-group">
            
                <button type="button" id="actions-dropdown" class="btn btn-primary dropdown-toggle" data-bs-toggle="dropdown">
                    Actions
                    <span class="mdi mdi-chevron-down" aria-hidden="true"></span>
                </button>
            
            <ul class="dropdown-menu dropdown-menu-end" role="menu">
                
                
                
                    
                        
    
        
        
        <li>
            <form action="/extras/jobs/nautobot.core.jobs.ExportObjectList/run/" method="post">
                <input type="hidden" name="csrfmiddlewaretoken" value="1IAxzjXwEaikWfI7y09M0Hh4h3QbgLzdpyFVxr8SibgqaL9ckR6b70ztFfWXq8n6">
                <input type="hidden" name="content_type" value="193">
                <input type="hidden" name="query_string" value="ice_cream_flavor=chocolate">
                <input type="hidden" name="_schedule_type" value="immediately">
                <input type="hidden" name="export_format" value="csv">
                <button class="dropdown-item" type="submit">
                    <span class="mdi mdi-database-export text-secondary" aria-hidden="true"></span> Export as CSV
                </button>
            </form>
        </li>
        
    


                    
                
            </ul>
        </div>
        
        
        
            
            
        
        <div class="align-items-center d-flex gap-4">
            
                <button
                    type="button"
                    class="btn position-relative text-secondary"
                    data-nb-toggle="drawer"
                    data-nb-target="#SavedViews_drawer"
                    title="Saved Views"
                    aria-expanded="false"
                    aria-controls="SavedViews_drawer"
                >
                    <span class="mdi mdi-view-compact-outline" aria-hidden="true"></span>
                    <span class="visually-hidden">Saved Views</span>
                    
                </button>
            
            
                <button
                    type="button"
                    class="btn position-relative text-secondary"
                    data-nb-toggle="drawer"
                    data-nb-target="#FilterForm_drawer"
                    title="Add Filters"
                    id="id__filterbtn"
                    aria-controls="FilterForm_drawer"
                    aria-expanded="false"
                >
                    <span class="mdi mdi-filter" aria-hidden="true"></span>
                    <span class="visually-hidden">Add Filters</span>
                    
                        <span aria-hidden="true" class="nb-btn-indicator"></span>
                    
                </button>
            
        </div>
    </div>

    

    <div>
        
            
                
                    


<div class="card mb-3">
    
    <div class="table-responsive">
        



    <table class="table table-hover nb-table-headings">
        
            <thead>
                <tr>
                    
                        
                            
                                <th class="orderable"><a href="?ice_cream_flavor=chocolate&amp;sort=instance" data-column-name="instance">Instance</a></th>
                            
                        
                    
                        
                            
                                <th class="orderable"><a href="?ice_cream_flavor=chocolate&amp;sort=system_id" data-column-name="system_id">System ID</a></th>
                            
                        
                    
                        
                            
                                <th class="orderable"><a href="?ice_cream_flavor=chocolate&amp;sort=status" data-column-name="status">Status</a></th>
                            
                        
                    
                        
                            <th class="nb-actionable nb-w-0 orderable">
                                <button
            type="button"
            class="btn border-0 float-end rounded-0 text-end text-secondary "
            data-nb-toggle="drawer"
            data-nb-target="#ISISConfigurationTable_config"
            
            title="Configure table"
            aria-controls="ISISConfigurationTable_config"
            aria-expanded="false"
        >
            <span class="mdi mdi-cog" aria-hidden="true"></span>
            <span class="visually-hidden">Configure</span>
        </button>
                            </th>
                        
                    
                    
                </tr>
            </thead>
        
        <tbody>
            
                <tr class="even">
                    
                        <td ><a href="/plugins/nautobot-igp-models/igproutinginstance/42c8e615-cc74-4916-be8f-777d63949368/">ISIS on router1</a></td>
                    
                        <td >49.0001.0010.0000.0001.00</td>
                    
                        <td >
    
    
        <span class="badge" style="color: #ffffff; background-color: #4caf50">
            Active
        </span>
    
    </td>
                    
                        <td class="d-print-none nb-actions nb-w-0 text-end text-nowrap">
    <div class="dropdown">
        <button class="btn dropdown-toggle" type="button" data-bs-toggle="dropdown" aria-expanded="false">
            <span class="mdi mdi-dots-vertical" aria-hidden="true"></span>
            <span class="visually-hidden">Toggle Dropdown</span>
        </button>
        <ul class="dropdown-menu dropdown-menu-end">
            
            
            
            
        </ul>
    </div>

    </td>
                    
                    
                </tr>
            
                <tr class="odd">
                    
                        <td ><a href="/plugins/nautobot-igp-models/igproutinginstance/a5012768-11e1-4bc1-b1dc-d545172fc8d1/">ISIS on router2</a></td>
                    
                        <td >49.0001.0010.0000.0002.00</td>
                    
                        <td >
    
    
        <span class="badge" style="color: #ffffff; background-color: #4caf50">
            Active
        </span>
    
    </td>
                    
                        <td class="d-print-none nb-actions nb-w-0 text-end text-nowrap">
    <div class="dropdown">
        <button class="btn dropdown-toggle" type="button" data-bs-toggle="dropdown" aria-expanded="false">
            <span class="mdi mdi-dots-vertical" aria-hidden="true"></span>
            <span class="visually-hidden">Toggle Dropdown</span>
        </button>
        <ul class="dropdown-menu dropdown-menu-end">
            
            
            
            
        </ul>
    </div>

    </td>
                    
                    
                </tr>
            
                <tr class="even">
                    
                        <td ><a href="/plugins/nautobot-igp-models/igproutinginstance/7685a211-b1c0-4e19-a28a-9007e6e74979/">ISIS on router3</a></td>
                    
                        <td >49.0001.0010.0000.0003.00</td>
                    
                        <td >
    
    
        <span class="badge" style="color: #ffffff; background-color: #4caf50">
            Active
        </span>
    
    </td>
                    
                        <td class="d-print-none nb-actions nb-w-0 text-end text-nowrap">
    <div class="dropdown">
        <button class="btn dropdown-toggle" type="button" data-bs-toggle="dropdown" aria-expanded="false">
            <span class="mdi mdi-dots-vertical" aria-hidden="true"></span>
            <span class="visually-hidden">Toggle Dropdown</span>
        </button>
        <ul class="dropdown-menu dropdown-menu-end">
            
            
            
            
        </ul>
    </div>

    </td>
                    
                    
                </tr>
            
        </tbody>
        
    </table>


    </div>
    
</div>

                
            
            

<div class="paginator align-items-center d-flex fs-5 gap-10 justify-content-end mt-16 text-secondary">
    
        <div>
            Showing 1-3 of 3
        </div>
        <div class="vr border-start my-8"></div>
    
    <form class="align-items-center d-flex gap-4" method="get">
        
            
                
                    <input type="hidden" name="ice_cream_flavor" value="chocolate" />
                
            
        
        <select name="per_page" id="per_page" class="form-select">
            
                <option value="65000" selected="selected">65000</option>
            
            
                <option value="25">25</option>
            
                <option value="50">50</option>
            
                <option value="100">100</option>
            
                <option value="250">250</option>
            
                <option value="500">500</option>
            
                <option value="1000">1000</option>
            
        </select>
        per page
    </form>
    
</div>

            <div class="clearfix"></div>
        
    </div>
    
        


<div class="modal fade" tabindex="-1" id="saved_view_modal" role="dialog">
    <div class="modal-dialog modal-lg">
        <div class="modal-content">
            <div class="modal-header">
                <h4 class="modal-title">New Saved View</h4>
                <button type="button" class="btn-close" data-bs-dismiss="modal" aria-label="Close"></button>
            </div>
            <form action="/extras/saved-views/add/" method="post">
                <div class="modal-body">
                    <input type="hidden" name="csrfmiddlewaretoken" value="1IAxzjXwEaikWfI7y09M0Hh4h3QbgLzdpyFVxr8SibgqaL9ckR6b70ztFfWXq8n6">
                    <div class="row">
                        

<div class="mb-10 d-md-flex justify-content-center">
    
        <label class="col-md-3 col-form-label nb-required" for="id_name">
            Name
        </label>
        <div class="col-md-9">
            <input type="text" name="name" maxlength="255" class="form-control" required placeholder="Name" id="id_name">
            
            
                <span class="form-text">The name of this view</span>
            
    
    
</div>
</div>

                        <span class="col-lg-3 text-end text-secondary">New Changes</span>
                        <div class="col-lg-9">
                            <pre><code class="language-json">{
    &quot;filter_params&quot;: {
        &quot;ice_cream_flavor&quot;: [
            &quot;chocolate&quot;
        ]
    },
    &quot;per_page&quot;: 65000,
    &quot;sort_order&quot;: [],
    &quot;table_config&quot;: null
}</code></pre>
                        </div>
                        

<div class="mb-10 d-md-flex justify-content-center">
    
        <div class="col-md-9 offset-md-3">
            <div class="form-check mt-6">
                <input type="checkbox" name="is_shared" class="form-check-input" placeholder="Is shared" id="id_is_shared">
                <label class="form-check-label" for="id_is_shared">
                    Is shared
                </label>
            </div>
            
            
                <span class="form-text">If checked, all users will be able to see this saved view</span>
            
    
    
</div>
</div>

                        <input type="hidden" id="view" name="view" value="plugins:nautobot_igp_models:isisconfiguration_list">
                        <input type="hidden" id="params" name="params" value="ice_cream_flavor=chocolate">
                    </div>
                </div>
                <div class="modal-footer">
                    <button type="submit" class="btn btn-primary">
                        <span aria-hidden="true" class="mdi mdi-content-save-plus-outline me-4"></span><!--
                        -->Save
                    </button>
                    <button class="btn btn-secondary" data-bs-dismiss="modal" type="button">
                        <span aria-hidden="true" class="mdi mdi-close me-4"></span><!--
                        -->Cancel
                    </button>
                </div>
            </form>
        </div>
    </div>
</div>

    
    

<div class="modal fade" tabindex="-1" role="dialog" id="dynamic_group_assignment_modal">
    <div class="modal-dialog modal-lg" role="document">
        <div class="modal-content">
            <div class="modal-header">
                <button type="button" class="btn-close" data-bs-dismiss="modal" aria-label="Close">
                </button>
                <h4 class="modal-title">Static Assignment to Dynamic Groups</h4>
            </div>
            <form id="dynamic_group_assignment_form" action="/extras/dynamic-groups/assign-members/?"
                  method="post" class="form form-horizontal">
                <div class="modal-body">
                    <input type="hidden" name="csrfmiddlewaretoken" value="1IAxzjXwEaikWfI7y09M0Hh4h3QbgLzdpyFVxr8SibgqaL9ckR6b70ztFfWXq8n6">
                    <input type="hidden" name="return_url" value="/plugins/nautobot-igp-models/isis-configuration/?ice_cream_flavor=chocolate">
                    <input type="hidden" id="dynamic_group_assignment_all" name="_all">
                    <span id="dynamic_group_assignment_pks"></span>
                    
                        <input type="hidden" name="content_type" value="193" class="form-control" required="required" placeholder="None" id="id_content_type">
                    
                        
                    
                    

<div class="mb-10 d-md-flex justify-content-center">
    
        <label class="col-md-3 col-form-label" for="id_add_to_groups">
            Add to existing group(s)
        </label>
        <div class="col-md-9">
            <select name="add_to_groups" class="nautobot-select2-api" data-multiple="1" data-query-param-group_type="[&quot;static&quot;]" data-query-param-content_type="[&quot;nautobot_igp_models.isisconfiguration&quot;]" data-query-param-exclude_m2m="[&quot;true&quot;]" display-field="display" data-depth="0" data-url="/api/extras/dynamic-groups/" id="id_add_to_groups" multiple>
</select>
            
            
    
    
</div>
</div>

                    

<div class="mb-10 d-md-flex justify-content-center">
    
        <label class="col-md-3 col-form-label" for="id_create_and_assign_to_new_group_name">
            Create a new group
        </label>
        <div class="col-md-9">
            <input type="text" name="create_and_assign_to_new_group_name" class="form-control" placeholder="Create a new group" id="id_create_and_assign_to_new_group_name">
            
            
                <span class="form-text">Create a new group with this name and assign the selected objects to it.</span>
            
    
    
</div>
</div>

                    

<div class="mb-10 d-md-flex justify-content-center">
    
        <label class="col-md-3 col-form-label" for="id_remove_from_groups">
            Remove from group(s)
        </label>
        <div class="col-md-9">
            <select name="remove_from_groups" class="nautobot-select2-api" data-multiple="1" data-query-param-group_type="[&quot;static&quot;]" data-query-param-content_type="[&quot;nautobot_igp_models.isisconfiguration&quot;]" data-query-param-exclude_m2m="[&quot;true&quot;]" display-field="display" data-depth="0" data-url="/api/extras/dynamic-groups/" id="id_remove_from_groups" multiple>
</select>
            
            
    
    
</div>
</div>

                </div>
                <div class="modal-footer">
                    <button type="submit" class="btn btn-primary">
                        <span class="mdi mdi-group" aria-hidden="true"></span> Apply
                    </button>
                    <button type="button" class="btn btn-secondary" id="dynamic_group_assignment_cancel">
                        <span class="mdi mdi-close-thick" aria-hidden="true"></span> Cancel
                    </button>
                </div>
            </form>
        </div>
    </div>
</div>


        </main>
        
            
        
        





======================================================================
FAIL: test_list_objects_with_constrained_permission (nautobot_igp_models.tests.test_views.ISISConfigurationViewTest.test_list_objects_with_constrained_permission)
----------------------------------------------------------------------
Traceback (most recent call last):
  File "/usr/local/lib/python3.11/site-packages/django/test/utils.py", line 461, in inner
    return func(*args, **kwargs)
           ^^^^^^^^^^^^^^^^^^^^^
  File "/usr/local/lib/python3.11/site-packages/nautobot/core/testing/views.py", line 1160, in test_list_objects_with_constrained_permission
    self.assertRegex(content, r">\s*" + re.escape(escape(instance1.name)) + r"\s*<", msg=content)
AssertionError: Regex didn't match: '>\\s*ISIS\\-Config\\-R1\\s*<' not found in '\n\n\n        <div id="drawer">\n            \n    \n\n\n\n<section class="nb-drawer" tabindex="-1" id="FilterForm_drawer">\n    <div class="nb-drawer-header">\n        <h1>Filters</h1>\n        <button type="button" class="btn-close" data-nb-dismiss="drawer" aria-label="Close"></button>\n    </div>\n    <div class="nb-drawer-body">\n        <ul id="filter-tabs" class="nav nav-tabs">\n            \n                <li role="presentation" class="nav-item">\n                    <a class="nav-link active"  href="#default-filter" role="tab" data-bs-toggle="tab">\n                        Basic\n                    </a>\n                </li>\n            \n            \n                <li role="presentation" class="nav-item">\n                    <a class="nav-link position-relative" href="#advanced-filter" role="tab" data-bs-toggle="tab">\n                        Advanced\n                        \n\n                    </a>\n                </li>\n            \n        </ul>\n        <div class="tab-content h-100">\n            \n                <div id="default-filter" role="tabpanel" class="tab-pane fade show active h-100 p-20">\n                    \n\n<form class="h-100 vstack">\n    <div class="align-content-start flex-fill pb-20">\n        \n        \n            \n                <div class="nb-form-group">\n                    \n                        <label for="id_instance">IGP Instance</label>\n                        <select name="instance" class="nautobot-select2-api form-control" data-query-param-exclude_m2m="[&quot;true&quot;]" display-field="display" data-depth="0" placeholder="IGP Instance" data-url="/api/plugins/nautobot-igp-models/igp-routing-instances/" id="id_instance">\n  <option value=""\n         selected\n        >---------</option>\n\n</select>\n                    \n                </div>\n            \n        \n            \n                <div class="nb-form-group">\n                    \n                        <label for="id_system_id">System ID</label>\n                        <input type="text" name="system_id" class="form-control" placeholder="System ID" id="id_system_id">\n                    \n                </div>\n            \n        \n            \n                <div class="nb-form-group">\n                    \n                        <label for="id_contacts">Contacts</label>\n                        <select name="contacts" class="nautobot-select2-api form-control" data-multiple="1" data-query-param-exclude_m2m="[&quot;true&quot;]" display-field="display" value-field="name" data-depth="0" placeholder="None" data-url="/api/extras/contacts/" id="id_contacts" multiple>\n</select>\n                    \n                </div>\n            \n        \n            \n                <div class="nb-form-group">\n                    \n                        <label for="id_teams">Teams</label>\n                        <select name="teams" class="nautobot-select2-api form-control" data-multiple="1" data-query-param-exclude_m2m="[&quot;true&quot;]" display-field="display" value-field="name" data-depth="0" placeholder="None" data-url="/api/extras/teams/" id="id_teams" multiple>\n</select>\n                    \n                </div>\n            \n        \n    </div>\n    <div class="justify-content-between mb-n20 nb-form-sticky-footer">\n        <button type="submit" class="btn btn-primary">\n            <span class="mdi mdi-check me-4" aria-hidden="true"></span><!--\n            -->Apply Specified\n        </button>\n        <button type="reset" class="btn btn-secondary">\n            <span aria-hidden="true" class="mdi mdi-close me-4"></span><!--\n            -->Clear All\n        </button>\n    </div>\n</form>\n\n                </div>\n            \n            \n                <div id="advanced-filter" role="tabpanel" class="tab-pane fade h-100 p-20">\n                    <form class="h-100 vstack" id="dynamic-filter-form">\n                        <div class="align-content-start flex-fill pb-20">\n                            <input type="hidden" name="form-TOTAL_FORMS" value="1" id="id_form-TOTAL_FORMS"><input type="hidden" name="form-INITIAL_FORMS" value="0" id="id_form-INITIAL_FORMS"><input type="hidden" name="form-MIN_NUM_FORMS" value="0" id="id_form-MIN_NUM_FORMS"><input type="hidden" name="form-MAX_NUM_FORMS" value="1000" id="id_form-MAX_NUM_FORMS">\n                            \n                                <div class="nb-form-group">\n                                    <label for="id_form-0-lookup_field">Field</label>\n                                    <select name="form-0-lookup_field" class="nautobot-select2-static lookup_field-select" placeholder="Field" id="id_form-0-lookup_field">\n  <option value="" selected>---------</option>\n\n  <option value="contacts">Contacts (name or ID)</option>\n\n  <option value="created">Created</option>\n\n  <option value="dynamic_groups">Dynamic groups (name or ID)</option>\n\n  <option value="instance">IGP Instance (Device Name)</option>\n\n  <option value="id">Id</option>\n\n  <option value="last_updated">Last updated</option>\n\n  <option value="status">Status (name or ID)</option>\n\n  <option value="system_id">System ID</option>\n\n  <option value="teams">Teams (name or ID)</option>\n\n</select>\n                                </div>\n                            \n                                <div class="nb-form-group">\n                                    <label for="id_form-0-lookup_type">Lookup type</label>\n                                    <select name="form-0-lookup_type" class="nautobot-select2-api lookup_type-select" placeholder="None" data-query-param-field_name="[&quot;$lookup_field&quot;]" data-contenttype="nautobot_igp_models.isisconfiguration" data-url="/api/core/filterset-fields/lookup-choices/" id="id_form-0-lookup_type">\n</select>\n                                </div>\n                            \n                                <div class="nb-form-group">\n                                    <label for="id_form-0-lookup_value">Value</label>\n                                    <input type="text" name="form-0-lookup_value" class="form-control lookup_value-input form-control" placeholder="Value" id="id_form-0-lookup_value">\n                                </div>\n                            \n                            <button class="nb-dynamic-filter-add btn btn-primary d-block ms-auto my-20" type="button">\n                                <span aria-hidden="true" class="mdi mdi-plus me-4"></span><!--\n                                -->Add Filter\n                            </button>\n                            <hr class="border-top my-20">\n                            <div class="nb-dynamic-filter-items d-flex flex-wrap gap-10">\n                                \n                            </div>\n                        </div>\n\n                        <div class="d-print-none justify-content-between mb-n20 nb-form-sticky-footer">\n                            <button type="submit" class="btn btn-primary">\n                                <span class="mdi mdi-check me-4" aria-hidden="true"></span><!--\n                                -->Apply Specified\n                            </button>\n                            <button type="reset" class="btn btn-secondary">\n                                <span aria-hidden="true" class="mdi mdi-close me-4"></span><!--\n                                -->Clear All\n                            </button>\n                        </div>\n                    </form>\n                </div>\n            \n        </div>\n    </div>\n</section>\n\n\n    <script>\n        (() => {\n            document.addEventListener(\'DOMContentLoaded\', () => {\n                const NON_FILTER_PARAMS = [\n                    \'all_filters_removed\',\n                    \'clear_view\',\n                    \'per_page\',\n                    \'saved_view\',\n                    \'sort\',\n                    \'table_changes_pending\',\n                ];\n\n                /**\n                 * Insert given `element` as `parent`\'s first child.\n                 * @param {HTMLElement} element - Element to be inserted.\n                 * @param {HTMLElement} parent - Parent container for given `element`.\n                 * @returns {void} Do not return any value, modify DOM in-place.\n                 */\n                const insertFirst = (element, parent) => {\n                    parent.hasChildNodes() ? parent.insertBefore(element, parent.firstElementChild) : parent.appendChild(element);\n                };\n\n                /**\n                 * Get HTML elements for default and dynamic filter forms.\n                 * @returns {object} Object with `defaultFilterForm` and `dynamicFilterForm` HTML elements or `null`,\n                 *   depending on their actual existence in the DOM.\n                 */\n                const getFilterForms = () => ({\n                    defaultFilterForm: document.querySelector(\'#default-filter form\'),\n                    dynamicFilterForm: document.querySelector(\'#dynamic-filter-form\'),\n                });\n\n                const prepopulateFilterSelectsFromURL = (() => {\n                    const { defaultFilterForm } = getFilterForms();\n                    const urlParams = new URLSearchParams(window.location.search);\n                    // Only target Select2 controls inside the default filter form.\n                    [...defaultFilterForm.querySelectorAll(\'select.nautobot-select2-multi-value-char\')].forEach((el) => {\n                        const name = el.getAttribute(\'name\');\n                        if (!name) { return; }\n                        const values = urlParams.getAll(name);\n                        if (!values.length) { return; }\n                        values.forEach((val) => {\n                            let found = Array.prototype.find.call(el.options, (opt) => {\n                                return String(opt.value) === String(val);\n                            });\n                            if (found) {\n                                found.selected = true;\n                            } else {\n                                el.add(new Option(val, val, true, true));\n                            }\n                        });\n                        if (window.jQuery && $(el).data(\'select2\')) {\n                            $(el).trigger(\'change\');\n                        }\n                    });\n                })();\n\n                /**\n                 * Synchronize given `filter` value from default to dynamic filter form.\n                 * @param {string} name - Filter name.\n                 * @returns {void} Do not return any value, just set given field values.\n                 */\n                const syncDefaultToDynamic = (name) => {\n                    const { defaultFilterForm } = getFilterForms();\n\n                    const field = defaultFilterForm.querySelector(`[name="${name}"]`);\n                    const text = field?.closest(\'.nb-form-group\')?.querySelector(\'label\')?.innerText?.trim();\n                    /*\n                     * `manageDynamicFilter` takes an array of `{ text: string, value: string }` objects as `value`, so\n                     * regardless of field being a textbox, a single or multiple choice combobox, conversion is required:\n                     *   1. For combobox (i.e. `<select>`), iterate over selected options and map them to display `text`\n                     *     and underlying `value`.\n                     *   2. For textbox (i.e. `<input>` or `<textarea>`):\n                     *     1. Use entered value as both display `text` and underlying `value`.\n                     *     2. If field is empty, use an empty array.\n                     */\n                    const value =\n                        field?.tagName === \'SELECT\'\n                        ? [...field.selectedOptions].map((option) => ({ text: option.innerText, value: option.value }))\n                        : [...(field?.value ? [{ text: field.value, value: field.value }] : [])];\n\n                    manageDynamicFilter({ action: \'set\', name, text, value });\n                };\n\n                /**\n                 * Synchronize given `filter` value from dynamic to default filter form.\n                 * @param {string} name - Filter name.\n                 * @returns {void} Do not return any value, just set given field values.\n                 */\n                const syncDynamicToDefault = (name) => {\n                    const { defaultFilterForm, dynamicFilterForm } = getFilterForms();\n\n                    const current = [...dynamicFilterForm.querySelectorAll(`input[name="${name}"][type="hidden"]`)].map(\n                        (input) => ({\n                            text: [...(input.parentElement?.childNodes ?? [])].find((node) => node.nodeName === \'#text\')?.wholeText,\n                            value: input.getAttribute(\'value\'),\n                        }),\n                    );\n\n                    const sync = defaultFilterForm?.querySelector(`[name=${name}]`);\n\n                    if (sync?.tagName === \'INPUT\' || sync?.tagName === \'TEXTAREA\') {\n                        sync.value = current.length > 0 ? current[0].value : \'\';\n                    } else if (sync?.tagName === \'SELECT\') {\n                        window.nb.select2.setSelect2Value(sync, current);\n                    }\n                };\n\n                /**\n                 * Manage dynamic filter either by adding values to the existing selection or by setting passed values\n                 * regardless of previous selection.\n                 * @param {\'add\'|\'set\'} action - Use `\'add\'` to add given value to the existing selection; use `\'set\'`\n                 *   to set given value regardless of what was set previously.\n                 * @param {string} name - Filter field name.\n                 * @param {string} text - Filter display text.\n                 * @param {object[]} value - Array of objects containing `text` and `value` key-value pairs.\n                 */\n                const manageDynamicFilter = ({ action, name, text, value }) => {\n                    const { dynamicFilterForm } = getFilterForms();\n                    const items = dynamicFilterForm.querySelector(\'.nb-dynamic-filter-items\');\n\n                    const group = (() => {\n                        const existing = items.querySelector(`.nb-multi-badge[data-nb-field="${name}"]`);\n                        if (existing) {\n                            return existing;\n                        }\n\n                        const group = document.createElement(\'span\');\n                        group.classList.toggle(\'badge\', true);\n                        group.classList.toggle(\'nb-multi-badge\', true);\n                        group.setAttribute(\'data-nb-field\', name);\n\n                        const button = document.createElement(\'button\');\n                        button.classList.toggle(\'nb-dynamic-filter-remove\', true);\n                        button.setAttribute(\'type\', \'button\');\n\n                        const close = document.createElement(\'span\');\n                        close.classList.toggle(\'mdi\', true);\n                        close.classList.toggle(\'mdi-close\', true);\n                        close.setAttribute(\'aria-hidden\', \'true\');\n\n                        const remove = document.createElement(\'span\');\n                        remove.classList.toggle(\'visually-hidden\', true);\n                        remove.innerText = \'Remove All\';\n\n                        const children = document.createElement(\'span\');\n                        children.classList.toggle(\'nb-multi-badge-items\', true);\n\n                        button.appendChild(close);\n                        button.appendChild(remove);\n                        group.appendChild(button);\n                        group.insertAdjacentText(\'beforeend\', `${text}:`);\n                        group.appendChild(children);\n\n                        return group;\n                    })();\n\n                    const children = group.querySelector(\'.nb-multi-badge-items\');\n                    const existing = [...children.querySelectorAll(\'.badge[data-nb-value]\')];\n\n                    /*\n                     * Depending on `action` remove the following badges:\n                     *   1. For `\'add\'`, remove already existing filters with the same key-value pairs and re-create them later.\n                     *   2. For `\'set\'`, remove all existing filters of given key and apply only these passed as `values`.\n                     */\n                    const badgesToRemove =\n                        action === \'add\'\n                        ? existing.filter((badge) => value.some((item) => badge.getAttribute(\'data-nb-value\') === item.value))\n                        : existing;\n                    badgesToRemove.forEach((item) => children.removeChild(item));\n\n                    value.forEach(({ text, value }) => {\n                        const badge = document.createElement(\'span\');\n                        badge.classList.toggle(\'badge\', true);\n                        badge.setAttribute(\'data-nb-value\', value);\n\n                        const input = document.createElement(\'input\');\n                        input.setAttribute(\'name\', name);\n                        input.setAttribute(\'type\', \'hidden\');\n                        input.setAttribute(\'value\', value);\n\n                        const button = document.createElement(\'button\');\n                        button.classList.toggle(\'nb-dynamic-filter-remove\', true);\n                        button.setAttribute(\'type\', \'button\');\n\n                        const close = document.createElement(\'span\');\n                        close.classList.toggle(\'mdi\', true);\n                        close.classList.toggle(\'mdi-close\', true);\n                        close.setAttribute(\'aria-hidden\', \'true\');\n\n                        const remove = document.createElement(\'span\');\n                        remove.classList.toggle(\'visually-hidden\', true);\n                        remove.innerText = \'Remove\';\n\n                        button.appendChild(close);\n                        button.appendChild(remove);\n                        badge.appendChild(button);\n                        badge.insertAdjacentText(\'beforeend\', text);\n                        badge.appendChild(input);\n\n                        insertFirst(badge, children);\n                    });\n\n                    // If group already exists, remove it and later insert as the first child.\n                    if (items.contains(group)) {\n                        items.removeChild(group);\n                    }\n\n                    if (children.hasChildNodes()) {\n                        insertFirst(group, items);\n                    }\n                };\n\n                document.addEventListener(\'click\', (event) => {\n                    const { defaultFilterForm, dynamicFilterForm } = getFilterForms();\n\n                    const add = event.target.closest(\'button.nb-dynamic-filter-add\');\n                    if (add) {\n                        const field = dynamicFilterForm.querySelector(\'[name$="lookup_field"]\');\n                        const type = dynamicFilterForm.querySelector(\'[name$="lookup_type"]\');\n                        const value = [...dynamicFilterForm.querySelectorAll(\'.nb-form-group\')]\n                            .pop()\n                        ?.querySelector(\'input, select, textarea\');\n\n                        const isMissing = (control) =>\n                        control?.selectedOptions ? control.selectedOptions.length === 0 : !control?.value;\n                        if (isMissing(field) || isMissing(type) || isMissing(value)) {\n                            // Return early if selected filter is not complete (i.e. is missing lookup field, type or value).\n                            return;\n                        }\n\n                        const name = type.selectedOptions[0].value;\n                        const label = field.selectedOptions[0].innerText.trim();\n                        const suffix = type.selectedOptions[0].innerText.trim();\n                        const text = /\\(\\w+\\)/.test(suffix) ? `${label} ${suffix}` : label;\n                        const values =\n                            value?.getAttribute(\'multiple\') !== null\n                            ? [...value.selectedOptions].map((option) => ({ text: option.innerText.trim(), value: option.value }))\n                            : [{ text: value?.value, value: value?.value }];\n\n                        // If field exists in default filter form and is a single value input, use `\'set\'` action.\n                        const action =\n                            defaultFilterForm.querySelector(`[name="${name}"]`) &&\n                        (value.tagName === \'INPUT\' || value.tagName === \'TEXTAREA\')\n                            ? \'set\'\n                            : \'add\';\n                        manageDynamicFilter({ action, name, text, value: values });\n\n                        syncDynamicToDefault(name);\n                    }\n\n                    const remove = event.target.closest(\'button.nb-dynamic-filter-remove\');\n                    if (remove) {\n                        const badge = remove.closest(\'.badge\');\n                        /*\n                         * Remove the group badge (i.e. multi-badge) when given badge is the group badge itself, or it is the only\n                         * one left in the group (i.e. has no siblings) because removing it will leave the group badge empty anyway.\n                         */\n                        const shouldRemoveGroup =\n                            badge?.classList.contains(\'nb-multi-badge\') ||\n                        (!badge?.previousElementSibling && !badge?.nextElementSibling);\n                        shouldRemoveGroup ? badge?.closest(\'.nb-multi-badge\')?.remove() : badge?.remove();\n\n                        syncDynamicToDefault(badge?.querySelector(\'input[type="hidden"]\')?.getAttribute(\'name\'));\n                    }\n                });\n\n                // Need to wrap `document` with jQuery to be able to listen to Select2 `change` event.\n                $(document).on(\'change\', (event) => {\n                    const { defaultFilterForm } = getFilterForms();\n                    const isDefaultFilterFormField = event.target.form === defaultFilterForm;\n                    if (isDefaultFilterFormField) {\n                        syncDefaultToDynamic(event.target.name);\n                    }\n                });\n\n                // Need to wrap `document` with jQuery to be able to listen to Select2 `change` event.\n                $(document).on(\'change\', async (event) => {\n                    const isLookupType = event.target.getAttribute(\'name\')?.endsWith(\'lookup_type\');\n                    if (isLookupType) {\n                        const content_type = event.target.getAttribute(\'data-contenttype\');\n                        const field_name = event.target.value;\n                        const value = [...event.target.form.querySelectorAll(\'.nb-form-group\')]\n                            .pop()\n                        ?.querySelector(\'input, select, textarea\');\n\n                        if (field_name) {\n                            const replacement = await (async () => {\n                                try {\n                                    const response = await window.fetch(\n                                        `/api/ui/core/filterset-fields/lookup-value-dom-element/?${new URLSearchParams({ content_type, field_name })}`,\n                                        { method: \'GET\', headers: { Accept: \'*/*\' } },\n                                    );\n\n                                    const html = await response.json();\n\n                                    const element = document.createElement(\'div\');\n                                    element.innerHTML = html;\n\n                                    return element.firstElementChild;\n                                } catch (exception) {\n                                    // Default to `<input type="text" ...>` field if error occurs.\n                                    const input = document.createElement(\'input\');\n                                    input.classList.toggle(\'lookup_value-input\', true);\n                                    input.classList.toggle(\'form-control\', true);\n                                    input.setAttribute(\'id\', `id_for_${field_name}`);\n                                    input.setAttribute(\'name\', field_name);\n                                    input.setAttribute(\'type\', \'text\');\n                                    return input;\n                                }\n                            })();\n\n                            value.replaceWith(replacement);\n                            replacement.nextElementSibling?.remove(); // Remove Select2 widget if present.\n                            replacement.previousElementSibling?.setAttribute(\'for\', replacement.getAttribute(\'id\')); // Set label `for` attribute to match field `id`.\n                            initializeInputs(replacement.parentElement);\n                        }\n                    }\n                });\n\n                // Need to wrap `document` with jQuery to be able to listen to Select2 `change` event.\n                $(document).on(\'change\', (event) => {\n                    const isLookupField = event.target.getAttribute(\'name\')?.endsWith(\'lookup_field\');\n                    const isLookupType = event.target.getAttribute(\'name\')?.endsWith(\'lookup_type\');\n\n                    if (isLookupField) {\n                        const type = event.target.form.querySelector(\'[name$="lookup_type"]\');\n                        $(type).val(null).trigger(\'change\');\n                    }\n\n                    if (isLookupField || isLookupType) {\n                        const value = [...event.target.form.querySelectorAll(\'.nb-form-group\')]\n                            .pop()\n                        ?.querySelector(\'input, select, textarea\');\n\n                        if (value.tagName === \'SELECT\') {\n                            $(value).val(null).trigger(\'change\');\n                        } else {\n                            value.value = \'\';\n                        }\n                    }\n                });\n\n                const isFilterForm = (target) => Boolean(target?.closest(\'#FilterForm_drawer\'));\n\n                document.addEventListener(\'reset\', (event) => {\n                    if (isFilterForm(event.target)) {\n                        event.preventDefault();\n\n                        // Remove all filter query params from location search while keeping non-filter params intact.\n                        const searchParams = new URLSearchParams(window.location.search);\n                        const nextSearchParams = new URLSearchParams([\n                            ...[...searchParams].filter(\n                                ([property]) => NON_FILTER_PARAMS.includes(property) && property !== \'all_filters_removed\',\n                            ),\n                            [\'all_filters_removed\', \'true\'],\n                        ]);\n\n                        location.assign(`?${nextSearchParams}`);\n                    }\n                });\n\n                document.addEventListener(\'submit\', (event) => {\n                    if (isFilterForm(event.target)) {\n                        event.preventDefault();\n\n                        const { defaultFilterForm, dynamicFilterForm } = getFilterForms();\n\n                        /*\n                         * Just before the form submission automatically add filter selected in "Advanced" tab (if any)\n                         * which hasn\'t been manually applied for whatever reason (usually forgetfulness, speed, etc.).\n                         * This is a requested UX flavor.\n                         */\n                        const add = dynamicFilterForm.querySelector(\'button.nb-dynamic-filter-add\');\n                        add.click();\n\n                        // Remove all field names which are not applied filters container descendants.\n                        [...dynamicFilterForm.querySelectorAll(\'input, select, textarea\')].forEach((field) =>\n                            field.closest(\'.nb-dynamic-filter-items\') ? undefined : field.removeAttribute(\'name\'),\n                        );\n\n                        /*\n                         * Get the serialized data from the forms and:\n                         *   1) Filter out query params which values are empty e.g `?sam=&dan=2` becomes `dan=2`.\n                         *   2) Combine the two forms into a single set of data without duplicate entries.\n                         */\n                        const defaultFilterFormSearchParams = new URLSearchParams(new FormData(defaultFilterForm));\n                        const dynamicFilterFormSearchParams = new URLSearchParams(new FormData(dynamicFilterForm));\n                        const searchParams = new URLSearchParams(window.location.search);\n\n                        const nextSearchParams = new URLSearchParams([\n                            ...[...defaultFilterFormSearchParams].filter(([, value]) => value !== \'\'),\n                            ...[...dynamicFilterFormSearchParams].filter(\n                                ([property, value]) => value !== \'\' && !defaultFilterFormSearchParams.has(property, value),\n                            ),\n                            ...[...searchParams].filter(\n                                ([property]) => NON_FILTER_PARAMS.includes(property) && property !== \'all_filters_removed\',\n                            ),\n                        ]);\n\n                        if (nextSearchParams.has(\'saved_view\')) {\n                            const all_filters_removed = [...nextSearchParams].every(([property]) =>\n                                NON_FILTER_PARAMS.includes(property),\n                            );\n\n                            if (all_filters_removed) {\n                                nextSearchParams.set(\'all_filters_removed\', \'true\');\n                            }\n                        }\n\n                        location.assign(`?${nextSearchParams}`);\n                    }\n                });\n\n                const onSubmitOrReset = (event) => (isFilterForm(event.target) ? window.nb?.history?.saveState() : undefined);\n                document.addEventListener(\'reset\', onSubmitOrReset);\n                document.addEventListener(\'submit\', onSubmitOrReset);\n            });\n        })();\n    </script>\n\n\n    \n        \n\n\n<section class="nb-drawer" tabindex="-1" id="ISISConfigurationTable_config">\n    <div class="nb-drawer-header">\n        <h1>Table Configuration</h1>\n        <button type="button" class="btn-close" data-nb-dismiss="drawer" aria-label="Close"></button>\n    </div>\n    <div class="nb-drawer-body">\n        <form class="userconfigform h-100 pb-20 px-20 vstack" data-config-root="tables.ISISConfigurationTable">\n            <div class="row align-content-start flex-fill">\n                <div class="col-12">\n                    <div class="alert alert-warning">\n                        Column choices may negatively affect loading times.\n                        <a href="/static/docs/user-guide/platform-functionality/user-interface/configurablecolumns.html" class="btn btn-link btn-sm" target="_blank" rel="noopener">\n                            <span class="mdi mdi-information"></span>\n                        </a>\n                    </div>\n                </div>\n                <div class="col-12">\n                    \n                        <select name="columns" size="20" class="form-control" placeholder="None" id="id_columns" multiple>\n  <option value="instance" selected>Instance</option>\n\n  <option value="system_id" selected>System ID</option>\n\n  <option value="status" selected>Status</option>\n\n  <option value="dynamic_group_count">Dynamic Groups</option>\n\n</select>\n                        <span class="form-text mt-8">Use the buttons below to arrange columns in the desired order, then select all columns to display.</span>\n                        <div class="hstack gap-4 mt-8 mx-n4">\n                            \n                            <button type="button" class="btn btn-primary btn-sm" id="move-option-up" data-target="id_columns"><span class="mdi mdi-arrow-up-bold me-4"></span>Move up</button>\n                            <button type="button" class="btn btn-primary btn-sm" id="move-option-down" data-target="id_columns"><span class="mdi mdi-arrow-down-bold me-4"></span>Move down</button>\n                            <button type="button" class="btn btn-success btn-sm" id="select-all-options" data-target="id_columns"><span class="mdi mdi-expand-all-outline me-4"></span>Select all</button>\n                            \n                        </div>\n                    \n                </div>\n            </div>\n            <div class="nb-form-sticky-footer">\n                <input type="submit" class="btn btn-primary" value="Save">\n                <input type="submit" class="btn btn-danger reset" value="Reset">\n            </div>\n        </form>\n    </div>\n</section>\n\n\n    <script>\n        (() => {\n            document.addEventListener(\'DOMContentLoaded\', () => {\n                document.addEventListener(\'submit\', (event) => {\n                    if (event.target.closest(\'#ISISConfigurationTable_config\')) {\n                        // Keep the drawer open after page reload caused by form submission.\n                        window.nb.history.saveState();\n                    }\n                });\n            });\n        })();\n    </script>\n\n\n    \n    <section class="nb-drawer" tabindex="-1" id="SavedViews_drawer">\n        <div class="nb-drawer-header">\n            <h1>Saved Views</h1>\n            <button type="button" class="btn-close" data-nb-dismiss="drawer" aria-label="Close"></button>\n        </div>\n        <div class="nb-drawer-body pb-20 px-20">\n            <div class="align-items-start vstack flex-grow-0 gap-10">\n                \n            </div>\n            \n            <div class="align-items-start vstack gap-10">\n                Actions:\n                \n                <a class="btn btn-secondary" href="" data-bs-toggle="modal" data-bs-target="#saved_view_modal">\n                    <span class="mdi mdi-content-save-plus-outline me-4" aria-hidden="true"></span>Save As New\n                </a>\n                \n            </div>\n        </div>\n    </section>\n\n        </div>\n        <header id="header">\n            <div class="banner-alert-area">\n                \n\n\n\n    \n        <div class="alert alert-info text-center" role="alert">\n            <p>Local</p>\n        </div>\n    \n\n\n\n\n\n\n                \n\n            </div>\n            <div class="container-fluid mb-12 mt-16">\n                <div class="row">\n                    <div id="page-title" class="col-4">\n                        \n                            \n\n\n<h1 class="d-flex fs-2 gap-8 lh-sm py-6">\n    <img\n        alt="Nautobot chevron"\n        class="align-self-start flex-grow-0 flex-shrink-0 my-n4"\n        role="presentation"\n        src="/static/img/nautobot_chevron.svg"\n        style="width: 1.5rem;"\n    />\n    \n        Isis Configurations\n    \n</h1>\n\n                        \n                    </div>\n                    \n\n\n\n    \n        <form action="/search/" class="col-4 text-center" id="header_search" method="get" role="search">\n            <label class="position-relative w-100">\n                <input\n                    aria-placeholder="Press Ctrl+K to search"\n                    class="form-control nb-text-transparent"\n                    name="q"\n                    type="search"\n                    value=""\n                />\n                <span class="align-items-center d-inline-flex gap-6 overflow-hidden px-12 py-6 pe-none position-absolute start-0 top-0 user-select-none w-100">\n                    <span aria-hidden="true" class="mdi mdi-magnify text-secondary d-inline-flex"></span>\n                    \n                        \n                            \n                                \n                                    \n                                        <span class="badge border" data-nb-link="/plugins/nautobot-igp-models/isis-configuration/"><!--\n                                            -->in: ISIS Configuration<!--\n                                            --><button tabindex="-1" type="button">\n                                            <span aria-hidden="true" class="mdi mdi-close"></span>\n                                            <span class="visually-hidden">Remove</span>\n                                        </button>\n                                        </span>\n                                    \n                                \n                            \n                        \n                            \n                                \n                                    \n                                \n                                    \n                                \n                            \n                        \n                    \n                    <span\n                        aria-hidden="true"\n                        class="align-items-center d-inline-flex gap-4 text-nowrap text-secondary"\n                    >\n                        \n                            Press <kbd class="mt-n1">Ctrl+K</kbd> to search\n                        \n                    </span>\n                    <a class="align-items-center d-inline-flex ms-auto pe-auto"\n                       href="/static/docs/user-guide/platform-functionality/user-interface/search.html"\n                       target="_blank"\n                       rel="noopener"\n                    >\n                        <span aria-hidden="true" class="mdi mdi-help-circle-outline text-secondary"></span>\n                    </a>\n                </span>\n            </label>\n        </form>\n    \n\n    <div class="col-4 text-end">\n        <div class="dropdown">\n            <button class="btn dropdown-toggle align-items-center d-inline-flex gap-6" type="button" data-bs-toggle="dropdown" aria-expanded="false">\n                <span aria-hidden="true" class="mdi mdi-account text-secondary"></span>\n                nautobotuser\n            </button>\n            <ul class="dropdown-menu dropdown-menu-end">\n                <li><a class="dropdown-item" href="/about/"><span class="mdi mdi-information"></span>About Nautobot</a></li>\n                <li><a class="dropdown-item" href="/user/profile/"><span class="mdi mdi-account-box"></span>Profile</a></li>\n                <li><a class="dropdown-item" href="/extras/approver-dashboard/"><span class="mdi mdi-check-bold"></span>Approval Dashboard</a></li>\n                \n                <li class="dropdown-divider"></li>\n                <li><a class="dropdown-item" href="/logout/"><span class="mdi mdi-logout"></span>Log out</a></li>\n            </ul>\n        </div>\n    </div>\n\n\n                    <div class="col-12">\n                        \n    \n\n    \n\n    \n\n<nav aria-label="Breadcrumbs" class="mt-1">\n    <ol class="breadcrumb">\n        \n            \n                \n            \n        \n    </ol>\n</nav>\n\n\n                    </div>\n                </div>\n            </div>\n            \n        </header>\n        <main class="container-fluid wrapper" id="main-content" tabindex="-1">\n            \n    <div class="align-items-center d-flex gap-8 justify-content-end mb-16 d-print-none">\n        \n        \n\n        <div class="btn-group">\n            \n                \n    \n        <a href="/plugins/nautobot-igp-models/isis-configuration/add/" class="btn btn-primary" id="add-button">\n            <span class="mdi mdi-plus-thick" aria-hidden="true"></span> Add Isis Configuration\n        </a>\n    \n\n\n                <button type="button" id="actions-dropdown" class="btn btn-primary dropdown-toggle" data-bs-toggle="dropdown">\n                    <span class="visually-hidden">Toggle Dropdown</span>\n                    <span class="mdi mdi-chevron-down"></span>\n                </button>\n            \n            <ul class="dropdown-menu dropdown-menu-end" role="menu">\n                \n                    \n                        \n    \n        <li>\n            <a class="dropdown-item" id="import-button" href="/extras/jobs/nautobot.core.jobs.ImportObjects/run/?content_type=193">\n                <span class="mdi mdi-database-import text-secondary" aria-hidden="true"></span> Import from CSV\n            </a>\n        </li>\n    \n\n\n                    \n                \n                \n                    <li class="dropdown-divider"></li>\n                \n                \n                    \n                        \n    \n        \n        \n        <li>\n            <form action="/extras/jobs/nautobot.core.jobs.ExportObjectList/run/" method="post">\n                <input type="hidden" name="csrfmiddlewaretoken" value="vqT7NXbCOLIupHfljGd3tMUEL6DuKtso4AUPFIMwTVQanxKcMCOMQ8dujAaQKbPv">\n                <input type="hidden" name="content_type" value="193">\n                <input type="hidden" name="query_string" value="">\n                <input type="hidden" name="_schedule_type" value="immediately">\n                <input type="hidden" name="export_format" value="csv">\n                <button class="dropdown-item" type="submit">\n                    <span class="mdi mdi-database-export text-secondary" aria-hidden="true"></span> Export as CSV\n                </button>\n            </form>\n        </li>\n        \n    \n\n\n                    \n                \n            </ul>\n        </div>\n        \n        \n            \n            \n        \n        \n            \n            \n        \n        <div class="align-items-center d-flex gap-4">\n            \n                <button\n                    type="button"\n                    class="btn position-relative text-secondary"\n                    data-nb-toggle="drawer"\n                    data-nb-target="#SavedViews_drawer"\n                    title="Saved Views"\n                    aria-expanded="false"\n                    aria-controls="SavedViews_drawer"\n                >\n                    <span class="mdi mdi-view-compact-outline" aria-hidden="true"></span>\n                    <span class="visually-hidden">Saved Views</span>\n                    \n                </button>\n            \n            \n                <button\n                    type="button"\n                    class="btn position-relative text-secondary"\n                    data-nb-toggle="drawer"\n                    data-nb-target="#FilterForm_drawer"\n                    title="Add Filters"\n                    id="id__filterbtn"\n                    aria-controls="FilterForm_drawer"\n                    aria-expanded="false"\n                >\n                    <span class="mdi mdi-filter" aria-hidden="true"></span>\n                    <span class="visually-hidden">Add Filters</span>\n                    \n                </button>\n            \n        </div>\n    </div>\n\n    \n\n    <div>\n        \n            \n                \n                    \n\n\n<div class="card mb-3">\n    \n    <div class="table-responsive">\n        \n\n\n\n    <table class="table table-hover nb-table-headings">\n        \n            <thead>\n                <tr>\n                    \n                        \n                            \n                                <th class="orderable"><a href="?sort=instance" data-column-name="instance">Instance</a></th>\n                            \n                        \n                    \n                        \n                            \n                                <th class="orderable"><a href="?sort=system_id" data-column-name="system_id">System ID</a></th>\n                            \n                        \n                    \n                        \n                            \n                                <th class="orderable"><a href="?sort=status" data-column-name="status">Status</a></th>\n                            \n                        \n                    \n                        \n                            <th class="nb-actionable nb-w-0 orderable">\n                                <button\n            type="button"\n            class="btn border-0 float-end rounded-0 text-end text-secondary "\n            data-nb-toggle="drawer"\n            data-nb-target="#ISISConfigurationTable_config"\n            \n            title="Configure table"\n            aria-controls="ISISConfigurationTable_config"\n            aria-expanded="false"\n        >\n            <span class="mdi mdi-cog" aria-hidden="true"></span>\n            <span class="visually-hidden">Configure</span>\n        </button>\n                            </th>\n                        \n                    \n                    \n                </tr>\n            </thead>\n        \n        <tbody>\n            \n                <tr class="even">\n                    \n                        <td ><a href="/plugins/nautobot-igp-models/igproutinginstance/42c8e615-cc74-4916-be8f-777d63949368/">ISIS on router1</a></td>\n                    \n                        <td >49.0001.0010.0000.0001.00</td>\n                    \n                        <td >\n    \n    \n        <span class="badge" style="color: #ffffff; background-color: #4caf50">\n            Active\n        </span>\n    \n    </td>\n                    \n                        <td class="d-print-none nb-actions nb-w-0 text-end text-nowrap">\n    <div class="dropdown">\n        <button class="btn dropdown-toggle" type="button" data-bs-toggle="dropdown" aria-expanded="false">\n            <span class="mdi mdi-dots-vertical" aria-hidden="true"></span>\n            <span class="visually-hidden">Toggle Dropdown</span>\n        </button>\n        <ul class="dropdown-menu dropdown-menu-end">\n            \n            \n            \n            \n        </ul>\n    </div>\n\n    </td>\n                    \n                    \n                </tr>\n            \n        </tbody>\n        \n    </table>\n\n\n    </div>\n    \n</div>\n\n                \n            \n            \n\n<div class="paginator align-items-center d-flex fs-5 gap-10 justify-content-end mt-16 text-secondary">\n    \n        <div>\n            Showing 1-1 of 1\n        </div>\n        <div class="vr border-start my-8"></div>\n    \n    <form class="align-items-center d-flex gap-4" method="get">\n        \n        <select name="per_page" id="per_page" class="form-select">\n            \n                <option value="65000" selected="selected">65000</option>\n            \n            \n                <option value="25">25</option>\n            \n                <option value="50">50</option>\n            \n                <option value="100">100</option>\n            \n                <option value="250">250</option>\n            \n                <option value="500">500</option>\n            \n                <option value="1000">1000</option>\n            \n        </select>\n        per page\n    </form>\n    \n</div>\n\n            <div class="clearfix"></div>\n        \n    </div>\n    \n        \n\n\n<div class="modal fade" tabindex="-1" id="saved_view_modal" role="dialog">\n    <div class="modal-dialog modal-lg">\n        <div class="modal-content">\n            <div class="modal-header">\n                <h4 class="modal-title">New Saved View</h4>\n                <button type="button" class="btn-close" data-bs-dismiss="modal" aria-label="Close"></button>\n            </div>\n            <form action="/extras/saved-views/add/" method="post">\n                <div class="modal-body">\n                    <input type="hidden" name="csrfmiddlewaretoken" value="vqT7NXbCOLIupHfljGd3tMUEL6DuKtso4AUPFIMwTVQanxKcMCOMQ8dujAaQKbPv">\n                    <div class="row">\n                        \n\n<div class="mb-10 d-md-flex justify-content-center">\n    \n        <label class="col-md-3 col-form-label nb-required" for="id_name">\n            Name\n        </label>\n        <div class="col-md-9">\n            <input type="text" name="name" maxlength="255" class="form-control" required placeholder="Name" id="id_name">\n            \n            \n                <span class="form-text">The name of this view</span>\n            \n    \n    \n</div>\n</div>\n\n                        <span class="col-lg-3 text-end text-secondary">New Changes</span>\n                        <div class="col-lg-9">\n                            <pre><code class="language-json">{\n    &quot;filter_params&quot;: {},\n    &quot;per_page&quot;: 65000,\n    &quot;sort_order&quot;: [],\n    &quot;table_config&quot;: null\n}</code></pre>\n                        </div>\n                        \n\n<div class="mb-10 d-md-flex justify-content-center">\n    \n        <div class="col-md-9 offset-md-3">\n            <div class="form-check mt-6">\n                <input type="checkbox" name="is_shared" class="form-check-input" placeholder="Is shared" id="id_is_shared">\n                <label class="form-check-label" for="id_is_shared">\n                    Is shared\n                </label>\n            </div>\n            \n            \n                <span class="form-text">If checked, all users will be able to see this saved view</span>\n            \n    \n    \n</div>\n</div>\n\n                        <input type="hidden" id="view" name="view" value="plugins:nautobot_igp_models:isisconfiguration_list">\n                        <input type="hidden" id="params" name="params" value="">\n                    </div>\n                </div>\n                <div class="modal-footer">\n                    <button type="submit" class="btn btn-primary">\n                        <span aria-hidden="true" class="mdi mdi-content-save-plus-outline me-4"></span><!--\n                        -->Save\n                    </button>\n                    <button class="btn btn-secondary" data-bs-dismiss="modal" type="button">\n                        <span aria-hidden="true" class="mdi mdi-close me-4"></span><!--\n                        -->Cancel\n                    </button>\n                </div>\n            </form>\n        </div>\n    </div>\n</div>\n\n    \n    \n\n<div class="modal fade" tabindex="-1" role="dialog" id="dynamic_group_assignment_modal">\n    <div class="modal-dialog modal-lg" role="document">\n        <div class="modal-content">\n            <div class="modal-header">\n                <button type="button" class="btn-close" data-bs-dismiss="modal" aria-label="Close">\n                </button>\n                <h4 class="modal-title">Static Assignment to Dynamic Groups</h4>\n            </div>\n            <form id="dynamic_group_assignment_form" action="/extras/dynamic-groups/assign-members/?"\n                  method="post" class="form form-horizontal">\n                <div class="modal-body">\n                    <input type="hidden" name="csrfmiddlewaretoken" value="vqT7NXbCOLIupHfljGd3tMUEL6DuKtso4AUPFIMwTVQanxKcMCOMQ8dujAaQKbPv">\n                    <input type="hidden" name="return_url" value="/plugins/nautobot-igp-models/isis-configuration/">\n                    <input type="hidden" id="dynamic_group_assignment_all" name="_all">\n                    <span id="dynamic_group_assignment_pks"></span>\n                    \n                        <input type="hidden" name="content_type" value="193" class="form-control" required="required" placeholder="None" id="id_content_type">\n                    \n                        \n                    \n                    \n\n<div class="mb-10 d-md-flex justify-content-center">\n    \n        <label class="col-md-3 col-form-label" for="id_add_to_groups">\n            Add to existing group(s)\n        </label>\n        <div class="col-md-9">\n            <select name="add_to_groups" class="nautobot-select2-api" data-multiple="1" data-query-param-group_type="[&quot;static&quot;]" data-query-param-content_type="[&quot;nautobot_igp_models.isisconfiguration&quot;]" data-query-param-exclude_m2m="[&quot;true&quot;]" display-field="display" data-depth="0" data-url="/api/extras/dynamic-groups/" id="id_add_to_groups" multiple>\n</select>\n            \n            \n    \n    \n</div>\n</div>\n\n                    \n\n<div class="mb-10 d-md-flex justify-content-center">\n    \n        <label class="col-md-3 col-form-label" for="id_create_and_assign_to_new_group_name">\n            Create a new group\n        </label>\n        <div class="col-md-9">\n            <input type="text" name="create_and_assign_to_new_group_name" class="form-control" placeholder="Create a new group" id="id_create_and_assign_to_new_group_name">\n            \n            \n                <span class="form-text">Create a new group with this name and assign the selected objects to it.</span>\n            \n    \n    \n</div>\n</div>\n\n                    \n\n<div class="mb-10 d-md-flex justify-content-center">\n    \n        <label class="col-md-3 col-form-label" for="id_remove_from_groups">\n            Remove from group(s)\n        </label>\n        <div class="col-md-9">\n            <select name="remove_from_groups" class="nautobot-select2-api" data-multiple="1" data-query-param-group_type="[&quot;static&quot;]" data-query-param-content_type="[&quot;nautobot_igp_models.isisconfiguration&quot;]" data-query-param-exclude_m2m="[&quot;true&quot;]" display-field="display" data-depth="0" data-url="/api/extras/dynamic-groups/" id="id_remove_from_groups" multiple>\n</select>\n            \n            \n    \n    \n</div>\n</div>\n\n                </div>\n                <div class="modal-footer">\n                    <button type="submit" class="btn btn-primary">\n                        <span class="mdi mdi-group" aria-hidden="true"></span> Apply\n                    </button>\n                    <button type="button" class="btn btn-secondary" id="dynamic_group_assignment_cancel">\n                        <span class="mdi mdi-close-thick" aria-hidden="true"></span> Cancel\n                    </button>\n                </div>\n            </form>\n        </div>\n    </div>\n</div>\n\n\n        </main>\n        \n            \n        \n        \n\n\n\n' : 


        <div id="drawer">
            
    



<section class="nb-drawer" tabindex="-1" id="FilterForm_drawer">
    <div class="nb-drawer-header">
        <h1>Filters</h1>
        <button type="button" class="btn-close" data-nb-dismiss="drawer" aria-label="Close"></button>
    </div>
    <div class="nb-drawer-body">
        <ul id="filter-tabs" class="nav nav-tabs">
            
                <li role="presentation" class="nav-item">
                    <a class="nav-link active"  href="#default-filter" role="tab" data-bs-toggle="tab">
                        Basic
                    </a>
                </li>
            
            
                <li role="presentation" class="nav-item">
                    <a class="nav-link position-relative" href="#advanced-filter" role="tab" data-bs-toggle="tab">
                        Advanced
                        

                    </a>
                </li>
            
        </ul>
        <div class="tab-content h-100">
            
                <div id="default-filter" role="tabpanel" class="tab-pane fade show active h-100 p-20">
                    

<form class="h-100 vstack">
    <div class="align-content-start flex-fill pb-20">
        
        
            
                <div class="nb-form-group">
                    
                        <label for="id_instance">IGP Instance</label>
                        <select name="instance" class="nautobot-select2-api form-control" data-query-param-exclude_m2m="[&quot;true&quot;]" display-field="display" data-depth="0" placeholder="IGP Instance" data-url="/api/plugins/nautobot-igp-models/igp-routing-instances/" id="id_instance">
  <option value=""
         selected
        >---------</option>

</select>
                    
                </div>
            
        
            
                <div class="nb-form-group">
                    
                        <label for="id_system_id">System ID</label>
                        <input type="text" name="system_id" class="form-control" placeholder="System ID" id="id_system_id">
                    
                </div>
            
        
            
                <div class="nb-form-group">
                    
                        <label for="id_contacts">Contacts</label>
                        <select name="contacts" class="nautobot-select2-api form-control" data-multiple="1" data-query-param-exclude_m2m="[&quot;true&quot;]" display-field="display" value-field="name" data-depth="0" placeholder="None" data-url="/api/extras/contacts/" id="id_contacts" multiple>
</select>
                    
                </div>
            
        
            
                <div class="nb-form-group">
                    
                        <label for="id_teams">Teams</label>
                        <select name="teams" class="nautobot-select2-api form-control" data-multiple="1" data-query-param-exclude_m2m="[&quot;true&quot;]" display-field="display" value-field="name" data-depth="0" placeholder="None" data-url="/api/extras/teams/" id="id_teams" multiple>
</select>
                    
                </div>
            
        
    </div>
    <div class="justify-content-between mb-n20 nb-form-sticky-footer">
        <button type="submit" class="btn btn-primary">
            <span class="mdi mdi-check me-4" aria-hidden="true"></span><!--
            -->Apply Specified
        </button>
        <button type="reset" class="btn btn-secondary">
            <span aria-hidden="true" class="mdi mdi-close me-4"></span><!--
            -->Clear All
        </button>
    </div>
</form>

                </div>
            
            
                <div id="advanced-filter" role="tabpanel" class="tab-pane fade h-100 p-20">
                    <form class="h-100 vstack" id="dynamic-filter-form">
                        <div class="align-content-start flex-fill pb-20">
                            <input type="hidden" name="form-TOTAL_FORMS" value="1" id="id_form-TOTAL_FORMS"><input type="hidden" name="form-INITIAL_FORMS" value="0" id="id_form-INITIAL_FORMS"><input type="hidden" name="form-MIN_NUM_FORMS" value="0" id="id_form-MIN_NUM_FORMS"><input type="hidden" name="form-MAX_NUM_FORMS" value="1000" id="id_form-MAX_NUM_FORMS">
                            
                                <div class="nb-form-group">
                                    <label for="id_form-0-lookup_field">Field</label>
                                    <select name="form-0-lookup_field" class="nautobot-select2-static lookup_field-select" placeholder="Field" id="id_form-0-lookup_field">
  <option value="" selected>---------</option>

  <option value="contacts">Contacts (name or ID)</option>

  <option value="created">Created</option>

  <option value="dynamic_groups">Dynamic groups (name or ID)</option>

  <option value="instance">IGP Instance (Device Name)</option>

  <option value="id">Id</option>

  <option value="last_updated">Last updated</option>

  <option value="status">Status (name or ID)</option>

  <option value="system_id">System ID</option>

  <option value="teams">Teams (name or ID)</option>

</select>
                                </div>
                            
                                <div class="nb-form-group">
                                    <label for="id_form-0-lookup_type">Lookup type</label>
                                    <select name="form-0-lookup_type" class="nautobot-select2-api lookup_type-select" placeholder="None" data-query-param-field_name="[&quot;$lookup_field&quot;]" data-contenttype="nautobot_igp_models.isisconfiguration" data-url="/api/core/filterset-fields/lookup-choices/" id="id_form-0-lookup_type">
</select>
                                </div>
                            
                                <div class="nb-form-group">
                                    <label for="id_form-0-lookup_value">Value</label>
                                    <input type="text" name="form-0-lookup_value" class="form-control lookup_value-input form-control" placeholder="Value" id="id_form-0-lookup_value">
                                </div>
                            
                            <button class="nb-dynamic-filter-add btn btn-primary d-block ms-auto my-20" type="button">
                                <span aria-hidden="true" class="mdi mdi-plus me-4"></span><!--
                                -->Add Filter
                            </button>
                            <hr class="border-top my-20">
                            <div class="nb-dynamic-filter-items d-flex flex-wrap gap-10">
                                
                            </div>
                        </div>

                        <div class="d-print-none justify-content-between mb-n20 nb-form-sticky-footer">
                            <button type="submit" class="btn btn-primary">
                                <span class="mdi mdi-check me-4" aria-hidden="true"></span><!--
                                -->Apply Specified
                            </button>
                            <button type="reset" class="btn btn-secondary">
                                <span aria-hidden="true" class="mdi mdi-close me-4"></span><!--
                                -->Clear All
                            </button>
                        </div>
                    </form>
                </div>
            
        </div>
    </div>
</section>


    <script>
        (() => {
            document.addEventListener('DOMContentLoaded', () => {
                const NON_FILTER_PARAMS = [
                    'all_filters_removed',
                    'clear_view',
                    'per_page',
                    'saved_view',
                    'sort',
                    'table_changes_pending',
                ];

                /**
                 * Insert given `element` as `parent`'s first child.
                 * @param {HTMLElement} element - Element to be inserted.
                 * @param {HTMLElement} parent - Parent container for given `element`.
                 * @returns {void} Do not return any value, modify DOM in-place.
                 */
                const insertFirst = (element, parent) => {
                    parent.hasChildNodes() ? parent.insertBefore(element, parent.firstElementChild) : parent.appendChild(element);
                };

                /**
                 * Get HTML elements for default and dynamic filter forms.
                 * @returns {object} Object with `defaultFilterForm` and `dynamicFilterForm` HTML elements or `null`,
                 *   depending on their actual existence in the DOM.
                 */
                const getFilterForms = () => ({
                    defaultFilterForm: document.querySelector('#default-filter form'),
                    dynamicFilterForm: document.querySelector('#dynamic-filter-form'),
                });

                const prepopulateFilterSelectsFromURL = (() => {
                    const { defaultFilterForm } = getFilterForms();
                    const urlParams = new URLSearchParams(window.location.search);
                    // Only target Select2 controls inside the default filter form.
                    [...defaultFilterForm.querySelectorAll('select.nautobot-select2-multi-value-char')].forEach((el) => {
                        const name = el.getAttribute('name');
                        if (!name) { return; }
                        const values = urlParams.getAll(name);
                        if (!values.length) { return; }
                        values.forEach((val) => {
                            let found = Array.prototype.find.call(el.options, (opt) => {
                                return String(opt.value) === String(val);
                            });
                            if (found) {
                                found.selected = true;
                            } else {
                                el.add(new Option(val, val, true, true));
                            }
                        });
                        if (window.jQuery && $(el).data('select2')) {
                            $(el).trigger('change');
                        }
                    });
                })();

                /**
                 * Synchronize given `filter` value from default to dynamic filter form.
                 * @param {string} name - Filter name.
                 * @returns {void} Do not return any value, just set given field values.
                 */
                const syncDefaultToDynamic = (name) => {
                    const { defaultFilterForm } = getFilterForms();

                    const field = defaultFilterForm.querySelector(`[name="${name}"]`);
                    const text = field?.closest('.nb-form-group')?.querySelector('label')?.innerText?.trim();
                    /*
                     * `manageDynamicFilter` takes an array of `{ text: string, value: string }` objects as `value`, so
                     * regardless of field being a textbox, a single or multiple choice combobox, conversion is required:
                     *   1. For combobox (i.e. `<select>`), iterate over selected options and map them to display `text`
                     *     and underlying `value`.
                     *   2. For textbox (i.e. `<input>` or `<textarea>`):
                     *     1. Use entered value as both display `text` and underlying `value`.
                     *     2. If field is empty, use an empty array.
                     */
                    const value =
                        field?.tagName === 'SELECT'
                        ? [...field.selectedOptions].map((option) => ({ text: option.innerText, value: option.value }))
                        : [...(field?.value ? [{ text: field.value, value: field.value }] : [])];

                    manageDynamicFilter({ action: 'set', name, text, value });
                };

                /**
                 * Synchronize given `filter` value from dynamic to default filter form.
                 * @param {string} name - Filter name.
                 * @returns {void} Do not return any value, just set given field values.
                 */
                const syncDynamicToDefault = (name) => {
                    const { defaultFilterForm, dynamicFilterForm } = getFilterForms();

                    const current = [...dynamicFilterForm.querySelectorAll(`input[name="${name}"][type="hidden"]`)].map(
                        (input) => ({
                            text: [...(input.parentElement?.childNodes ?? [])].find((node) => node.nodeName === '#text')?.wholeText,
                            value: input.getAttribute('value'),
                        }),
                    );

                    const sync = defaultFilterForm?.querySelector(`[name=${name}]`);

                    if (sync?.tagName === 'INPUT' || sync?.tagName === 'TEXTAREA') {
                        sync.value = current.length > 0 ? current[0].value : '';
                    } else if (sync?.tagName === 'SELECT') {
                        window.nb.select2.setSelect2Value(sync, current);
                    }
                };

                /**
                 * Manage dynamic filter either by adding values to the existing selection or by setting passed values
                 * regardless of previous selection.
                 * @param {'add'|'set'} action - Use `'add'` to add given value to the existing selection; use `'set'`
                 *   to set given value regardless of what was set previously.
                 * @param {string} name - Filter field name.
                 * @param {string} text - Filter display text.
                 * @param {object[]} value - Array of objects containing `text` and `value` key-value pairs.
                 */
                const manageDynamicFilter = ({ action, name, text, value }) => {
                    const { dynamicFilterForm } = getFilterForms();
                    const items = dynamicFilterForm.querySelector('.nb-dynamic-filter-items');

                    const group = (() => {
                        const existing = items.querySelector(`.nb-multi-badge[data-nb-field="${name}"]`);
                        if (existing) {
                            return existing;
                        }

                        const group = document.createElement('span');
                        group.classList.toggle('badge', true);
                        group.classList.toggle('nb-multi-badge', true);
                        group.setAttribute('data-nb-field', name);

                        const button = document.createElement('button');
                        button.classList.toggle('nb-dynamic-filter-remove', true);
                        button.setAttribute('type', 'button');

                        const close = document.createElement('span');
                        close.classList.toggle('mdi', true);
                        close.classList.toggle('mdi-close', true);
                        close.setAttribute('aria-hidden', 'true');

                        const remove = document.createElement('span');
                        remove.classList.toggle('visually-hidden', true);
                        remove.innerText = 'Remove All';

                        const children = document.createElement('span');
                        children.classList.toggle('nb-multi-badge-items', true);

                        button.appendChild(close);
                        button.appendChild(remove);
                        group.appendChild(button);
                        group.insertAdjacentText('beforeend', `${text}:`);
                        group.appendChild(children);

                        return group;
                    })();

                    const children = group.querySelector('.nb-multi-badge-items');
                    const existing = [...children.querySelectorAll('.badge[data-nb-value]')];

                    /*
                     * Depending on `action` remove the following badges:
                     *   1. For `'add'`, remove already existing filters with the same key-value pairs and re-create them later.
                     *   2. For `'set'`, remove all existing filters of given key and apply only these passed as `values`.
                     */
                    const badgesToRemove =
                        action === 'add'
                        ? existing.filter((badge) => value.some((item) => badge.getAttribute('data-nb-value') === item.value))
                        : existing;
                    badgesToRemove.forEach((item) => children.removeChild(item));

                    value.forEach(({ text, value }) => {
                        const badge = document.createElement('span');
                        badge.classList.toggle('badge', true);
                        badge.setAttribute('data-nb-value', value);

                        const input = document.createElement('input');
                        input.setAttribute('name', name);
                        input.setAttribute('type', 'hidden');
                        input.setAttribute('value', value);

                        const button = document.createElement('button');
                        button.classList.toggle('nb-dynamic-filter-remove', true);
                        button.setAttribute('type', 'button');

                        const close = document.createElement('span');
                        close.classList.toggle('mdi', true);
                        close.classList.toggle('mdi-close', true);
                        close.setAttribute('aria-hidden', 'true');

                        const remove = document.createElement('span');
                        remove.classList.toggle('visually-hidden', true);
                        remove.innerText = 'Remove';

                        button.appendChild(close);
                        button.appendChild(remove);
                        badge.appendChild(button);
                        badge.insertAdjacentText('beforeend', text);
                        badge.appendChild(input);

                        insertFirst(badge, children);
                    });

                    // If group already exists, remove it and later insert as the first child.
                    if (items.contains(group)) {
                        items.removeChild(group);
                    }

                    if (children.hasChildNodes()) {
                        insertFirst(group, items);
                    }
                };

                document.addEventListener('click', (event) => {
                    const { defaultFilterForm, dynamicFilterForm } = getFilterForms();

                    const add = event.target.closest('button.nb-dynamic-filter-add');
                    if (add) {
                        const field = dynamicFilterForm.querySelector('[name$="lookup_field"]');
                        const type = dynamicFilterForm.querySelector('[name$="lookup_type"]');
                        const value = [...dynamicFilterForm.querySelectorAll('.nb-form-group')]
                            .pop()
                        ?.querySelector('input, select, textarea');

                        const isMissing = (control) =>
                        control?.selectedOptions ? control.selectedOptions.length === 0 : !control?.value;
                        if (isMissing(field) || isMissing(type) || isMissing(value)) {
                            // Return early if selected filter is not complete (i.e. is missing lookup field, type or value).
                            return;
                        }

                        const name = type.selectedOptions[0].value;
                        const label = field.selectedOptions[0].innerText.trim();
                        const suffix = type.selectedOptions[0].innerText.trim();
                        const text = /\(\w+\)/.test(suffix) ? `${label} ${suffix}` : label;
                        const values =
                            value?.getAttribute('multiple') !== null
                            ? [...value.selectedOptions].map((option) => ({ text: option.innerText.trim(), value: option.value }))
                            : [{ text: value?.value, value: value?.value }];

                        // If field exists in default filter form and is a single value input, use `'set'` action.
                        const action =
                            defaultFilterForm.querySelector(`[name="${name}"]`) &&
                        (value.tagName === 'INPUT' || value.tagName === 'TEXTAREA')
                            ? 'set'
                            : 'add';
                        manageDynamicFilter({ action, name, text, value: values });

                        syncDynamicToDefault(name);
                    }

                    const remove = event.target.closest('button.nb-dynamic-filter-remove');
                    if (remove) {
                        const badge = remove.closest('.badge');
                        /*
                         * Remove the group badge (i.e. multi-badge) when given badge is the group badge itself, or it is the only
                         * one left in the group (i.e. has no siblings) because removing it will leave the group badge empty anyway.
                         */
                        const shouldRemoveGroup =
                            badge?.classList.contains('nb-multi-badge') ||
                        (!badge?.previousElementSibling && !badge?.nextElementSibling);
                        shouldRemoveGroup ? badge?.closest('.nb-multi-badge')?.remove() : badge?.remove();

                        syncDynamicToDefault(badge?.querySelector('input[type="hidden"]')?.getAttribute('name'));
                    }
                });

                // Need to wrap `document` with jQuery to be able to listen to Select2 `change` event.
                $(document).on('change', (event) => {
                    const { defaultFilterForm } = getFilterForms();
                    const isDefaultFilterFormField = event.target.form === defaultFilterForm;
                    if (isDefaultFilterFormField) {
                        syncDefaultToDynamic(event.target.name);
                    }
                });

                // Need to wrap `document` with jQuery to be able to listen to Select2 `change` event.
                $(document).on('change', async (event) => {
                    const isLookupType = event.target.getAttribute('name')?.endsWith('lookup_type');
                    if (isLookupType) {
                        const content_type = event.target.getAttribute('data-contenttype');
                        const field_name = event.target.value;
                        const value = [...event.target.form.querySelectorAll('.nb-form-group')]
                            .pop()
                        ?.querySelector('input, select, textarea');

                        if (field_name) {
                            const replacement = await (async () => {
                                try {
                                    const response = await window.fetch(
                                        `/api/ui/core/filterset-fields/lookup-value-dom-element/?${new URLSearchParams({ content_type, field_name })}`,
                                        { method: 'GET', headers: { Accept: '*/*' } },
                                    );

                                    const html = await response.json();

                                    const element = document.createElement('div');
                                    element.innerHTML = html;

                                    return element.firstElementChild;
                                } catch (exception) {
                                    // Default to `<input type="text" ...>` field if error occurs.
                                    const input = document.createElement('input');
                                    input.classList.toggle('lookup_value-input', true);
                                    input.classList.toggle('form-control', true);
                                    input.setAttribute('id', `id_for_${field_name}`);
                                    input.setAttribute('name', field_name);
                                    input.setAttribute('type', 'text');
                                    return input;
                                }
                            })();

                            value.replaceWith(replacement);
                            replacement.nextElementSibling?.remove(); // Remove Select2 widget if present.
                            replacement.previousElementSibling?.setAttribute('for', replacement.getAttribute('id')); // Set label `for` attribute to match field `id`.
                            initializeInputs(replacement.parentElement);
                        }
                    }
                });

                // Need to wrap `document` with jQuery to be able to listen to Select2 `change` event.
                $(document).on('change', (event) => {
                    const isLookupField = event.target.getAttribute('name')?.endsWith('lookup_field');
                    const isLookupType = event.target.getAttribute('name')?.endsWith('lookup_type');

                    if (isLookupField) {
                        const type = event.target.form.querySelector('[name$="lookup_type"]');
                        $(type).val(null).trigger('change');
                    }

                    if (isLookupField || isLookupType) {
                        const value = [...event.target.form.querySelectorAll('.nb-form-group')]
                            .pop()
                        ?.querySelector('input, select, textarea');

                        if (value.tagName === 'SELECT') {
                            $(value).val(null).trigger('change');
                        } else {
                            value.value = '';
                        }
                    }
                });

                const isFilterForm = (target) => Boolean(target?.closest('#FilterForm_drawer'));

                document.addEventListener('reset', (event) => {
                    if (isFilterForm(event.target)) {
                        event.preventDefault();

                        // Remove all filter query params from location search while keeping non-filter params intact.
                        const searchParams = new URLSearchParams(window.location.search);
                        const nextSearchParams = new URLSearchParams([
                            ...[...searchParams].filter(
                                ([property]) => NON_FILTER_PARAMS.includes(property) && property !== 'all_filters_removed',
                            ),
                            ['all_filters_removed', 'true'],
                        ]);

                        location.assign(`?${nextSearchParams}`);
                    }
                });

                document.addEventListener('submit', (event) => {
                    if (isFilterForm(event.target)) {
                        event.preventDefault();

                        const { defaultFilterForm, dynamicFilterForm } = getFilterForms();

                        /*
                         * Just before the form submission automatically add filter selected in "Advanced" tab (if any)
                         * which hasn't been manually applied for whatever reason (usually forgetfulness, speed, etc.).
                         * This is a requested UX flavor.
                         */
                        const add = dynamicFilterForm.querySelector('button.nb-dynamic-filter-add');
                        add.click();

                        // Remove all field names which are not applied filters container descendants.
                        [...dynamicFilterForm.querySelectorAll('input, select, textarea')].forEach((field) =>
                            field.closest('.nb-dynamic-filter-items') ? undefined : field.removeAttribute('name'),
                        );

                        /*
                         * Get the serialized data from the forms and:
                         *   1) Filter out query params which values are empty e.g `?sam=&dan=2` becomes `dan=2`.
                         *   2) Combine the two forms into a single set of data without duplicate entries.
                         */
                        const defaultFilterFormSearchParams = new URLSearchParams(new FormData(defaultFilterForm));
                        const dynamicFilterFormSearchParams = new URLSearchParams(new FormData(dynamicFilterForm));
                        const searchParams = new URLSearchParams(window.location.search);

                        const nextSearchParams = new URLSearchParams([
                            ...[...defaultFilterFormSearchParams].filter(([, value]) => value !== ''),
                            ...[...dynamicFilterFormSearchParams].filter(
                                ([property, value]) => value !== '' && !defaultFilterFormSearchParams.has(property, value),
                            ),
                            ...[...searchParams].filter(
                                ([property]) => NON_FILTER_PARAMS.includes(property) && property !== 'all_filters_removed',
                            ),
                        ]);

                        if (nextSearchParams.has('saved_view')) {
                            const all_filters_removed = [...nextSearchParams].every(([property]) =>
                                NON_FILTER_PARAMS.includes(property),
                            );

                            if (all_filters_removed) {
                                nextSearchParams.set('all_filters_removed', 'true');
                            }
                        }

                        location.assign(`?${nextSearchParams}`);
                    }
                });

                const onSubmitOrReset = (event) => (isFilterForm(event.target) ? window.nb?.history?.saveState() : undefined);
                document.addEventListener('reset', onSubmitOrReset);
                document.addEventListener('submit', onSubmitOrReset);
            });
        })();
    </script>


    
        


<section class="nb-drawer" tabindex="-1" id="ISISConfigurationTable_config">
    <div class="nb-drawer-header">
        <h1>Table Configuration</h1>
        <button type="button" class="btn-close" data-nb-dismiss="drawer" aria-label="Close"></button>
    </div>
    <div class="nb-drawer-body">
        <form class="userconfigform h-100 pb-20 px-20 vstack" data-config-root="tables.ISISConfigurationTable">
            <div class="row align-content-start flex-fill">
                <div class="col-12">
                    <div class="alert alert-warning">
                        Column choices may negatively affect loading times.
                        <a href="/static/docs/user-guide/platform-functionality/user-interface/configurablecolumns.html" class="btn btn-link btn-sm" target="_blank" rel="noopener">
                            <span class="mdi mdi-information"></span>
                        </a>
                    </div>
                </div>
                <div class="col-12">
                    
                        <select name="columns" size="20" class="form-control" placeholder="None" id="id_columns" multiple>
  <option value="instance" selected>Instance</option>

  <option value="system_id" selected>System ID</option>

  <option value="status" selected>Status</option>

  <option value="dynamic_group_count">Dynamic Groups</option>

</select>
                        <span class="form-text mt-8">Use the buttons below to arrange columns in the desired order, then select all columns to display.</span>
                        <div class="hstack gap-4 mt-8 mx-n4">
                            
                            <button type="button" class="btn btn-primary btn-sm" id="move-option-up" data-target="id_columns"><span class="mdi mdi-arrow-up-bold me-4"></span>Move up</button>
                            <button type="button" class="btn btn-primary btn-sm" id="move-option-down" data-target="id_columns"><span class="mdi mdi-arrow-down-bold me-4"></span>Move down</button>
                            <button type="button" class="btn btn-success btn-sm" id="select-all-options" data-target="id_columns"><span class="mdi mdi-expand-all-outline me-4"></span>Select all</button>
                            
                        </div>
                    
                </div>
            </div>
            <div class="nb-form-sticky-footer">
                <input type="submit" class="btn btn-primary" value="Save">
                <input type="submit" class="btn btn-danger reset" value="Reset">
            </div>
        </form>
    </div>
</section>


    <script>
        (() => {
            document.addEventListener('DOMContentLoaded', () => {
                document.addEventListener('submit', (event) => {
                    if (event.target.closest('#ISISConfigurationTable_config')) {
                        // Keep the drawer open after page reload caused by form submission.
                        window.nb.history.saveState();
                    }
                });
            });
        })();
    </script>


    
    <section class="nb-drawer" tabindex="-1" id="SavedViews_drawer">
        <div class="nb-drawer-header">
            <h1>Saved Views</h1>
            <button type="button" class="btn-close" data-nb-dismiss="drawer" aria-label="Close"></button>
        </div>
        <div class="nb-drawer-body pb-20 px-20">
            <div class="align-items-start vstack flex-grow-0 gap-10">
                
            </div>
            
            <div class="align-items-start vstack gap-10">
                Actions:
                
                <a class="btn btn-secondary" href="" data-bs-toggle="modal" data-bs-target="#saved_view_modal">
                    <span class="mdi mdi-content-save-plus-outline me-4" aria-hidden="true"></span>Save As New
                </a>
                
            </div>
        </div>
    </section>

        </div>
        <header id="header">
            <div class="banner-alert-area">
                



    
        <div class="alert alert-info text-center" role="alert">
            <p>Local</p>
        </div>
    






                

            </div>
            <div class="container-fluid mb-12 mt-16">
                <div class="row">
                    <div id="page-title" class="col-4">
                        
                            


<h1 class="d-flex fs-2 gap-8 lh-sm py-6">
    <img
        alt="Nautobot chevron"
        class="align-self-start flex-grow-0 flex-shrink-0 my-n4"
        role="presentation"
        src="/static/img/nautobot_chevron.svg"
        style="width: 1.5rem;"
    />
    
        Isis Configurations
    
</h1>

                        
                    </div>
                    



    
        <form action="/search/" class="col-4 text-center" id="header_search" method="get" role="search">
            <label class="position-relative w-100">
                <input
                    aria-placeholder="Press Ctrl+K to search"
                    class="form-control nb-text-transparent"
                    name="q"
                    type="search"
                    value=""
                />
                <span class="align-items-center d-inline-flex gap-6 overflow-hidden px-12 py-6 pe-none position-absolute start-0 top-0 user-select-none w-100">
                    <span aria-hidden="true" class="mdi mdi-magnify text-secondary d-inline-flex"></span>
                    
                        
                            
                                
                                    
                                        <span class="badge border" data-nb-link="/plugins/nautobot-igp-models/isis-configuration/"><!--
                                            -->in: ISIS Configuration<!--
                                            --><button tabindex="-1" type="button">
                                            <span aria-hidden="true" class="mdi mdi-close"></span>
                                            <span class="visually-hidden">Remove</span>
                                        </button>
                                        </span>
                                    
                                
                            
                        
                            
                                
                                    
                                
                                    
                                
                            
                        
                    
                    <span
                        aria-hidden="true"
                        class="align-items-center d-inline-flex gap-4 text-nowrap text-secondary"
                    >
                        
                            Press <kbd class="mt-n1">Ctrl+K</kbd> to search
                        
                    </span>
                    <a class="align-items-center d-inline-flex ms-auto pe-auto"
                       href="/static/docs/user-guide/platform-functionality/user-interface/search.html"
                       target="_blank"
                       rel="noopener"
                    >
                        <span aria-hidden="true" class="mdi mdi-help-circle-outline text-secondary"></span>
                    </a>
                </span>
            </label>
        </form>
    

    <div class="col-4 text-end">
        <div class="dropdown">
            <button class="btn dropdown-toggle align-items-center d-inline-flex gap-6" type="button" data-bs-toggle="dropdown" aria-expanded="false">
                <span aria-hidden="true" class="mdi mdi-account text-secondary"></span>
                nautobotuser
            </button>
            <ul class="dropdown-menu dropdown-menu-end">
                <li><a class="dropdown-item" href="/about/"><span class="mdi mdi-information"></span>About Nautobot</a></li>
                <li><a class="dropdown-item" href="/user/profile/"><span class="mdi mdi-account-box"></span>Profile</a></li>
                <li><a class="dropdown-item" href="/extras/approver-dashboard/"><span class="mdi mdi-check-bold"></span>Approval Dashboard</a></li>
                
                <li class="dropdown-divider"></li>
                <li><a class="dropdown-item" href="/logout/"><span class="mdi mdi-logout"></span>Log out</a></li>
            </ul>
        </div>
    </div>


                    <div class="col-12">
                        
    

    

    

<nav aria-label="Breadcrumbs" class="mt-1">
    <ol class="breadcrumb">
        
            
                
            
        
    </ol>
</nav>


                    </div>
                </div>
            </div>
            
        </header>
        <main class="container-fluid wrapper" id="main-content" tabindex="-1">
            
    <div class="align-items-center d-flex gap-8 justify-content-end mb-16 d-print-none">
        
        

        <div class="btn-group">
            
                
    
        <a href="/plugins/nautobot-igp-models/isis-configuration/add/" class="btn btn-primary" id="add-button">
            <span class="mdi mdi-plus-thick" aria-hidden="true"></span> Add Isis Configuration
        </a>
    


                <button type="button" id="actions-dropdown" class="btn btn-primary dropdown-toggle" data-bs-toggle="dropdown">
                    <span class="visually-hidden">Toggle Dropdown</span>
                    <span class="mdi mdi-chevron-down"></span>
                </button>
            
            <ul class="dropdown-menu dropdown-menu-end" role="menu">
                
                    
                        
    
        <li>
            <a class="dropdown-item" id="import-button" href="/extras/jobs/nautobot.core.jobs.ImportObjects/run/?content_type=193">
                <span class="mdi mdi-database-import text-secondary" aria-hidden="true"></span> Import from CSV
            </a>
        </li>
    


                    
                
                
                    <li class="dropdown-divider"></li>
                
                
                    
                        
    
        
        
        <li>
            <form action="/extras/jobs/nautobot.core.jobs.ExportObjectList/run/" method="post">
                <input type="hidden" name="csrfmiddlewaretoken" value="vqT7NXbCOLIupHfljGd3tMUEL6DuKtso4AUPFIMwTVQanxKcMCOMQ8dujAaQKbPv">
                <input type="hidden" name="content_type" value="193">
                <input type="hidden" name="query_string" value="">
                <input type="hidden" name="_schedule_type" value="immediately">
                <input type="hidden" name="export_format" value="csv">
                <button class="dropdown-item" type="submit">
                    <span class="mdi mdi-database-export text-secondary" aria-hidden="true"></span> Export as CSV
                </button>
            </form>
        </li>
        
    


                    
                
            </ul>
        </div>
        
        
            
            
        
        
            
            
        
        <div class="align-items-center d-flex gap-4">
            
                <button
                    type="button"
                    class="btn position-relative text-secondary"
                    data-nb-toggle="drawer"
                    data-nb-target="#SavedViews_drawer"
                    title="Saved Views"
                    aria-expanded="false"
                    aria-controls="SavedViews_drawer"
                >
                    <span class="mdi mdi-view-compact-outline" aria-hidden="true"></span>
                    <span class="visually-hidden">Saved Views</span>
                    
                </button>
            
            
                <button
                    type="button"
                    class="btn position-relative text-secondary"
                    data-nb-toggle="drawer"
                    data-nb-target="#FilterForm_drawer"
                    title="Add Filters"
                    id="id__filterbtn"
                    aria-controls="FilterForm_drawer"
                    aria-expanded="false"
                >
                    <span class="mdi mdi-filter" aria-hidden="true"></span>
                    <span class="visually-hidden">Add Filters</span>
                    
                </button>
            
        </div>
    </div>

    

    <div>
        
            
                
                    


<div class="card mb-3">
    
    <div class="table-responsive">
        



    <table class="table table-hover nb-table-headings">
        
            <thead>
                <tr>
                    
                        
                            
                                <th class="orderable"><a href="?sort=instance" data-column-name="instance">Instance</a></th>
                            
                        
                    
                        
                            
                                <th class="orderable"><a href="?sort=system_id" data-column-name="system_id">System ID</a></th>
                            
                        
                    
                        
                            
                                <th class="orderable"><a href="?sort=status" data-column-name="status">Status</a></th>
                            
                        
                    
                        
                            <th class="nb-actionable nb-w-0 orderable">
                                <button
            type="button"
            class="btn border-0 float-end rounded-0 text-end text-secondary "
            data-nb-toggle="drawer"
            data-nb-target="#ISISConfigurationTable_config"
            
            title="Configure table"
            aria-controls="ISISConfigurationTable_config"
            aria-expanded="false"
        >
            <span class="mdi mdi-cog" aria-hidden="true"></span>
            <span class="visually-hidden">Configure</span>
        </button>
                            </th>
                        
                    
                    
                </tr>
            </thead>
        
        <tbody>
            
                <tr class="even">
                    
                        <td ><a href="/plugins/nautobot-igp-models/igproutinginstance/42c8e615-cc74-4916-be8f-777d63949368/">ISIS on router1</a></td>
                    
                        <td >49.0001.0010.0000.0001.00</td>
                    
                        <td >
    
    
        <span class="badge" style="color: #ffffff; background-color: #4caf50">
            Active
        </span>
    
    </td>
                    
                        <td class="d-print-none nb-actions nb-w-0 text-end text-nowrap">
    <div class="dropdown">
        <button class="btn dropdown-toggle" type="button" data-bs-toggle="dropdown" aria-expanded="false">
            <span class="mdi mdi-dots-vertical" aria-hidden="true"></span>
            <span class="visually-hidden">Toggle Dropdown</span>
        </button>
        <ul class="dropdown-menu dropdown-menu-end">
            
            
            
            
        </ul>
    </div>

    </td>
                    
                    
                </tr>
            
        </tbody>
        
    </table>


    </div>
    
</div>

                
            
            

<div class="paginator align-items-center d-flex fs-5 gap-10 justify-content-end mt-16 text-secondary">
    
        <div>
            Showing 1-1 of 1
        </div>
        <div class="vr border-start my-8"></div>
    
    <form class="align-items-center d-flex gap-4" method="get">
        
        <select name="per_page" id="per_page" class="form-select">
            
                <option value="65000" selected="selected">65000</option>
            
            
                <option value="25">25</option>
            
                <option value="50">50</option>
            
                <option value="100">100</option>
            
                <option value="250">250</option>
            
                <option value="500">500</option>
            
                <option value="1000">1000</option>
            
        </select>
        per page
    </form>
    
</div>

            <div class="clearfix"></div>
        
    </div>
    
        


<div class="modal fade" tabindex="-1" id="saved_view_modal" role="dialog">
    <div class="modal-dialog modal-lg">
        <div class="modal-content">
            <div class="modal-header">
                <h4 class="modal-title">New Saved View</h4>
                <button type="button" class="btn-close" data-bs-dismiss="modal" aria-label="Close"></button>
            </div>
            <form action="/extras/saved-views/add/" method="post">
                <div class="modal-body">
                    <input type="hidden" name="csrfmiddlewaretoken" value="vqT7NXbCOLIupHfljGd3tMUEL6DuKtso4AUPFIMwTVQanxKcMCOMQ8dujAaQKbPv">
                    <div class="row">
                        

<div class="mb-10 d-md-flex justify-content-center">
    
        <label class="col-md-3 col-form-label nb-required" for="id_name">
            Name
        </label>
        <div class="col-md-9">
            <input type="text" name="name" maxlength="255" class="form-control" required placeholder="Name" id="id_name">
            
            
                <span class="form-text">The name of this view</span>
            
    
    
</div>
</div>

                        <span class="col-lg-3 text-end text-secondary">New Changes</span>
                        <div class="col-lg-9">
                            <pre><code class="language-json">{
    &quot;filter_params&quot;: {},
    &quot;per_page&quot;: 65000,
    &quot;sort_order&quot;: [],
    &quot;table_config&quot;: null
}</code></pre>
                        </div>
                        

<div class="mb-10 d-md-flex justify-content-center">
    
        <div class="col-md-9 offset-md-3">
            <div class="form-check mt-6">
                <input type="checkbox" name="is_shared" class="form-check-input" placeholder="Is shared" id="id_is_shared">
                <label class="form-check-label" for="id_is_shared">
                    Is shared
                </label>
            </div>
            
            
                <span class="form-text">If checked, all users will be able to see this saved view</span>
            
    
    
</div>
</div>

                        <input type="hidden" id="view" name="view" value="plugins:nautobot_igp_models:isisconfiguration_list">
                        <input type="hidden" id="params" name="params" value="">
                    </div>
                </div>
                <div class="modal-footer">
                    <button type="submit" class="btn btn-primary">
                        <span aria-hidden="true" class="mdi mdi-content-save-plus-outline me-4"></span><!--
                        -->Save
                    </button>
                    <button class="btn btn-secondary" data-bs-dismiss="modal" type="button">
                        <span aria-hidden="true" class="mdi mdi-close me-4"></span><!--
                        -->Cancel
                    </button>
                </div>
            </form>
        </div>
    </div>
</div>

    
    

<div class="modal fade" tabindex="-1" role="dialog" id="dynamic_group_assignment_modal">
    <div class="modal-dialog modal-lg" role="document">
        <div class="modal-content">
            <div class="modal-header">
                <button type="button" class="btn-close" data-bs-dismiss="modal" aria-label="Close">
                </button>
                <h4 class="modal-title">Static Assignment to Dynamic Groups</h4>
            </div>
            <form id="dynamic_group_assignment_form" action="/extras/dynamic-groups/assign-members/?"
                  method="post" class="form form-horizontal">
                <div class="modal-body">
                    <input type="hidden" name="csrfmiddlewaretoken" value="vqT7NXbCOLIupHfljGd3tMUEL6DuKtso4AUPFIMwTVQanxKcMCOMQ8dujAaQKbPv">
                    <input type="hidden" name="return_url" value="/plugins/nautobot-igp-models/isis-configuration/">
                    <input type="hidden" id="dynamic_group_assignment_all" name="_all">
                    <span id="dynamic_group_assignment_pks"></span>
                    
                        <input type="hidden" name="content_type" value="193" class="form-control" required="required" placeholder="None" id="id_content_type">
                    
                        
                    
                    

<div class="mb-10 d-md-flex justify-content-center">
    
        <label class="col-md-3 col-form-label" for="id_add_to_groups">
            Add to existing group(s)
        </label>
        <div class="col-md-9">
            <select name="add_to_groups" class="nautobot-select2-api" data-multiple="1" data-query-param-group_type="[&quot;static&quot;]" data-query-param-content_type="[&quot;nautobot_igp_models.isisconfiguration&quot;]" data-query-param-exclude_m2m="[&quot;true&quot;]" display-field="display" data-depth="0" data-url="/api/extras/dynamic-groups/" id="id_add_to_groups" multiple>
</select>
            
            
    
    
</div>
</div>

                    

<div class="mb-10 d-md-flex justify-content-center">
    
        <label class="col-md-3 col-form-label" for="id_create_and_assign_to_new_group_name">
            Create a new group
        </label>
        <div class="col-md-9">
            <input type="text" name="create_and_assign_to_new_group_name" class="form-control" placeholder="Create a new group" id="id_create_and_assign_to_new_group_name">
            
            
                <span class="form-text">Create a new group with this name and assign the selected objects to it.</span>
            
    
    
</div>
</div>

                    

<div class="mb-10 d-md-flex justify-content-center">
    
        <label class="col-md-3 col-form-label" for="id_remove_from_groups">
            Remove from group(s)
        </label>
        <div class="col-md-9">
            <select name="remove_from_groups" class="nautobot-select2-api" data-multiple="1" data-query-param-group_type="[&quot;static&quot;]" data-query-param-content_type="[&quot;nautobot_igp_models.isisconfiguration&quot;]" data-query-param-exclude_m2m="[&quot;true&quot;]" display-field="display" data-depth="0" data-url="/api/extras/dynamic-groups/" id="id_remove_from_groups" multiple>
</select>
            
            
    
    
</div>
</div>

                </div>
                <div class="modal-footer">
                    <button type="submit" class="btn btn-primary">
                        <span class="mdi mdi-group" aria-hidden="true"></span> Apply
                    </button>
                    <button type="button" class="btn btn-secondary" id="dynamic_group_assignment_cancel">
                        <span class="mdi mdi-close-thick" aria-hidden="true"></span> Cancel
                    </button>
                </div>
            </form>
        </div>
    </div>
</div>


        </main>
        
            
        
        





======================================================================
FAIL: test_bulk_edit_objects_nullable_fields (nautobot_igp_models.tests.test_views.ISISInterfaceConfigurationViewTest.test_bulk_edit_objects_nullable_fields) (field_name='metric')
Assert that "set null" fields on the bulk-edit form are correctly passed through to the job.
----------------------------------------------------------------------
Traceback (most recent call last):
  File "/usr/local/lib/python3.11/site-packages/nautobot/core/testing/views.py", line 1394, in test_bulk_edit_objects_nullable_fields
    self.assertTrue(model_field.null or model_field.blank)
AssertionError: False is not true

======================================================================
FAIL: test_create_object_with_constrained_permission (nautobot_igp_models.tests.test_views.ISISInterfaceConfigurationViewTest.test_create_object_with_constrained_permission)
----------------------------------------------------------------------
Traceback (most recent call last):
  File "/usr/local/lib/python3.11/site-packages/django/test/utils.py", line 461, in inner
    return func(*args, **kwargs)
           ^^^^^^^^^^^^^^^^^^^^^
  File "/usr/local/lib/python3.11/site-packages/nautobot/core/testing/views.py", line 638, in test_create_object_with_constrained_permission
    self.assertHttpStatus(self.client.post(**request), 302)
  File "/usr/local/lib/python3.11/site-packages/nautobot/core/testing/mixins.py", line 232, in assertHttpStatus
    self.assertIn(response.status_code, expected_status, err_message)
AssertionError: 200 not found in [302] : Expected HTTP status(es) [302]; received 200:
{'form': <ISISInterfaceConfigurationForm bound=True, valid=False, fields=(name;isis_config;device;interface;circuit_type;metric;status;object_note;dynamic_groups)>, 'request': <rest_framework.request.Request: POST '/plugins/nautobot-igp-models/isis-interface-configuration/add/'>}

======================================================================
FAIL: test_create_object_with_permission (nautobot_igp_models.tests.test_views.ISISInterfaceConfigurationViewTest.test_create_object_with_permission)
----------------------------------------------------------------------
Traceback (most recent call last):
  File "/usr/local/lib/python3.11/site-packages/django/test/utils.py", line 461, in inner
    return func(*args, **kwargs)
           ^^^^^^^^^^^^^^^^^^^^^
  File "/usr/local/lib/python3.11/site-packages/nautobot/core/testing/views.py", line 569, in test_create_object_with_permission
    self.assertHttpStatus(self.client.post(**request), 302)
  File "/usr/local/lib/python3.11/site-packages/nautobot/core/testing/mixins.py", line 232, in assertHttpStatus
    self.assertIn(response.status_code, expected_status, err_message)
AssertionError: 200 not found in [302] : Expected HTTP status(es) [302]; received 200:
{'form': <ISISInterfaceConfigurationForm bound=True, valid=False, fields=(name;isis_config;device;interface;circuit_type;metric;status;object_note;dynamic_groups)>, 'request': <rest_framework.request.Request: POST '/plugins/nautobot-igp-models/isis-interface-configuration/add/'>}

======================================================================
FAIL: test_edit_object_with_constrained_permission (nautobot_igp_models.tests.test_views.ISISInterfaceConfigurationViewTest.test_edit_object_with_constrained_permission)
----------------------------------------------------------------------
Traceback (most recent call last):
  File "/usr/local/lib/python3.11/site-packages/django/test/utils.py", line 461, in inner
    return func(*args, **kwargs)
           ^^^^^^^^^^^^^^^^^^^^^
  File "/usr/local/lib/python3.11/site-packages/nautobot/core/testing/views.py", line 770, in test_edit_object_with_constrained_permission
    self.assertHttpStatus(self.client.post(**request), 302)
  File "/usr/local/lib/python3.11/site-packages/nautobot/core/testing/mixins.py", line 232, in assertHttpStatus
    self.assertIn(response.status_code, expected_status, err_message)
AssertionError: 200 not found in [302] : Expected HTTP status(es) [302]; received 200:
{'form': <ISISInterfaceConfigurationForm bound=True, valid=False, fields=(name;isis_config;device;interface;circuit_type;metric;status;object_note;dynamic_groups)>, 'request': <rest_framework.request.Request: POST '/plugins/nautobot-igp-models/isis-interface-configuration/352703e4-9886-42f9-8202-91784dd9125d/edit/'>}

======================================================================
FAIL: test_edit_object_with_permission (nautobot_igp_models.tests.test_views.ISISInterfaceConfigurationViewTest.test_edit_object_with_permission)
----------------------------------------------------------------------
Traceback (most recent call last):
  File "/usr/local/lib/python3.11/site-packages/django/test/utils.py", line 461, in inner
    return func(*args, **kwargs)
           ^^^^^^^^^^^^^^^^^^^^^
  File "/usr/local/lib/python3.11/site-packages/nautobot/core/testing/views.py", line 724, in test_edit_object_with_permission
    self.assertHttpStatus(self.client.post(**request), 302)
  File "/usr/local/lib/python3.11/site-packages/nautobot/core/testing/mixins.py", line 232, in assertHttpStatus
    self.assertIn(response.status_code, expected_status, err_message)
AssertionError: 200 not found in [302] : Expected HTTP status(es) [302]; received 200:
{'form': <ISISInterfaceConfigurationForm bound=True, valid=False, fields=(name;isis_config;device;interface;circuit_type;metric;status;object_note;dynamic_groups)>, 'request': <rest_framework.request.Request: POST '/plugins/nautobot-igp-models/isis-interface-configuration/352703e4-9886-42f9-8202-91784dd9125d/edit/'>}

======================================================================
FAIL: test_get_object_with_permission (nautobot_igp_models.tests.test_views.ISISInterfaceConfigurationViewTest.test_get_object_with_permission)
----------------------------------------------------------------------
Traceback (most recent call last):
  File "/usr/local/lib/python3.11/site-packages/django/test/utils.py", line 461, in inner
    return func(*args, **kwargs)
           ^^^^^^^^^^^^^^^^^^^^^
  File "/usr/local/lib/python3.11/site-packages/nautobot/core/testing/views.py", line 232, in test_get_object_with_permission
    self.assertEqual(
AssertionError: 1 != 0 : This view was expected to execute 0 recursive database queries but 1 were executed. If this is expected, please update the ISISInterfaceConfigurationViewTest.allowed_number_of_tree_queries_per_view_type['retrieve'] property. Care should be taken to only increase these numbers where necessary - recursive queries can become really slow with bigger datasets. The following queries were used:

    WITH RECURSIVE __rank_table(
        
        "id",
        "parent_id",
        "rank_order"
    ) AS (
        SELECT "dcim_location"."id", "dcim_location"."parent_id", ROW_NUMBER() OVER (ORDER BY "dcim_location"."_name") AS "rank_order" FROM "dcim_location"
    ),
    __tree (
        
        "tree_depth",
        "tree_path",
        "tree_ordering",
        "tree_pk"
    ) AS (
        SELECT
            
            0,
            array[T.id],
            array[T.rank_order],
            T."id"
        FROM __rank_table T
        WHERE T."parent_id" IS NULL

        UNION ALL

        SELECT
            
            __tree.tree_depth + 1,
            __tree.tree_path || T.id,
            __tree.tree_ordering || T.rank_order,
            T."id"
        FROM __rank_table T
        JOIN __tree ON T."parent_id" = __tree.tree_pk
    )
    SELECT (__tree.tree_depth) AS "tree_depth", (__tree.tree_path) AS "tree_path", (__tree.tree_ordering) AS "tree_ordering", "dcim_location"."id", "dcim_location"."created", "dcim_location"."last_updated", "dcim_location"."_custom_field_data", "dcim_location"."parent_id", "dcim_location"."name", "dcim_location"."_name", "dcim_location"."location_type_id", "dcim_location"."status_id", "dcim_location"."tenant_id", "dcim_location"."description", "dcim_location"."facility", "dcim_location"."asn", "dcim_location"."time_zone", "dcim_location"."physical_address", "dcim_location"."shipping_address", "dcim_location"."latitude", "dcim_location"."longitude", "dcim_location"."contact_name", "dcim_location"."contact_phone", "dcim_location"."contact_email", "dcim_location"."comments" FROM "dcim_location" , "__tree" WHERE (__tree.tree_pk = dcim_location.id) ORDER BY ("__tree".tree_depth) DESC LIMIT 1

======================================================================
FAIL: test_list_objects_filtered (nautobot_igp_models.tests.test_views.ISISInterfaceConfigurationViewTest.test_list_objects_filtered)
----------------------------------------------------------------------
Traceback (most recent call last):
  File "/usr/local/lib/python3.11/site-packages/django/test/utils.py", line 461, in inner
    return func(*args, **kwargs)
           ^^^^^^^^^^^^^^^^^^^^^
  File "/usr/local/lib/python3.11/site-packages/nautobot/core/testing/views.py", line 1044, in test_list_objects_filtered
    self.assertRegex(content, r">\s*" + re.escape(escape(instance1.name)) + r"\s*<", msg=content)
AssertionError: Regex didn't match: '>\\s*ISIS\\-R1\\-GE1\\s*<' not found in '\n\n\n        <div id="drawer">\n            \n    \n\n\n\n<section class="nb-drawer" tabindex="-1" id="FilterForm_drawer">\n    <div class="nb-drawer-header">\n        <h1>Filters</h1>\n        <button type="button" class="btn-close" data-nb-dismiss="drawer" aria-label="Close"></button>\n    </div>\n    <div class="nb-drawer-body">\n        <ul id="filter-tabs" class="nav nav-tabs">\n            \n                <li role="presentation" class="nav-item">\n                    <a class="nav-link active"  href="#default-filter" role="tab" data-bs-toggle="tab">\n                        Basic\n                    </a>\n                </li>\n            \n            \n                <li role="presentation" class="nav-item">\n                    <a class="nav-link position-relative" href="#advanced-filter" role="tab" data-bs-toggle="tab">\n                        Advanced\n                        \n    <span\n        aria-hidden="true"\n        class="end-0 me-2 mt-2 top-0 nb-btn-indicator"\n        data-bs-toggle="tooltip"\n        data-bs-title="Some of the applied filters can only be viewed in Advanced"\n    ></span>\n\n\n                    </a>\n                </li>\n            \n        </ul>\n        <div class="tab-content h-100">\n            \n                <div id="default-filter" role="tabpanel" class="tab-pane fade show active h-100 p-20">\n                    \n\n<form class="h-100 vstack">\n    <div class="align-content-start flex-fill pb-20">\n        \n        \n            \n                <div class="nb-form-group">\n                    \n                        <label for="id_isis_config">ISIS Configuration</label>\n                        <select name="isis_config" class="nautobot-select2-api form-control" data-query-param-exclude_m2m="[&quot;true&quot;]" display-field="display" value-field="name" data-depth="0" placeholder="ISIS Configuration" data-url="/api/plugins/nautobot-igp-models/isis-configurations/" id="id_isis_config">\n  <option value=""\n         selected\n        >---------</option>\n\n</select>\n                    \n                </div>\n            \n        \n            \n                <div class="nb-form-group">\n                    \n                        <label for="id_interface">Interface</label>\n                        <select name="interface" class="nautobot-select2-api form-control" data-query-param-device_id="[&quot;$isis_config__instance__device&quot;]" data-query-param-exclude_m2m="[&quot;true&quot;]" display-field="display" data-depth="0" placeholder="Interface" data-url="/api/dcim/interfaces/" id="id_interface">\n  <option value=""\n         selected\n        >---------</option>\n\n</select>\n                    \n                </div>\n            \n        \n            \n                <div class="nb-form-group">\n                    \n                        <label for="id_circuit_type">Circuit type</label>\n                        <select name="circuit_type" class="form-control" placeholder="None" id="id_circuit_type" multiple>\n  <option value="L1">Level-1</option>\n\n  <option value="L2">Level-2</option>\n\n  <option value="L1L2">Level-1-2</option>\n\n</select>\n                    \n                </div>\n            \n        \n            \n                <div class="nb-form-group">\n                    \n                        <label for="id_metric">Metric</label>\n                        <input type="number" name="metric" class="form-control" placeholder="Metric" id="id_metric">\n                    \n                </div>\n            \n        \n            \n                <div class="nb-form-group">\n                    \n                        <label for="id_contacts">Contacts</label>\n                        <select name="contacts" class="nautobot-select2-api form-control" data-multiple="1" data-query-param-exclude_m2m="[&quot;true&quot;]" display-field="display" value-field="name" data-depth="0" placeholder="None" data-url="/api/extras/contacts/" id="id_contacts" multiple>\n</select>\n                    \n                </div>\n            \n        \n            \n                <div class="nb-form-group">\n                    \n                        <label for="id_teams">Teams</label>\n                        <select name="teams" class="nautobot-select2-api form-control" data-multiple="1" data-query-param-exclude_m2m="[&quot;true&quot;]" display-field="display" value-field="name" data-depth="0" placeholder="None" data-url="/api/extras/teams/" id="id_teams" multiple>\n</select>\n                    \n                </div>\n            \n        \n    </div>\n    <div class="justify-content-between mb-n20 nb-form-sticky-footer">\n        <button type="submit" class="btn btn-primary">\n            <span class="mdi mdi-check me-4" aria-hidden="true"></span><!--\n            -->Apply Specified\n        </button>\n        <button type="reset" class="btn btn-secondary">\n            <span aria-hidden="true" class="mdi mdi-close me-4"></span><!--\n            -->Clear All\n        </button>\n    </div>\n</form>\n\n                </div>\n            \n            \n                <div id="advanced-filter" role="tabpanel" class="tab-pane fade h-100 p-20">\n                    <form class="h-100 vstack" id="dynamic-filter-form">\n                        <div class="align-content-start flex-fill pb-20">\n                            <input type="hidden" name="form-TOTAL_FORMS" value="1" id="id_form-TOTAL_FORMS"><input type="hidden" name="form-INITIAL_FORMS" value="0" id="id_form-INITIAL_FORMS"><input type="hidden" name="form-MIN_NUM_FORMS" value="0" id="id_form-MIN_NUM_FORMS"><input type="hidden" name="form-MAX_NUM_FORMS" value="1000" id="id_form-MAX_NUM_FORMS">\n                            \n                                <div class="nb-form-group">\n                                    <label for="id_form-0-lookup_field">Field</label>\n                                    <select name="form-0-lookup_field" class="nautobot-select2-static lookup_field-select" placeholder="Field" id="id_form-0-lookup_field">\n  <option value="" selected>---------</option>\n\n  <option value="circuit_type">Circuit type</option>\n\n  <option value="contacts">Contacts (name or ID)</option>\n\n  <option value="created">Created</option>\n\n  <option value="dynamic_groups">Dynamic groups (name or ID)</option>\n\n  <option value="isis_config">ISIS Configuration</option>\n\n  <option value="id">Id</option>\n\n  <option value="interface">Interface</option>\n\n  <option value="last_updated">Last updated</option>\n\n  <option value="metric">Metric</option>\n\n  <option value="status">Status (name or ID)</option>\n\n  <option value="teams">Teams (name or ID)</option>\n\n</select>\n                                </div>\n                            \n                                <div class="nb-form-group">\n                                    <label for="id_form-0-lookup_type">Lookup type</label>\n                                    <select name="form-0-lookup_type" class="nautobot-select2-api lookup_type-select" placeholder="None" data-query-param-field_name="[&quot;$lookup_field&quot;]" data-contenttype="nautobot_igp_models.isisinterfaceconfiguration" data-url="/api/core/filterset-fields/lookup-choices/" id="id_form-0-lookup_type">\n</select>\n                                </div>\n                            \n                                <div class="nb-form-group">\n                                    <label for="id_form-0-lookup_value">Value</label>\n                                    <input type="text" name="form-0-lookup_value" class="form-control lookup_value-input form-control" placeholder="Value" id="id_form-0-lookup_value">\n                                </div>\n                            \n                            <button class="nb-dynamic-filter-add btn btn-primary d-block ms-auto my-20" type="button">\n                                <span aria-hidden="true" class="mdi mdi-plus me-4"></span><!--\n                                -->Add Filter\n                            </button>\n                            <hr class="border-top my-20">\n                            <div class="nb-dynamic-filter-items d-flex flex-wrap gap-10">\n                                \n                                    \n                                        <span class="badge nb-multi-badge" data-nb-field="id">\n                                            <button class="nb-dynamic-filter-remove" type="button">\n                                                <span aria-hidden="true" class="mdi mdi-close"></span>\n                                                <span class="visually-hidden">Remove All</span>\n                                            </button>\n                                            Id:\n                                            <span class="nb-multi-badge-items">\n                                                \n                                                    <span class="badge" data-nb-value="352703e4-9886-42f9-8202-91784dd9125d"><!--\n                                                        --><button class="nb-dynamic-filter-remove" type="button">\n                                                        <span aria-hidden="true" class="mdi mdi-close"></span>\n                                                        <span class="visually-hidden">Remove</span>\n                                                    </button><!--\n                                                        -->352703e4-9886-42f9-8202-91784dd9125d<!--\n                                                        --><input name="id" type="hidden" value="352703e4-9886-42f9-8202-91784dd9125d">\n                                                    </span>\n                                                \n                                            </span>\n                                        </span>\n                                    \n                                \n                            </div>\n                        </div>\n\n                        <div class="d-print-none justify-content-between mb-n20 nb-form-sticky-footer">\n                            <button type="submit" class="btn btn-primary">\n                                <span class="mdi mdi-check me-4" aria-hidden="true"></span><!--\n                                -->Apply Specified\n                            </button>\n                            <button type="reset" class="btn btn-secondary">\n                                <span aria-hidden="true" class="mdi mdi-close me-4"></span><!--\n                                -->Clear All\n                            </button>\n                        </div>\n                    </form>\n                </div>\n            \n        </div>\n    </div>\n</section>\n\n\n    <script>\n        (() => {\n            document.addEventListener(\'DOMContentLoaded\', () => {\n                const NON_FILTER_PARAMS = [\n                    \'all_filters_removed\',\n                    \'clear_view\',\n                    \'per_page\',\n                    \'saved_view\',\n                    \'sort\',\n                    \'table_changes_pending\',\n                ];\n\n                /**\n                 * Insert given `element` as `parent`\'s first child.\n                 * @param {HTMLElement} element - Element to be inserted.\n                 * @param {HTMLElement} parent - Parent container for given `element`.\n                 * @returns {void} Do not return any value, modify DOM in-place.\n                 */\n                const insertFirst = (element, parent) => {\n                    parent.hasChildNodes() ? parent.insertBefore(element, parent.firstElementChild) : parent.appendChild(element);\n                };\n\n                /**\n                 * Get HTML elements for default and dynamic filter forms.\n                 * @returns {object} Object with `defaultFilterForm` and `dynamicFilterForm` HTML elements or `null`,\n                 *   depending on their actual existence in the DOM.\n                 */\n                const getFilterForms = () => ({\n                    defaultFilterForm: document.querySelector(\'#default-filter form\'),\n                    dynamicFilterForm: document.querySelector(\'#dynamic-filter-form\'),\n                });\n\n                const prepopulateFilterSelectsFromURL = (() => {\n                    const { defaultFilterForm } = getFilterForms();\n                    const urlParams = new URLSearchParams(window.location.search);\n                    // Only target Select2 controls inside the default filter form.\n                    [...defaultFilterForm.querySelectorAll(\'select.nautobot-select2-multi-value-char\')].forEach((el) => {\n                        const name = el.getAttribute(\'name\');\n                        if (!name) { return; }\n                        const values = urlParams.getAll(name);\n                        if (!values.length) { return; }\n                        values.forEach((val) => {\n                            let found = Array.prototype.find.call(el.options, (opt) => {\n                                return String(opt.value) === String(val);\n                            });\n                            if (found) {\n                                found.selected = true;\n                            } else {\n                                el.add(new Option(val, val, true, true));\n                            }\n                        });\n                        if (window.jQuery && $(el).data(\'select2\')) {\n                            $(el).trigger(\'change\');\n                        }\n                    });\n                })();\n\n                /**\n                 * Synchronize given `filter` value from default to dynamic filter form.\n                 * @param {string} name - Filter name.\n                 * @returns {void} Do not return any value, just set given field values.\n                 */\n                const syncDefaultToDynamic = (name) => {\n                    const { defaultFilterForm } = getFilterForms();\n\n                    const field = defaultFilterForm.querySelector(`[name="${name}"]`);\n                    const text = field?.closest(\'.nb-form-group\')?.querySelector(\'label\')?.innerText?.trim();\n                    /*\n                     * `manageDynamicFilter` takes an array of `{ text: string, value: string }` objects as `value`, so\n                     * regardless of field being a textbox, a single or multiple choice combobox, conversion is required:\n                     *   1. For combobox (i.e. `<select>`), iterate over selected options and map them to display `text`\n                     *     and underlying `value`.\n                     *   2. For textbox (i.e. `<input>` or `<textarea>`):\n                     *     1. Use entered value as both display `text` and underlying `value`.\n                     *     2. If field is empty, use an empty array.\n                     */\n                    const value =\n                        field?.tagName === \'SELECT\'\n                        ? [...field.selectedOptions].map((option) => ({ text: option.innerText, value: option.value }))\n                        : [...(field?.value ? [{ text: field.value, value: field.value }] : [])];\n\n                    manageDynamicFilter({ action: \'set\', name, text, value });\n                };\n\n                /**\n                 * Synchronize given `filter` value from dynamic to default filter form.\n                 * @param {string} name - Filter name.\n                 * @returns {void} Do not return any value, just set given field values.\n                 */\n                const syncDynamicToDefault = (name) => {\n                    const { defaultFilterForm, dynamicFilterForm } = getFilterForms();\n\n                    const current = [...dynamicFilterForm.querySelectorAll(`input[name="${name}"][type="hidden"]`)].map(\n                        (input) => ({\n                            text: [...(input.parentElement?.childNodes ?? [])].find((node) => node.nodeName === \'#text\')?.wholeText,\n                            value: input.getAttribute(\'value\'),\n                        }),\n                    );\n\n                    const sync = defaultFilterForm?.querySelector(`[name=${name}]`);\n\n                    if (sync?.tagName === \'INPUT\' || sync?.tagName === \'TEXTAREA\') {\n                        sync.value = current.length > 0 ? current[0].value : \'\';\n                    } else if (sync?.tagName === \'SELECT\') {\n                        window.nb.select2.setSelect2Value(sync, current);\n                    }\n                };\n\n                /**\n                 * Manage dynamic filter either by adding values to the existing selection or by setting passed values\n                 * regardless of previous selection.\n                 * @param {\'add\'|\'set\'} action - Use `\'add\'` to add given value to the existing selection; use `\'set\'`\n                 *   to set given value regardless of what was set previously.\n                 * @param {string} name - Filter field name.\n                 * @param {string} text - Filter display text.\n                 * @param {object[]} value - Array of objects containing `text` and `value` key-value pairs.\n                 */\n                const manageDynamicFilter = ({ action, name, text, value }) => {\n                    const { dynamicFilterForm } = getFilterForms();\n                    const items = dynamicFilterForm.querySelector(\'.nb-dynamic-filter-items\');\n\n                    const group = (() => {\n                        const existing = items.querySelector(`.nb-multi-badge[data-nb-field="${name}"]`);\n                        if (existing) {\n                            return existing;\n                        }\n\n                        const group = document.createElement(\'span\');\n                        group.classList.toggle(\'badge\', true);\n                        group.classList.toggle(\'nb-multi-badge\', true);\n                        group.setAttribute(\'data-nb-field\', name);\n\n                        const button = document.createElement(\'button\');\n                        button.classList.toggle(\'nb-dynamic-filter-remove\', true);\n                        button.setAttribute(\'type\', \'button\');\n\n                        const close = document.createElement(\'span\');\n                        close.classList.toggle(\'mdi\', true);\n                        close.classList.toggle(\'mdi-close\', true);\n                        close.setAttribute(\'aria-hidden\', \'true\');\n\n                        const remove = document.createElement(\'span\');\n                        remove.classList.toggle(\'visually-hidden\', true);\n                        remove.innerText = \'Remove All\';\n\n                        const children = document.createElement(\'span\');\n                        children.classList.toggle(\'nb-multi-badge-items\', true);\n\n                        button.appendChild(close);\n                        button.appendChild(remove);\n                        group.appendChild(button);\n                        group.insertAdjacentText(\'beforeend\', `${text}:`);\n                        group.appendChild(children);\n\n                        return group;\n                    })();\n\n                    const children = group.querySelector(\'.nb-multi-badge-items\');\n                    const existing = [...children.querySelectorAll(\'.badge[data-nb-value]\')];\n\n                    /*\n                     * Depending on `action` remove the following badges:\n                     *   1. For `\'add\'`, remove already existing filters with the same key-value pairs and re-create them later.\n                     *   2. For `\'set\'`, remove all existing filters of given key and apply only these passed as `values`.\n                     */\n                    const badgesToRemove =\n                        action === \'add\'\n                        ? existing.filter((badge) => value.some((item) => badge.getAttribute(\'data-nb-value\') === item.value))\n                        : existing;\n                    badgesToRemove.forEach((item) => children.removeChild(item));\n\n                    value.forEach(({ text, value }) => {\n                        const badge = document.createElement(\'span\');\n                        badge.classList.toggle(\'badge\', true);\n                        badge.setAttribute(\'data-nb-value\', value);\n\n                        const input = document.createElement(\'input\');\n                        input.setAttribute(\'name\', name);\n                        input.setAttribute(\'type\', \'hidden\');\n                        input.setAttribute(\'value\', value);\n\n                        const button = document.createElement(\'button\');\n                        button.classList.toggle(\'nb-dynamic-filter-remove\', true);\n                        button.setAttribute(\'type\', \'button\');\n\n                        const close = document.createElement(\'span\');\n                        close.classList.toggle(\'mdi\', true);\n                        close.classList.toggle(\'mdi-close\', true);\n                        close.setAttribute(\'aria-hidden\', \'true\');\n\n                        const remove = document.createElement(\'span\');\n                        remove.classList.toggle(\'visually-hidden\', true);\n                        remove.innerText = \'Remove\';\n\n                        button.appendChild(close);\n                        button.appendChild(remove);\n                        badge.appendChild(button);\n                        badge.insertAdjacentText(\'beforeend\', text);\n                        badge.appendChild(input);\n\n                        insertFirst(badge, children);\n                    });\n\n                    // If group already exists, remove it and later insert as the first child.\n                    if (items.contains(group)) {\n                        items.removeChild(group);\n                    }\n\n                    if (children.hasChildNodes()) {\n                        insertFirst(group, items);\n                    }\n                };\n\n                document.addEventListener(\'click\', (event) => {\n                    const { defaultFilterForm, dynamicFilterForm } = getFilterForms();\n\n                    const add = event.target.closest(\'button.nb-dynamic-filter-add\');\n                    if (add) {\n                        const field = dynamicFilterForm.querySelector(\'[name$="lookup_field"]\');\n                        const type = dynamicFilterForm.querySelector(\'[name$="lookup_type"]\');\n                        const value = [...dynamicFilterForm.querySelectorAll(\'.nb-form-group\')]\n                            .pop()\n                        ?.querySelector(\'input, select, textarea\');\n\n                        const isMissing = (control) =>\n                        control?.selectedOptions ? control.selectedOptions.length === 0 : !control?.value;\n                        if (isMissing(field) || isMissing(type) || isMissing(value)) {\n                            // Return early if selected filter is not complete (i.e. is missing lookup field, type or value).\n                            return;\n                        }\n\n                        const name = type.selectedOptions[0].value;\n                        const label = field.selectedOptions[0].innerText.trim();\n                        const suffix = type.selectedOptions[0].innerText.trim();\n                        const text = /\\(\\w+\\)/.test(suffix) ? `${label} ${suffix}` : label;\n                        const values =\n                            value?.getAttribute(\'multiple\') !== null\n                            ? [...value.selectedOptions].map((option) => ({ text: option.innerText.trim(), value: option.value }))\n                            : [{ text: value?.value, value: value?.value }];\n\n                        // If field exists in default filter form and is a single value input, use `\'set\'` action.\n                        const action =\n                            defaultFilterForm.querySelector(`[name="${name}"]`) &&\n                        (value.tagName === \'INPUT\' || value.tagName === \'TEXTAREA\')\n                            ? \'set\'\n                            : \'add\';\n                        manageDynamicFilter({ action, name, text, value: values });\n\n                        syncDynamicToDefault(name);\n                    }\n\n                    const remove = event.target.closest(\'button.nb-dynamic-filter-remove\');\n                    if (remove) {\n                        const badge = remove.closest(\'.badge\');\n                        /*\n                         * Remove the group badge (i.e. multi-badge) when given badge is the group badge itself, or it is the only\n                         * one left in the group (i.e. has no siblings) because removing it will leave the group badge empty anyway.\n                         */\n                        const shouldRemoveGroup =\n                            badge?.classList.contains(\'nb-multi-badge\') ||\n                        (!badge?.previousElementSibling && !badge?.nextElementSibling);\n                        shouldRemoveGroup ? badge?.closest(\'.nb-multi-badge\')?.remove() : badge?.remove();\n\n                        syncDynamicToDefault(badge?.querySelector(\'input[type="hidden"]\')?.getAttribute(\'name\'));\n                    }\n                });\n\n                // Need to wrap `document` with jQuery to be able to listen to Select2 `change` event.\n                $(document).on(\'change\', (event) => {\n                    const { defaultFilterForm } = getFilterForms();\n                    const isDefaultFilterFormField = event.target.form === defaultFilterForm;\n                    if (isDefaultFilterFormField) {\n                        syncDefaultToDynamic(event.target.name);\n                    }\n                });\n\n                // Need to wrap `document` with jQuery to be able to listen to Select2 `change` event.\n                $(document).on(\'change\', async (event) => {\n                    const isLookupType = event.target.getAttribute(\'name\')?.endsWith(\'lookup_type\');\n                    if (isLookupType) {\n                        const content_type = event.target.getAttribute(\'data-contenttype\');\n                        const field_name = event.target.value;\n                        const value = [...event.target.form.querySelectorAll(\'.nb-form-group\')]\n                            .pop()\n                        ?.querySelector(\'input, select, textarea\');\n\n                        if (field_name) {\n                            const replacement = await (async () => {\n                                try {\n                                    const response = await window.fetch(\n                                        `/api/ui/core/filterset-fields/lookup-value-dom-element/?${new URLSearchParams({ content_type, field_name })}`,\n                                        { method: \'GET\', headers: { Accept: \'*/*\' } },\n                                    );\n\n                                    const html = await response.json();\n\n                                    const element = document.createElement(\'div\');\n                                    element.innerHTML = html;\n\n                                    return element.firstElementChild;\n                                } catch (exception) {\n                                    // Default to `<input type="text" ...>` field if error occurs.\n                                    const input = document.createElement(\'input\');\n                                    input.classList.toggle(\'lookup_value-input\', true);\n                                    input.classList.toggle(\'form-control\', true);\n                                    input.setAttribute(\'id\', `id_for_${field_name}`);\n                                    input.setAttribute(\'name\', field_name);\n                                    input.setAttribute(\'type\', \'text\');\n                                    return input;\n                                }\n                            })();\n\n                            value.replaceWith(replacement);\n                            replacement.nextElementSibling?.remove(); // Remove Select2 widget if present.\n                            replacement.previousElementSibling?.setAttribute(\'for\', replacement.getAttribute(\'id\')); // Set label `for` attribute to match field `id`.\n                            initializeInputs(replacement.parentElement);\n                        }\n                    }\n                });\n\n                // Need to wrap `document` with jQuery to be able to listen to Select2 `change` event.\n                $(document).on(\'change\', (event) => {\n                    const isLookupField = event.target.getAttribute(\'name\')?.endsWith(\'lookup_field\');\n                    const isLookupType = event.target.getAttribute(\'name\')?.endsWith(\'lookup_type\');\n\n                    if (isLookupField) {\n                        const type = event.target.form.querySelector(\'[name$="lookup_type"]\');\n                        $(type).val(null).trigger(\'change\');\n                    }\n\n                    if (isLookupField || isLookupType) {\n                        const value = [...event.target.form.querySelectorAll(\'.nb-form-group\')]\n                            .pop()\n                        ?.querySelector(\'input, select, textarea\');\n\n                        if (value.tagName === \'SELECT\') {\n                            $(value).val(null).trigger(\'change\');\n                        } else {\n                            value.value = \'\';\n                        }\n                    }\n                });\n\n                const isFilterForm = (target) => Boolean(target?.closest(\'#FilterForm_drawer\'));\n\n                document.addEventListener(\'reset\', (event) => {\n                    if (isFilterForm(event.target)) {\n                        event.preventDefault();\n\n                        // Remove all filter query params from location search while keeping non-filter params intact.\n                        const searchParams = new URLSearchParams(window.location.search);\n                        const nextSearchParams = new URLSearchParams([\n                            ...[...searchParams].filter(\n                                ([property]) => NON_FILTER_PARAMS.includes(property) && property !== \'all_filters_removed\',\n                            ),\n                            [\'all_filters_removed\', \'true\'],\n                        ]);\n\n                        location.assign(`?${nextSearchParams}`);\n                    }\n                });\n\n                document.addEventListener(\'submit\', (event) => {\n                    if (isFilterForm(event.target)) {\n                        event.preventDefault();\n\n                        const { defaultFilterForm, dynamicFilterForm } = getFilterForms();\n\n                        /*\n                         * Just before the form submission automatically add filter selected in "Advanced" tab (if any)\n                         * which hasn\'t been manually applied for whatever reason (usually forgetfulness, speed, etc.).\n                         * This is a requested UX flavor.\n                         */\n                        const add = dynamicFilterForm.querySelector(\'button.nb-dynamic-filter-add\');\n                        add.click();\n\n                        // Remove all field names which are not applied filters container descendants.\n                        [...dynamicFilterForm.querySelectorAll(\'input, select, textarea\')].forEach((field) =>\n                            field.closest(\'.nb-dynamic-filter-items\') ? undefined : field.removeAttribute(\'name\'),\n                        );\n\n                        /*\n                         * Get the serialized data from the forms and:\n                         *   1) Filter out query params which values are empty e.g `?sam=&dan=2` becomes `dan=2`.\n                         *   2) Combine the two forms into a single set of data without duplicate entries.\n                         */\n                        const defaultFilterFormSearchParams = new URLSearchParams(new FormData(defaultFilterForm));\n                        const dynamicFilterFormSearchParams = new URLSearchParams(new FormData(dynamicFilterForm));\n                        const searchParams = new URLSearchParams(window.location.search);\n\n                        const nextSearchParams = new URLSearchParams([\n                            ...[...defaultFilterFormSearchParams].filter(([, value]) => value !== \'\'),\n                            ...[...dynamicFilterFormSearchParams].filter(\n                                ([property, value]) => value !== \'\' && !defaultFilterFormSearchParams.has(property, value),\n                            ),\n                            ...[...searchParams].filter(\n                                ([property]) => NON_FILTER_PARAMS.includes(property) && property !== \'all_filters_removed\',\n                            ),\n                        ]);\n\n                        if (nextSearchParams.has(\'saved_view\')) {\n                            const all_filters_removed = [...nextSearchParams].every(([property]) =>\n                                NON_FILTER_PARAMS.includes(property),\n                            );\n\n                            if (all_filters_removed) {\n                                nextSearchParams.set(\'all_filters_removed\', \'true\');\n                            }\n                        }\n\n                        location.assign(`?${nextSearchParams}`);\n                    }\n                });\n\n                const onSubmitOrReset = (event) => (isFilterForm(event.target) ? window.nb?.history?.saveState() : undefined);\n                document.addEventListener(\'reset\', onSubmitOrReset);\n                document.addEventListener(\'submit\', onSubmitOrReset);\n            });\n        })();\n    </script>\n\n\n    \n        \n\n\n<section class="nb-drawer" tabindex="-1" id="ISISInterfaceConfigurationTable_config">\n    <div class="nb-drawer-header">\n        <h1>Table Configuration</h1>\n        <button type="button" class="btn-close" data-nb-dismiss="drawer" aria-label="Close"></button>\n    </div>\n    <div class="nb-drawer-body">\n        <form class="userconfigform h-100 pb-20 px-20 vstack" data-config-root="tables.ISISInterfaceConfigurationTable">\n            <div class="row align-content-start flex-fill">\n                <div class="col-12">\n                    <div class="alert alert-warning">\n                        Column choices may negatively affect loading times.\n                        <a href="/static/docs/user-guide/platform-functionality/user-interface/configurablecolumns.html" class="btn btn-link btn-sm" target="_blank" rel="noopener">\n                            <span class="mdi mdi-information"></span>\n                        </a>\n                    </div>\n                </div>\n                <div class="col-12">\n                    \n                        <select name="columns" size="20" class="form-control" placeholder="None" id="id_columns" multiple>\n  <option value="isis_config" selected>Isis config</option>\n\n  <option value="interface" selected>Interface</option>\n\n  <option value="circuit_type" selected>Circuit type</option>\n\n  <option value="metric" selected>Metric</option>\n\n  <option value="status" selected>Status</option>\n\n  <option value="dynamic_group_count">Dynamic Groups</option>\n\n</select>\n                        <span class="form-text mt-8">Use the buttons below to arrange columns in the desired order, then select all columns to display.</span>\n                        <div class="hstack gap-4 mt-8 mx-n4">\n                            \n                            <button type="button" class="btn btn-primary btn-sm" id="move-option-up" data-target="id_columns"><span class="mdi mdi-arrow-up-bold me-4"></span>Move up</button>\n                            <button type="button" class="btn btn-primary btn-sm" id="move-option-down" data-target="id_columns"><span class="mdi mdi-arrow-down-bold me-4"></span>Move down</button>\n                            <button type="button" class="btn btn-success btn-sm" id="select-all-options" data-target="id_columns"><span class="mdi mdi-expand-all-outline me-4"></span>Select all</button>\n                            \n                        </div>\n                    \n                </div>\n            </div>\n            <div class="nb-form-sticky-footer">\n                <input type="submit" class="btn btn-primary" value="Save">\n                <input type="submit" class="btn btn-danger reset" value="Reset">\n            </div>\n        </form>\n    </div>\n</section>\n\n\n    <script>\n        (() => {\n            document.addEventListener(\'DOMContentLoaded\', () => {\n                document.addEventListener(\'submit\', (event) => {\n                    if (event.target.closest(\'#ISISInterfaceConfigurationTable_config\')) {\n                        // Keep the drawer open after page reload caused by form submission.\n                        window.nb.history.saveState();\n                    }\n                });\n            });\n        })();\n    </script>\n\n\n    \n    <section class="nb-drawer" tabindex="-1" id="SavedViews_drawer">\n        <div class="nb-drawer-header">\n            <h1>Saved Views</h1>\n            <button type="button" class="btn-close" data-nb-dismiss="drawer" aria-label="Close"></button>\n        </div>\n        <div class="nb-drawer-body pb-20 px-20">\n            <div class="align-items-start vstack flex-grow-0 gap-10">\n                \n            </div>\n            \n            <div class="align-items-start vstack gap-10">\n                Actions:\n                \n                <a class="btn btn-secondary" href="" data-bs-toggle="modal" data-bs-target="#saved_view_modal">\n                    <span class="mdi mdi-content-save-plus-outline me-4" aria-hidden="true"></span>Save As New\n                </a>\n                \n            </div>\n        </div>\n    </section>\n\n        </div>\n        <header id="header">\n            <div class="banner-alert-area">\n                \n\n\n\n    \n        <div class="alert alert-info text-center" role="alert">\n            <p>Local</p>\n        </div>\n    \n\n\n\n\n\n\n                \n\n            </div>\n            <div class="container-fluid mb-12 mt-16">\n                <div class="row">\n                    <div id="page-title" class="col-4">\n                        \n                            \n\n\n<h1 class="d-flex fs-2 gap-8 lh-sm py-6">\n    <img\n        alt="Nautobot chevron"\n        class="align-self-start flex-grow-0 flex-shrink-0 my-n4"\n        role="presentation"\n        src="/static/img/nautobot_chevron.svg"\n        style="width: 1.5rem;"\n    />\n    \n        ISIS Interface Configurations\n    \n</h1>\n\n                        \n                    </div>\n                    \n\n\n\n    \n        <form action="/search/" class="col-4 text-center" id="header_search" method="get" role="search">\n            <label class="position-relative w-100">\n                <input\n                    aria-placeholder="Press Ctrl+K to search"\n                    class="form-control nb-text-transparent"\n                    name="q"\n                    type="search"\n                    value=""\n                />\n                <span class="align-items-center d-inline-flex gap-6 overflow-hidden px-12 py-6 pe-none position-absolute start-0 top-0 user-select-none w-100">\n                    <span aria-hidden="true" class="mdi mdi-magnify text-secondary d-inline-flex"></span>\n                    \n                        \n                            \n                                \n                                    \n                                \n                                    \n                                \n                                    \n                                \n                                    \n                                \n                                    \n                                \n                            \n                                \n                                    \n                                \n                                    \n                                \n                                    \n                                \n                            \n                                \n                                    \n                                \n                                    \n                                \n                                    \n                                \n                            \n                                \n                                    \n                                \n                                    \n                                \n                                    \n                                \n                            \n                                \n                                    \n                                \n                                    \n                                \n                            \n                                \n                                    \n                                \n                                    \n                                \n                                    \n                                \n                                    \n                                \n                            \n                                \n                                    \n                                \n                                    \n                                \n                                    \n                                \n                                    \n                                \n                                    \n                                \n                                    \n                                \n                                    \n                                \n                                    \n                                \n                                    \n                                \n                                    \n                                \n                            \n                        \n                            \n                                \n                                    \n                                \n                            \n                                \n                                    \n                                \n                            \n                                \n                                    \n                                \n                            \n                                \n                                    \n                                \n                                    \n                                \n                                    \n                                \n                            \n                                \n                                    \n                                \n                                    \n                                \n                            \n                                \n                                    \n                                \n                            \n                        \n                            \n                                \n                                    \n                                \n                                    \n                                \n                            \n                                \n                                    \n                                \n                                    \n                                \n                                    \n                                \n                                    \n                                \n                            \n                                \n                                    \n                                \n                                    \n                                \n                            \n                                \n                                    \n                                \n                                    \n                                \n                            \n                                \n                                    \n                                \n                            \n                                \n                                    \n                                \n                                    \n                                \n                                    \n                                \n                            \n                        \n                            \n                                \n                                    \n                                \n                                    \n                                \n                                    \n                                        <span class="badge border" data-nb-link="/plugins/nautobot-igp-models/isis-interface-configuration/"><!--\n                                            -->in: ISIS Interface Configuration<!--\n                                            --><button tabindex="-1" type="button">\n                                            <span aria-hidden="true" class="mdi mdi-close"></span>\n                                            <span class="visually-hidden">Remove</span>\n                                        </button>\n                                        </span>\n                                    \n                                \n                                    \n                                \n                                    \n                                \n                            \n                        \n                            \n                                \n                                    \n                                \n                                    \n                                \n                                    \n                                \n                            \n                                \n                                    \n                                \n                                    \n                                \n                            \n                        \n                            \n                                \n                                    \n                                \n                                    \n                                \n                                    \n                                \n                            \n                                \n                                    \n                                \n                                    \n                                \n                                    \n                                \n                            \n                        \n                            \n                                \n                                    \n                                \n                                    \n                                \n                            \n                        \n                            \n                                \n                                    \n                                \n                                    \n                                \n                                    \n                                \n                                    \n                                \n                                    \n                                \n                            \n                        \n                            \n                                \n                                    \n                                \n                                    \n                                \n                            \n                        \n                            \n                                \n                                    \n                                \n                                    \n                                \n                                    \n                                \n                                    \n                                \n                                    \n                                \n                            \n                        \n                            \n                                \n                                    \n                                \n                                    \n                                \n                            \n                                \n                                    \n                                \n                                    \n                                \n                                    \n                                \n                            \n                        \n                            \n                                \n                                    \n                                \n                                    \n                                \n                                    \n                                \n                                    \n                                \n                            \n                        \n                            \n                                \n                                    \n                                \n                                    \n                                \n                            \n                        \n                            \n                                \n                                    \n                                \n                            \n                                \n                                    \n                                \n                            \n                                \n                                    \n                                \n                                    \n                                \n                                    \n                                \n                                    \n                                \n                                    \n                                \n                                    \n                                \n                            \n                                \n                                    \n                                \n                            \n                                \n                                    \n                                \n                                    \n                                \n                            \n                                \n                                    \n                                \n                                    \n                                \n                                    \n                                \n                                    \n                                \n                                    \n                                \n                            \n                                \n                                    \n                                \n                                    \n                                \n                                    \n                                \n                                    \n                                \n                            \n                                \n                                    \n                                \n                                    \n                                \n                            \n                        \n                            \n                                \n                                    \n                                \n                                    \n                                \n                                    \n                                \n                                    \n                                \n                                    \n                                \n                                    \n                                \n                            \n                        \n                            \n                                \n                                    \n                                \n                                    \n                                \n                            \n                        \n                    \n                    <span\n                        aria-hidden="true"\n                        class="align-items-center d-inline-flex gap-4 text-nowrap text-secondary"\n                    >\n                        \n                            Press <kbd class="mt-n1">Ctrl+K</kbd> to search\n                        \n                    </span>\n                    <a class="align-items-center d-inline-flex ms-auto pe-auto"\n                       href="/static/docs/user-guide/platform-functionality/user-interface/search.html"\n                       target="_blank"\n                       rel="noopener"\n                    >\n                        <span aria-hidden="true" class="mdi mdi-help-circle-outline text-secondary"></span>\n                    </a>\n                </span>\n            </label>\n        </form>\n    \n\n    <div class="col-4 text-end">\n        <div class="dropdown">\n            <button class="btn dropdown-toggle align-items-center d-inline-flex gap-6" type="button" data-bs-toggle="dropdown" aria-expanded="false">\n                <span aria-hidden="true" class="mdi mdi-account text-secondary"></span>\n                nautobotuser\n            </button>\n            <ul class="dropdown-menu dropdown-menu-end">\n                <li><a class="dropdown-item" href="/about/"><span class="mdi mdi-information"></span>About Nautobot</a></li>\n                <li><a class="dropdown-item" href="/user/profile/"><span class="mdi mdi-account-box"></span>Profile</a></li>\n                <li><a class="dropdown-item" href="/extras/approver-dashboard/"><span class="mdi mdi-check-bold"></span>Approval Dashboard</a></li>\n                \n                <li class="dropdown-divider"></li>\n                <li><a class="dropdown-item" href="/logout/"><span class="mdi mdi-logout"></span>Log out</a></li>\n            </ul>\n        </div>\n    </div>\n\n\n                    <div class="col-12">\n                        \n    \n\n    \n\n    \n\n<nav aria-label="Breadcrumbs" class="mt-1">\n    <ol class="breadcrumb">\n        \n            \n                \n            \n        \n    </ol>\n</nav>\n\n\n                    </div>\n                </div>\n            </div>\n            \n        </header>\n        <main class="container-fluid wrapper" id="main-content" tabindex="-1">\n            \n    <div class="align-items-center d-flex gap-8 justify-content-end mb-16 d-print-none">\n        \n        \n\n        <div class="btn-group">\n            \n                <button type="button" id="actions-dropdown" class="btn btn-primary dropdown-toggle" data-bs-toggle="dropdown">\n                    Actions\n                    <span class="mdi mdi-chevron-down" aria-hidden="true"></span>\n                </button>\n            \n            <ul class="dropdown-menu dropdown-menu-end" role="menu">\n                \n                \n                \n                    \n                        \n    \n        \n        \n        <li>\n            <form action="/extras/jobs/nautobot.core.jobs.ExportObjectList/run/" method="post">\n                <input type="hidden" name="csrfmiddlewaretoken" value="rQATF7EYZJrLAkiMtD1VXblOG9HJZrmmVVcfSW6iuoosEPYdjBN8hIRaJUq5F9l5">\n                <input type="hidden" name="content_type" value="196">\n                <input type="hidden" name="query_string" value="id=352703e4-9886-42f9-8202-91784dd9125d">\n                <input type="hidden" name="_schedule_type" value="immediately">\n                <input type="hidden" name="export_format" value="csv">\n                <button class="dropdown-item" type="submit">\n                    <span class="mdi mdi-database-export text-secondary" aria-hidden="true"></span> Export as CSV\n                </button>\n            </form>\n        </li>\n        \n    \n\n\n                    \n                \n            </ul>\n        </div>\n        \n        \n        \n            \n            \n        \n        <div class="align-items-center d-flex gap-4">\n            \n                <button\n                    type="button"\n                    class="btn position-relative text-secondary"\n                    data-nb-toggle="drawer"\n                    data-nb-target="#SavedViews_drawer"\n                    title="Saved Views"\n                    aria-expanded="false"\n                    aria-controls="SavedViews_drawer"\n                >\n                    <span class="mdi mdi-view-compact-outline" aria-hidden="true"></span>\n                    <span class="visually-hidden">Saved Views</span>\n                    \n                </button>\n            \n            \n                <button\n                    type="button"\n                    class="btn position-relative text-secondary"\n                    data-nb-toggle="drawer"\n                    data-nb-target="#FilterForm_drawer"\n                    title="Add Filters"\n                    id="id__filterbtn"\n                    aria-controls="FilterForm_drawer"\n                    aria-expanded="false"\n                >\n                    <span class="mdi mdi-filter" aria-hidden="true"></span>\n                    <span class="visually-hidden">Add Filters</span>\n                    \n                        <span aria-hidden="true" class="nb-btn-indicator"></span>\n                    \n                </button>\n            \n        </div>\n    </div>\n\n    \n\n    <div>\n        \n            \n                \n                    \n\n\n<div class="card mb-3">\n    \n    <div class="table-responsive">\n        \n\n\n\n    <table class="table table-hover nb-table-headings">\n        \n            <thead>\n                <tr>\n                    \n                        \n                            \n                                <th class="orderable"><a href="?id=352703e4-9886-42f9-8202-91784dd9125d&amp;sort=isis_config" data-column-name="isis_config">Isis config</a></th>\n                            \n                        \n                    \n                        \n                            \n                                <th class="orderable"><a href="?id=352703e4-9886-42f9-8202-91784dd9125d&amp;sort=interface" data-column-name="interface">Interface</a></th>\n                            \n                        \n                    \n                        \n                            \n                                <th class="orderable"><a href="?id=352703e4-9886-42f9-8202-91784dd9125d&amp;sort=circuit_type" data-column-name="circuit_type">Circuit type</a></th>\n                            \n                        \n                    \n                        \n                            \n                                <th class="orderable"><a href="?id=352703e4-9886-42f9-8202-91784dd9125d&amp;sort=metric" data-column-name="metric">Metric</a></th>\n                            \n                        \n                    \n                        \n                            \n                                <th class="orderable"><a href="?id=352703e4-9886-42f9-8202-91784dd9125d&amp;sort=status" data-column-name="status">Status</a></th>\n                            \n                        \n                    \n                        \n                            <th class="nb-actionable nb-w-0 orderable">\n                                <button\n            type="button"\n            class="btn border-0 float-end rounded-0 text-end text-secondary "\n            data-nb-toggle="drawer"\n            data-nb-target="#ISISInterfaceConfigurationTable_config"\n            \n            title="Configure table"\n            aria-controls="ISISInterfaceConfigurationTable_config"\n            aria-expanded="false"\n        >\n            <span class="mdi mdi-cog" aria-hidden="true"></span>\n            <span class="visually-hidden">Configure</span>\n        </button>\n                            </th>\n                        \n                    \n                    \n                </tr>\n            </thead>\n        \n        <tbody>\n            \n                <tr class="even">\n                    \n                        <td ><a href="/plugins/nautobot-igp-models/isis-configuration/36e2db03-b595-410f-a495-ca3ecd5e9749/">ISIS-Config-R1</a></td>\n                    \n                        <td ><a href="/dcim/interfaces/ceb9d0ef-5f1d-4a56-ba7f-07d4dd0fa488/">GigabitEthernet1</a></td>\n                    \n                        <td >Level-2</td>\n                    \n                        <td >10</td>\n                    \n                        <td >\n    \n    \n        <span class="badge" style="color: #ffffff; background-color: #4caf50">\n            Active\n        </span>\n    \n    </td>\n                    \n                        <td class="d-print-none nb-actions nb-w-0 text-end text-nowrap">\n    <div class="dropdown">\n        <button class="btn dropdown-toggle" type="button" data-bs-toggle="dropdown" aria-expanded="false">\n            <span class="mdi mdi-dots-vertical" aria-hidden="true"></span>\n            <span class="visually-hidden">Toggle Dropdown</span>\n        </button>\n        <ul class="dropdown-menu dropdown-menu-end">\n            \n            \n            \n            \n        </ul>\n    </div>\n\n    </td>\n                    \n                    \n                </tr>\n            \n        </tbody>\n        \n    </table>\n\n\n    </div>\n    \n</div>\n\n                \n            \n            \n\n<div class="paginator align-items-center d-flex fs-5 gap-10 justify-content-end mt-16 text-secondary">\n    \n        <div>\n            Showing 1-1 of 1\n        </div>\n        <div class="vr border-start my-8"></div>\n    \n    <form class="align-items-center d-flex gap-4" method="get">\n        \n            \n                \n                    <input type="hidden" name="id" value="352703e4-9886-42f9-8202-91784dd9125d" />\n                \n            \n        \n        <select name="per_page" id="per_page" class="form-select">\n            \n                <option value="65000" selected="selected">65000</option>\n            \n            \n                <option value="25">25</option>\n            \n                <option value="50">50</option>\n            \n                <option value="100">100</option>\n            \n                <option value="250">250</option>\n            \n                <option value="500">500</option>\n            \n                <option value="1000">1000</option>\n            \n        </select>\n        per page\n    </form>\n    \n</div>\n\n            <div class="clearfix"></div>\n        \n    </div>\n    \n        \n\n\n<div class="modal fade" tabindex="-1" id="saved_view_modal" role="dialog">\n    <div class="modal-dialog modal-lg">\n        <div class="modal-content">\n            <div class="modal-header">\n                <h4 class="modal-title">New Saved View</h4>\n                <button type="button" class="btn-close" data-bs-dismiss="modal" aria-label="Close"></button>\n            </div>\n            <form action="/extras/saved-views/add/" method="post">\n                <div class="modal-body">\n                    <input type="hidden" name="csrfmiddlewaretoken" value="rQATF7EYZJrLAkiMtD1VXblOG9HJZrmmVVcfSW6iuoosEPYdjBN8hIRaJUq5F9l5">\n                    <div class="row">\n                        \n\n<div class="mb-10 d-md-flex justify-content-center">\n    \n        <label class="col-md-3 col-form-label nb-required" for="id_name">\n            Name\n        </label>\n        <div class="col-md-9">\n            <input type="text" name="name" maxlength="255" class="form-control" required placeholder="Name" id="id_name">\n            \n            \n                <span class="form-text">The name of this view</span>\n            \n    \n    \n</div>\n</div>\n\n                        <span class="col-lg-3 text-end text-secondary">New Changes</span>\n                        <div class="col-lg-9">\n                            <pre><code class="language-json">{\n    &quot;filter_params&quot;: {\n        &quot;id&quot;: [\n            &quot;352703e4-9886-42f9-8202-91784dd9125d&quot;\n        ]\n    },\n    &quot;per_page&quot;: 65000,\n    &quot;sort_order&quot;: [],\n    &quot;table_config&quot;: null\n}</code></pre>\n                        </div>\n                        \n\n<div class="mb-10 d-md-flex justify-content-center">\n    \n        <div class="col-md-9 offset-md-3">\n            <div class="form-check mt-6">\n                <input type="checkbox" name="is_shared" class="form-check-input" placeholder="Is shared" id="id_is_shared">\n                <label class="form-check-label" for="id_is_shared">\n                    Is shared\n                </label>\n            </div>\n            \n            \n                <span class="form-text">If checked, all users will be able to see this saved view</span>\n            \n    \n    \n</div>\n</div>\n\n                        <input type="hidden" id="view" name="view" value="plugins:nautobot_igp_models:isisinterfaceconfiguration_list">\n                        <input type="hidden" id="params" name="params" value="id=352703e4-9886-42f9-8202-91784dd9125d">\n                    </div>\n                </div>\n                <div class="modal-footer">\n                    <button type="submit" class="btn btn-primary">\n                        <span aria-hidden="true" class="mdi mdi-content-save-plus-outline me-4"></span><!--\n                        -->Save\n                    </button>\n                    <button class="btn btn-secondary" data-bs-dismiss="modal" type="button">\n                        <span aria-hidden="true" class="mdi mdi-close me-4"></span><!--\n                        -->Cancel\n                    </button>\n                </div>\n            </form>\n        </div>\n    </div>\n</div>\n\n    \n    \n\n<div class="modal fade" tabindex="-1" role="dialog" id="dynamic_group_assignment_modal">\n    <div class="modal-dialog modal-lg" role="document">\n        <div class="modal-content">\n            <div class="modal-header">\n                <button type="button" class="btn-close" data-bs-dismiss="modal" aria-label="Close">\n                </button>\n                <h4 class="modal-title">Static Assignment to Dynamic Groups</h4>\n            </div>\n            <form id="dynamic_group_assignment_form" action="/extras/dynamic-groups/assign-members/?"\n                  method="post" class="form form-horizontal">\n                <div class="modal-body">\n                    <input type="hidden" name="csrfmiddlewaretoken" value="rQATF7EYZJrLAkiMtD1VXblOG9HJZrmmVVcfSW6iuoosEPYdjBN8hIRaJUq5F9l5">\n                    <input type="hidden" name="return_url" value="/plugins/nautobot-igp-models/isis-interface-configuration/?id=352703e4-9886-42f9-8202-91784dd9125d">\n                    <input type="hidden" id="dynamic_group_assignment_all" name="_all">\n                    <span id="dynamic_group_assignment_pks"></span>\n                    \n                        <input type="hidden" name="content_type" value="196" class="form-control" required="required" placeholder="None" id="id_content_type">\n                    \n                        \n                    \n                    \n\n<div class="mb-10 d-md-flex justify-content-center">\n    \n        <label class="col-md-3 col-form-label" for="id_add_to_groups">\n            Add to existing group(s)\n        </label>\n        <div class="col-md-9">\n            <select name="add_to_groups" class="nautobot-select2-api" data-multiple="1" data-query-param-group_type="[&quot;static&quot;]" data-query-param-content_type="[&quot;nautobot_igp_models.isisinterfaceconfiguration&quot;]" data-query-param-exclude_m2m="[&quot;true&quot;]" display-field="display" data-depth="0" data-url="/api/extras/dynamic-groups/" id="id_add_to_groups" multiple>\n</select>\n            \n            \n    \n    \n</div>\n</div>\n\n                    \n\n<div class="mb-10 d-md-flex justify-content-center">\n    \n        <label class="col-md-3 col-form-label" for="id_create_and_assign_to_new_group_name">\n            Create a new group\n        </label>\n        <div class="col-md-9">\n            <input type="text" name="create_and_assign_to_new_group_name" class="form-control" placeholder="Create a new group" id="id_create_and_assign_to_new_group_name">\n            \n            \n                <span class="form-text">Create a new group with this name and assign the selected objects to it.</span>\n            \n    \n    \n</div>\n</div>\n\n                    \n\n<div class="mb-10 d-md-flex justify-content-center">\n    \n        <label class="col-md-3 col-form-label" for="id_remove_from_groups">\n            Remove from group(s)\n        </label>\n        <div class="col-md-9">\n            <select name="remove_from_groups" class="nautobot-select2-api" data-multiple="1" data-query-param-group_type="[&quot;static&quot;]" data-query-param-content_type="[&quot;nautobot_igp_models.isisinterfaceconfiguration&quot;]" data-query-param-exclude_m2m="[&quot;true&quot;]" display-field="display" data-depth="0" data-url="/api/extras/dynamic-groups/" id="id_remove_from_groups" multiple>\n</select>\n            \n            \n    \n    \n</div>\n</div>\n\n                </div>\n                <div class="modal-footer">\n                    <button type="submit" class="btn btn-primary">\n                        <span class="mdi mdi-group" aria-hidden="true"></span> Apply\n                    </button>\n                    <button type="button" class="btn btn-secondary" id="dynamic_group_assignment_cancel">\n                        <span class="mdi mdi-close-thick" aria-hidden="true"></span> Cancel\n                    </button>\n                </div>\n            </form>\n        </div>\n    </div>\n</div>\n\n\n        </main>\n        \n            \n        \n        \n\n\n\n' : 


        <div id="drawer">
            
    



<section class="nb-drawer" tabindex="-1" id="FilterForm_drawer">
    <div class="nb-drawer-header">
        <h1>Filters</h1>
        <button type="button" class="btn-close" data-nb-dismiss="drawer" aria-label="Close"></button>
    </div>
    <div class="nb-drawer-body">
        <ul id="filter-tabs" class="nav nav-tabs">
            
                <li role="presentation" class="nav-item">
                    <a class="nav-link active"  href="#default-filter" role="tab" data-bs-toggle="tab">
                        Basic
                    </a>
                </li>
            
            
                <li role="presentation" class="nav-item">
                    <a class="nav-link position-relative" href="#advanced-filter" role="tab" data-bs-toggle="tab">
                        Advanced
                        
    <span
        aria-hidden="true"
        class="end-0 me-2 mt-2 top-0 nb-btn-indicator"
        data-bs-toggle="tooltip"
        data-bs-title="Some of the applied filters can only be viewed in Advanced"
    ></span>


                    </a>
                </li>
            
        </ul>
        <div class="tab-content h-100">
            
                <div id="default-filter" role="tabpanel" class="tab-pane fade show active h-100 p-20">
                    

<form class="h-100 vstack">
    <div class="align-content-start flex-fill pb-20">
        
        
            
                <div class="nb-form-group">
                    
                        <label for="id_isis_config">ISIS Configuration</label>
                        <select name="isis_config" class="nautobot-select2-api form-control" data-query-param-exclude_m2m="[&quot;true&quot;]" display-field="display" value-field="name" data-depth="0" placeholder="ISIS Configuration" data-url="/api/plugins/nautobot-igp-models/isis-configurations/" id="id_isis_config">
  <option value=""
         selected
        >---------</option>

</select>
                    
                </div>
            
        
            
                <div class="nb-form-group">
                    
                        <label for="id_interface">Interface</label>
                        <select name="interface" class="nautobot-select2-api form-control" data-query-param-device_id="[&quot;$isis_config__instance__device&quot;]" data-query-param-exclude_m2m="[&quot;true&quot;]" display-field="display" data-depth="0" placeholder="Interface" data-url="/api/dcim/interfaces/" id="id_interface">
  <option value=""
         selected
        >---------</option>

</select>
                    
                </div>
            
        
            
                <div class="nb-form-group">
                    
                        <label for="id_circuit_type">Circuit type</label>
                        <select name="circuit_type" class="form-control" placeholder="None" id="id_circuit_type" multiple>
  <option value="L1">Level-1</option>

  <option value="L2">Level-2</option>

  <option value="L1L2">Level-1-2</option>

</select>
                    
                </div>
            
        
            
                <div class="nb-form-group">
                    
                        <label for="id_metric">Metric</label>
                        <input type="number" name="metric" class="form-control" placeholder="Metric" id="id_metric">
                    
                </div>
            
        
            
                <div class="nb-form-group">
                    
                        <label for="id_contacts">Contacts</label>
                        <select name="contacts" class="nautobot-select2-api form-control" data-multiple="1" data-query-param-exclude_m2m="[&quot;true&quot;]" display-field="display" value-field="name" data-depth="0" placeholder="None" data-url="/api/extras/contacts/" id="id_contacts" multiple>
</select>
                    
                </div>
            
        
            
                <div class="nb-form-group">
                    
                        <label for="id_teams">Teams</label>
                        <select name="teams" class="nautobot-select2-api form-control" data-multiple="1" data-query-param-exclude_m2m="[&quot;true&quot;]" display-field="display" value-field="name" data-depth="0" placeholder="None" data-url="/api/extras/teams/" id="id_teams" multiple>
</select>
                    
                </div>
            
        
    </div>
    <div class="justify-content-between mb-n20 nb-form-sticky-footer">
        <button type="submit" class="btn btn-primary">
            <span class="mdi mdi-check me-4" aria-hidden="true"></span><!--
            -->Apply Specified
        </button>
        <button type="reset" class="btn btn-secondary">
            <span aria-hidden="true" class="mdi mdi-close me-4"></span><!--
            -->Clear All
        </button>
    </div>
</form>

                </div>
            
            
                <div id="advanced-filter" role="tabpanel" class="tab-pane fade h-100 p-20">
                    <form class="h-100 vstack" id="dynamic-filter-form">
                        <div class="align-content-start flex-fill pb-20">
                            <input type="hidden" name="form-TOTAL_FORMS" value="1" id="id_form-TOTAL_FORMS"><input type="hidden" name="form-INITIAL_FORMS" value="0" id="id_form-INITIAL_FORMS"><input type="hidden" name="form-MIN_NUM_FORMS" value="0" id="id_form-MIN_NUM_FORMS"><input type="hidden" name="form-MAX_NUM_FORMS" value="1000" id="id_form-MAX_NUM_FORMS">
                            
                                <div class="nb-form-group">
                                    <label for="id_form-0-lookup_field">Field</label>
                                    <select name="form-0-lookup_field" class="nautobot-select2-static lookup_field-select" placeholder="Field" id="id_form-0-lookup_field">
  <option value="" selected>---------</option>

  <option value="circuit_type">Circuit type</option>

  <option value="contacts">Contacts (name or ID)</option>

  <option value="created">Created</option>

  <option value="dynamic_groups">Dynamic groups (name or ID)</option>

  <option value="isis_config">ISIS Configuration</option>

  <option value="id">Id</option>

  <option value="interface">Interface</option>

  <option value="last_updated">Last updated</option>

  <option value="metric">Metric</option>

  <option value="status">Status (name or ID)</option>

  <option value="teams">Teams (name or ID)</option>

</select>
                                </div>
                            
                                <div class="nb-form-group">
                                    <label for="id_form-0-lookup_type">Lookup type</label>
                                    <select name="form-0-lookup_type" class="nautobot-select2-api lookup_type-select" placeholder="None" data-query-param-field_name="[&quot;$lookup_field&quot;]" data-contenttype="nautobot_igp_models.isisinterfaceconfiguration" data-url="/api/core/filterset-fields/lookup-choices/" id="id_form-0-lookup_type">
</select>
                                </div>
                            
                                <div class="nb-form-group">
                                    <label for="id_form-0-lookup_value">Value</label>
                                    <input type="text" name="form-0-lookup_value" class="form-control lookup_value-input form-control" placeholder="Value" id="id_form-0-lookup_value">
                                </div>
                            
                            <button class="nb-dynamic-filter-add btn btn-primary d-block ms-auto my-20" type="button">
                                <span aria-hidden="true" class="mdi mdi-plus me-4"></span><!--
                                -->Add Filter
                            </button>
                            <hr class="border-top my-20">
                            <div class="nb-dynamic-filter-items d-flex flex-wrap gap-10">
                                
                                    
                                        <span class="badge nb-multi-badge" data-nb-field="id">
                                            <button class="nb-dynamic-filter-remove" type="button">
                                                <span aria-hidden="true" class="mdi mdi-close"></span>
                                                <span class="visually-hidden">Remove All</span>
                                            </button>
                                            Id:
                                            <span class="nb-multi-badge-items">
                                                
                                                    <span class="badge" data-nb-value="352703e4-9886-42f9-8202-91784dd9125d"><!--
                                                        --><button class="nb-dynamic-filter-remove" type="button">
                                                        <span aria-hidden="true" class="mdi mdi-close"></span>
                                                        <span class="visually-hidden">Remove</span>
                                                    </button><!--
                                                        -->352703e4-9886-42f9-8202-91784dd9125d<!--
                                                        --><input name="id" type="hidden" value="352703e4-9886-42f9-8202-91784dd9125d">
                                                    </span>
                                                
                                            </span>
                                        </span>
                                    
                                
                            </div>
                        </div>

                        <div class="d-print-none justify-content-between mb-n20 nb-form-sticky-footer">
                            <button type="submit" class="btn btn-primary">
                                <span class="mdi mdi-check me-4" aria-hidden="true"></span><!--
                                -->Apply Specified
                            </button>
                            <button type="reset" class="btn btn-secondary">
                                <span aria-hidden="true" class="mdi mdi-close me-4"></span><!--
                                -->Clear All
                            </button>
                        </div>
                    </form>
                </div>
            
        </div>
    </div>
</section>


    <script>
        (() => {
            document.addEventListener('DOMContentLoaded', () => {
                const NON_FILTER_PARAMS = [
                    'all_filters_removed',
                    'clear_view',
                    'per_page',
                    'saved_view',
                    'sort',
                    'table_changes_pending',
                ];

                /**
                 * Insert given `element` as `parent`'s first child.
                 * @param {HTMLElement} element - Element to be inserted.
                 * @param {HTMLElement} parent - Parent container for given `element`.
                 * @returns {void} Do not return any value, modify DOM in-place.
                 */
                const insertFirst = (element, parent) => {
                    parent.hasChildNodes() ? parent.insertBefore(element, parent.firstElementChild) : parent.appendChild(element);
                };

                /**
                 * Get HTML elements for default and dynamic filter forms.
                 * @returns {object} Object with `defaultFilterForm` and `dynamicFilterForm` HTML elements or `null`,
                 *   depending on their actual existence in the DOM.
                 */
                const getFilterForms = () => ({
                    defaultFilterForm: document.querySelector('#default-filter form'),
                    dynamicFilterForm: document.querySelector('#dynamic-filter-form'),
                });

                const prepopulateFilterSelectsFromURL = (() => {
                    const { defaultFilterForm } = getFilterForms();
                    const urlParams = new URLSearchParams(window.location.search);
                    // Only target Select2 controls inside the default filter form.
                    [...defaultFilterForm.querySelectorAll('select.nautobot-select2-multi-value-char')].forEach((el) => {
                        const name = el.getAttribute('name');
                        if (!name) { return; }
                        const values = urlParams.getAll(name);
                        if (!values.length) { return; }
                        values.forEach((val) => {
                            let found = Array.prototype.find.call(el.options, (opt) => {
                                return String(opt.value) === String(val);
                            });
                            if (found) {
                                found.selected = true;
                            } else {
                                el.add(new Option(val, val, true, true));
                            }
                        });
                        if (window.jQuery && $(el).data('select2')) {
                            $(el).trigger('change');
                        }
                    });
                })();

                /**
                 * Synchronize given `filter` value from default to dynamic filter form.
                 * @param {string} name - Filter name.
                 * @returns {void} Do not return any value, just set given field values.
                 */
                const syncDefaultToDynamic = (name) => {
                    const { defaultFilterForm } = getFilterForms();

                    const field = defaultFilterForm.querySelector(`[name="${name}"]`);
                    const text = field?.closest('.nb-form-group')?.querySelector('label')?.innerText?.trim();
                    /*
                     * `manageDynamicFilter` takes an array of `{ text: string, value: string }` objects as `value`, so
                     * regardless of field being a textbox, a single or multiple choice combobox, conversion is required:
                     *   1. For combobox (i.e. `<select>`), iterate over selected options and map them to display `text`
                     *     and underlying `value`.
                     *   2. For textbox (i.e. `<input>` or `<textarea>`):
                     *     1. Use entered value as both display `text` and underlying `value`.
                     *     2. If field is empty, use an empty array.
                     */
                    const value =
                        field?.tagName === 'SELECT'
                        ? [...field.selectedOptions].map((option) => ({ text: option.innerText, value: option.value }))
                        : [...(field?.value ? [{ text: field.value, value: field.value }] : [])];

                    manageDynamicFilter({ action: 'set', name, text, value });
                };

                /**
                 * Synchronize given `filter` value from dynamic to default filter form.
                 * @param {string} name - Filter name.
                 * @returns {void} Do not return any value, just set given field values.
                 */
                const syncDynamicToDefault = (name) => {
                    const { defaultFilterForm, dynamicFilterForm } = getFilterForms();

                    const current = [...dynamicFilterForm.querySelectorAll(`input[name="${name}"][type="hidden"]`)].map(
                        (input) => ({
                            text: [...(input.parentElement?.childNodes ?? [])].find((node) => node.nodeName === '#text')?.wholeText,
                            value: input.getAttribute('value'),
                        }),
                    );

                    const sync = defaultFilterForm?.querySelector(`[name=${name}]`);

                    if (sync?.tagName === 'INPUT' || sync?.tagName === 'TEXTAREA') {
                        sync.value = current.length > 0 ? current[0].value : '';
                    } else if (sync?.tagName === 'SELECT') {
                        window.nb.select2.setSelect2Value(sync, current);
                    }
                };

                /**
                 * Manage dynamic filter either by adding values to the existing selection or by setting passed values
                 * regardless of previous selection.
                 * @param {'add'|'set'} action - Use `'add'` to add given value to the existing selection; use `'set'`
                 *   to set given value regardless of what was set previously.
                 * @param {string} name - Filter field name.
                 * @param {string} text - Filter display text.
                 * @param {object[]} value - Array of objects containing `text` and `value` key-value pairs.
                 */
                const manageDynamicFilter = ({ action, name, text, value }) => {
                    const { dynamicFilterForm } = getFilterForms();
                    const items = dynamicFilterForm.querySelector('.nb-dynamic-filter-items');

                    const group = (() => {
                        const existing = items.querySelector(`.nb-multi-badge[data-nb-field="${name}"]`);
                        if (existing) {
                            return existing;
                        }

                        const group = document.createElement('span');
                        group.classList.toggle('badge', true);
                        group.classList.toggle('nb-multi-badge', true);
                        group.setAttribute('data-nb-field', name);

                        const button = document.createElement('button');
                        button.classList.toggle('nb-dynamic-filter-remove', true);
                        button.setAttribute('type', 'button');

                        const close = document.createElement('span');
                        close.classList.toggle('mdi', true);
                        close.classList.toggle('mdi-close', true);
                        close.setAttribute('aria-hidden', 'true');

                        const remove = document.createElement('span');
                        remove.classList.toggle('visually-hidden', true);
                        remove.innerText = 'Remove All';

                        const children = document.createElement('span');
                        children.classList.toggle('nb-multi-badge-items', true);

                        button.appendChild(close);
                        button.appendChild(remove);
                        group.appendChild(button);
                        group.insertAdjacentText('beforeend', `${text}:`);
                        group.appendChild(children);

                        return group;
                    })();

                    const children = group.querySelector('.nb-multi-badge-items');
                    const existing = [...children.querySelectorAll('.badge[data-nb-value]')];

                    /*
                     * Depending on `action` remove the following badges:
                     *   1. For `'add'`, remove already existing filters with the same key-value pairs and re-create them later.
                     *   2. For `'set'`, remove all existing filters of given key and apply only these passed as `values`.
                     */
                    const badgesToRemove =
                        action === 'add'
                        ? existing.filter((badge) => value.some((item) => badge.getAttribute('data-nb-value') === item.value))
                        : existing;
                    badgesToRemove.forEach((item) => children.removeChild(item));

                    value.forEach(({ text, value }) => {
                        const badge = document.createElement('span');
                        badge.classList.toggle('badge', true);
                        badge.setAttribute('data-nb-value', value);

                        const input = document.createElement('input');
                        input.setAttribute('name', name);
                        input.setAttribute('type', 'hidden');
                        input.setAttribute('value', value);

                        const button = document.createElement('button');
                        button.classList.toggle('nb-dynamic-filter-remove', true);
                        button.setAttribute('type', 'button');

                        const close = document.createElement('span');
                        close.classList.toggle('mdi', true);
                        close.classList.toggle('mdi-close', true);
                        close.setAttribute('aria-hidden', 'true');

                        const remove = document.createElement('span');
                        remove.classList.toggle('visually-hidden', true);
                        remove.innerText = 'Remove';

                        button.appendChild(close);
                        button.appendChild(remove);
                        badge.appendChild(button);
                        badge.insertAdjacentText('beforeend', text);
                        badge.appendChild(input);

                        insertFirst(badge, children);
                    });

                    // If group already exists, remove it and later insert as the first child.
                    if (items.contains(group)) {
                        items.removeChild(group);
                    }

                    if (children.hasChildNodes()) {
                        insertFirst(group, items);
                    }
                };

                document.addEventListener('click', (event) => {
                    const { defaultFilterForm, dynamicFilterForm } = getFilterForms();

                    const add = event.target.closest('button.nb-dynamic-filter-add');
                    if (add) {
                        const field = dynamicFilterForm.querySelector('[name$="lookup_field"]');
                        const type = dynamicFilterForm.querySelector('[name$="lookup_type"]');
                        const value = [...dynamicFilterForm.querySelectorAll('.nb-form-group')]
                            .pop()
                        ?.querySelector('input, select, textarea');

                        const isMissing = (control) =>
                        control?.selectedOptions ? control.selectedOptions.length === 0 : !control?.value;
                        if (isMissing(field) || isMissing(type) || isMissing(value)) {
                            // Return early if selected filter is not complete (i.e. is missing lookup field, type or value).
                            return;
                        }

                        const name = type.selectedOptions[0].value;
                        const label = field.selectedOptions[0].innerText.trim();
                        const suffix = type.selectedOptions[0].innerText.trim();
                        const text = /\(\w+\)/.test(suffix) ? `${label} ${suffix}` : label;
                        const values =
                            value?.getAttribute('multiple') !== null
                            ? [...value.selectedOptions].map((option) => ({ text: option.innerText.trim(), value: option.value }))
                            : [{ text: value?.value, value: value?.value }];

                        // If field exists in default filter form and is a single value input, use `'set'` action.
                        const action =
                            defaultFilterForm.querySelector(`[name="${name}"]`) &&
                        (value.tagName === 'INPUT' || value.tagName === 'TEXTAREA')
                            ? 'set'
                            : 'add';
                        manageDynamicFilter({ action, name, text, value: values });

                        syncDynamicToDefault(name);
                    }

                    const remove = event.target.closest('button.nb-dynamic-filter-remove');
                    if (remove) {
                        const badge = remove.closest('.badge');
                        /*
                         * Remove the group badge (i.e. multi-badge) when given badge is the group badge itself, or it is the only
                         * one left in the group (i.e. has no siblings) because removing it will leave the group badge empty anyway.
                         */
                        const shouldRemoveGroup =
                            badge?.classList.contains('nb-multi-badge') ||
                        (!badge?.previousElementSibling && !badge?.nextElementSibling);
                        shouldRemoveGroup ? badge?.closest('.nb-multi-badge')?.remove() : badge?.remove();

                        syncDynamicToDefault(badge?.querySelector('input[type="hidden"]')?.getAttribute('name'));
                    }
                });

                // Need to wrap `document` with jQuery to be able to listen to Select2 `change` event.
                $(document).on('change', (event) => {
                    const { defaultFilterForm } = getFilterForms();
                    const isDefaultFilterFormField = event.target.form === defaultFilterForm;
                    if (isDefaultFilterFormField) {
                        syncDefaultToDynamic(event.target.name);
                    }
                });

                // Need to wrap `document` with jQuery to be able to listen to Select2 `change` event.
                $(document).on('change', async (event) => {
                    const isLookupType = event.target.getAttribute('name')?.endsWith('lookup_type');
                    if (isLookupType) {
                        const content_type = event.target.getAttribute('data-contenttype');
                        const field_name = event.target.value;
                        const value = [...event.target.form.querySelectorAll('.nb-form-group')]
                            .pop()
                        ?.querySelector('input, select, textarea');

                        if (field_name) {
                            const replacement = await (async () => {
                                try {
                                    const response = await window.fetch(
                                        `/api/ui/core/filterset-fields/lookup-value-dom-element/?${new URLSearchParams({ content_type, field_name })}`,
                                        { method: 'GET', headers: { Accept: '*/*' } },
                                    );

                                    const html = await response.json();

                                    const element = document.createElement('div');
                                    element.innerHTML = html;

                                    return element.firstElementChild;
                                } catch (exception) {
                                    // Default to `<input type="text" ...>` field if error occurs.
                                    const input = document.createElement('input');
                                    input.classList.toggle('lookup_value-input', true);
                                    input.classList.toggle('form-control', true);
                                    input.setAttribute('id', `id_for_${field_name}`);
                                    input.setAttribute('name', field_name);
                                    input.setAttribute('type', 'text');
                                    return input;
                                }
                            })();

                            value.replaceWith(replacement);
                            replacement.nextElementSibling?.remove(); // Remove Select2 widget if present.
                            replacement.previousElementSibling?.setAttribute('for', replacement.getAttribute('id')); // Set label `for` attribute to match field `id`.
                            initializeInputs(replacement.parentElement);
                        }
                    }
                });

                // Need to wrap `document` with jQuery to be able to listen to Select2 `change` event.
                $(document).on('change', (event) => {
                    const isLookupField = event.target.getAttribute('name')?.endsWith('lookup_field');
                    const isLookupType = event.target.getAttribute('name')?.endsWith('lookup_type');

                    if (isLookupField) {
                        const type = event.target.form.querySelector('[name$="lookup_type"]');
                        $(type).val(null).trigger('change');
                    }

                    if (isLookupField || isLookupType) {
                        const value = [...event.target.form.querySelectorAll('.nb-form-group')]
                            .pop()
                        ?.querySelector('input, select, textarea');

                        if (value.tagName === 'SELECT') {
                            $(value).val(null).trigger('change');
                        } else {
                            value.value = '';
                        }
                    }
                });

                const isFilterForm = (target) => Boolean(target?.closest('#FilterForm_drawer'));

                document.addEventListener('reset', (event) => {
                    if (isFilterForm(event.target)) {
                        event.preventDefault();

                        // Remove all filter query params from location search while keeping non-filter params intact.
                        const searchParams = new URLSearchParams(window.location.search);
                        const nextSearchParams = new URLSearchParams([
                            ...[...searchParams].filter(
                                ([property]) => NON_FILTER_PARAMS.includes(property) && property !== 'all_filters_removed',
                            ),
                            ['all_filters_removed', 'true'],
                        ]);

                        location.assign(`?${nextSearchParams}`);
                    }
                });

                document.addEventListener('submit', (event) => {
                    if (isFilterForm(event.target)) {
                        event.preventDefault();

                        const { defaultFilterForm, dynamicFilterForm } = getFilterForms();

                        /*
                         * Just before the form submission automatically add filter selected in "Advanced" tab (if any)
                         * which hasn't been manually applied for whatever reason (usually forgetfulness, speed, etc.).
                         * This is a requested UX flavor.
                         */
                        const add = dynamicFilterForm.querySelector('button.nb-dynamic-filter-add');
                        add.click();

                        // Remove all field names which are not applied filters container descendants.
                        [...dynamicFilterForm.querySelectorAll('input, select, textarea')].forEach((field) =>
                            field.closest('.nb-dynamic-filter-items') ? undefined : field.removeAttribute('name'),
                        );

                        /*
                         * Get the serialized data from the forms and:
                         *   1) Filter out query params which values are empty e.g `?sam=&dan=2` becomes `dan=2`.
                         *   2) Combine the two forms into a single set of data without duplicate entries.
                         */
                        const defaultFilterFormSearchParams = new URLSearchParams(new FormData(defaultFilterForm));
                        const dynamicFilterFormSearchParams = new URLSearchParams(new FormData(dynamicFilterForm));
                        const searchParams = new URLSearchParams(window.location.search);

                        const nextSearchParams = new URLSearchParams([
                            ...[...defaultFilterFormSearchParams].filter(([, value]) => value !== ''),
                            ...[...dynamicFilterFormSearchParams].filter(
                                ([property, value]) => value !== '' && !defaultFilterFormSearchParams.has(property, value),
                            ),
                            ...[...searchParams].filter(
                                ([property]) => NON_FILTER_PARAMS.includes(property) && property !== 'all_filters_removed',
                            ),
                        ]);

                        if (nextSearchParams.has('saved_view')) {
                            const all_filters_removed = [...nextSearchParams].every(([property]) =>
                                NON_FILTER_PARAMS.includes(property),
                            );

                            if (all_filters_removed) {
                                nextSearchParams.set('all_filters_removed', 'true');
                            }
                        }

                        location.assign(`?${nextSearchParams}`);
                    }
                });

                const onSubmitOrReset = (event) => (isFilterForm(event.target) ? window.nb?.history?.saveState() : undefined);
                document.addEventListener('reset', onSubmitOrReset);
                document.addEventListener('submit', onSubmitOrReset);
            });
        })();
    </script>


    
        


<section class="nb-drawer" tabindex="-1" id="ISISInterfaceConfigurationTable_config">
    <div class="nb-drawer-header">
        <h1>Table Configuration</h1>
        <button type="button" class="btn-close" data-nb-dismiss="drawer" aria-label="Close"></button>
    </div>
    <div class="nb-drawer-body">
        <form class="userconfigform h-100 pb-20 px-20 vstack" data-config-root="tables.ISISInterfaceConfigurationTable">
            <div class="row align-content-start flex-fill">
                <div class="col-12">
                    <div class="alert alert-warning">
                        Column choices may negatively affect loading times.
                        <a href="/static/docs/user-guide/platform-functionality/user-interface/configurablecolumns.html" class="btn btn-link btn-sm" target="_blank" rel="noopener">
                            <span class="mdi mdi-information"></span>
                        </a>
                    </div>
                </div>
                <div class="col-12">
                    
                        <select name="columns" size="20" class="form-control" placeholder="None" id="id_columns" multiple>
  <option value="isis_config" selected>Isis config</option>

  <option value="interface" selected>Interface</option>

  <option value="circuit_type" selected>Circuit type</option>

  <option value="metric" selected>Metric</option>

  <option value="status" selected>Status</option>

  <option value="dynamic_group_count">Dynamic Groups</option>

</select>
                        <span class="form-text mt-8">Use the buttons below to arrange columns in the desired order, then select all columns to display.</span>
                        <div class="hstack gap-4 mt-8 mx-n4">
                            
                            <button type="button" class="btn btn-primary btn-sm" id="move-option-up" data-target="id_columns"><span class="mdi mdi-arrow-up-bold me-4"></span>Move up</button>
                            <button type="button" class="btn btn-primary btn-sm" id="move-option-down" data-target="id_columns"><span class="mdi mdi-arrow-down-bold me-4"></span>Move down</button>
                            <button type="button" class="btn btn-success btn-sm" id="select-all-options" data-target="id_columns"><span class="mdi mdi-expand-all-outline me-4"></span>Select all</button>
                            
                        </div>
                    
                </div>
            </div>
            <div class="nb-form-sticky-footer">
                <input type="submit" class="btn btn-primary" value="Save">
                <input type="submit" class="btn btn-danger reset" value="Reset">
            </div>
        </form>
    </div>
</section>


    <script>
        (() => {
            document.addEventListener('DOMContentLoaded', () => {
                document.addEventListener('submit', (event) => {
                    if (event.target.closest('#ISISInterfaceConfigurationTable_config')) {
                        // Keep the drawer open after page reload caused by form submission.
                        window.nb.history.saveState();
                    }
                });
            });
        })();
    </script>


    
    <section class="nb-drawer" tabindex="-1" id="SavedViews_drawer">
        <div class="nb-drawer-header">
            <h1>Saved Views</h1>
            <button type="button" class="btn-close" data-nb-dismiss="drawer" aria-label="Close"></button>
        </div>
        <div class="nb-drawer-body pb-20 px-20">
            <div class="align-items-start vstack flex-grow-0 gap-10">
                
            </div>
            
            <div class="align-items-start vstack gap-10">
                Actions:
                
                <a class="btn btn-secondary" href="" data-bs-toggle="modal" data-bs-target="#saved_view_modal">
                    <span class="mdi mdi-content-save-plus-outline me-4" aria-hidden="true"></span>Save As New
                </a>
                
            </div>
        </div>
    </section>

        </div>
        <header id="header">
            <div class="banner-alert-area">
                



    
        <div class="alert alert-info text-center" role="alert">
            <p>Local</p>
        </div>
    






                

            </div>
            <div class="container-fluid mb-12 mt-16">
                <div class="row">
                    <div id="page-title" class="col-4">
                        
                            


<h1 class="d-flex fs-2 gap-8 lh-sm py-6">
    <img
        alt="Nautobot chevron"
        class="align-self-start flex-grow-0 flex-shrink-0 my-n4"
        role="presentation"
        src="/static/img/nautobot_chevron.svg"
        style="width: 1.5rem;"
    />
    
        ISIS Interface Configurations
    
</h1>

                        
                    </div>
                    



    
        <form action="/search/" class="col-4 text-center" id="header_search" method="get" role="search">
            <label class="position-relative w-100">
                <input
                    aria-placeholder="Press Ctrl+K to search"
                    class="form-control nb-text-transparent"
                    name="q"
                    type="search"
                    value=""
                />
                <span class="align-items-center d-inline-flex gap-6 overflow-hidden px-12 py-6 pe-none position-absolute start-0 top-0 user-select-none w-100">
                    <span aria-hidden="true" class="mdi mdi-magnify text-secondary d-inline-flex"></span>
                    
                        
                            
                                
                                    
                                
                                    
                                
                                    
                                
                                    
                                
                                    
                                
                            
                                
                                    
                                
                                    
                                
                                    
                                
                            
                                
                                    
                                
                                    
                                
                                    
                                
                            
                                
                                    
                                
                                    
                                
                                    
                                
                            
                                
                                    
                                
                                    
                                
                            
                                
                                    
                                
                                    
                                
                                    
                                
                                    
                                
                            
                                
                                    
                                
                                    
                                
                                    
                                
                                    
                                
                                    
                                
                                    
                                
                                    
                                
                                    
                                
                                    
                                
                                    
                                
                            
                        
                            
                                
                                    
                                
                            
                                
                                    
                                
                            
                                
                                    
                                
                            
                                
                                    
                                
                                    
                                
                                    
                                
                            
                                
                                    
                                
                                    
                                
                            
                                
                                    
                                
                            
                        
                            
                                
                                    
                                
                                    
                                
                            
                                
                                    
                                
                                    
                                
                                    
                                
                                    
                                
                            
                                
                                    
                                
                                    
                                
                            
                                
                                    
                                
                                    
                                
                            
                                
                                    
                                
                            
                                
                                    
                                
                                    
                                
                                    
                                
                            
                        
                            
                                
                                    
                                
                                    
                                
                                    
                                        <span class="badge border" data-nb-link="/plugins/nautobot-igp-models/isis-interface-configuration/"><!--
                                            -->in: ISIS Interface Configuration<!--
                                            --><button tabindex="-1" type="button">
                                            <span aria-hidden="true" class="mdi mdi-close"></span>
                                            <span class="visually-hidden">Remove</span>
                                        </button>
                                        </span>
                                    
                                
                                    
                                
                                    
                                
                            
                        
                            
                                
                                    
                                
                                    
                                
                                    
                                
                            
                                
                                    
                                
                                    
                                
                            
                        
                            
                                
                                    
                                
                                    
                                
                                    
                                
                            
                                
                                    
                                
                                    
                                
                                    
                                
                            
                        
                            
                                
                                    
                                
                                    
                                
                            
                        
                            
                                
                                    
                                
                                    
                                
                                    
                                
                                    
                                
                                    
                                
                            
                        
                            
                                
                                    
                                
                                    
                                
                            
                        
                            
                                
                                    
                                
                                    
                                
                                    
                                
                                    
                                
                                    
                                
                            
                        
                            
                                
                                    
                                
                                    
                                
                            
                                
                                    
                                
                                    
                                
                                    
                                
                            
                        
                            
                                
                                    
                                
                                    
                                
                                    
                                
                                    
                                
                            
                        
                            
                                
                                    
                                
                                    
                                
                            
                        
                            
                                
                                    
                                
                            
                                
                                    
                                
                            
                                
                                    
                                
                                    
                                
                                    
                                
                                    
                                
                                    
                                
                                    
                                
                            
                                
                                    
                                
                            
                                
                                    
                                
                                    
                                
                            
                                
                                    
                                
                                    
                                
                                    
                                
                                    
                                
                                    
                                
                            
                                
                                    
                                
                                    
                                
                                    
                                
                                    
                                
                            
                                
                                    
                                
                                    
                                
                            
                        
                            
                                
                                    
                                
                                    
                                
                                    
                                
                                    
                                
                                    
                                
                                    
                                
                            
                        
                            
                                
                                    
                                
                                    
                                
                            
                        
                    
                    <span
                        aria-hidden="true"
                        class="align-items-center d-inline-flex gap-4 text-nowrap text-secondary"
                    >
                        
                            Press <kbd class="mt-n1">Ctrl+K</kbd> to search
                        
                    </span>
                    <a class="align-items-center d-inline-flex ms-auto pe-auto"
                       href="/static/docs/user-guide/platform-functionality/user-interface/search.html"
                       target="_blank"
                       rel="noopener"
                    >
                        <span aria-hidden="true" class="mdi mdi-help-circle-outline text-secondary"></span>
                    </a>
                </span>
            </label>
        </form>
    

    <div class="col-4 text-end">
        <div class="dropdown">
            <button class="btn dropdown-toggle align-items-center d-inline-flex gap-6" type="button" data-bs-toggle="dropdown" aria-expanded="false">
                <span aria-hidden="true" class="mdi mdi-account text-secondary"></span>
                nautobotuser
            </button>
            <ul class="dropdown-menu dropdown-menu-end">
                <li><a class="dropdown-item" href="/about/"><span class="mdi mdi-information"></span>About Nautobot</a></li>
                <li><a class="dropdown-item" href="/user/profile/"><span class="mdi mdi-account-box"></span>Profile</a></li>
                <li><a class="dropdown-item" href="/extras/approver-dashboard/"><span class="mdi mdi-check-bold"></span>Approval Dashboard</a></li>
                
                <li class="dropdown-divider"></li>
                <li><a class="dropdown-item" href="/logout/"><span class="mdi mdi-logout"></span>Log out</a></li>
            </ul>
        </div>
    </div>


                    <div class="col-12">
                        
    

    

    

<nav aria-label="Breadcrumbs" class="mt-1">
    <ol class="breadcrumb">
        
            
                
            
        
    </ol>
</nav>


                    </div>
                </div>
            </div>
            
        </header>
        <main class="container-fluid wrapper" id="main-content" tabindex="-1">
            
    <div class="align-items-center d-flex gap-8 justify-content-end mb-16 d-print-none">
        
        

        <div class="btn-group">
            
                <button type="button" id="actions-dropdown" class="btn btn-primary dropdown-toggle" data-bs-toggle="dropdown">
                    Actions
                    <span class="mdi mdi-chevron-down" aria-hidden="true"></span>
                </button>
            
            <ul class="dropdown-menu dropdown-menu-end" role="menu">
                
                
                
                    
                        
    
        
        
        <li>
            <form action="/extras/jobs/nautobot.core.jobs.ExportObjectList/run/" method="post">
                <input type="hidden" name="csrfmiddlewaretoken" value="rQATF7EYZJrLAkiMtD1VXblOG9HJZrmmVVcfSW6iuoosEPYdjBN8hIRaJUq5F9l5">
                <input type="hidden" name="content_type" value="196">
                <input type="hidden" name="query_string" value="id=352703e4-9886-42f9-8202-91784dd9125d">
                <input type="hidden" name="_schedule_type" value="immediately">
                <input type="hidden" name="export_format" value="csv">
                <button class="dropdown-item" type="submit">
                    <span class="mdi mdi-database-export text-secondary" aria-hidden="true"></span> Export as CSV
                </button>
            </form>
        </li>
        
    


                    
                
            </ul>
        </div>
        
        
        
            
            
        
        <div class="align-items-center d-flex gap-4">
            
                <button
                    type="button"
                    class="btn position-relative text-secondary"
                    data-nb-toggle="drawer"
                    data-nb-target="#SavedViews_drawer"
                    title="Saved Views"
                    aria-expanded="false"
                    aria-controls="SavedViews_drawer"
                >
                    <span class="mdi mdi-view-compact-outline" aria-hidden="true"></span>
                    <span class="visually-hidden">Saved Views</span>
                    
                </button>
            
            
                <button
                    type="button"
                    class="btn position-relative text-secondary"
                    data-nb-toggle="drawer"
                    data-nb-target="#FilterForm_drawer"
                    title="Add Filters"
                    id="id__filterbtn"
                    aria-controls="FilterForm_drawer"
                    aria-expanded="false"
                >
                    <span class="mdi mdi-filter" aria-hidden="true"></span>
                    <span class="visually-hidden">Add Filters</span>
                    
                        <span aria-hidden="true" class="nb-btn-indicator"></span>
                    
                </button>
            
        </div>
    </div>

    

    <div>
        
            
                
                    


<div class="card mb-3">
    
    <div class="table-responsive">
        



    <table class="table table-hover nb-table-headings">
        
            <thead>
                <tr>
                    
                        
                            
                                <th class="orderable"><a href="?id=352703e4-9886-42f9-8202-91784dd9125d&amp;sort=isis_config" data-column-name="isis_config">Isis config</a></th>
                            
                        
                    
                        
                            
                                <th class="orderable"><a href="?id=352703e4-9886-42f9-8202-91784dd9125d&amp;sort=interface" data-column-name="interface">Interface</a></th>
                            
                        
                    
                        
                            
                                <th class="orderable"><a href="?id=352703e4-9886-42f9-8202-91784dd9125d&amp;sort=circuit_type" data-column-name="circuit_type">Circuit type</a></th>
                            
                        
                    
                        
                            
                                <th class="orderable"><a href="?id=352703e4-9886-42f9-8202-91784dd9125d&amp;sort=metric" data-column-name="metric">Metric</a></th>
                            
                        
                    
                        
                            
                                <th class="orderable"><a href="?id=352703e4-9886-42f9-8202-91784dd9125d&amp;sort=status" data-column-name="status">Status</a></th>
                            
                        
                    
                        
                            <th class="nb-actionable nb-w-0 orderable">
                                <button
            type="button"
            class="btn border-0 float-end rounded-0 text-end text-secondary "
            data-nb-toggle="drawer"
            data-nb-target="#ISISInterfaceConfigurationTable_config"
            
            title="Configure table"
            aria-controls="ISISInterfaceConfigurationTable_config"
            aria-expanded="false"
        >
            <span class="mdi mdi-cog" aria-hidden="true"></span>
            <span class="visually-hidden">Configure</span>
        </button>
                            </th>
                        
                    
                    
                </tr>
            </thead>
        
        <tbody>
            
                <tr class="even">
                    
                        <td ><a href="/plugins/nautobot-igp-models/isis-configuration/36e2db03-b595-410f-a495-ca3ecd5e9749/">ISIS-Config-R1</a></td>
                    
                        <td ><a href="/dcim/interfaces/ceb9d0ef-5f1d-4a56-ba7f-07d4dd0fa488/">GigabitEthernet1</a></td>
                    
                        <td >Level-2</td>
                    
                        <td >10</td>
                    
                        <td >
    
    
        <span class="badge" style="color: #ffffff; background-color: #4caf50">
            Active
        </span>
    
    </td>
                    
                        <td class="d-print-none nb-actions nb-w-0 text-end text-nowrap">
    <div class="dropdown">
        <button class="btn dropdown-toggle" type="button" data-bs-toggle="dropdown" aria-expanded="false">
            <span class="mdi mdi-dots-vertical" aria-hidden="true"></span>
            <span class="visually-hidden">Toggle Dropdown</span>
        </button>
        <ul class="dropdown-menu dropdown-menu-end">
            
            
            
            
        </ul>
    </div>

    </td>
                    
                    
                </tr>
            
        </tbody>
        
    </table>


    </div>
    
</div>

                
            
            

<div class="paginator align-items-center d-flex fs-5 gap-10 justify-content-end mt-16 text-secondary">
    
        <div>
            Showing 1-1 of 1
        </div>
        <div class="vr border-start my-8"></div>
    
    <form class="align-items-center d-flex gap-4" method="get">
        
            
                
                    <input type="hidden" name="id" value="352703e4-9886-42f9-8202-91784dd9125d" />
                
            
        
        <select name="per_page" id="per_page" class="form-select">
            
                <option value="65000" selected="selected">65000</option>
            
            
                <option value="25">25</option>
            
                <option value="50">50</option>
            
                <option value="100">100</option>
            
                <option value="250">250</option>
            
                <option value="500">500</option>
            
                <option value="1000">1000</option>
            
        </select>
        per page
    </form>
    
</div>

            <div class="clearfix"></div>
        
    </div>
    
        


<div class="modal fade" tabindex="-1" id="saved_view_modal" role="dialog">
    <div class="modal-dialog modal-lg">
        <div class="modal-content">
            <div class="modal-header">
                <h4 class="modal-title">New Saved View</h4>
                <button type="button" class="btn-close" data-bs-dismiss="modal" aria-label="Close"></button>
            </div>
            <form action="/extras/saved-views/add/" method="post">
                <div class="modal-body">
                    <input type="hidden" name="csrfmiddlewaretoken" value="rQATF7EYZJrLAkiMtD1VXblOG9HJZrmmVVcfSW6iuoosEPYdjBN8hIRaJUq5F9l5">
                    <div class="row">
                        

<div class="mb-10 d-md-flex justify-content-center">
    
        <label class="col-md-3 col-form-label nb-required" for="id_name">
            Name
        </label>
        <div class="col-md-9">
            <input type="text" name="name" maxlength="255" class="form-control" required placeholder="Name" id="id_name">
            
            
                <span class="form-text">The name of this view</span>
            
    
    
</div>
</div>

                        <span class="col-lg-3 text-end text-secondary">New Changes</span>
                        <div class="col-lg-9">
                            <pre><code class="language-json">{
    &quot;filter_params&quot;: {
        &quot;id&quot;: [
            &quot;352703e4-9886-42f9-8202-91784dd9125d&quot;
        ]
    },
    &quot;per_page&quot;: 65000,
    &quot;sort_order&quot;: [],
    &quot;table_config&quot;: null
}</code></pre>
                        </div>
                        

<div class="mb-10 d-md-flex justify-content-center">
    
        <div class="col-md-9 offset-md-3">
            <div class="form-check mt-6">
                <input type="checkbox" name="is_shared" class="form-check-input" placeholder="Is shared" id="id_is_shared">
                <label class="form-check-label" for="id_is_shared">
                    Is shared
                </label>
            </div>
            
            
                <span class="form-text">If checked, all users will be able to see this saved view</span>
            
    
    
</div>
</div>

                        <input type="hidden" id="view" name="view" value="plugins:nautobot_igp_models:isisinterfaceconfiguration_list">
                        <input type="hidden" id="params" name="params" value="id=352703e4-9886-42f9-8202-91784dd9125d">
                    </div>
                </div>
                <div class="modal-footer">
                    <button type="submit" class="btn btn-primary">
                        <span aria-hidden="true" class="mdi mdi-content-save-plus-outline me-4"></span><!--
                        -->Save
                    </button>
                    <button class="btn btn-secondary" data-bs-dismiss="modal" type="button">
                        <span aria-hidden="true" class="mdi mdi-close me-4"></span><!--
                        -->Cancel
                    </button>
                </div>
            </form>
        </div>
    </div>
</div>

    
    

<div class="modal fade" tabindex="-1" role="dialog" id="dynamic_group_assignment_modal">
    <div class="modal-dialog modal-lg" role="document">
        <div class="modal-content">
            <div class="modal-header">
                <button type="button" class="btn-close" data-bs-dismiss="modal" aria-label="Close">
                </button>
                <h4 class="modal-title">Static Assignment to Dynamic Groups</h4>
            </div>
            <form id="dynamic_group_assignment_form" action="/extras/dynamic-groups/assign-members/?"
                  method="post" class="form form-horizontal">
                <div class="modal-body">
                    <input type="hidden" name="csrfmiddlewaretoken" value="rQATF7EYZJrLAkiMtD1VXblOG9HJZrmmVVcfSW6iuoosEPYdjBN8hIRaJUq5F9l5">
                    <input type="hidden" name="return_url" value="/plugins/nautobot-igp-models/isis-interface-configuration/?id=352703e4-9886-42f9-8202-91784dd9125d">
                    <input type="hidden" id="dynamic_group_assignment_all" name="_all">
                    <span id="dynamic_group_assignment_pks"></span>
                    
                        <input type="hidden" name="content_type" value="196" class="form-control" required="required" placeholder="None" id="id_content_type">
                    
                        
                    
                    

<div class="mb-10 d-md-flex justify-content-center">
    
        <label class="col-md-3 col-form-label" for="id_add_to_groups">
            Add to existing group(s)
        </label>
        <div class="col-md-9">
            <select name="add_to_groups" class="nautobot-select2-api" data-multiple="1" data-query-param-group_type="[&quot;static&quot;]" data-query-param-content_type="[&quot;nautobot_igp_models.isisinterfaceconfiguration&quot;]" data-query-param-exclude_m2m="[&quot;true&quot;]" display-field="display" data-depth="0" data-url="/api/extras/dynamic-groups/" id="id_add_to_groups" multiple>
</select>
            
            
    
    
</div>
</div>

                    

<div class="mb-10 d-md-flex justify-content-center">
    
        <label class="col-md-3 col-form-label" for="id_create_and_assign_to_new_group_name">
            Create a new group
        </label>
        <div class="col-md-9">
            <input type="text" name="create_and_assign_to_new_group_name" class="form-control" placeholder="Create a new group" id="id_create_and_assign_to_new_group_name">
            
            
                <span class="form-text">Create a new group with this name and assign the selected objects to it.</span>
            
    
    
</div>
</div>

                    

<div class="mb-10 d-md-flex justify-content-center">
    
        <label class="col-md-3 col-form-label" for="id_remove_from_groups">
            Remove from group(s)
        </label>
        <div class="col-md-9">
            <select name="remove_from_groups" class="nautobot-select2-api" data-multiple="1" data-query-param-group_type="[&quot;static&quot;]" data-query-param-content_type="[&quot;nautobot_igp_models.isisinterfaceconfiguration&quot;]" data-query-param-exclude_m2m="[&quot;true&quot;]" display-field="display" data-depth="0" data-url="/api/extras/dynamic-groups/" id="id_remove_from_groups" multiple>
</select>
            
            
    
    
</div>
</div>

                </div>
                <div class="modal-footer">
                    <button type="submit" class="btn btn-primary">
                        <span class="mdi mdi-group" aria-hidden="true"></span> Apply
                    </button>
                    <button type="button" class="btn btn-secondary" id="dynamic_group_assignment_cancel">
                        <span class="mdi mdi-close-thick" aria-hidden="true"></span> Cancel
                    </button>
                </div>
            </form>
        </div>
    </div>
</div>


        </main>
        
            
        
        





======================================================================
FAIL: test_list_objects_unknown_filter_no_strict_filtering (nautobot_igp_models.tests.test_views.ISISInterfaceConfigurationViewTest.test_list_objects_unknown_filter_no_strict_filtering)
Verify that without STRICT_FILTERING, an unknown filter is ignored.
----------------------------------------------------------------------
Traceback (most recent call last):
  File "/usr/local/lib/python3.11/site-packages/django/test/utils.py", line 461, in inner
    return func(*args, **kwargs)
           ^^^^^^^^^^^^^^^^^^^^^
  File "/usr/local/lib/python3.11/site-packages/nautobot/core/testing/views.py", line 1089, in test_list_objects_unknown_filter_no_strict_filtering
    self.assertRegex(content, r">\s*" + re.escape(escape(instance1.name)) + r"\s*<", msg=content)
AssertionError: Regex didn't match: '>\\s*ISIS\\-R1\\-GE1\\s*<' not found in '\n\n\n        <div id="drawer">\n            \n    \n\n\n\n<section class="nb-drawer" tabindex="-1" id="FilterForm_drawer">\n    <div class="nb-drawer-header">\n        <h1>Filters</h1>\n        <button type="button" class="btn-close" data-nb-dismiss="drawer" aria-label="Close"></button>\n    </div>\n    <div class="nb-drawer-body">\n        <ul id="filter-tabs" class="nav nav-tabs">\n            \n                <li role="presentation" class="nav-item">\n                    <a class="nav-link active"  href="#default-filter" role="tab" data-bs-toggle="tab">\n                        Basic\n                    </a>\n                </li>\n            \n            \n                <li role="presentation" class="nav-item">\n                    <a class="nav-link position-relative" href="#advanced-filter" role="tab" data-bs-toggle="tab">\n                        Advanced\n                        \n    <span\n        aria-hidden="true"\n        class="end-0 me-2 mt-2 top-0 nb-btn-indicator"\n        data-bs-toggle="tooltip"\n        data-bs-title="Some of the applied filters can only be viewed in Advanced"\n    ></span>\n\n\n                    </a>\n                </li>\n            \n        </ul>\n        <div class="tab-content h-100">\n            \n                <div id="default-filter" role="tabpanel" class="tab-pane fade show active h-100 p-20">\n                    \n\n<form class="h-100 vstack">\n    <div class="align-content-start flex-fill pb-20">\n        \n        \n            \n                <div class="nb-form-group">\n                    \n                        <label for="id_isis_config">ISIS Configuration</label>\n                        <select name="isis_config" class="nautobot-select2-api form-control" data-query-param-exclude_m2m="[&quot;true&quot;]" display-field="display" value-field="name" data-depth="0" placeholder="ISIS Configuration" data-url="/api/plugins/nautobot-igp-models/isis-configurations/" id="id_isis_config">\n  <option value=""\n         selected\n        >---------</option>\n\n</select>\n                    \n                </div>\n            \n        \n            \n                <div class="nb-form-group">\n                    \n                        <label for="id_interface">Interface</label>\n                        <select name="interface" class="nautobot-select2-api form-control" data-query-param-device_id="[&quot;$isis_config__instance__device&quot;]" data-query-param-exclude_m2m="[&quot;true&quot;]" display-field="display" data-depth="0" placeholder="Interface" data-url="/api/dcim/interfaces/" id="id_interface">\n  <option value=""\n         selected\n        >---------</option>\n\n</select>\n                    \n                </div>\n            \n        \n            \n                <div class="nb-form-group">\n                    \n                        <label for="id_circuit_type">Circuit type</label>\n                        <select name="circuit_type" class="form-control" placeholder="None" id="id_circuit_type" multiple>\n  <option value="L1">Level-1</option>\n\n  <option value="L2">Level-2</option>\n\n  <option value="L1L2">Level-1-2</option>\n\n</select>\n                    \n                </div>\n            \n        \n            \n                <div class="nb-form-group">\n                    \n                        <label for="id_metric">Metric</label>\n                        <input type="number" name="metric" class="form-control" placeholder="Metric" id="id_metric">\n                    \n                </div>\n            \n        \n            \n                <div class="nb-form-group">\n                    \n                        <label for="id_contacts">Contacts</label>\n                        <select name="contacts" class="nautobot-select2-api form-control" data-multiple="1" data-query-param-exclude_m2m="[&quot;true&quot;]" display-field="display" value-field="name" data-depth="0" placeholder="None" data-url="/api/extras/contacts/" id="id_contacts" multiple>\n</select>\n                    \n                </div>\n            \n        \n            \n                <div class="nb-form-group">\n                    \n                        <label for="id_teams">Teams</label>\n                        <select name="teams" class="nautobot-select2-api form-control" data-multiple="1" data-query-param-exclude_m2m="[&quot;true&quot;]" display-field="display" value-field="name" data-depth="0" placeholder="None" data-url="/api/extras/teams/" id="id_teams" multiple>\n</select>\n                    \n                </div>\n            \n        \n    </div>\n    <div class="justify-content-between mb-n20 nb-form-sticky-footer">\n        <button type="submit" class="btn btn-primary">\n            <span class="mdi mdi-check me-4" aria-hidden="true"></span><!--\n            -->Apply Specified\n        </button>\n        <button type="reset" class="btn btn-secondary">\n            <span aria-hidden="true" class="mdi mdi-close me-4"></span><!--\n            -->Clear All\n        </button>\n    </div>\n</form>\n\n                </div>\n            \n            \n                <div id="advanced-filter" role="tabpanel" class="tab-pane fade h-100 p-20">\n                    <form class="h-100 vstack" id="dynamic-filter-form">\n                        <div class="align-content-start flex-fill pb-20">\n                            <input type="hidden" name="form-TOTAL_FORMS" value="1" id="id_form-TOTAL_FORMS"><input type="hidden" name="form-INITIAL_FORMS" value="0" id="id_form-INITIAL_FORMS"><input type="hidden" name="form-MIN_NUM_FORMS" value="0" id="id_form-MIN_NUM_FORMS"><input type="hidden" name="form-MAX_NUM_FORMS" value="1000" id="id_form-MAX_NUM_FORMS">\n                            \n                                <div class="nb-form-group">\n                                    <label for="id_form-0-lookup_field">Field</label>\n                                    <select name="form-0-lookup_field" class="nautobot-select2-static lookup_field-select" placeholder="Field" id="id_form-0-lookup_field">\n  <option value="" selected>---------</option>\n\n  <option value="circuit_type">Circuit type</option>\n\n  <option value="contacts">Contacts (name or ID)</option>\n\n  <option value="created">Created</option>\n\n  <option value="dynamic_groups">Dynamic groups (name or ID)</option>\n\n  <option value="isis_config">ISIS Configuration</option>\n\n  <option value="id">Id</option>\n\n  <option value="interface">Interface</option>\n\n  <option value="last_updated">Last updated</option>\n\n  <option value="metric">Metric</option>\n\n  <option value="status">Status (name or ID)</option>\n\n  <option value="teams">Teams (name or ID)</option>\n\n</select>\n                                </div>\n                            \n                                <div class="nb-form-group">\n                                    <label for="id_form-0-lookup_type">Lookup type</label>\n                                    <select name="form-0-lookup_type" class="nautobot-select2-api lookup_type-select" placeholder="None" data-query-param-field_name="[&quot;$lookup_field&quot;]" data-contenttype="nautobot_igp_models.isisinterfaceconfiguration" data-url="/api/core/filterset-fields/lookup-choices/" id="id_form-0-lookup_type">\n</select>\n                                </div>\n                            \n                                <div class="nb-form-group">\n                                    <label for="id_form-0-lookup_value">Value</label>\n                                    <input type="text" name="form-0-lookup_value" class="form-control lookup_value-input form-control" placeholder="Value" id="id_form-0-lookup_value">\n                                </div>\n                            \n                            <button class="nb-dynamic-filter-add btn btn-primary d-block ms-auto my-20" type="button">\n                                <span aria-hidden="true" class="mdi mdi-plus me-4"></span><!--\n                                -->Add Filter\n                            </button>\n                            <hr class="border-top my-20">\n                            <div class="nb-dynamic-filter-items d-flex flex-wrap gap-10">\n                                \n                                    \n                                        <span class="badge nb-multi-badge" data-nb-field="ice_cream_flavor">\n                                            <button class="nb-dynamic-filter-remove" type="button">\n                                                <span aria-hidden="true" class="mdi mdi-close"></span>\n                                                <span class="visually-hidden">Remove All</span>\n                                            </button>\n                                            ice_cream_flavor:\n                                            <span class="nb-multi-badge-items">\n                                                \n                                                    <span class="badge" data-nb-value="chocolate"><!--\n                                                        --><button class="nb-dynamic-filter-remove" type="button">\n                                                        <span aria-hidden="true" class="mdi mdi-close"></span>\n                                                        <span class="visually-hidden">Remove</span>\n                                                    </button><!--\n                                                        -->chocolate<!--\n                                                        --><input name="ice_cream_flavor" type="hidden" value="chocolate">\n                                                    </span>\n                                                \n                                            </span>\n                                        </span>\n                                    \n                                \n                            </div>\n                        </div>\n\n                        <div class="d-print-none justify-content-between mb-n20 nb-form-sticky-footer">\n                            <button type="submit" class="btn btn-primary">\n                                <span class="mdi mdi-check me-4" aria-hidden="true"></span><!--\n                                -->Apply Specified\n                            </button>\n                            <button type="reset" class="btn btn-secondary">\n                                <span aria-hidden="true" class="mdi mdi-close me-4"></span><!--\n                                -->Clear All\n                            </button>\n                        </div>\n                    </form>\n                </div>\n            \n        </div>\n    </div>\n</section>\n\n\n    <script>\n        (() => {\n            document.addEventListener(\'DOMContentLoaded\', () => {\n                const NON_FILTER_PARAMS = [\n                    \'all_filters_removed\',\n                    \'clear_view\',\n                    \'per_page\',\n                    \'saved_view\',\n                    \'sort\',\n                    \'table_changes_pending\',\n                ];\n\n                /**\n                 * Insert given `element` as `parent`\'s first child.\n                 * @param {HTMLElement} element - Element to be inserted.\n                 * @param {HTMLElement} parent - Parent container for given `element`.\n                 * @returns {void} Do not return any value, modify DOM in-place.\n                 */\n                const insertFirst = (element, parent) => {\n                    parent.hasChildNodes() ? parent.insertBefore(element, parent.firstElementChild) : parent.appendChild(element);\n                };\n\n                /**\n                 * Get HTML elements for default and dynamic filter forms.\n                 * @returns {object} Object with `defaultFilterForm` and `dynamicFilterForm` HTML elements or `null`,\n                 *   depending on their actual existence in the DOM.\n                 */\n                const getFilterForms = () => ({\n                    defaultFilterForm: document.querySelector(\'#default-filter form\'),\n                    dynamicFilterForm: document.querySelector(\'#dynamic-filter-form\'),\n                });\n\n                const prepopulateFilterSelectsFromURL = (() => {\n                    const { defaultFilterForm } = getFilterForms();\n                    const urlParams = new URLSearchParams(window.location.search);\n                    // Only target Select2 controls inside the default filter form.\n                    [...defaultFilterForm.querySelectorAll(\'select.nautobot-select2-multi-value-char\')].forEach((el) => {\n                        const name = el.getAttribute(\'name\');\n                        if (!name) { return; }\n                        const values = urlParams.getAll(name);\n                        if (!values.length) { return; }\n                        values.forEach((val) => {\n                            let found = Array.prototype.find.call(el.options, (opt) => {\n                                return String(opt.value) === String(val);\n                            });\n                            if (found) {\n                                found.selected = true;\n                            } else {\n                                el.add(new Option(val, val, true, true));\n                            }\n                        });\n                        if (window.jQuery && $(el).data(\'select2\')) {\n                            $(el).trigger(\'change\');\n                        }\n                    });\n                })();\n\n                /**\n                 * Synchronize given `filter` value from default to dynamic filter form.\n                 * @param {string} name - Filter name.\n                 * @returns {void} Do not return any value, just set given field values.\n                 */\n                const syncDefaultToDynamic = (name) => {\n                    const { defaultFilterForm } = getFilterForms();\n\n                    const field = defaultFilterForm.querySelector(`[name="${name}"]`);\n                    const text = field?.closest(\'.nb-form-group\')?.querySelector(\'label\')?.innerText?.trim();\n                    /*\n                     * `manageDynamicFilter` takes an array of `{ text: string, value: string }` objects as `value`, so\n                     * regardless of field being a textbox, a single or multiple choice combobox, conversion is required:\n                     *   1. For combobox (i.e. `<select>`), iterate over selected options and map them to display `text`\n                     *     and underlying `value`.\n                     *   2. For textbox (i.e. `<input>` or `<textarea>`):\n                     *     1. Use entered value as both display `text` and underlying `value`.\n                     *     2. If field is empty, use an empty array.\n                     */\n                    const value =\n                        field?.tagName === \'SELECT\'\n                        ? [...field.selectedOptions].map((option) => ({ text: option.innerText, value: option.value }))\n                        : [...(field?.value ? [{ text: field.value, value: field.value }] : [])];\n\n                    manageDynamicFilter({ action: \'set\', name, text, value });\n                };\n\n                /**\n                 * Synchronize given `filter` value from dynamic to default filter form.\n                 * @param {string} name - Filter name.\n                 * @returns {void} Do not return any value, just set given field values.\n                 */\n                const syncDynamicToDefault = (name) => {\n                    const { defaultFilterForm, dynamicFilterForm } = getFilterForms();\n\n                    const current = [...dynamicFilterForm.querySelectorAll(`input[name="${name}"][type="hidden"]`)].map(\n                        (input) => ({\n                            text: [...(input.parentElement?.childNodes ?? [])].find((node) => node.nodeName === \'#text\')?.wholeText,\n                            value: input.getAttribute(\'value\'),\n                        }),\n                    );\n\n                    const sync = defaultFilterForm?.querySelector(`[name=${name}]`);\n\n                    if (sync?.tagName === \'INPUT\' || sync?.tagName === \'TEXTAREA\') {\n                        sync.value = current.length > 0 ? current[0].value : \'\';\n                    } else if (sync?.tagName === \'SELECT\') {\n                        window.nb.select2.setSelect2Value(sync, current);\n                    }\n                };\n\n                /**\n                 * Manage dynamic filter either by adding values to the existing selection or by setting passed values\n                 * regardless of previous selection.\n                 * @param {\'add\'|\'set\'} action - Use `\'add\'` to add given value to the existing selection; use `\'set\'`\n                 *   to set given value regardless of what was set previously.\n                 * @param {string} name - Filter field name.\n                 * @param {string} text - Filter display text.\n                 * @param {object[]} value - Array of objects containing `text` and `value` key-value pairs.\n                 */\n                const manageDynamicFilter = ({ action, name, text, value }) => {\n                    const { dynamicFilterForm } = getFilterForms();\n                    const items = dynamicFilterForm.querySelector(\'.nb-dynamic-filter-items\');\n\n                    const group = (() => {\n                        const existing = items.querySelector(`.nb-multi-badge[data-nb-field="${name}"]`);\n                        if (existing) {\n                            return existing;\n                        }\n\n                        const group = document.createElement(\'span\');\n                        group.classList.toggle(\'badge\', true);\n                        group.classList.toggle(\'nb-multi-badge\', true);\n                        group.setAttribute(\'data-nb-field\', name);\n\n                        const button = document.createElement(\'button\');\n                        button.classList.toggle(\'nb-dynamic-filter-remove\', true);\n                        button.setAttribute(\'type\', \'button\');\n\n                        const close = document.createElement(\'span\');\n                        close.classList.toggle(\'mdi\', true);\n                        close.classList.toggle(\'mdi-close\', true);\n                        close.setAttribute(\'aria-hidden\', \'true\');\n\n                        const remove = document.createElement(\'span\');\n                        remove.classList.toggle(\'visually-hidden\', true);\n                        remove.innerText = \'Remove All\';\n\n                        const children = document.createElement(\'span\');\n                        children.classList.toggle(\'nb-multi-badge-items\', true);\n\n                        button.appendChild(close);\n                        button.appendChild(remove);\n                        group.appendChild(button);\n                        group.insertAdjacentText(\'beforeend\', `${text}:`);\n                        group.appendChild(children);\n\n                        return group;\n                    })();\n\n                    const children = group.querySelector(\'.nb-multi-badge-items\');\n                    const existing = [...children.querySelectorAll(\'.badge[data-nb-value]\')];\n\n                    /*\n                     * Depending on `action` remove the following badges:\n                     *   1. For `\'add\'`, remove already existing filters with the same key-value pairs and re-create them later.\n                     *   2. For `\'set\'`, remove all existing filters of given key and apply only these passed as `values`.\n                     */\n                    const badgesToRemove =\n                        action === \'add\'\n                        ? existing.filter((badge) => value.some((item) => badge.getAttribute(\'data-nb-value\') === item.value))\n                        : existing;\n                    badgesToRemove.forEach((item) => children.removeChild(item));\n\n                    value.forEach(({ text, value }) => {\n                        const badge = document.createElement(\'span\');\n                        badge.classList.toggle(\'badge\', true);\n                        badge.setAttribute(\'data-nb-value\', value);\n\n                        const input = document.createElement(\'input\');\n                        input.setAttribute(\'name\', name);\n                        input.setAttribute(\'type\', \'hidden\');\n                        input.setAttribute(\'value\', value);\n\n                        const button = document.createElement(\'button\');\n                        button.classList.toggle(\'nb-dynamic-filter-remove\', true);\n                        button.setAttribute(\'type\', \'button\');\n\n                        const close = document.createElement(\'span\');\n                        close.classList.toggle(\'mdi\', true);\n                        close.classList.toggle(\'mdi-close\', true);\n                        close.setAttribute(\'aria-hidden\', \'true\');\n\n                        const remove = document.createElement(\'span\');\n                        remove.classList.toggle(\'visually-hidden\', true);\n                        remove.innerText = \'Remove\';\n\n                        button.appendChild(close);\n                        button.appendChild(remove);\n                        badge.appendChild(button);\n                        badge.insertAdjacentText(\'beforeend\', text);\n                        badge.appendChild(input);\n\n                        insertFirst(badge, children);\n                    });\n\n                    // If group already exists, remove it and later insert as the first child.\n                    if (items.contains(group)) {\n                        items.removeChild(group);\n                    }\n\n                    if (children.hasChildNodes()) {\n                        insertFirst(group, items);\n                    }\n                };\n\n                document.addEventListener(\'click\', (event) => {\n                    const { defaultFilterForm, dynamicFilterForm } = getFilterForms();\n\n                    const add = event.target.closest(\'button.nb-dynamic-filter-add\');\n                    if (add) {\n                        const field = dynamicFilterForm.querySelector(\'[name$="lookup_field"]\');\n                        const type = dynamicFilterForm.querySelector(\'[name$="lookup_type"]\');\n                        const value = [...dynamicFilterForm.querySelectorAll(\'.nb-form-group\')]\n                            .pop()\n                        ?.querySelector(\'input, select, textarea\');\n\n                        const isMissing = (control) =>\n                        control?.selectedOptions ? control.selectedOptions.length === 0 : !control?.value;\n                        if (isMissing(field) || isMissing(type) || isMissing(value)) {\n                            // Return early if selected filter is not complete (i.e. is missing lookup field, type or value).\n                            return;\n                        }\n\n                        const name = type.selectedOptions[0].value;\n                        const label = field.selectedOptions[0].innerText.trim();\n                        const suffix = type.selectedOptions[0].innerText.trim();\n                        const text = /\\(\\w+\\)/.test(suffix) ? `${label} ${suffix}` : label;\n                        const values =\n                            value?.getAttribute(\'multiple\') !== null\n                            ? [...value.selectedOptions].map((option) => ({ text: option.innerText.trim(), value: option.value }))\n                            : [{ text: value?.value, value: value?.value }];\n\n                        // If field exists in default filter form and is a single value input, use `\'set\'` action.\n                        const action =\n                            defaultFilterForm.querySelector(`[name="${name}"]`) &&\n                        (value.tagName === \'INPUT\' || value.tagName === \'TEXTAREA\')\n                            ? \'set\'\n                            : \'add\';\n                        manageDynamicFilter({ action, name, text, value: values });\n\n                        syncDynamicToDefault(name);\n                    }\n\n                    const remove = event.target.closest(\'button.nb-dynamic-filter-remove\');\n                    if (remove) {\n                        const badge = remove.closest(\'.badge\');\n                        /*\n                         * Remove the group badge (i.e. multi-badge) when given badge is the group badge itself, or it is the only\n                         * one left in the group (i.e. has no siblings) because removing it will leave the group badge empty anyway.\n                         */\n                        const shouldRemoveGroup =\n                            badge?.classList.contains(\'nb-multi-badge\') ||\n                        (!badge?.previousElementSibling && !badge?.nextElementSibling);\n                        shouldRemoveGroup ? badge?.closest(\'.nb-multi-badge\')?.remove() : badge?.remove();\n\n                        syncDynamicToDefault(badge?.querySelector(\'input[type="hidden"]\')?.getAttribute(\'name\'));\n                    }\n                });\n\n                // Need to wrap `document` with jQuery to be able to listen to Select2 `change` event.\n                $(document).on(\'change\', (event) => {\n                    const { defaultFilterForm } = getFilterForms();\n                    const isDefaultFilterFormField = event.target.form === defaultFilterForm;\n                    if (isDefaultFilterFormField) {\n                        syncDefaultToDynamic(event.target.name);\n                    }\n                });\n\n                // Need to wrap `document` with jQuery to be able to listen to Select2 `change` event.\n                $(document).on(\'change\', async (event) => {\n                    const isLookupType = event.target.getAttribute(\'name\')?.endsWith(\'lookup_type\');\n                    if (isLookupType) {\n                        const content_type = event.target.getAttribute(\'data-contenttype\');\n                        const field_name = event.target.value;\n                        const value = [...event.target.form.querySelectorAll(\'.nb-form-group\')]\n                            .pop()\n                        ?.querySelector(\'input, select, textarea\');\n\n                        if (field_name) {\n                            const replacement = await (async () => {\n                                try {\n                                    const response = await window.fetch(\n                                        `/api/ui/core/filterset-fields/lookup-value-dom-element/?${new URLSearchParams({ content_type, field_name })}`,\n                                        { method: \'GET\', headers: { Accept: \'*/*\' } },\n                                    );\n\n                                    const html = await response.json();\n\n                                    const element = document.createElement(\'div\');\n                                    element.innerHTML = html;\n\n                                    return element.firstElementChild;\n                                } catch (exception) {\n                                    // Default to `<input type="text" ...>` field if error occurs.\n                                    const input = document.createElement(\'input\');\n                                    input.classList.toggle(\'lookup_value-input\', true);\n                                    input.classList.toggle(\'form-control\', true);\n                                    input.setAttribute(\'id\', `id_for_${field_name}`);\n                                    input.setAttribute(\'name\', field_name);\n                                    input.setAttribute(\'type\', \'text\');\n                                    return input;\n                                }\n                            })();\n\n                            value.replaceWith(replacement);\n                            replacement.nextElementSibling?.remove(); // Remove Select2 widget if present.\n                            replacement.previousElementSibling?.setAttribute(\'for\', replacement.getAttribute(\'id\')); // Set label `for` attribute to match field `id`.\n                            initializeInputs(replacement.parentElement);\n                        }\n                    }\n                });\n\n                // Need to wrap `document` with jQuery to be able to listen to Select2 `change` event.\n                $(document).on(\'change\', (event) => {\n                    const isLookupField = event.target.getAttribute(\'name\')?.endsWith(\'lookup_field\');\n                    const isLookupType = event.target.getAttribute(\'name\')?.endsWith(\'lookup_type\');\n\n                    if (isLookupField) {\n                        const type = event.target.form.querySelector(\'[name$="lookup_type"]\');\n                        $(type).val(null).trigger(\'change\');\n                    }\n\n                    if (isLookupField || isLookupType) {\n                        const value = [...event.target.form.querySelectorAll(\'.nb-form-group\')]\n                            .pop()\n                        ?.querySelector(\'input, select, textarea\');\n\n                        if (value.tagName === \'SELECT\') {\n                            $(value).val(null).trigger(\'change\');\n                        } else {\n                            value.value = \'\';\n                        }\n                    }\n                });\n\n                const isFilterForm = (target) => Boolean(target?.closest(\'#FilterForm_drawer\'));\n\n                document.addEventListener(\'reset\', (event) => {\n                    if (isFilterForm(event.target)) {\n                        event.preventDefault();\n\n                        // Remove all filter query params from location search while keeping non-filter params intact.\n                        const searchParams = new URLSearchParams(window.location.search);\n                        const nextSearchParams = new URLSearchParams([\n                            ...[...searchParams].filter(\n                                ([property]) => NON_FILTER_PARAMS.includes(property) && property !== \'all_filters_removed\',\n                            ),\n                            [\'all_filters_removed\', \'true\'],\n                        ]);\n\n                        location.assign(`?${nextSearchParams}`);\n                    }\n                });\n\n                document.addEventListener(\'submit\', (event) => {\n                    if (isFilterForm(event.target)) {\n                        event.preventDefault();\n\n                        const { defaultFilterForm, dynamicFilterForm } = getFilterForms();\n\n                        /*\n                         * Just before the form submission automatically add filter selected in "Advanced" tab (if any)\n                         * which hasn\'t been manually applied for whatever reason (usually forgetfulness, speed, etc.).\n                         * This is a requested UX flavor.\n                         */\n                        const add = dynamicFilterForm.querySelector(\'button.nb-dynamic-filter-add\');\n                        add.click();\n\n                        // Remove all field names which are not applied filters container descendants.\n                        [...dynamicFilterForm.querySelectorAll(\'input, select, textarea\')].forEach((field) =>\n                            field.closest(\'.nb-dynamic-filter-items\') ? undefined : field.removeAttribute(\'name\'),\n                        );\n\n                        /*\n                         * Get the serialized data from the forms and:\n                         *   1) Filter out query params which values are empty e.g `?sam=&dan=2` becomes `dan=2`.\n                         *   2) Combine the two forms into a single set of data without duplicate entries.\n                         */\n                        const defaultFilterFormSearchParams = new URLSearchParams(new FormData(defaultFilterForm));\n                        const dynamicFilterFormSearchParams = new URLSearchParams(new FormData(dynamicFilterForm));\n                        const searchParams = new URLSearchParams(window.location.search);\n\n                        const nextSearchParams = new URLSearchParams([\n                            ...[...defaultFilterFormSearchParams].filter(([, value]) => value !== \'\'),\n                            ...[...dynamicFilterFormSearchParams].filter(\n                                ([property, value]) => value !== \'\' && !defaultFilterFormSearchParams.has(property, value),\n                            ),\n                            ...[...searchParams].filter(\n                                ([property]) => NON_FILTER_PARAMS.includes(property) && property !== \'all_filters_removed\',\n                            ),\n                        ]);\n\n                        if (nextSearchParams.has(\'saved_view\')) {\n                            const all_filters_removed = [...nextSearchParams].every(([property]) =>\n                                NON_FILTER_PARAMS.includes(property),\n                            );\n\n                            if (all_filters_removed) {\n                                nextSearchParams.set(\'all_filters_removed\', \'true\');\n                            }\n                        }\n\n                        location.assign(`?${nextSearchParams}`);\n                    }\n                });\n\n                const onSubmitOrReset = (event) => (isFilterForm(event.target) ? window.nb?.history?.saveState() : undefined);\n                document.addEventListener(\'reset\', onSubmitOrReset);\n                document.addEventListener(\'submit\', onSubmitOrReset);\n            });\n        })();\n    </script>\n\n\n    \n        \n\n\n<section class="nb-drawer" tabindex="-1" id="ISISInterfaceConfigurationTable_config">\n    <div class="nb-drawer-header">\n        <h1>Table Configuration</h1>\n        <button type="button" class="btn-close" data-nb-dismiss="drawer" aria-label="Close"></button>\n    </div>\n    <div class="nb-drawer-body">\n        <form class="userconfigform h-100 pb-20 px-20 vstack" data-config-root="tables.ISISInterfaceConfigurationTable">\n            <div class="row align-content-start flex-fill">\n                <div class="col-12">\n                    <div class="alert alert-warning">\n                        Column choices may negatively affect loading times.\n                        <a href="/static/docs/user-guide/platform-functionality/user-interface/configurablecolumns.html" class="btn btn-link btn-sm" target="_blank" rel="noopener">\n                            <span class="mdi mdi-information"></span>\n                        </a>\n                    </div>\n                </div>\n                <div class="col-12">\n                    \n                        <select name="columns" size="20" class="form-control" placeholder="None" id="id_columns" multiple>\n  <option value="isis_config" selected>Isis config</option>\n\n  <option value="interface" selected>Interface</option>\n\n  <option value="circuit_type" selected>Circuit type</option>\n\n  <option value="metric" selected>Metric</option>\n\n  <option value="status" selected>Status</option>\n\n  <option value="dynamic_group_count">Dynamic Groups</option>\n\n</select>\n                        <span class="form-text mt-8">Use the buttons below to arrange columns in the desired order, then select all columns to display.</span>\n                        <div class="hstack gap-4 mt-8 mx-n4">\n                            \n                            <button type="button" class="btn btn-primary btn-sm" id="move-option-up" data-target="id_columns"><span class="mdi mdi-arrow-up-bold me-4"></span>Move up</button>\n                            <button type="button" class="btn btn-primary btn-sm" id="move-option-down" data-target="id_columns"><span class="mdi mdi-arrow-down-bold me-4"></span>Move down</button>\n                            <button type="button" class="btn btn-success btn-sm" id="select-all-options" data-target="id_columns"><span class="mdi mdi-expand-all-outline me-4"></span>Select all</button>\n                            \n                        </div>\n                    \n                </div>\n            </div>\n            <div class="nb-form-sticky-footer">\n                <input type="submit" class="btn btn-primary" value="Save">\n                <input type="submit" class="btn btn-danger reset" value="Reset">\n            </div>\n        </form>\n    </div>\n</section>\n\n\n    <script>\n        (() => {\n            document.addEventListener(\'DOMContentLoaded\', () => {\n                document.addEventListener(\'submit\', (event) => {\n                    if (event.target.closest(\'#ISISInterfaceConfigurationTable_config\')) {\n                        // Keep the drawer open after page reload caused by form submission.\n                        window.nb.history.saveState();\n                    }\n                });\n            });\n        })();\n    </script>\n\n\n    \n    <section class="nb-drawer" tabindex="-1" id="SavedViews_drawer">\n        <div class="nb-drawer-header">\n            <h1>Saved Views</h1>\n            <button type="button" class="btn-close" data-nb-dismiss="drawer" aria-label="Close"></button>\n        </div>\n        <div class="nb-drawer-body pb-20 px-20">\n            <div class="align-items-start vstack flex-grow-0 gap-10">\n                \n            </div>\n            \n            <div class="align-items-start vstack gap-10">\n                Actions:\n                \n                <a class="btn btn-secondary" href="" data-bs-toggle="modal" data-bs-target="#saved_view_modal">\n                    <span class="mdi mdi-content-save-plus-outline me-4" aria-hidden="true"></span>Save As New\n                </a>\n                \n            </div>\n        </div>\n    </section>\n\n        </div>\n        <header id="header">\n            <div class="banner-alert-area">\n                \n\n\n\n    \n        <div class="alert alert-info text-center" role="alert">\n            <p>Local</p>\n        </div>\n    \n\n\n\n\n\n\n                \n\n            </div>\n            <div class="container-fluid mb-12 mt-16">\n                <div class="row">\n                    <div id="page-title" class="col-4">\n                        \n                            \n\n\n<h1 class="d-flex fs-2 gap-8 lh-sm py-6">\n    <img\n        alt="Nautobot chevron"\n        class="align-self-start flex-grow-0 flex-shrink-0 my-n4"\n        role="presentation"\n        src="/static/img/nautobot_chevron.svg"\n        style="width: 1.5rem;"\n    />\n    \n        ISIS Interface Configurations\n    \n</h1>\n\n                        \n                    </div>\n                    \n\n\n\n    \n        <form action="/search/" class="col-4 text-center" id="header_search" method="get" role="search">\n            <label class="position-relative w-100">\n                <input\n                    aria-placeholder="Press Ctrl+K to search"\n                    class="form-control nb-text-transparent"\n                    name="q"\n                    type="search"\n                    value=""\n                />\n                <span class="align-items-center d-inline-flex gap-6 overflow-hidden px-12 py-6 pe-none position-absolute start-0 top-0 user-select-none w-100">\n                    <span aria-hidden="true" class="mdi mdi-magnify text-secondary d-inline-flex"></span>\n                    \n                        \n                            \n                                \n                                    \n                                \n                                    \n                                \n                                    \n                                \n                                    \n                                \n                                    \n                                \n                            \n                                \n                                    \n                                \n                                    \n                                \n                                    \n                                \n                            \n                                \n                                    \n                                \n                                    \n                                \n                                    \n                                \n                            \n                                \n                                    \n                                \n                                    \n                                \n                                    \n                                \n                            \n                                \n                                    \n                                \n                                    \n                                \n                            \n                                \n                                    \n                                \n                                    \n                                \n                                    \n                                \n                                    \n                                \n                            \n                                \n                                    \n                                \n                                    \n                                \n                                    \n                                \n                                    \n                                \n                                    \n                                \n                                    \n                                \n                                    \n                                \n                                    \n                                \n                                    \n                                \n                                    \n                                \n                            \n                        \n                            \n                                \n                                    \n                                \n                            \n                                \n                                    \n                                \n                            \n                                \n                                    \n                                \n                            \n                                \n                                    \n                                \n                                    \n                                \n                                    \n                                \n                            \n                                \n                                    \n                                \n                                    \n                                \n                            \n                                \n                                    \n                                \n                            \n                        \n                            \n                                \n                                    \n                                \n                                    \n                                \n                            \n                                \n                                    \n                                \n                                    \n                                \n                                    \n                                \n                                    \n                                \n                            \n                                \n                                    \n                                \n                                    \n                                \n                            \n                                \n                                    \n                                \n                                    \n                                \n                            \n                                \n                                    \n                                \n                            \n                                \n                                    \n                                \n                                    \n                                \n                                    \n                                \n                            \n                        \n                            \n                                \n                                    \n                                \n                                    \n                                \n                                    \n                                        <span class="badge border" data-nb-link="/plugins/nautobot-igp-models/isis-interface-configuration/"><!--\n                                            -->in: ISIS Interface Configuration<!--\n                                            --><button tabindex="-1" type="button">\n                                            <span aria-hidden="true" class="mdi mdi-close"></span>\n                                            <span class="visually-hidden">Remove</span>\n                                        </button>\n                                        </span>\n                                    \n                                \n                                    \n                                \n                                    \n                                \n                            \n                        \n                            \n                                \n                                    \n                                \n                                    \n                                \n                                    \n                                \n                            \n                                \n                                    \n                                \n                                    \n                                \n                            \n                        \n                            \n                                \n                                    \n                                \n                                    \n                                \n                                    \n                                \n                            \n                                \n                                    \n                                \n                                    \n                                \n                                    \n                                \n                            \n                        \n                            \n                                \n                                    \n                                \n                                    \n                                \n                            \n                        \n                            \n                                \n                                    \n                                \n                                    \n                                \n                                    \n                                \n                                    \n                                \n                                    \n                                \n                            \n                        \n                            \n                                \n                                    \n                                \n                                    \n                                \n                            \n                        \n                            \n                                \n                                    \n                                \n                                    \n                                \n                                    \n                                \n                                    \n                                \n                                    \n                                \n                            \n                        \n                            \n                                \n                                    \n                                \n                                    \n                                \n                            \n                                \n                                    \n                                \n                                    \n                                \n                                    \n                                \n                            \n                        \n                            \n                                \n                                    \n                                \n                                    \n                                \n                                    \n                                \n                                    \n                                \n                            \n                        \n                            \n                                \n                                    \n                                \n                                    \n                                \n                            \n                        \n                            \n                                \n                                    \n                                \n                            \n                                \n                                    \n                                \n                            \n                                \n                                    \n                                \n                                    \n                                \n                                    \n                                \n                                    \n                                \n                                    \n                                \n                                    \n                                \n                            \n                                \n                                    \n                                \n                            \n                                \n                                    \n                                \n                                    \n                                \n                            \n                                \n                                    \n                                \n                                    \n                                \n                                    \n                                \n                                    \n                                \n                                    \n                                \n                            \n                                \n                                    \n                                \n                                    \n                                \n                                    \n                                \n                                    \n                                \n                            \n                                \n                                    \n                                \n                                    \n                                \n                            \n                        \n                            \n                                \n                                    \n                                \n                                    \n                                \n                                    \n                                \n                                    \n                                \n                                    \n                                \n                                    \n                                \n                            \n                        \n                            \n                                \n                                    \n                                \n                                    \n                                \n                            \n                        \n                    \n                    <span\n                        aria-hidden="true"\n                        class="align-items-center d-inline-flex gap-4 text-nowrap text-secondary"\n                    >\n                        \n                            Press <kbd class="mt-n1">Ctrl+K</kbd> to search\n                        \n                    </span>\n                    <a class="align-items-center d-inline-flex ms-auto pe-auto"\n                       href="/static/docs/user-guide/platform-functionality/user-interface/search.html"\n                       target="_blank"\n                       rel="noopener"\n                    >\n                        <span aria-hidden="true" class="mdi mdi-help-circle-outline text-secondary"></span>\n                    </a>\n                </span>\n            </label>\n        </form>\n    \n\n    <div class="col-4 text-end">\n        <div class="dropdown">\n            <button class="btn dropdown-toggle align-items-center d-inline-flex gap-6" type="button" data-bs-toggle="dropdown" aria-expanded="false">\n                <span aria-hidden="true" class="mdi mdi-account text-secondary"></span>\n                nautobotuser\n            </button>\n            <ul class="dropdown-menu dropdown-menu-end">\n                <li><a class="dropdown-item" href="/about/"><span class="mdi mdi-information"></span>About Nautobot</a></li>\n                <li><a class="dropdown-item" href="/user/profile/"><span class="mdi mdi-account-box"></span>Profile</a></li>\n                <li><a class="dropdown-item" href="/extras/approver-dashboard/"><span class="mdi mdi-check-bold"></span>Approval Dashboard</a></li>\n                \n                <li class="dropdown-divider"></li>\n                <li><a class="dropdown-item" href="/logout/"><span class="mdi mdi-logout"></span>Log out</a></li>\n            </ul>\n        </div>\n    </div>\n\n\n                    <div class="col-12">\n                        \n    \n\n    \n\n    \n\n<nav aria-label="Breadcrumbs" class="mt-1">\n    <ol class="breadcrumb">\n        \n            \n                \n            \n        \n    </ol>\n</nav>\n\n\n                    </div>\n                </div>\n            </div>\n            \n        </header>\n        <main class="container-fluid wrapper" id="main-content" tabindex="-1">\n            \n    <div class="align-items-center d-flex gap-8 justify-content-end mb-16 d-print-none">\n        \n        \n\n        <div class="btn-group">\n            \n                <button type="button" id="actions-dropdown" class="btn btn-primary dropdown-toggle" data-bs-toggle="dropdown">\n                    Actions\n                    <span class="mdi mdi-chevron-down" aria-hidden="true"></span>\n                </button>\n            \n            <ul class="dropdown-menu dropdown-menu-end" role="menu">\n                \n                \n                \n                    \n                        \n    \n        \n        \n        <li>\n            <form action="/extras/jobs/nautobot.core.jobs.ExportObjectList/run/" method="post">\n                <input type="hidden" name="csrfmiddlewaretoken" value="GTxXCSqy0z0J34cB4BBSp9qxerf7RziroHWwP2kfJIXdFY5cDn1o3ugSVkP07lGn">\n                <input type="hidden" name="content_type" value="196">\n                <input type="hidden" name="query_string" value="ice_cream_flavor=chocolate">\n                <input type="hidden" name="_schedule_type" value="immediately">\n                <input type="hidden" name="export_format" value="csv">\n                <button class="dropdown-item" type="submit">\n                    <span class="mdi mdi-database-export text-secondary" aria-hidden="true"></span> Export as CSV\n                </button>\n            </form>\n        </li>\n        \n    \n\n\n                    \n                \n            </ul>\n        </div>\n        \n        \n        \n            \n            \n        \n        <div class="align-items-center d-flex gap-4">\n            \n                <button\n                    type="button"\n                    class="btn position-relative text-secondary"\n                    data-nb-toggle="drawer"\n                    data-nb-target="#SavedViews_drawer"\n                    title="Saved Views"\n                    aria-expanded="false"\n                    aria-controls="SavedViews_drawer"\n                >\n                    <span class="mdi mdi-view-compact-outline" aria-hidden="true"></span>\n                    <span class="visually-hidden">Saved Views</span>\n                    \n                </button>\n            \n            \n                <button\n                    type="button"\n                    class="btn position-relative text-secondary"\n                    data-nb-toggle="drawer"\n                    data-nb-target="#FilterForm_drawer"\n                    title="Add Filters"\n                    id="id__filterbtn"\n                    aria-controls="FilterForm_drawer"\n                    aria-expanded="false"\n                >\n                    <span class="mdi mdi-filter" aria-hidden="true"></span>\n                    <span class="visually-hidden">Add Filters</span>\n                    \n                        <span aria-hidden="true" class="nb-btn-indicator"></span>\n                    \n                </button>\n            \n        </div>\n    </div>\n\n    \n\n    <div>\n        \n            \n                \n                    \n\n\n<div class="card mb-3">\n    \n    <div class="table-responsive">\n        \n\n\n\n    <table class="table table-hover nb-table-headings">\n        \n            <thead>\n                <tr>\n                    \n                        \n                            \n                                <th class="orderable"><a href="?ice_cream_flavor=chocolate&amp;sort=isis_config" data-column-name="isis_config">Isis config</a></th>\n                            \n                        \n                    \n                        \n                            \n                                <th class="orderable"><a href="?ice_cream_flavor=chocolate&amp;sort=interface" data-column-name="interface">Interface</a></th>\n                            \n                        \n                    \n                        \n                            \n                                <th class="orderable"><a href="?ice_cream_flavor=chocolate&amp;sort=circuit_type" data-column-name="circuit_type">Circuit type</a></th>\n                            \n                        \n                    \n                        \n                            \n                                <th class="orderable"><a href="?ice_cream_flavor=chocolate&amp;sort=metric" data-column-name="metric">Metric</a></th>\n                            \n                        \n                    \n                        \n                            \n                                <th class="orderable"><a href="?ice_cream_flavor=chocolate&amp;sort=status" data-column-name="status">Status</a></th>\n                            \n                        \n                    \n                        \n                            <th class="nb-actionable nb-w-0 orderable">\n                                <button\n            type="button"\n            class="btn border-0 float-end rounded-0 text-end text-secondary "\n            data-nb-toggle="drawer"\n            data-nb-target="#ISISInterfaceConfigurationTable_config"\n            \n            title="Configure table"\n            aria-controls="ISISInterfaceConfigurationTable_config"\n            aria-expanded="false"\n        >\n            <span class="mdi mdi-cog" aria-hidden="true"></span>\n            <span class="visually-hidden">Configure</span>\n        </button>\n                            </th>\n                        \n                    \n                    \n                </tr>\n            </thead>\n        \n        <tbody>\n            \n                <tr class="even">\n                    \n                        <td ><a href="/plugins/nautobot-igp-models/isis-configuration/36e2db03-b595-410f-a495-ca3ecd5e9749/">ISIS-Config-R1</a></td>\n                    \n                        <td ><a href="/dcim/interfaces/ceb9d0ef-5f1d-4a56-ba7f-07d4dd0fa488/">GigabitEthernet1</a></td>\n                    \n                        <td >Level-2</td>\n                    \n                        <td >10</td>\n                    \n                        <td >\n    \n    \n        <span class="badge" style="color: #ffffff; background-color: #4caf50">\n            Active\n        </span>\n    \n    </td>\n                    \n                        <td class="d-print-none nb-actions nb-w-0 text-end text-nowrap">\n    <div class="dropdown">\n        <button class="btn dropdown-toggle" type="button" data-bs-toggle="dropdown" aria-expanded="false">\n            <span class="mdi mdi-dots-vertical" aria-hidden="true"></span>\n            <span class="visually-hidden">Toggle Dropdown</span>\n        </button>\n        <ul class="dropdown-menu dropdown-menu-end">\n            \n            \n            \n            \n        </ul>\n    </div>\n\n    </td>\n                    \n                    \n                </tr>\n            \n                <tr class="odd">\n                    \n                        <td ><a href="/plugins/nautobot-igp-models/isis-configuration/30f184cc-f222-42ea-a4c2-21f7a240706f/">ISIS-Config-R2</a></td>\n                    \n                        <td ><a href="/dcim/interfaces/89ee6e6b-b054-4124-b7cd-dafec0a3d601/">GigabitEthernet1</a></td>\n                    \n                        <td >Level-2</td>\n                    \n                        <td >10</td>\n                    \n                        <td >\n    \n    \n        <span class="badge" style="color: #ffffff; background-color: #4caf50">\n            Active\n        </span>\n    \n    </td>\n                    \n                        <td class="d-print-none nb-actions nb-w-0 text-end text-nowrap">\n    <div class="dropdown">\n        <button class="btn dropdown-toggle" type="button" data-bs-toggle="dropdown" aria-expanded="false">\n            <span class="mdi mdi-dots-vertical" aria-hidden="true"></span>\n            <span class="visually-hidden">Toggle Dropdown</span>\n        </button>\n        <ul class="dropdown-menu dropdown-menu-end">\n            \n            \n            \n            \n        </ul>\n    </div>\n\n    </td>\n                    \n                    \n                </tr>\n            \n                <tr class="even">\n                    \n                        <td ><a href="/plugins/nautobot-igp-models/isis-configuration/0809ce0d-9807-493e-a19b-b7fae0535497/">ISIS-Config-R3</a></td>\n                    \n                        <td ><a href="/dcim/interfaces/2416d58c-ac72-45aa-943e-95aeb3060c95/">GigabitEthernet1</a></td>\n                    \n                        <td >Level-2</td>\n                    \n                        <td >10</td>\n                    \n                        <td >\n    \n    \n        <span class="badge" style="color: #ffffff; background-color: #4caf50">\n            Active\n        </span>\n    \n    </td>\n                    \n                        <td class="d-print-none nb-actions nb-w-0 text-end text-nowrap">\n    <div class="dropdown">\n        <button class="btn dropdown-toggle" type="button" data-bs-toggle="dropdown" aria-expanded="false">\n            <span class="mdi mdi-dots-vertical" aria-hidden="true"></span>\n            <span class="visually-hidden">Toggle Dropdown</span>\n        </button>\n        <ul class="dropdown-menu dropdown-menu-end">\n            \n            \n            \n            \n        </ul>\n    </div>\n\n    </td>\n                    \n                    \n                </tr>\n            \n        </tbody>\n        \n    </table>\n\n\n    </div>\n    \n</div>\n\n                \n            \n            \n\n<div class="paginator align-items-center d-flex fs-5 gap-10 justify-content-end mt-16 text-secondary">\n    \n        <div>\n            Showing 1-3 of 3\n        </div>\n        <div class="vr border-start my-8"></div>\n    \n    <form class="align-items-center d-flex gap-4" method="get">\n        \n            \n                \n                    <input type="hidden" name="ice_cream_flavor" value="chocolate" />\n                \n            \n        \n        <select name="per_page" id="per_page" class="form-select">\n            \n                <option value="65000" selected="selected">65000</option>\n            \n            \n                <option value="25">25</option>\n            \n                <option value="50">50</option>\n            \n                <option value="100">100</option>\n            \n                <option value="250">250</option>\n            \n                <option value="500">500</option>\n            \n                <option value="1000">1000</option>\n            \n        </select>\n        per page\n    </form>\n    \n</div>\n\n            <div class="clearfix"></div>\n        \n    </div>\n    \n        \n\n\n<div class="modal fade" tabindex="-1" id="saved_view_modal" role="dialog">\n    <div class="modal-dialog modal-lg">\n        <div class="modal-content">\n            <div class="modal-header">\n                <h4 class="modal-title">New Saved View</h4>\n                <button type="button" class="btn-close" data-bs-dismiss="modal" aria-label="Close"></button>\n            </div>\n            <form action="/extras/saved-views/add/" method="post">\n                <div class="modal-body">\n                    <input type="hidden" name="csrfmiddlewaretoken" value="GTxXCSqy0z0J34cB4BBSp9qxerf7RziroHWwP2kfJIXdFY5cDn1o3ugSVkP07lGn">\n                    <div class="row">\n                        \n\n<div class="mb-10 d-md-flex justify-content-center">\n    \n        <label class="col-md-3 col-form-label nb-required" for="id_name">\n            Name\n        </label>\n        <div class="col-md-9">\n            <input type="text" name="name" maxlength="255" class="form-control" required placeholder="Name" id="id_name">\n            \n            \n                <span class="form-text">The name of this view</span>\n            \n    \n    \n</div>\n</div>\n\n                        <span class="col-lg-3 text-end text-secondary">New Changes</span>\n                        <div class="col-lg-9">\n                            <pre><code class="language-json">{\n    &quot;filter_params&quot;: {\n        &quot;ice_cream_flavor&quot;: [\n            &quot;chocolate&quot;\n        ]\n    },\n    &quot;per_page&quot;: 65000,\n    &quot;sort_order&quot;: [],\n    &quot;table_config&quot;: null\n}</code></pre>\n                        </div>\n                        \n\n<div class="mb-10 d-md-flex justify-content-center">\n    \n        <div class="col-md-9 offset-md-3">\n            <div class="form-check mt-6">\n                <input type="checkbox" name="is_shared" class="form-check-input" placeholder="Is shared" id="id_is_shared">\n                <label class="form-check-label" for="id_is_shared">\n                    Is shared\n                </label>\n            </div>\n            \n            \n                <span class="form-text">If checked, all users will be able to see this saved view</span>\n            \n    \n    \n</div>\n</div>\n\n                        <input type="hidden" id="view" name="view" value="plugins:nautobot_igp_models:isisinterfaceconfiguration_list">\n                        <input type="hidden" id="params" name="params" value="ice_cream_flavor=chocolate">\n                    </div>\n                </div>\n                <div class="modal-footer">\n                    <button type="submit" class="btn btn-primary">\n                        <span aria-hidden="true" class="mdi mdi-content-save-plus-outline me-4"></span><!--\n                        -->Save\n                    </button>\n                    <button class="btn btn-secondary" data-bs-dismiss="modal" type="button">\n                        <span aria-hidden="true" class="mdi mdi-close me-4"></span><!--\n                        -->Cancel\n                    </button>\n                </div>\n            </form>\n        </div>\n    </div>\n</div>\n\n    \n    \n\n<div class="modal fade" tabindex="-1" role="dialog" id="dynamic_group_assignment_modal">\n    <div class="modal-dialog modal-lg" role="document">\n        <div class="modal-content">\n            <div class="modal-header">\n                <button type="button" class="btn-close" data-bs-dismiss="modal" aria-label="Close">\n                </button>\n                <h4 class="modal-title">Static Assignment to Dynamic Groups</h4>\n            </div>\n            <form id="dynamic_group_assignment_form" action="/extras/dynamic-groups/assign-members/?"\n                  method="post" class="form form-horizontal">\n                <div class="modal-body">\n                    <input type="hidden" name="csrfmiddlewaretoken" value="GTxXCSqy0z0J34cB4BBSp9qxerf7RziroHWwP2kfJIXdFY5cDn1o3ugSVkP07lGn">\n                    <input type="hidden" name="return_url" value="/plugins/nautobot-igp-models/isis-interface-configuration/?ice_cream_flavor=chocolate">\n                    <input type="hidden" id="dynamic_group_assignment_all" name="_all">\n                    <span id="dynamic_group_assignment_pks"></span>\n                    \n                        <input type="hidden" name="content_type" value="196" class="form-control" required="required" placeholder="None" id="id_content_type">\n                    \n                        \n                    \n                    \n\n<div class="mb-10 d-md-flex justify-content-center">\n    \n        <label class="col-md-3 col-form-label" for="id_add_to_groups">\n            Add to existing group(s)\n        </label>\n        <div class="col-md-9">\n            <select name="add_to_groups" class="nautobot-select2-api" data-multiple="1" data-query-param-group_type="[&quot;static&quot;]" data-query-param-content_type="[&quot;nautobot_igp_models.isisinterfaceconfiguration&quot;]" data-query-param-exclude_m2m="[&quot;true&quot;]" display-field="display" data-depth="0" data-url="/api/extras/dynamic-groups/" id="id_add_to_groups" multiple>\n</select>\n            \n            \n    \n    \n</div>\n</div>\n\n                    \n\n<div class="mb-10 d-md-flex justify-content-center">\n    \n        <label class="col-md-3 col-form-label" for="id_create_and_assign_to_new_group_name">\n            Create a new group\n        </label>\n        <div class="col-md-9">\n            <input type="text" name="create_and_assign_to_new_group_name" class="form-control" placeholder="Create a new group" id="id_create_and_assign_to_new_group_name">\n            \n            \n                <span class="form-text">Create a new group with this name and assign the selected objects to it.</span>\n            \n    \n    \n</div>\n</div>\n\n                    \n\n<div class="mb-10 d-md-flex justify-content-center">\n    \n        <label class="col-md-3 col-form-label" for="id_remove_from_groups">\n            Remove from group(s)\n        </label>\n        <div class="col-md-9">\n            <select name="remove_from_groups" class="nautobot-select2-api" data-multiple="1" data-query-param-group_type="[&quot;static&quot;]" data-query-param-content_type="[&quot;nautobot_igp_models.isisinterfaceconfiguration&quot;]" data-query-param-exclude_m2m="[&quot;true&quot;]" display-field="display" data-depth="0" data-url="/api/extras/dynamic-groups/" id="id_remove_from_groups" multiple>\n</select>\n            \n            \n    \n    \n</div>\n</div>\n\n                </div>\n                <div class="modal-footer">\n                    <button type="submit" class="btn btn-primary">\n                        <span class="mdi mdi-group" aria-hidden="true"></span> Apply\n                    </button>\n                    <button type="button" class="btn btn-secondary" id="dynamic_group_assignment_cancel">\n                        <span class="mdi mdi-close-thick" aria-hidden="true"></span> Cancel\n                    </button>\n                </div>\n            </form>\n        </div>\n    </div>\n</div>\n\n\n        </main>\n        \n            \n        \n        \n\n\n\n' : 


        <div id="drawer">
            
    



<section class="nb-drawer" tabindex="-1" id="FilterForm_drawer">
    <div class="nb-drawer-header">
        <h1>Filters</h1>
        <button type="button" class="btn-close" data-nb-dismiss="drawer" aria-label="Close"></button>
    </div>
    <div class="nb-drawer-body">
        <ul id="filter-tabs" class="nav nav-tabs">
            
                <li role="presentation" class="nav-item">
                    <a class="nav-link active"  href="#default-filter" role="tab" data-bs-toggle="tab">
                        Basic
                    </a>
                </li>
            
            
                <li role="presentation" class="nav-item">
                    <a class="nav-link position-relative" href="#advanced-filter" role="tab" data-bs-toggle="tab">
                        Advanced
                        
    <span
        aria-hidden="true"
        class="end-0 me-2 mt-2 top-0 nb-btn-indicator"
        data-bs-toggle="tooltip"
        data-bs-title="Some of the applied filters can only be viewed in Advanced"
    ></span>


                    </a>
                </li>
            
        </ul>
        <div class="tab-content h-100">
            
                <div id="default-filter" role="tabpanel" class="tab-pane fade show active h-100 p-20">
                    

<form class="h-100 vstack">
    <div class="align-content-start flex-fill pb-20">
        
        
            
                <div class="nb-form-group">
                    
                        <label for="id_isis_config">ISIS Configuration</label>
                        <select name="isis_config" class="nautobot-select2-api form-control" data-query-param-exclude_m2m="[&quot;true&quot;]" display-field="display" value-field="name" data-depth="0" placeholder="ISIS Configuration" data-url="/api/plugins/nautobot-igp-models/isis-configurations/" id="id_isis_config">
  <option value=""
         selected
        >---------</option>

</select>
                    
                </div>
            
        
            
                <div class="nb-form-group">
                    
                        <label for="id_interface">Interface</label>
                        <select name="interface" class="nautobot-select2-api form-control" data-query-param-device_id="[&quot;$isis_config__instance__device&quot;]" data-query-param-exclude_m2m="[&quot;true&quot;]" display-field="display" data-depth="0" placeholder="Interface" data-url="/api/dcim/interfaces/" id="id_interface">
  <option value=""
         selected
        >---------</option>

</select>
                    
                </div>
            
        
            
                <div class="nb-form-group">
                    
                        <label for="id_circuit_type">Circuit type</label>
                        <select name="circuit_type" class="form-control" placeholder="None" id="id_circuit_type" multiple>
  <option value="L1">Level-1</option>

  <option value="L2">Level-2</option>

  <option value="L1L2">Level-1-2</option>

</select>
                    
                </div>
            
        
            
                <div class="nb-form-group">
                    
                        <label for="id_metric">Metric</label>
                        <input type="number" name="metric" class="form-control" placeholder="Metric" id="id_metric">
                    
                </div>
            
        
            
                <div class="nb-form-group">
                    
                        <label for="id_contacts">Contacts</label>
                        <select name="contacts" class="nautobot-select2-api form-control" data-multiple="1" data-query-param-exclude_m2m="[&quot;true&quot;]" display-field="display" value-field="name" data-depth="0" placeholder="None" data-url="/api/extras/contacts/" id="id_contacts" multiple>
</select>
                    
                </div>
            
        
            
                <div class="nb-form-group">
                    
                        <label for="id_teams">Teams</label>
                        <select name="teams" class="nautobot-select2-api form-control" data-multiple="1" data-query-param-exclude_m2m="[&quot;true&quot;]" display-field="display" value-field="name" data-depth="0" placeholder="None" data-url="/api/extras/teams/" id="id_teams" multiple>
</select>
                    
                </div>
            
        
    </div>
    <div class="justify-content-between mb-n20 nb-form-sticky-footer">
        <button type="submit" class="btn btn-primary">
            <span class="mdi mdi-check me-4" aria-hidden="true"></span><!--
            -->Apply Specified
        </button>
        <button type="reset" class="btn btn-secondary">
            <span aria-hidden="true" class="mdi mdi-close me-4"></span><!--
            -->Clear All
        </button>
    </div>
</form>

                </div>
            
            
                <div id="advanced-filter" role="tabpanel" class="tab-pane fade h-100 p-20">
                    <form class="h-100 vstack" id="dynamic-filter-form">
                        <div class="align-content-start flex-fill pb-20">
                            <input type="hidden" name="form-TOTAL_FORMS" value="1" id="id_form-TOTAL_FORMS"><input type="hidden" name="form-INITIAL_FORMS" value="0" id="id_form-INITIAL_FORMS"><input type="hidden" name="form-MIN_NUM_FORMS" value="0" id="id_form-MIN_NUM_FORMS"><input type="hidden" name="form-MAX_NUM_FORMS" value="1000" id="id_form-MAX_NUM_FORMS">
                            
                                <div class="nb-form-group">
                                    <label for="id_form-0-lookup_field">Field</label>
                                    <select name="form-0-lookup_field" class="nautobot-select2-static lookup_field-select" placeholder="Field" id="id_form-0-lookup_field">
  <option value="" selected>---------</option>

  <option value="circuit_type">Circuit type</option>

  <option value="contacts">Contacts (name or ID)</option>

  <option value="created">Created</option>

  <option value="dynamic_groups">Dynamic groups (name or ID)</option>

  <option value="isis_config">ISIS Configuration</option>

  <option value="id">Id</option>

  <option value="interface">Interface</option>

  <option value="last_updated">Last updated</option>

  <option value="metric">Metric</option>

  <option value="status">Status (name or ID)</option>

  <option value="teams">Teams (name or ID)</option>

</select>
                                </div>
                            
                                <div class="nb-form-group">
                                    <label for="id_form-0-lookup_type">Lookup type</label>
                                    <select name="form-0-lookup_type" class="nautobot-select2-api lookup_type-select" placeholder="None" data-query-param-field_name="[&quot;$lookup_field&quot;]" data-contenttype="nautobot_igp_models.isisinterfaceconfiguration" data-url="/api/core/filterset-fields/lookup-choices/" id="id_form-0-lookup_type">
</select>
                                </div>
                            
                                <div class="nb-form-group">
                                    <label for="id_form-0-lookup_value">Value</label>
                                    <input type="text" name="form-0-lookup_value" class="form-control lookup_value-input form-control" placeholder="Value" id="id_form-0-lookup_value">
                                </div>
                            
                            <button class="nb-dynamic-filter-add btn btn-primary d-block ms-auto my-20" type="button">
                                <span aria-hidden="true" class="mdi mdi-plus me-4"></span><!--
                                -->Add Filter
                            </button>
                            <hr class="border-top my-20">
                            <div class="nb-dynamic-filter-items d-flex flex-wrap gap-10">
                                
                                    
                                        <span class="badge nb-multi-badge" data-nb-field="ice_cream_flavor">
                                            <button class="nb-dynamic-filter-remove" type="button">
                                                <span aria-hidden="true" class="mdi mdi-close"></span>
                                                <span class="visually-hidden">Remove All</span>
                                            </button>
                                            ice_cream_flavor:
                                            <span class="nb-multi-badge-items">
                                                
                                                    <span class="badge" data-nb-value="chocolate"><!--
                                                        --><button class="nb-dynamic-filter-remove" type="button">
                                                        <span aria-hidden="true" class="mdi mdi-close"></span>
                                                        <span class="visually-hidden">Remove</span>
                                                    </button><!--
                                                        -->chocolate<!--
                                                        --><input name="ice_cream_flavor" type="hidden" value="chocolate">
                                                    </span>
                                                
                                            </span>
                                        </span>
                                    
                                
                            </div>
                        </div>

                        <div class="d-print-none justify-content-between mb-n20 nb-form-sticky-footer">
                            <button type="submit" class="btn btn-primary">
                                <span class="mdi mdi-check me-4" aria-hidden="true"></span><!--
                                -->Apply Specified
                            </button>
                            <button type="reset" class="btn btn-secondary">
                                <span aria-hidden="true" class="mdi mdi-close me-4"></span><!--
                                -->Clear All
                            </button>
                        </div>
                    </form>
                </div>
            
        </div>
    </div>
</section>


    <script>
        (() => {
            document.addEventListener('DOMContentLoaded', () => {
                const NON_FILTER_PARAMS = [
                    'all_filters_removed',
                    'clear_view',
                    'per_page',
                    'saved_view',
                    'sort',
                    'table_changes_pending',
                ];

                /**
                 * Insert given `element` as `parent`'s first child.
                 * @param {HTMLElement} element - Element to be inserted.
                 * @param {HTMLElement} parent - Parent container for given `element`.
                 * @returns {void} Do not return any value, modify DOM in-place.
                 */
                const insertFirst = (element, parent) => {
                    parent.hasChildNodes() ? parent.insertBefore(element, parent.firstElementChild) : parent.appendChild(element);
                };

                /**
                 * Get HTML elements for default and dynamic filter forms.
                 * @returns {object} Object with `defaultFilterForm` and `dynamicFilterForm` HTML elements or `null`,
                 *   depending on their actual existence in the DOM.
                 */
                const getFilterForms = () => ({
                    defaultFilterForm: document.querySelector('#default-filter form'),
                    dynamicFilterForm: document.querySelector('#dynamic-filter-form'),
                });

                const prepopulateFilterSelectsFromURL = (() => {
                    const { defaultFilterForm } = getFilterForms();
                    const urlParams = new URLSearchParams(window.location.search);
                    // Only target Select2 controls inside the default filter form.
                    [...defaultFilterForm.querySelectorAll('select.nautobot-select2-multi-value-char')].forEach((el) => {
                        const name = el.getAttribute('name');
                        if (!name) { return; }
                        const values = urlParams.getAll(name);
                        if (!values.length) { return; }
                        values.forEach((val) => {
                            let found = Array.prototype.find.call(el.options, (opt) => {
                                return String(opt.value) === String(val);
                            });
                            if (found) {
                                found.selected = true;
                            } else {
                                el.add(new Option(val, val, true, true));
                            }
                        });
                        if (window.jQuery && $(el).data('select2')) {
                            $(el).trigger('change');
                        }
                    });
                })();

                /**
                 * Synchronize given `filter` value from default to dynamic filter form.
                 * @param {string} name - Filter name.
                 * @returns {void} Do not return any value, just set given field values.
                 */
                const syncDefaultToDynamic = (name) => {
                    const { defaultFilterForm } = getFilterForms();

                    const field = defaultFilterForm.querySelector(`[name="${name}"]`);
                    const text = field?.closest('.nb-form-group')?.querySelector('label')?.innerText?.trim();
                    /*
                     * `manageDynamicFilter` takes an array of `{ text: string, value: string }` objects as `value`, so
                     * regardless of field being a textbox, a single or multiple choice combobox, conversion is required:
                     *   1. For combobox (i.e. `<select>`), iterate over selected options and map them to display `text`
                     *     and underlying `value`.
                     *   2. For textbox (i.e. `<input>` or `<textarea>`):
                     *     1. Use entered value as both display `text` and underlying `value`.
                     *     2. If field is empty, use an empty array.
                     */
                    const value =
                        field?.tagName === 'SELECT'
                        ? [...field.selectedOptions].map((option) => ({ text: option.innerText, value: option.value }))
                        : [...(field?.value ? [{ text: field.value, value: field.value }] : [])];

                    manageDynamicFilter({ action: 'set', name, text, value });
                };

                /**
                 * Synchronize given `filter` value from dynamic to default filter form.
                 * @param {string} name - Filter name.
                 * @returns {void} Do not return any value, just set given field values.
                 */
                const syncDynamicToDefault = (name) => {
                    const { defaultFilterForm, dynamicFilterForm } = getFilterForms();

                    const current = [...dynamicFilterForm.querySelectorAll(`input[name="${name}"][type="hidden"]`)].map(
                        (input) => ({
                            text: [...(input.parentElement?.childNodes ?? [])].find((node) => node.nodeName === '#text')?.wholeText,
                            value: input.getAttribute('value'),
                        }),
                    );

                    const sync = defaultFilterForm?.querySelector(`[name=${name}]`);

                    if (sync?.tagName === 'INPUT' || sync?.tagName === 'TEXTAREA') {
                        sync.value = current.length > 0 ? current[0].value : '';
                    } else if (sync?.tagName === 'SELECT') {
                        window.nb.select2.setSelect2Value(sync, current);
                    }
                };

                /**
                 * Manage dynamic filter either by adding values to the existing selection or by setting passed values
                 * regardless of previous selection.
                 * @param {'add'|'set'} action - Use `'add'` to add given value to the existing selection; use `'set'`
                 *   to set given value regardless of what was set previously.
                 * @param {string} name - Filter field name.
                 * @param {string} text - Filter display text.
                 * @param {object[]} value - Array of objects containing `text` and `value` key-value pairs.
                 */
                const manageDynamicFilter = ({ action, name, text, value }) => {
                    const { dynamicFilterForm } = getFilterForms();
                    const items = dynamicFilterForm.querySelector('.nb-dynamic-filter-items');

                    const group = (() => {
                        const existing = items.querySelector(`.nb-multi-badge[data-nb-field="${name}"]`);
                        if (existing) {
                            return existing;
                        }

                        const group = document.createElement('span');
                        group.classList.toggle('badge', true);
                        group.classList.toggle('nb-multi-badge', true);
                        group.setAttribute('data-nb-field', name);

                        const button = document.createElement('button');
                        button.classList.toggle('nb-dynamic-filter-remove', true);
                        button.setAttribute('type', 'button');

                        const close = document.createElement('span');
                        close.classList.toggle('mdi', true);
                        close.classList.toggle('mdi-close', true);
                        close.setAttribute('aria-hidden', 'true');

                        const remove = document.createElement('span');
                        remove.classList.toggle('visually-hidden', true);
                        remove.innerText = 'Remove All';

                        const children = document.createElement('span');
                        children.classList.toggle('nb-multi-badge-items', true);

                        button.appendChild(close);
                        button.appendChild(remove);
                        group.appendChild(button);
                        group.insertAdjacentText('beforeend', `${text}:`);
                        group.appendChild(children);

                        return group;
                    })();

                    const children = group.querySelector('.nb-multi-badge-items');
                    const existing = [...children.querySelectorAll('.badge[data-nb-value]')];

                    /*
                     * Depending on `action` remove the following badges:
                     *   1. For `'add'`, remove already existing filters with the same key-value pairs and re-create them later.
                     *   2. For `'set'`, remove all existing filters of given key and apply only these passed as `values`.
                     */
                    const badgesToRemove =
                        action === 'add'
                        ? existing.filter((badge) => value.some((item) => badge.getAttribute('data-nb-value') === item.value))
                        : existing;
                    badgesToRemove.forEach((item) => children.removeChild(item));

                    value.forEach(({ text, value }) => {
                        const badge = document.createElement('span');
                        badge.classList.toggle('badge', true);
                        badge.setAttribute('data-nb-value', value);

                        const input = document.createElement('input');
                        input.setAttribute('name', name);
                        input.setAttribute('type', 'hidden');
                        input.setAttribute('value', value);

                        const button = document.createElement('button');
                        button.classList.toggle('nb-dynamic-filter-remove', true);
                        button.setAttribute('type', 'button');

                        const close = document.createElement('span');
                        close.classList.toggle('mdi', true);
                        close.classList.toggle('mdi-close', true);
                        close.setAttribute('aria-hidden', 'true');

                        const remove = document.createElement('span');
                        remove.classList.toggle('visually-hidden', true);
                        remove.innerText = 'Remove';

                        button.appendChild(close);
                        button.appendChild(remove);
                        badge.appendChild(button);
                        badge.insertAdjacentText('beforeend', text);
                        badge.appendChild(input);

                        insertFirst(badge, children);
                    });

                    // If group already exists, remove it and later insert as the first child.
                    if (items.contains(group)) {
                        items.removeChild(group);
                    }

                    if (children.hasChildNodes()) {
                        insertFirst(group, items);
                    }
                };

                document.addEventListener('click', (event) => {
                    const { defaultFilterForm, dynamicFilterForm } = getFilterForms();

                    const add = event.target.closest('button.nb-dynamic-filter-add');
                    if (add) {
                        const field = dynamicFilterForm.querySelector('[name$="lookup_field"]');
                        const type = dynamicFilterForm.querySelector('[name$="lookup_type"]');
                        const value = [...dynamicFilterForm.querySelectorAll('.nb-form-group')]
                            .pop()
                        ?.querySelector('input, select, textarea');

                        const isMissing = (control) =>
                        control?.selectedOptions ? control.selectedOptions.length === 0 : !control?.value;
                        if (isMissing(field) || isMissing(type) || isMissing(value)) {
                            // Return early if selected filter is not complete (i.e. is missing lookup field, type or value).
                            return;
                        }

                        const name = type.selectedOptions[0].value;
                        const label = field.selectedOptions[0].innerText.trim();
                        const suffix = type.selectedOptions[0].innerText.trim();
                        const text = /\(\w+\)/.test(suffix) ? `${label} ${suffix}` : label;
                        const values =
                            value?.getAttribute('multiple') !== null
                            ? [...value.selectedOptions].map((option) => ({ text: option.innerText.trim(), value: option.value }))
                            : [{ text: value?.value, value: value?.value }];

                        // If field exists in default filter form and is a single value input, use `'set'` action.
                        const action =
                            defaultFilterForm.querySelector(`[name="${name}"]`) &&
                        (value.tagName === 'INPUT' || value.tagName === 'TEXTAREA')
                            ? 'set'
                            : 'add';
                        manageDynamicFilter({ action, name, text, value: values });

                        syncDynamicToDefault(name);
                    }

                    const remove = event.target.closest('button.nb-dynamic-filter-remove');
                    if (remove) {
                        const badge = remove.closest('.badge');
                        /*
                         * Remove the group badge (i.e. multi-badge) when given badge is the group badge itself, or it is the only
                         * one left in the group (i.e. has no siblings) because removing it will leave the group badge empty anyway.
                         */
                        const shouldRemoveGroup =
                            badge?.classList.contains('nb-multi-badge') ||
                        (!badge?.previousElementSibling && !badge?.nextElementSibling);
                        shouldRemoveGroup ? badge?.closest('.nb-multi-badge')?.remove() : badge?.remove();

                        syncDynamicToDefault(badge?.querySelector('input[type="hidden"]')?.getAttribute('name'));
                    }
                });

                // Need to wrap `document` with jQuery to be able to listen to Select2 `change` event.
                $(document).on('change', (event) => {
                    const { defaultFilterForm } = getFilterForms();
                    const isDefaultFilterFormField = event.target.form === defaultFilterForm;
                    if (isDefaultFilterFormField) {
                        syncDefaultToDynamic(event.target.name);
                    }
                });

                // Need to wrap `document` with jQuery to be able to listen to Select2 `change` event.
                $(document).on('change', async (event) => {
                    const isLookupType = event.target.getAttribute('name')?.endsWith('lookup_type');
                    if (isLookupType) {
                        const content_type = event.target.getAttribute('data-contenttype');
                        const field_name = event.target.value;
                        const value = [...event.target.form.querySelectorAll('.nb-form-group')]
                            .pop()
                        ?.querySelector('input, select, textarea');

                        if (field_name) {
                            const replacement = await (async () => {
                                try {
                                    const response = await window.fetch(
                                        `/api/ui/core/filterset-fields/lookup-value-dom-element/?${new URLSearchParams({ content_type, field_name })}`,
                                        { method: 'GET', headers: { Accept: '*/*' } },
                                    );

                                    const html = await response.json();

                                    const element = document.createElement('div');
                                    element.innerHTML = html;

                                    return element.firstElementChild;
                                } catch (exception) {
                                    // Default to `<input type="text" ...>` field if error occurs.
                                    const input = document.createElement('input');
                                    input.classList.toggle('lookup_value-input', true);
                                    input.classList.toggle('form-control', true);
                                    input.setAttribute('id', `id_for_${field_name}`);
                                    input.setAttribute('name', field_name);
                                    input.setAttribute('type', 'text');
                                    return input;
                                }
                            })();

                            value.replaceWith(replacement);
                            replacement.nextElementSibling?.remove(); // Remove Select2 widget if present.
                            replacement.previousElementSibling?.setAttribute('for', replacement.getAttribute('id')); // Set label `for` attribute to match field `id`.
                            initializeInputs(replacement.parentElement);
                        }
                    }
                });

                // Need to wrap `document` with jQuery to be able to listen to Select2 `change` event.
                $(document).on('change', (event) => {
                    const isLookupField = event.target.getAttribute('name')?.endsWith('lookup_field');
                    const isLookupType = event.target.getAttribute('name')?.endsWith('lookup_type');

                    if (isLookupField) {
                        const type = event.target.form.querySelector('[name$="lookup_type"]');
                        $(type).val(null).trigger('change');
                    }

                    if (isLookupField || isLookupType) {
                        const value = [...event.target.form.querySelectorAll('.nb-form-group')]
                            .pop()
                        ?.querySelector('input, select, textarea');

                        if (value.tagName === 'SELECT') {
                            $(value).val(null).trigger('change');
                        } else {
                            value.value = '';
                        }
                    }
                });

                const isFilterForm = (target) => Boolean(target?.closest('#FilterForm_drawer'));

                document.addEventListener('reset', (event) => {
                    if (isFilterForm(event.target)) {
                        event.preventDefault();

                        // Remove all filter query params from location search while keeping non-filter params intact.
                        const searchParams = new URLSearchParams(window.location.search);
                        const nextSearchParams = new URLSearchParams([
                            ...[...searchParams].filter(
                                ([property]) => NON_FILTER_PARAMS.includes(property) && property !== 'all_filters_removed',
                            ),
                            ['all_filters_removed', 'true'],
                        ]);

                        location.assign(`?${nextSearchParams}`);
                    }
                });

                document.addEventListener('submit', (event) => {
                    if (isFilterForm(event.target)) {
                        event.preventDefault();

                        const { defaultFilterForm, dynamicFilterForm } = getFilterForms();

                        /*
                         * Just before the form submission automatically add filter selected in "Advanced" tab (if any)
                         * which hasn't been manually applied for whatever reason (usually forgetfulness, speed, etc.).
                         * This is a requested UX flavor.
                         */
                        const add = dynamicFilterForm.querySelector('button.nb-dynamic-filter-add');
                        add.click();

                        // Remove all field names which are not applied filters container descendants.
                        [...dynamicFilterForm.querySelectorAll('input, select, textarea')].forEach((field) =>
                            field.closest('.nb-dynamic-filter-items') ? undefined : field.removeAttribute('name'),
                        );

                        /*
                         * Get the serialized data from the forms and:
                         *   1) Filter out query params which values are empty e.g `?sam=&dan=2` becomes `dan=2`.
                         *   2) Combine the two forms into a single set of data without duplicate entries.
                         */
                        const defaultFilterFormSearchParams = new URLSearchParams(new FormData(defaultFilterForm));
                        const dynamicFilterFormSearchParams = new URLSearchParams(new FormData(dynamicFilterForm));
                        const searchParams = new URLSearchParams(window.location.search);

                        const nextSearchParams = new URLSearchParams([
                            ...[...defaultFilterFormSearchParams].filter(([, value]) => value !== ''),
                            ...[...dynamicFilterFormSearchParams].filter(
                                ([property, value]) => value !== '' && !defaultFilterFormSearchParams.has(property, value),
                            ),
                            ...[...searchParams].filter(
                                ([property]) => NON_FILTER_PARAMS.includes(property) && property !== 'all_filters_removed',
                            ),
                        ]);

                        if (nextSearchParams.has('saved_view')) {
                            const all_filters_removed = [...nextSearchParams].every(([property]) =>
                                NON_FILTER_PARAMS.includes(property),
                            );

                            if (all_filters_removed) {
                                nextSearchParams.set('all_filters_removed', 'true');
                            }
                        }

                        location.assign(`?${nextSearchParams}`);
                    }
                });

                const onSubmitOrReset = (event) => (isFilterForm(event.target) ? window.nb?.history?.saveState() : undefined);
                document.addEventListener('reset', onSubmitOrReset);
                document.addEventListener('submit', onSubmitOrReset);
            });
        })();
    </script>


    
        


<section class="nb-drawer" tabindex="-1" id="ISISInterfaceConfigurationTable_config">
    <div class="nb-drawer-header">
        <h1>Table Configuration</h1>
        <button type="button" class="btn-close" data-nb-dismiss="drawer" aria-label="Close"></button>
    </div>
    <div class="nb-drawer-body">
        <form class="userconfigform h-100 pb-20 px-20 vstack" data-config-root="tables.ISISInterfaceConfigurationTable">
            <div class="row align-content-start flex-fill">
                <div class="col-12">
                    <div class="alert alert-warning">
                        Column choices may negatively affect loading times.
                        <a href="/static/docs/user-guide/platform-functionality/user-interface/configurablecolumns.html" class="btn btn-link btn-sm" target="_blank" rel="noopener">
                            <span class="mdi mdi-information"></span>
                        </a>
                    </div>
                </div>
                <div class="col-12">
                    
                        <select name="columns" size="20" class="form-control" placeholder="None" id="id_columns" multiple>
  <option value="isis_config" selected>Isis config</option>

  <option value="interface" selected>Interface</option>

  <option value="circuit_type" selected>Circuit type</option>

  <option value="metric" selected>Metric</option>

  <option value="status" selected>Status</option>

  <option value="dynamic_group_count">Dynamic Groups</option>

</select>
                        <span class="form-text mt-8">Use the buttons below to arrange columns in the desired order, then select all columns to display.</span>
                        <div class="hstack gap-4 mt-8 mx-n4">
                            
                            <button type="button" class="btn btn-primary btn-sm" id="move-option-up" data-target="id_columns"><span class="mdi mdi-arrow-up-bold me-4"></span>Move up</button>
                            <button type="button" class="btn btn-primary btn-sm" id="move-option-down" data-target="id_columns"><span class="mdi mdi-arrow-down-bold me-4"></span>Move down</button>
                            <button type="button" class="btn btn-success btn-sm" id="select-all-options" data-target="id_columns"><span class="mdi mdi-expand-all-outline me-4"></span>Select all</button>
                            
                        </div>
                    
                </div>
            </div>
            <div class="nb-form-sticky-footer">
                <input type="submit" class="btn btn-primary" value="Save">
                <input type="submit" class="btn btn-danger reset" value="Reset">
            </div>
        </form>
    </div>
</section>


    <script>
        (() => {
            document.addEventListener('DOMContentLoaded', () => {
                document.addEventListener('submit', (event) => {
                    if (event.target.closest('#ISISInterfaceConfigurationTable_config')) {
                        // Keep the drawer open after page reload caused by form submission.
                        window.nb.history.saveState();
                    }
                });
            });
        })();
    </script>


    
    <section class="nb-drawer" tabindex="-1" id="SavedViews_drawer">
        <div class="nb-drawer-header">
            <h1>Saved Views</h1>
            <button type="button" class="btn-close" data-nb-dismiss="drawer" aria-label="Close"></button>
        </div>
        <div class="nb-drawer-body pb-20 px-20">
            <div class="align-items-start vstack flex-grow-0 gap-10">
                
            </div>
            
            <div class="align-items-start vstack gap-10">
                Actions:
                
                <a class="btn btn-secondary" href="" data-bs-toggle="modal" data-bs-target="#saved_view_modal">
                    <span class="mdi mdi-content-save-plus-outline me-4" aria-hidden="true"></span>Save As New
                </a>
                
            </div>
        </div>
    </section>

        </div>
        <header id="header">
            <div class="banner-alert-area">
                



    
        <div class="alert alert-info text-center" role="alert">
            <p>Local</p>
        </div>
    






                

            </div>
            <div class="container-fluid mb-12 mt-16">
                <div class="row">
                    <div id="page-title" class="col-4">
                        
                            


<h1 class="d-flex fs-2 gap-8 lh-sm py-6">
    <img
        alt="Nautobot chevron"
        class="align-self-start flex-grow-0 flex-shrink-0 my-n4"
        role="presentation"
        src="/static/img/nautobot_chevron.svg"
        style="width: 1.5rem;"
    />
    
        ISIS Interface Configurations
    
</h1>

                        
                    </div>
                    



    
        <form action="/search/" class="col-4 text-center" id="header_search" method="get" role="search">
            <label class="position-relative w-100">
                <input
                    aria-placeholder="Press Ctrl+K to search"
                    class="form-control nb-text-transparent"
                    name="q"
                    type="search"
                    value=""
                />
                <span class="align-items-center d-inline-flex gap-6 overflow-hidden px-12 py-6 pe-none position-absolute start-0 top-0 user-select-none w-100">
                    <span aria-hidden="true" class="mdi mdi-magnify text-secondary d-inline-flex"></span>
                    
                        
                            
                                
                                    
                                
                                    
                                
                                    
                                
                                    
                                
                                    
                                
                            
                                
                                    
                                
                                    
                                
                                    
                                
                            
                                
                                    
                                
                                    
                                
                                    
                                
                            
                                
                                    
                                
                                    
                                
                                    
                                
                            
                                
                                    
                                
                                    
                                
                            
                                
                                    
                                
                                    
                                
                                    
                                
                                    
                                
                            
                                
                                    
                                
                                    
                                
                                    
                                
                                    
                                
                                    
                                
                                    
                                
                                    
                                
                                    
                                
                                    
                                
                                    
                                
                            
                        
                            
                                
                                    
                                
                            
                                
                                    
                                
                            
                                
                                    
                                
                            
                                
                                    
                                
                                    
                                
                                    
                                
                            
                                
                                    
                                
                                    
                                
                            
                                
                                    
                                
                            
                        
                            
                                
                                    
                                
                                    
                                
                            
                                
                                    
                                
                                    
                                
                                    
                                
                                    
                                
                            
                                
                                    
                                
                                    
                                
                            
                                
                                    
                                
                                    
                                
                            
                                
                                    
                                
                            
                                
                                    
                                
                                    
                                
                                    
                                
                            
                        
                            
                                
                                    
                                
                                    
                                
                                    
                                        <span class="badge border" data-nb-link="/plugins/nautobot-igp-models/isis-interface-configuration/"><!--
                                            -->in: ISIS Interface Configuration<!--
                                            --><button tabindex="-1" type="button">
                                            <span aria-hidden="true" class="mdi mdi-close"></span>
                                            <span class="visually-hidden">Remove</span>
                                        </button>
                                        </span>
                                    
                                
                                    
                                
                                    
                                
                            
                        
                            
                                
                                    
                                
                                    
                                
                                    
                                
                            
                                
                                    
                                
                                    
                                
                            
                        
                            
                                
                                    
                                
                                    
                                
                                    
                                
                            
                                
                                    
                                
                                    
                                
                                    
                                
                            
                        
                            
                                
                                    
                                
                                    
                                
                            
                        
                            
                                
                                    
                                
                                    
                                
                                    
                                
                                    
                                
                                    
                                
                            
                        
                            
                                
                                    
                                
                                    
                                
                            
                        
                            
                                
                                    
                                
                                    
                                
                                    
                                
                                    
                                
                                    
                                
                            
                        
                            
                                
                                    
                                
                                    
                                
                            
                                
                                    
                                
                                    
                                
                                    
                                
                            
                        
                            
                                
                                    
                                
                                    
                                
                                    
                                
                                    
                                
                            
                        
                            
                                
                                    
                                
                                    
                                
                            
                        
                            
                                
                                    
                                
                            
                                
                                    
                                
                            
                                
                                    
                                
                                    
                                
                                    
                                
                                    
                                
                                    
                                
                                    
                                
                            
                                
                                    
                                
                            
                                
                                    
                                
                                    
                                
                            
                                
                                    
                                
                                    
                                
                                    
                                
                                    
                                
                                    
                                
                            
                                
                                    
                                
                                    
                                
                                    
                                
                                    
                                
                            
                                
                                    
                                
                                    
                                
                            
                        
                            
                                
                                    
                                
                                    
                                
                                    
                                
                                    
                                
                                    
                                
                                    
                                
                            
                        
                            
                                
                                    
                                
                                    
                                
                            
                        
                    
                    <span
                        aria-hidden="true"
                        class="align-items-center d-inline-flex gap-4 text-nowrap text-secondary"
                    >
                        
                            Press <kbd class="mt-n1">Ctrl+K</kbd> to search
                        
                    </span>
                    <a class="align-items-center d-inline-flex ms-auto pe-auto"
                       href="/static/docs/user-guide/platform-functionality/user-interface/search.html"
                       target="_blank"
                       rel="noopener"
                    >
                        <span aria-hidden="true" class="mdi mdi-help-circle-outline text-secondary"></span>
                    </a>
                </span>
            </label>
        </form>
    

    <div class="col-4 text-end">
        <div class="dropdown">
            <button class="btn dropdown-toggle align-items-center d-inline-flex gap-6" type="button" data-bs-toggle="dropdown" aria-expanded="false">
                <span aria-hidden="true" class="mdi mdi-account text-secondary"></span>
                nautobotuser
            </button>
            <ul class="dropdown-menu dropdown-menu-end">
                <li><a class="dropdown-item" href="/about/"><span class="mdi mdi-information"></span>About Nautobot</a></li>
                <li><a class="dropdown-item" href="/user/profile/"><span class="mdi mdi-account-box"></span>Profile</a></li>
                <li><a class="dropdown-item" href="/extras/approver-dashboard/"><span class="mdi mdi-check-bold"></span>Approval Dashboard</a></li>
                
                <li class="dropdown-divider"></li>
                <li><a class="dropdown-item" href="/logout/"><span class="mdi mdi-logout"></span>Log out</a></li>
            </ul>
        </div>
    </div>


                    <div class="col-12">
                        
    

    

    

<nav aria-label="Breadcrumbs" class="mt-1">
    <ol class="breadcrumb">
        
            
                
            
        
    </ol>
</nav>


                    </div>
                </div>
            </div>
            
        </header>
        <main class="container-fluid wrapper" id="main-content" tabindex="-1">
            
    <div class="align-items-center d-flex gap-8 justify-content-end mb-16 d-print-none">
        
        

        <div class="btn-group">
            
                <button type="button" id="actions-dropdown" class="btn btn-primary dropdown-toggle" data-bs-toggle="dropdown">
                    Actions
                    <span class="mdi mdi-chevron-down" aria-hidden="true"></span>
                </button>
            
            <ul class="dropdown-menu dropdown-menu-end" role="menu">
                
                
                
                    
                        
    
        
        
        <li>
            <form action="/extras/jobs/nautobot.core.jobs.ExportObjectList/run/" method="post">
                <input type="hidden" name="csrfmiddlewaretoken" value="GTxXCSqy0z0J34cB4BBSp9qxerf7RziroHWwP2kfJIXdFY5cDn1o3ugSVkP07lGn">
                <input type="hidden" name="content_type" value="196">
                <input type="hidden" name="query_string" value="ice_cream_flavor=chocolate">
                <input type="hidden" name="_schedule_type" value="immediately">
                <input type="hidden" name="export_format" value="csv">
                <button class="dropdown-item" type="submit">
                    <span class="mdi mdi-database-export text-secondary" aria-hidden="true"></span> Export as CSV
                </button>
            </form>
        </li>
        
    


                    
                
            </ul>
        </div>
        
        
        
            
            
        
        <div class="align-items-center d-flex gap-4">
            
                <button
                    type="button"
                    class="btn position-relative text-secondary"
                    data-nb-toggle="drawer"
                    data-nb-target="#SavedViews_drawer"
                    title="Saved Views"
                    aria-expanded="false"
                    aria-controls="SavedViews_drawer"
                >
                    <span class="mdi mdi-view-compact-outline" aria-hidden="true"></span>
                    <span class="visually-hidden">Saved Views</span>
                    
                </button>
            
            
                <button
                    type="button"
                    class="btn position-relative text-secondary"
                    data-nb-toggle="drawer"
                    data-nb-target="#FilterForm_drawer"
                    title="Add Filters"
                    id="id__filterbtn"
                    aria-controls="FilterForm_drawer"
                    aria-expanded="false"
                >
                    <span class="mdi mdi-filter" aria-hidden="true"></span>
                    <span class="visually-hidden">Add Filters</span>
                    
                        <span aria-hidden="true" class="nb-btn-indicator"></span>
                    
                </button>
            
        </div>
    </div>

    

    <div>
        
            
                
                    


<div class="card mb-3">
    
    <div class="table-responsive">
        



    <table class="table table-hover nb-table-headings">
        
            <thead>
                <tr>
                    
                        
                            
                                <th class="orderable"><a href="?ice_cream_flavor=chocolate&amp;sort=isis_config" data-column-name="isis_config">Isis config</a></th>
                            
                        
                    
                        
                            
                                <th class="orderable"><a href="?ice_cream_flavor=chocolate&amp;sort=interface" data-column-name="interface">Interface</a></th>
                            
                        
                    
                        
                            
                                <th class="orderable"><a href="?ice_cream_flavor=chocolate&amp;sort=circuit_type" data-column-name="circuit_type">Circuit type</a></th>
                            
                        
                    
                        
                            
                                <th class="orderable"><a href="?ice_cream_flavor=chocolate&amp;sort=metric" data-column-name="metric">Metric</a></th>
                            
                        
                    
                        
                            
                                <th class="orderable"><a href="?ice_cream_flavor=chocolate&amp;sort=status" data-column-name="status">Status</a></th>
                            
                        
                    
                        
                            <th class="nb-actionable nb-w-0 orderable">
                                <button
            type="button"
            class="btn border-0 float-end rounded-0 text-end text-secondary "
            data-nb-toggle="drawer"
            data-nb-target="#ISISInterfaceConfigurationTable_config"
            
            title="Configure table"
            aria-controls="ISISInterfaceConfigurationTable_config"
            aria-expanded="false"
        >
            <span class="mdi mdi-cog" aria-hidden="true"></span>
            <span class="visually-hidden">Configure</span>
        </button>
                            </th>
                        
                    
                    
                </tr>
            </thead>
        
        <tbody>
            
                <tr class="even">
                    
                        <td ><a href="/plugins/nautobot-igp-models/isis-configuration/36e2db03-b595-410f-a495-ca3ecd5e9749/">ISIS-Config-R1</a></td>
                    
                        <td ><a href="/dcim/interfaces/ceb9d0ef-5f1d-4a56-ba7f-07d4dd0fa488/">GigabitEthernet1</a></td>
                    
                        <td >Level-2</td>
                    
                        <td >10</td>
                    
                        <td >
    
    
        <span class="badge" style="color: #ffffff; background-color: #4caf50">
            Active
        </span>
    
    </td>
                    
                        <td class="d-print-none nb-actions nb-w-0 text-end text-nowrap">
    <div class="dropdown">
        <button class="btn dropdown-toggle" type="button" data-bs-toggle="dropdown" aria-expanded="false">
            <span class="mdi mdi-dots-vertical" aria-hidden="true"></span>
            <span class="visually-hidden">Toggle Dropdown</span>
        </button>
        <ul class="dropdown-menu dropdown-menu-end">
            
            
            
            
        </ul>
    </div>

    </td>
                    
                    
                </tr>
            
                <tr class="odd">
                    
                        <td ><a href="/plugins/nautobot-igp-models/isis-configuration/30f184cc-f222-42ea-a4c2-21f7a240706f/">ISIS-Config-R2</a></td>
                    
                        <td ><a href="/dcim/interfaces/89ee6e6b-b054-4124-b7cd-dafec0a3d601/">GigabitEthernet1</a></td>
                    
                        <td >Level-2</td>
                    
                        <td >10</td>
                    
                        <td >
    
    
        <span class="badge" style="color: #ffffff; background-color: #4caf50">
            Active
        </span>
    
    </td>
                    
                        <td class="d-print-none nb-actions nb-w-0 text-end text-nowrap">
    <div class="dropdown">
        <button class="btn dropdown-toggle" type="button" data-bs-toggle="dropdown" aria-expanded="false">
            <span class="mdi mdi-dots-vertical" aria-hidden="true"></span>
            <span class="visually-hidden">Toggle Dropdown</span>
        </button>
        <ul class="dropdown-menu dropdown-menu-end">
            
            
            
            
        </ul>
    </div>

    </td>
                    
                    
                </tr>
            
                <tr class="even">
                    
                        <td ><a href="/plugins/nautobot-igp-models/isis-configuration/0809ce0d-9807-493e-a19b-b7fae0535497/">ISIS-Config-R3</a></td>
                    
                        <td ><a href="/dcim/interfaces/2416d58c-ac72-45aa-943e-95aeb3060c95/">GigabitEthernet1</a></td>
                    
                        <td >Level-2</td>
                    
                        <td >10</td>
                    
                        <td >
    
    
        <span class="badge" style="color: #ffffff; background-color: #4caf50">
            Active
        </span>
    
    </td>
                    
                        <td class="d-print-none nb-actions nb-w-0 text-end text-nowrap">
    <div class="dropdown">
        <button class="btn dropdown-toggle" type="button" data-bs-toggle="dropdown" aria-expanded="false">
            <span class="mdi mdi-dots-vertical" aria-hidden="true"></span>
            <span class="visually-hidden">Toggle Dropdown</span>
        </button>
        <ul class="dropdown-menu dropdown-menu-end">
            
            
            
            
        </ul>
    </div>

    </td>
                    
                    
                </tr>
            
        </tbody>
        
    </table>


    </div>
    
</div>

                
            
            

<div class="paginator align-items-center d-flex fs-5 gap-10 justify-content-end mt-16 text-secondary">
    
        <div>
            Showing 1-3 of 3
        </div>
        <div class="vr border-start my-8"></div>
    
    <form class="align-items-center d-flex gap-4" method="get">
        
            
                
                    <input type="hidden" name="ice_cream_flavor" value="chocolate" />
                
            
        
        <select name="per_page" id="per_page" class="form-select">
            
                <option value="65000" selected="selected">65000</option>
            
            
                <option value="25">25</option>
            
                <option value="50">50</option>
            
                <option value="100">100</option>
            
                <option value="250">250</option>
            
                <option value="500">500</option>
            
                <option value="1000">1000</option>
            
        </select>
        per page
    </form>
    
</div>

            <div class="clearfix"></div>
        
    </div>
    
        


<div class="modal fade" tabindex="-1" id="saved_view_modal" role="dialog">
    <div class="modal-dialog modal-lg">
        <div class="modal-content">
            <div class="modal-header">
                <h4 class="modal-title">New Saved View</h4>
                <button type="button" class="btn-close" data-bs-dismiss="modal" aria-label="Close"></button>
            </div>
            <form action="/extras/saved-views/add/" method="post">
                <div class="modal-body">
                    <input type="hidden" name="csrfmiddlewaretoken" value="GTxXCSqy0z0J34cB4BBSp9qxerf7RziroHWwP2kfJIXdFY5cDn1o3ugSVkP07lGn">
                    <div class="row">
                        

<div class="mb-10 d-md-flex justify-content-center">
    
        <label class="col-md-3 col-form-label nb-required" for="id_name">
            Name
        </label>
        <div class="col-md-9">
            <input type="text" name="name" maxlength="255" class="form-control" required placeholder="Name" id="id_name">
            
            
                <span class="form-text">The name of this view</span>
            
    
    
</div>
</div>

                        <span class="col-lg-3 text-end text-secondary">New Changes</span>
                        <div class="col-lg-9">
                            <pre><code class="language-json">{
    &quot;filter_params&quot;: {
        &quot;ice_cream_flavor&quot;: [
            &quot;chocolate&quot;
        ]
    },
    &quot;per_page&quot;: 65000,
    &quot;sort_order&quot;: [],
    &quot;table_config&quot;: null
}</code></pre>
                        </div>
                        

<div class="mb-10 d-md-flex justify-content-center">
    
        <div class="col-md-9 offset-md-3">
            <div class="form-check mt-6">
                <input type="checkbox" name="is_shared" class="form-check-input" placeholder="Is shared" id="id_is_shared">
                <label class="form-check-label" for="id_is_shared">
                    Is shared
                </label>
            </div>
            
            
                <span class="form-text">If checked, all users will be able to see this saved view</span>
            
    
    
</div>
</div>

                        <input type="hidden" id="view" name="view" value="plugins:nautobot_igp_models:isisinterfaceconfiguration_list">
                        <input type="hidden" id="params" name="params" value="ice_cream_flavor=chocolate">
                    </div>
                </div>
                <div class="modal-footer">
                    <button type="submit" class="btn btn-primary">
                        <span aria-hidden="true" class="mdi mdi-content-save-plus-outline me-4"></span><!--
                        -->Save
                    </button>
                    <button class="btn btn-secondary" data-bs-dismiss="modal" type="button">
                        <span aria-hidden="true" class="mdi mdi-close me-4"></span><!--
                        -->Cancel
                    </button>
                </div>
            </form>
        </div>
    </div>
</div>

    
    

<div class="modal fade" tabindex="-1" role="dialog" id="dynamic_group_assignment_modal">
    <div class="modal-dialog modal-lg" role="document">
        <div class="modal-content">
            <div class="modal-header">
                <button type="button" class="btn-close" data-bs-dismiss="modal" aria-label="Close">
                </button>
                <h4 class="modal-title">Static Assignment to Dynamic Groups</h4>
            </div>
            <form id="dynamic_group_assignment_form" action="/extras/dynamic-groups/assign-members/?"
                  method="post" class="form form-horizontal">
                <div class="modal-body">
                    <input type="hidden" name="csrfmiddlewaretoken" value="GTxXCSqy0z0J34cB4BBSp9qxerf7RziroHWwP2kfJIXdFY5cDn1o3ugSVkP07lGn">
                    <input type="hidden" name="return_url" value="/plugins/nautobot-igp-models/isis-interface-configuration/?ice_cream_flavor=chocolate">
                    <input type="hidden" id="dynamic_group_assignment_all" name="_all">
                    <span id="dynamic_group_assignment_pks"></span>
                    
                        <input type="hidden" name="content_type" value="196" class="form-control" required="required" placeholder="None" id="id_content_type">
                    
                        
                    
                    

<div class="mb-10 d-md-flex justify-content-center">
    
        <label class="col-md-3 col-form-label" for="id_add_to_groups">
            Add to existing group(s)
        </label>
        <div class="col-md-9">
            <select name="add_to_groups" class="nautobot-select2-api" data-multiple="1" data-query-param-group_type="[&quot;static&quot;]" data-query-param-content_type="[&quot;nautobot_igp_models.isisinterfaceconfiguration&quot;]" data-query-param-exclude_m2m="[&quot;true&quot;]" display-field="display" data-depth="0" data-url="/api/extras/dynamic-groups/" id="id_add_to_groups" multiple>
</select>
            
            
    
    
</div>
</div>

                    

<div class="mb-10 d-md-flex justify-content-center">
    
        <label class="col-md-3 col-form-label" for="id_create_and_assign_to_new_group_name">
            Create a new group
        </label>
        <div class="col-md-9">
            <input type="text" name="create_and_assign_to_new_group_name" class="form-control" placeholder="Create a new group" id="id_create_and_assign_to_new_group_name">
            
            
                <span class="form-text">Create a new group with this name and assign the selected objects to it.</span>
            
    
    
</div>
</div>

                    

<div class="mb-10 d-md-flex justify-content-center">
    
        <label class="col-md-3 col-form-label" for="id_remove_from_groups">
            Remove from group(s)
        </label>
        <div class="col-md-9">
            <select name="remove_from_groups" class="nautobot-select2-api" data-multiple="1" data-query-param-group_type="[&quot;static&quot;]" data-query-param-content_type="[&quot;nautobot_igp_models.isisinterfaceconfiguration&quot;]" data-query-param-exclude_m2m="[&quot;true&quot;]" display-field="display" data-depth="0" data-url="/api/extras/dynamic-groups/" id="id_remove_from_groups" multiple>
</select>
            
            
    
    
</div>
</div>

                </div>
                <div class="modal-footer">
                    <button type="submit" class="btn btn-primary">
                        <span class="mdi mdi-group" aria-hidden="true"></span> Apply
                    </button>
                    <button type="button" class="btn btn-secondary" id="dynamic_group_assignment_cancel">
                        <span class="mdi mdi-close-thick" aria-hidden="true"></span> Cancel
                    </button>
                </div>
            </form>
        </div>
    </div>
</div>


        </main>
        
            
        
        





======================================================================
FAIL: test_list_objects_with_constrained_permission (nautobot_igp_models.tests.test_views.ISISInterfaceConfigurationViewTest.test_list_objects_with_constrained_permission)
----------------------------------------------------------------------
Traceback (most recent call last):
  File "/usr/local/lib/python3.11/site-packages/django/test/utils.py", line 461, in inner
    return func(*args, **kwargs)
           ^^^^^^^^^^^^^^^^^^^^^
  File "/usr/local/lib/python3.11/site-packages/nautobot/core/testing/views.py", line 1160, in test_list_objects_with_constrained_permission
    self.assertRegex(content, r">\s*" + re.escape(escape(instance1.name)) + r"\s*<", msg=content)
AssertionError: Regex didn't match: '>\\s*ISIS\\-R1\\-GE1\\s*<' not found in '\n\n\n        <div id="drawer">\n            \n    \n\n\n\n<section class="nb-drawer" tabindex="-1" id="FilterForm_drawer">\n    <div class="nb-drawer-header">\n        <h1>Filters</h1>\n        <button type="button" class="btn-close" data-nb-dismiss="drawer" aria-label="Close"></button>\n    </div>\n    <div class="nb-drawer-body">\n        <ul id="filter-tabs" class="nav nav-tabs">\n            \n                <li role="presentation" class="nav-item">\n                    <a class="nav-link active"  href="#default-filter" role="tab" data-bs-toggle="tab">\n                        Basic\n                    </a>\n                </li>\n            \n            \n                <li role="presentation" class="nav-item">\n                    <a class="nav-link position-relative" href="#advanced-filter" role="tab" data-bs-toggle="tab">\n                        Advanced\n                        \n\n                    </a>\n                </li>\n            \n        </ul>\n        <div class="tab-content h-100">\n            \n                <div id="default-filter" role="tabpanel" class="tab-pane fade show active h-100 p-20">\n                    \n\n<form class="h-100 vstack">\n    <div class="align-content-start flex-fill pb-20">\n        \n        \n            \n                <div class="nb-form-group">\n                    \n                        <label for="id_isis_config">ISIS Configuration</label>\n                        <select name="isis_config" class="nautobot-select2-api form-control" data-query-param-exclude_m2m="[&quot;true&quot;]" display-field="display" value-field="name" data-depth="0" placeholder="ISIS Configuration" data-url="/api/plugins/nautobot-igp-models/isis-configurations/" id="id_isis_config">\n  <option value=""\n         selected\n        >---------</option>\n\n</select>\n                    \n                </div>\n            \n        \n            \n                <div class="nb-form-group">\n                    \n                        <label for="id_interface">Interface</label>\n                        <select name="interface" class="nautobot-select2-api form-control" data-query-param-device_id="[&quot;$isis_config__instance__device&quot;]" data-query-param-exclude_m2m="[&quot;true&quot;]" display-field="display" data-depth="0" placeholder="Interface" data-url="/api/dcim/interfaces/" id="id_interface">\n  <option value=""\n         selected\n        >---------</option>\n\n</select>\n                    \n                </div>\n            \n        \n            \n                <div class="nb-form-group">\n                    \n                        <label for="id_circuit_type">Circuit type</label>\n                        <select name="circuit_type" class="form-control" placeholder="None" id="id_circuit_type" multiple>\n  <option value="L1">Level-1</option>\n\n  <option value="L2">Level-2</option>\n\n  <option value="L1L2">Level-1-2</option>\n\n</select>\n                    \n                </div>\n            \n        \n            \n                <div class="nb-form-group">\n                    \n                        <label for="id_metric">Metric</label>\n                        <input type="number" name="metric" class="form-control" placeholder="Metric" id="id_metric">\n                    \n                </div>\n            \n        \n            \n                <div class="nb-form-group">\n                    \n                        <label for="id_contacts">Contacts</label>\n                        <select name="contacts" class="nautobot-select2-api form-control" data-multiple="1" data-query-param-exclude_m2m="[&quot;true&quot;]" display-field="display" value-field="name" data-depth="0" placeholder="None" data-url="/api/extras/contacts/" id="id_contacts" multiple>\n</select>\n                    \n                </div>\n            \n        \n            \n                <div class="nb-form-group">\n                    \n                        <label for="id_teams">Teams</label>\n                        <select name="teams" class="nautobot-select2-api form-control" data-multiple="1" data-query-param-exclude_m2m="[&quot;true&quot;]" display-field="display" value-field="name" data-depth="0" placeholder="None" data-url="/api/extras/teams/" id="id_teams" multiple>\n</select>\n                    \n                </div>\n            \n        \n    </div>\n    <div class="justify-content-between mb-n20 nb-form-sticky-footer">\n        <button type="submit" class="btn btn-primary">\n            <span class="mdi mdi-check me-4" aria-hidden="true"></span><!--\n            -->Apply Specified\n        </button>\n        <button type="reset" class="btn btn-secondary">\n            <span aria-hidden="true" class="mdi mdi-close me-4"></span><!--\n            -->Clear All\n        </button>\n    </div>\n</form>\n\n                </div>\n            \n            \n                <div id="advanced-filter" role="tabpanel" class="tab-pane fade h-100 p-20">\n                    <form class="h-100 vstack" id="dynamic-filter-form">\n                        <div class="align-content-start flex-fill pb-20">\n                            <input type="hidden" name="form-TOTAL_FORMS" value="1" id="id_form-TOTAL_FORMS"><input type="hidden" name="form-INITIAL_FORMS" value="0" id="id_form-INITIAL_FORMS"><input type="hidden" name="form-MIN_NUM_FORMS" value="0" id="id_form-MIN_NUM_FORMS"><input type="hidden" name="form-MAX_NUM_FORMS" value="1000" id="id_form-MAX_NUM_FORMS">\n                            \n                                <div class="nb-form-group">\n                                    <label for="id_form-0-lookup_field">Field</label>\n                                    <select name="form-0-lookup_field" class="nautobot-select2-static lookup_field-select" placeholder="Field" id="id_form-0-lookup_field">\n  <option value="" selected>---------</option>\n\n  <option value="circuit_type">Circuit type</option>\n\n  <option value="contacts">Contacts (name or ID)</option>\n\n  <option value="created">Created</option>\n\n  <option value="dynamic_groups">Dynamic groups (name or ID)</option>\n\n  <option value="isis_config">ISIS Configuration</option>\n\n  <option value="id">Id</option>\n\n  <option value="interface">Interface</option>\n\n  <option value="last_updated">Last updated</option>\n\n  <option value="metric">Metric</option>\n\n  <option value="status">Status (name or ID)</option>\n\n  <option value="teams">Teams (name or ID)</option>\n\n</select>\n                                </div>\n                            \n                                <div class="nb-form-group">\n                                    <label for="id_form-0-lookup_type">Lookup type</label>\n                                    <select name="form-0-lookup_type" class="nautobot-select2-api lookup_type-select" placeholder="None" data-query-param-field_name="[&quot;$lookup_field&quot;]" data-contenttype="nautobot_igp_models.isisinterfaceconfiguration" data-url="/api/core/filterset-fields/lookup-choices/" id="id_form-0-lookup_type">\n</select>\n                                </div>\n                            \n                                <div class="nb-form-group">\n                                    <label for="id_form-0-lookup_value">Value</label>\n                                    <input type="text" name="form-0-lookup_value" class="form-control lookup_value-input form-control" placeholder="Value" id="id_form-0-lookup_value">\n                                </div>\n                            \n                            <button class="nb-dynamic-filter-add btn btn-primary d-block ms-auto my-20" type="button">\n                                <span aria-hidden="true" class="mdi mdi-plus me-4"></span><!--\n                                -->Add Filter\n                            </button>\n                            <hr class="border-top my-20">\n                            <div class="nb-dynamic-filter-items d-flex flex-wrap gap-10">\n                                \n                            </div>\n                        </div>\n\n                        <div class="d-print-none justify-content-between mb-n20 nb-form-sticky-footer">\n                            <button type="submit" class="btn btn-primary">\n                                <span class="mdi mdi-check me-4" aria-hidden="true"></span><!--\n                                -->Apply Specified\n                            </button>\n                            <button type="reset" class="btn btn-secondary">\n                                <span aria-hidden="true" class="mdi mdi-close me-4"></span><!--\n                                -->Clear All\n                            </button>\n                        </div>\n                    </form>\n                </div>\n            \n        </div>\n    </div>\n</section>\n\n\n    <script>\n        (() => {\n            document.addEventListener(\'DOMContentLoaded\', () => {\n                const NON_FILTER_PARAMS = [\n                    \'all_filters_removed\',\n                    \'clear_view\',\n                    \'per_page\',\n                    \'saved_view\',\n                    \'sort\',\n                    \'table_changes_pending\',\n                ];\n\n                /**\n                 * Insert given `element` as `parent`\'s first child.\n                 * @param {HTMLElement} element - Element to be inserted.\n                 * @param {HTMLElement} parent - Parent container for given `element`.\n                 * @returns {void} Do not return any value, modify DOM in-place.\n                 */\n                const insertFirst = (element, parent) => {\n                    parent.hasChildNodes() ? parent.insertBefore(element, parent.firstElementChild) : parent.appendChild(element);\n                };\n\n                /**\n                 * Get HTML elements for default and dynamic filter forms.\n                 * @returns {object} Object with `defaultFilterForm` and `dynamicFilterForm` HTML elements or `null`,\n                 *   depending on their actual existence in the DOM.\n                 */\n                const getFilterForms = () => ({\n                    defaultFilterForm: document.querySelector(\'#default-filter form\'),\n                    dynamicFilterForm: document.querySelector(\'#dynamic-filter-form\'),\n                });\n\n                const prepopulateFilterSelectsFromURL = (() => {\n                    const { defaultFilterForm } = getFilterForms();\n                    const urlParams = new URLSearchParams(window.location.search);\n                    // Only target Select2 controls inside the default filter form.\n                    [...defaultFilterForm.querySelectorAll(\'select.nautobot-select2-multi-value-char\')].forEach((el) => {\n                        const name = el.getAttribute(\'name\');\n                        if (!name) { return; }\n                        const values = urlParams.getAll(name);\n                        if (!values.length) { return; }\n                        values.forEach((val) => {\n                            let found = Array.prototype.find.call(el.options, (opt) => {\n                                return String(opt.value) === String(val);\n                            });\n                            if (found) {\n                                found.selected = true;\n                            } else {\n                                el.add(new Option(val, val, true, true));\n                            }\n                        });\n                        if (window.jQuery && $(el).data(\'select2\')) {\n                            $(el).trigger(\'change\');\n                        }\n                    });\n                })();\n\n                /**\n                 * Synchronize given `filter` value from default to dynamic filter form.\n                 * @param {string} name - Filter name.\n                 * @returns {void} Do not return any value, just set given field values.\n                 */\n                const syncDefaultToDynamic = (name) => {\n                    const { defaultFilterForm } = getFilterForms();\n\n                    const field = defaultFilterForm.querySelector(`[name="${name}"]`);\n                    const text = field?.closest(\'.nb-form-group\')?.querySelector(\'label\')?.innerText?.trim();\n                    /*\n                     * `manageDynamicFilter` takes an array of `{ text: string, value: string }` objects as `value`, so\n                     * regardless of field being a textbox, a single or multiple choice combobox, conversion is required:\n                     *   1. For combobox (i.e. `<select>`), iterate over selected options and map them to display `text`\n                     *     and underlying `value`.\n                     *   2. For textbox (i.e. `<input>` or `<textarea>`):\n                     *     1. Use entered value as both display `text` and underlying `value`.\n                     *     2. If field is empty, use an empty array.\n                     */\n                    const value =\n                        field?.tagName === \'SELECT\'\n                        ? [...field.selectedOptions].map((option) => ({ text: option.innerText, value: option.value }))\n                        : [...(field?.value ? [{ text: field.value, value: field.value }] : [])];\n\n                    manageDynamicFilter({ action: \'set\', name, text, value });\n                };\n\n                /**\n                 * Synchronize given `filter` value from dynamic to default filter form.\n                 * @param {string} name - Filter name.\n                 * @returns {void} Do not return any value, just set given field values.\n                 */\n                const syncDynamicToDefault = (name) => {\n                    const { defaultFilterForm, dynamicFilterForm } = getFilterForms();\n\n                    const current = [...dynamicFilterForm.querySelectorAll(`input[name="${name}"][type="hidden"]`)].map(\n                        (input) => ({\n                            text: [...(input.parentElement?.childNodes ?? [])].find((node) => node.nodeName === \'#text\')?.wholeText,\n                            value: input.getAttribute(\'value\'),\n                        }),\n                    );\n\n                    const sync = defaultFilterForm?.querySelector(`[name=${name}]`);\n\n                    if (sync?.tagName === \'INPUT\' || sync?.tagName === \'TEXTAREA\') {\n                        sync.value = current.length > 0 ? current[0].value : \'\';\n                    } else if (sync?.tagName === \'SELECT\') {\n                        window.nb.select2.setSelect2Value(sync, current);\n                    }\n                };\n\n                /**\n                 * Manage dynamic filter either by adding values to the existing selection or by setting passed values\n                 * regardless of previous selection.\n                 * @param {\'add\'|\'set\'} action - Use `\'add\'` to add given value to the existing selection; use `\'set\'`\n                 *   to set given value regardless of what was set previously.\n                 * @param {string} name - Filter field name.\n                 * @param {string} text - Filter display text.\n                 * @param {object[]} value - Array of objects containing `text` and `value` key-value pairs.\n                 */\n                const manageDynamicFilter = ({ action, name, text, value }) => {\n                    const { dynamicFilterForm } = getFilterForms();\n                    const items = dynamicFilterForm.querySelector(\'.nb-dynamic-filter-items\');\n\n                    const group = (() => {\n                        const existing = items.querySelector(`.nb-multi-badge[data-nb-field="${name}"]`);\n                        if (existing) {\n                            return existing;\n                        }\n\n                        const group = document.createElement(\'span\');\n                        group.classList.toggle(\'badge\', true);\n                        group.classList.toggle(\'nb-multi-badge\', true);\n                        group.setAttribute(\'data-nb-field\', name);\n\n                        const button = document.createElement(\'button\');\n                        button.classList.toggle(\'nb-dynamic-filter-remove\', true);\n                        button.setAttribute(\'type\', \'button\');\n\n                        const close = document.createElement(\'span\');\n                        close.classList.toggle(\'mdi\', true);\n                        close.classList.toggle(\'mdi-close\', true);\n                        close.setAttribute(\'aria-hidden\', \'true\');\n\n                        const remove = document.createElement(\'span\');\n                        remove.classList.toggle(\'visually-hidden\', true);\n                        remove.innerText = \'Remove All\';\n\n                        const children = document.createElement(\'span\');\n                        children.classList.toggle(\'nb-multi-badge-items\', true);\n\n                        button.appendChild(close);\n                        button.appendChild(remove);\n                        group.appendChild(button);\n                        group.insertAdjacentText(\'beforeend\', `${text}:`);\n                        group.appendChild(children);\n\n                        return group;\n                    })();\n\n                    const children = group.querySelector(\'.nb-multi-badge-items\');\n                    const existing = [...children.querySelectorAll(\'.badge[data-nb-value]\')];\n\n                    /*\n                     * Depending on `action` remove the following badges:\n                     *   1. For `\'add\'`, remove already existing filters with the same key-value pairs and re-create them later.\n                     *   2. For `\'set\'`, remove all existing filters of given key and apply only these passed as `values`.\n                     */\n                    const badgesToRemove =\n                        action === \'add\'\n                        ? existing.filter((badge) => value.some((item) => badge.getAttribute(\'data-nb-value\') === item.value))\n                        : existing;\n                    badgesToRemove.forEach((item) => children.removeChild(item));\n\n                    value.forEach(({ text, value }) => {\n                        const badge = document.createElement(\'span\');\n                        badge.classList.toggle(\'badge\', true);\n                        badge.setAttribute(\'data-nb-value\', value);\n\n                        const input = document.createElement(\'input\');\n                        input.setAttribute(\'name\', name);\n                        input.setAttribute(\'type\', \'hidden\');\n                        input.setAttribute(\'value\', value);\n\n                        const button = document.createElement(\'button\');\n                        button.classList.toggle(\'nb-dynamic-filter-remove\', true);\n                        button.setAttribute(\'type\', \'button\');\n\n                        const close = document.createElement(\'span\');\n                        close.classList.toggle(\'mdi\', true);\n                        close.classList.toggle(\'mdi-close\', true);\n                        close.setAttribute(\'aria-hidden\', \'true\');\n\n                        const remove = document.createElement(\'span\');\n                        remove.classList.toggle(\'visually-hidden\', true);\n                        remove.innerText = \'Remove\';\n\n                        button.appendChild(close);\n                        button.appendChild(remove);\n                        badge.appendChild(button);\n                        badge.insertAdjacentText(\'beforeend\', text);\n                        badge.appendChild(input);\n\n                        insertFirst(badge, children);\n                    });\n\n                    // If group already exists, remove it and later insert as the first child.\n                    if (items.contains(group)) {\n                        items.removeChild(group);\n                    }\n\n                    if (children.hasChildNodes()) {\n                        insertFirst(group, items);\n                    }\n                };\n\n                document.addEventListener(\'click\', (event) => {\n                    const { defaultFilterForm, dynamicFilterForm } = getFilterForms();\n\n                    const add = event.target.closest(\'button.nb-dynamic-filter-add\');\n                    if (add) {\n                        const field = dynamicFilterForm.querySelector(\'[name$="lookup_field"]\');\n                        const type = dynamicFilterForm.querySelector(\'[name$="lookup_type"]\');\n                        const value = [...dynamicFilterForm.querySelectorAll(\'.nb-form-group\')]\n                            .pop()\n                        ?.querySelector(\'input, select, textarea\');\n\n                        const isMissing = (control) =>\n                        control?.selectedOptions ? control.selectedOptions.length === 0 : !control?.value;\n                        if (isMissing(field) || isMissing(type) || isMissing(value)) {\n                            // Return early if selected filter is not complete (i.e. is missing lookup field, type or value).\n                            return;\n                        }\n\n                        const name = type.selectedOptions[0].value;\n                        const label = field.selectedOptions[0].innerText.trim();\n                        const suffix = type.selectedOptions[0].innerText.trim();\n                        const text = /\\(\\w+\\)/.test(suffix) ? `${label} ${suffix}` : label;\n                        const values =\n                            value?.getAttribute(\'multiple\') !== null\n                            ? [...value.selectedOptions].map((option) => ({ text: option.innerText.trim(), value: option.value }))\n                            : [{ text: value?.value, value: value?.value }];\n\n                        // If field exists in default filter form and is a single value input, use `\'set\'` action.\n                        const action =\n                            defaultFilterForm.querySelector(`[name="${name}"]`) &&\n                        (value.tagName === \'INPUT\' || value.tagName === \'TEXTAREA\')\n                            ? \'set\'\n                            : \'add\';\n                        manageDynamicFilter({ action, name, text, value: values });\n\n                        syncDynamicToDefault(name);\n                    }\n\n                    const remove = event.target.closest(\'button.nb-dynamic-filter-remove\');\n                    if (remove) {\n                        const badge = remove.closest(\'.badge\');\n                        /*\n                         * Remove the group badge (i.e. multi-badge) when given badge is the group badge itself, or it is the only\n                         * one left in the group (i.e. has no siblings) because removing it will leave the group badge empty anyway.\n                         */\n                        const shouldRemoveGroup =\n                            badge?.classList.contains(\'nb-multi-badge\') ||\n                        (!badge?.previousElementSibling && !badge?.nextElementSibling);\n                        shouldRemoveGroup ? badge?.closest(\'.nb-multi-badge\')?.remove() : badge?.remove();\n\n                        syncDynamicToDefault(badge?.querySelector(\'input[type="hidden"]\')?.getAttribute(\'name\'));\n                    }\n                });\n\n                // Need to wrap `document` with jQuery to be able to listen to Select2 `change` event.\n                $(document).on(\'change\', (event) => {\n                    const { defaultFilterForm } = getFilterForms();\n                    const isDefaultFilterFormField = event.target.form === defaultFilterForm;\n                    if (isDefaultFilterFormField) {\n                        syncDefaultToDynamic(event.target.name);\n                    }\n                });\n\n                // Need to wrap `document` with jQuery to be able to listen to Select2 `change` event.\n                $(document).on(\'change\', async (event) => {\n                    const isLookupType = event.target.getAttribute(\'name\')?.endsWith(\'lookup_type\');\n                    if (isLookupType) {\n                        const content_type = event.target.getAttribute(\'data-contenttype\');\n                        const field_name = event.target.value;\n                        const value = [...event.target.form.querySelectorAll(\'.nb-form-group\')]\n                            .pop()\n                        ?.querySelector(\'input, select, textarea\');\n\n                        if (field_name) {\n                            const replacement = await (async () => {\n                                try {\n                                    const response = await window.fetch(\n                                        `/api/ui/core/filterset-fields/lookup-value-dom-element/?${new URLSearchParams({ content_type, field_name })}`,\n                                        { method: \'GET\', headers: { Accept: \'*/*\' } },\n                                    );\n\n                                    const html = await response.json();\n\n                                    const element = document.createElement(\'div\');\n                                    element.innerHTML = html;\n\n                                    return element.firstElementChild;\n                                } catch (exception) {\n                                    // Default to `<input type="text" ...>` field if error occurs.\n                                    const input = document.createElement(\'input\');\n                                    input.classList.toggle(\'lookup_value-input\', true);\n                                    input.classList.toggle(\'form-control\', true);\n                                    input.setAttribute(\'id\', `id_for_${field_name}`);\n                                    input.setAttribute(\'name\', field_name);\n                                    input.setAttribute(\'type\', \'text\');\n                                    return input;\n                                }\n                            })();\n\n                            value.replaceWith(replacement);\n                            replacement.nextElementSibling?.remove(); // Remove Select2 widget if present.\n                            replacement.previousElementSibling?.setAttribute(\'for\', replacement.getAttribute(\'id\')); // Set label `for` attribute to match field `id`.\n                            initializeInputs(replacement.parentElement);\n                        }\n                    }\n                });\n\n                // Need to wrap `document` with jQuery to be able to listen to Select2 `change` event.\n                $(document).on(\'change\', (event) => {\n                    const isLookupField = event.target.getAttribute(\'name\')?.endsWith(\'lookup_field\');\n                    const isLookupType = event.target.getAttribute(\'name\')?.endsWith(\'lookup_type\');\n\n                    if (isLookupField) {\n                        const type = event.target.form.querySelector(\'[name$="lookup_type"]\');\n                        $(type).val(null).trigger(\'change\');\n                    }\n\n                    if (isLookupField || isLookupType) {\n                        const value = [...event.target.form.querySelectorAll(\'.nb-form-group\')]\n                            .pop()\n                        ?.querySelector(\'input, select, textarea\');\n\n                        if (value.tagName === \'SELECT\') {\n                            $(value).val(null).trigger(\'change\');\n                        } else {\n                            value.value = \'\';\n                        }\n                    }\n                });\n\n                const isFilterForm = (target) => Boolean(target?.closest(\'#FilterForm_drawer\'));\n\n                document.addEventListener(\'reset\', (event) => {\n                    if (isFilterForm(event.target)) {\n                        event.preventDefault();\n\n                        // Remove all filter query params from location search while keeping non-filter params intact.\n                        const searchParams = new URLSearchParams(window.location.search);\n                        const nextSearchParams = new URLSearchParams([\n                            ...[...searchParams].filter(\n                                ([property]) => NON_FILTER_PARAMS.includes(property) && property !== \'all_filters_removed\',\n                            ),\n                            [\'all_filters_removed\', \'true\'],\n                        ]);\n\n                        location.assign(`?${nextSearchParams}`);\n                    }\n                });\n\n                document.addEventListener(\'submit\', (event) => {\n                    if (isFilterForm(event.target)) {\n                        event.preventDefault();\n\n                        const { defaultFilterForm, dynamicFilterForm } = getFilterForms();\n\n                        /*\n                         * Just before the form submission automatically add filter selected in "Advanced" tab (if any)\n                         * which hasn\'t been manually applied for whatever reason (usually forgetfulness, speed, etc.).\n                         * This is a requested UX flavor.\n                         */\n                        const add = dynamicFilterForm.querySelector(\'button.nb-dynamic-filter-add\');\n                        add.click();\n\n                        // Remove all field names which are not applied filters container descendants.\n                        [...dynamicFilterForm.querySelectorAll(\'input, select, textarea\')].forEach((field) =>\n                            field.closest(\'.nb-dynamic-filter-items\') ? undefined : field.removeAttribute(\'name\'),\n                        );\n\n                        /*\n                         * Get the serialized data from the forms and:\n                         *   1) Filter out query params which values are empty e.g `?sam=&dan=2` becomes `dan=2`.\n                         *   2) Combine the two forms into a single set of data without duplicate entries.\n                         */\n                        const defaultFilterFormSearchParams = new URLSearchParams(new FormData(defaultFilterForm));\n                        const dynamicFilterFormSearchParams = new URLSearchParams(new FormData(dynamicFilterForm));\n                        const searchParams = new URLSearchParams(window.location.search);\n\n                        const nextSearchParams = new URLSearchParams([\n                            ...[...defaultFilterFormSearchParams].filter(([, value]) => value !== \'\'),\n                            ...[...dynamicFilterFormSearchParams].filter(\n                                ([property, value]) => value !== \'\' && !defaultFilterFormSearchParams.has(property, value),\n                            ),\n                            ...[...searchParams].filter(\n                                ([property]) => NON_FILTER_PARAMS.includes(property) && property !== \'all_filters_removed\',\n                            ),\n                        ]);\n\n                        if (nextSearchParams.has(\'saved_view\')) {\n                            const all_filters_removed = [...nextSearchParams].every(([property]) =>\n                                NON_FILTER_PARAMS.includes(property),\n                            );\n\n                            if (all_filters_removed) {\n                                nextSearchParams.set(\'all_filters_removed\', \'true\');\n                            }\n                        }\n\n                        location.assign(`?${nextSearchParams}`);\n                    }\n                });\n\n                const onSubmitOrReset = (event) => (isFilterForm(event.target) ? window.nb?.history?.saveState() : undefined);\n                document.addEventListener(\'reset\', onSubmitOrReset);\n                document.addEventListener(\'submit\', onSubmitOrReset);\n            });\n        })();\n    </script>\n\n\n    \n        \n\n\n<section class="nb-drawer" tabindex="-1" id="ISISInterfaceConfigurationTable_config">\n    <div class="nb-drawer-header">\n        <h1>Table Configuration</h1>\n        <button type="button" class="btn-close" data-nb-dismiss="drawer" aria-label="Close"></button>\n    </div>\n    <div class="nb-drawer-body">\n        <form class="userconfigform h-100 pb-20 px-20 vstack" data-config-root="tables.ISISInterfaceConfigurationTable">\n            <div class="row align-content-start flex-fill">\n                <div class="col-12">\n                    <div class="alert alert-warning">\n                        Column choices may negatively affect loading times.\n                        <a href="/static/docs/user-guide/platform-functionality/user-interface/configurablecolumns.html" class="btn btn-link btn-sm" target="_blank" rel="noopener">\n                            <span class="mdi mdi-information"></span>\n                        </a>\n                    </div>\n                </div>\n                <div class="col-12">\n                    \n                        <select name="columns" size="20" class="form-control" placeholder="None" id="id_columns" multiple>\n  <option value="isis_config" selected>Isis config</option>\n\n  <option value="interface" selected>Interface</option>\n\n  <option value="circuit_type" selected>Circuit type</option>\n\n  <option value="metric" selected>Metric</option>\n\n  <option value="status" selected>Status</option>\n\n  <option value="dynamic_group_count">Dynamic Groups</option>\n\n</select>\n                        <span class="form-text mt-8">Use the buttons below to arrange columns in the desired order, then select all columns to display.</span>\n                        <div class="hstack gap-4 mt-8 mx-n4">\n                            \n                            <button type="button" class="btn btn-primary btn-sm" id="move-option-up" data-target="id_columns"><span class="mdi mdi-arrow-up-bold me-4"></span>Move up</button>\n                            <button type="button" class="btn btn-primary btn-sm" id="move-option-down" data-target="id_columns"><span class="mdi mdi-arrow-down-bold me-4"></span>Move down</button>\n                            <button type="button" class="btn btn-success btn-sm" id="select-all-options" data-target="id_columns"><span class="mdi mdi-expand-all-outline me-4"></span>Select all</button>\n                            \n                        </div>\n                    \n                </div>\n            </div>\n            <div class="nb-form-sticky-footer">\n                <input type="submit" class="btn btn-primary" value="Save">\n                <input type="submit" class="btn btn-danger reset" value="Reset">\n            </div>\n        </form>\n    </div>\n</section>\n\n\n    <script>\n        (() => {\n            document.addEventListener(\'DOMContentLoaded\', () => {\n                document.addEventListener(\'submit\', (event) => {\n                    if (event.target.closest(\'#ISISInterfaceConfigurationTable_config\')) {\n                        // Keep the drawer open after page reload caused by form submission.\n                        window.nb.history.saveState();\n                    }\n                });\n            });\n        })();\n    </script>\n\n\n    \n    <section class="nb-drawer" tabindex="-1" id="SavedViews_drawer">\n        <div class="nb-drawer-header">\n            <h1>Saved Views</h1>\n            <button type="button" class="btn-close" data-nb-dismiss="drawer" aria-label="Close"></button>\n        </div>\n        <div class="nb-drawer-body pb-20 px-20">\n            <div class="align-items-start vstack flex-grow-0 gap-10">\n                \n            </div>\n            \n            <div class="align-items-start vstack gap-10">\n                Actions:\n                \n                <a class="btn btn-secondary" href="" data-bs-toggle="modal" data-bs-target="#saved_view_modal">\n                    <span class="mdi mdi-content-save-plus-outline me-4" aria-hidden="true"></span>Save As New\n                </a>\n                \n            </div>\n        </div>\n    </section>\n\n        </div>\n        <header id="header">\n            <div class="banner-alert-area">\n                \n\n\n\n    \n        <div class="alert alert-info text-center" role="alert">\n            <p>Local</p>\n        </div>\n    \n\n\n\n\n\n\n                \n\n            </div>\n            <div class="container-fluid mb-12 mt-16">\n                <div class="row">\n                    <div id="page-title" class="col-4">\n                        \n                            \n\n\n<h1 class="d-flex fs-2 gap-8 lh-sm py-6">\n    <img\n        alt="Nautobot chevron"\n        class="align-self-start flex-grow-0 flex-shrink-0 my-n4"\n        role="presentation"\n        src="/static/img/nautobot_chevron.svg"\n        style="width: 1.5rem;"\n    />\n    \n        ISIS Interface Configurations\n    \n</h1>\n\n                        \n                    </div>\n                    \n\n\n\n    \n        <form action="/search/" class="col-4 text-center" id="header_search" method="get" role="search">\n            <label class="position-relative w-100">\n                <input\n                    aria-placeholder="Press Ctrl+K to search"\n                    class="form-control nb-text-transparent"\n                    name="q"\n                    type="search"\n                    value=""\n                />\n                <span class="align-items-center d-inline-flex gap-6 overflow-hidden px-12 py-6 pe-none position-absolute start-0 top-0 user-select-none w-100">\n                    <span aria-hidden="true" class="mdi mdi-magnify text-secondary d-inline-flex"></span>\n                    \n                        \n                            \n                                \n                                    \n                                        <span class="badge border" data-nb-link="/plugins/nautobot-igp-models/isis-interface-configuration/"><!--\n                                            -->in: ISIS Interface Configuration<!--\n                                            --><button tabindex="-1" type="button">\n                                            <span aria-hidden="true" class="mdi mdi-close"></span>\n                                            <span class="visually-hidden">Remove</span>\n                                        </button>\n                                        </span>\n                                    \n                                \n                            \n                        \n                            \n                                \n                                    \n                                \n                                    \n                                \n                            \n                        \n                    \n                    <span\n                        aria-hidden="true"\n                        class="align-items-center d-inline-flex gap-4 text-nowrap text-secondary"\n                    >\n                        \n                            Press <kbd class="mt-n1">Ctrl+K</kbd> to search\n                        \n                    </span>\n                    <a class="align-items-center d-inline-flex ms-auto pe-auto"\n                       href="/static/docs/user-guide/platform-functionality/user-interface/search.html"\n                       target="_blank"\n                       rel="noopener"\n                    >\n                        <span aria-hidden="true" class="mdi mdi-help-circle-outline text-secondary"></span>\n                    </a>\n                </span>\n            </label>\n        </form>\n    \n\n    <div class="col-4 text-end">\n        <div class="dropdown">\n            <button class="btn dropdown-toggle align-items-center d-inline-flex gap-6" type="button" data-bs-toggle="dropdown" aria-expanded="false">\n                <span aria-hidden="true" class="mdi mdi-account text-secondary"></span>\n                nautobotuser\n            </button>\n            <ul class="dropdown-menu dropdown-menu-end">\n                <li><a class="dropdown-item" href="/about/"><span class="mdi mdi-information"></span>About Nautobot</a></li>\n                <li><a class="dropdown-item" href="/user/profile/"><span class="mdi mdi-account-box"></span>Profile</a></li>\n                <li><a class="dropdown-item" href="/extras/approver-dashboard/"><span class="mdi mdi-check-bold"></span>Approval Dashboard</a></li>\n                \n                <li class="dropdown-divider"></li>\n                <li><a class="dropdown-item" href="/logout/"><span class="mdi mdi-logout"></span>Log out</a></li>\n            </ul>\n        </div>\n    </div>\n\n\n                    <div class="col-12">\n                        \n    \n\n    \n\n    \n\n<nav aria-label="Breadcrumbs" class="mt-1">\n    <ol class="breadcrumb">\n        \n            \n                \n            \n        \n    </ol>\n</nav>\n\n\n                    </div>\n                </div>\n            </div>\n            \n        </header>\n        <main class="container-fluid wrapper" id="main-content" tabindex="-1">\n            \n    <div class="align-items-center d-flex gap-8 justify-content-end mb-16 d-print-none">\n        \n        \n\n        <div class="btn-group">\n            \n                \n    \n        <a href="/plugins/nautobot-igp-models/isis-interface-configuration/add/" class="btn btn-primary" id="add-button">\n            <span class="mdi mdi-plus-thick" aria-hidden="true"></span> Add ISIS Interface Configuration\n        </a>\n    \n\n\n                <button type="button" id="actions-dropdown" class="btn btn-primary dropdown-toggle" data-bs-toggle="dropdown">\n                    <span class="visually-hidden">Toggle Dropdown</span>\n                    <span class="mdi mdi-chevron-down"></span>\n                </button>\n            \n            <ul class="dropdown-menu dropdown-menu-end" role="menu">\n                \n                    \n                        \n    \n        <li>\n            <a class="dropdown-item" id="import-button" href="/extras/jobs/nautobot.core.jobs.ImportObjects/run/?content_type=196">\n                <span class="mdi mdi-database-import text-secondary" aria-hidden="true"></span> Import from CSV\n            </a>\n        </li>\n    \n\n\n                    \n                \n                \n                    <li class="dropdown-divider"></li>\n                \n                \n                    \n                        \n    \n        \n        \n        <li>\n            <form action="/extras/jobs/nautobot.core.jobs.ExportObjectList/run/" method="post">\n                <input type="hidden" name="csrfmiddlewaretoken" value="syJzdoQA4EDej9SxwSzqmiREIxfOZQvOYjw4j7AgTt71MtDdOUzdESozQRITpu3E">\n                <input type="hidden" name="content_type" value="196">\n                <input type="hidden" name="query_string" value="">\n                <input type="hidden" name="_schedule_type" value="immediately">\n                <input type="hidden" name="export_format" value="csv">\n                <button class="dropdown-item" type="submit">\n                    <span class="mdi mdi-database-export text-secondary" aria-hidden="true"></span> Export as CSV\n                </button>\n            </form>\n        </li>\n        \n    \n\n\n                    \n                \n            </ul>\n        </div>\n        \n        \n            \n            \n        \n        \n            \n            \n        \n        <div class="align-items-center d-flex gap-4">\n            \n                <button\n                    type="button"\n                    class="btn position-relative text-secondary"\n                    data-nb-toggle="drawer"\n                    data-nb-target="#SavedViews_drawer"\n                    title="Saved Views"\n                    aria-expanded="false"\n                    aria-controls="SavedViews_drawer"\n                >\n                    <span class="mdi mdi-view-compact-outline" aria-hidden="true"></span>\n                    <span class="visually-hidden">Saved Views</span>\n                    \n                </button>\n            \n            \n                <button\n                    type="button"\n                    class="btn position-relative text-secondary"\n                    data-nb-toggle="drawer"\n                    data-nb-target="#FilterForm_drawer"\n                    title="Add Filters"\n                    id="id__filterbtn"\n                    aria-controls="FilterForm_drawer"\n                    aria-expanded="false"\n                >\n                    <span class="mdi mdi-filter" aria-hidden="true"></span>\n                    <span class="visually-hidden">Add Filters</span>\n                    \n                </button>\n            \n        </div>\n    </div>\n\n    \n\n    <div>\n        \n            \n                \n                    \n\n\n<div class="card mb-3">\n    \n    <div class="table-responsive">\n        \n\n\n\n    <table class="table table-hover nb-table-headings">\n        \n            <thead>\n                <tr>\n                    \n                        \n                            \n                                <th class="orderable"><a href="?sort=isis_config" data-column-name="isis_config">Isis config</a></th>\n                            \n                        \n                    \n                        \n                            \n                                <th class="orderable"><a href="?sort=interface" data-column-name="interface">Interface</a></th>\n                            \n                        \n                    \n                        \n                            \n                                <th class="orderable"><a href="?sort=circuit_type" data-column-name="circuit_type">Circuit type</a></th>\n                            \n                        \n                    \n                        \n                            \n                                <th class="orderable"><a href="?sort=metric" data-column-name="metric">Metric</a></th>\n                            \n                        \n                    \n                        \n                            \n                                <th class="orderable"><a href="?sort=status" data-column-name="status">Status</a></th>\n                            \n                        \n                    \n                        \n                            <th class="nb-actionable nb-w-0 orderable">\n                                <button\n            type="button"\n            class="btn border-0 float-end rounded-0 text-end text-secondary "\n            data-nb-toggle="drawer"\n            data-nb-target="#ISISInterfaceConfigurationTable_config"\n            \n            title="Configure table"\n            aria-controls="ISISInterfaceConfigurationTable_config"\n            aria-expanded="false"\n        >\n            <span class="mdi mdi-cog" aria-hidden="true"></span>\n            <span class="visually-hidden">Configure</span>\n        </button>\n                            </th>\n                        \n                    \n                    \n                </tr>\n            </thead>\n        \n        <tbody>\n            \n                <tr class="even">\n                    \n                        <td ><a href="/plugins/nautobot-igp-models/isis-configuration/36e2db03-b595-410f-a495-ca3ecd5e9749/">ISIS-Config-R1</a></td>\n                    \n                        <td ><a href="/dcim/interfaces/ceb9d0ef-5f1d-4a56-ba7f-07d4dd0fa488/">GigabitEthernet1</a></td>\n                    \n                        <td >Level-2</td>\n                    \n                        <td >10</td>\n                    \n                        <td >\n    \n    \n        <span class="badge" style="color: #ffffff; background-color: #4caf50">\n            Active\n        </span>\n    \n    </td>\n                    \n                        <td class="d-print-none nb-actions nb-w-0 text-end text-nowrap">\n    <div class="dropdown">\n        <button class="btn dropdown-toggle" type="button" data-bs-toggle="dropdown" aria-expanded="false">\n            <span class="mdi mdi-dots-vertical" aria-hidden="true"></span>\n            <span class="visually-hidden">Toggle Dropdown</span>\n        </button>\n        <ul class="dropdown-menu dropdown-menu-end">\n            \n            \n            \n            \n        </ul>\n    </div>\n\n    </td>\n                    \n                    \n                </tr>\n            \n        </tbody>\n        \n    </table>\n\n\n    </div>\n    \n</div>\n\n                \n            \n            \n\n<div class="paginator align-items-center d-flex fs-5 gap-10 justify-content-end mt-16 text-secondary">\n    \n        <div>\n            Showing 1-1 of 1\n        </div>\n        <div class="vr border-start my-8"></div>\n    \n    <form class="align-items-center d-flex gap-4" method="get">\n        \n        <select name="per_page" id="per_page" class="form-select">\n            \n                <option value="65000" selected="selected">65000</option>\n            \n            \n                <option value="25">25</option>\n            \n                <option value="50">50</option>\n            \n                <option value="100">100</option>\n            \n                <option value="250">250</option>\n            \n                <option value="500">500</option>\n            \n                <option value="1000">1000</option>\n            \n        </select>\n        per page\n    </form>\n    \n</div>\n\n            <div class="clearfix"></div>\n        \n    </div>\n    \n        \n\n\n<div class="modal fade" tabindex="-1" id="saved_view_modal" role="dialog">\n    <div class="modal-dialog modal-lg">\n        <div class="modal-content">\n            <div class="modal-header">\n                <h4 class="modal-title">New Saved View</h4>\n                <button type="button" class="btn-close" data-bs-dismiss="modal" aria-label="Close"></button>\n            </div>\n            <form action="/extras/saved-views/add/" method="post">\n                <div class="modal-body">\n                    <input type="hidden" name="csrfmiddlewaretoken" value="syJzdoQA4EDej9SxwSzqmiREIxfOZQvOYjw4j7AgTt71MtDdOUzdESozQRITpu3E">\n                    <div class="row">\n                        \n\n<div class="mb-10 d-md-flex justify-content-center">\n    \n        <label class="col-md-3 col-form-label nb-required" for="id_name">\n            Name\n        </label>\n        <div class="col-md-9">\n            <input type="text" name="name" maxlength="255" class="form-control" required placeholder="Name" id="id_name">\n            \n            \n                <span class="form-text">The name of this view</span>\n            \n    \n    \n</div>\n</div>\n\n                        <span class="col-lg-3 text-end text-secondary">New Changes</span>\n                        <div class="col-lg-9">\n                            <pre><code class="language-json">{\n    &quot;filter_params&quot;: {},\n    &quot;per_page&quot;: 65000,\n    &quot;sort_order&quot;: [],\n    &quot;table_config&quot;: null\n}</code></pre>\n                        </div>\n                        \n\n<div class="mb-10 d-md-flex justify-content-center">\n    \n        <div class="col-md-9 offset-md-3">\n            <div class="form-check mt-6">\n                <input type="checkbox" name="is_shared" class="form-check-input" placeholder="Is shared" id="id_is_shared">\n                <label class="form-check-label" for="id_is_shared">\n                    Is shared\n                </label>\n            </div>\n            \n            \n                <span class="form-text">If checked, all users will be able to see this saved view</span>\n            \n    \n    \n</div>\n</div>\n\n                        <input type="hidden" id="view" name="view" value="plugins:nautobot_igp_models:isisinterfaceconfiguration_list">\n                        <input type="hidden" id="params" name="params" value="">\n                    </div>\n                </div>\n                <div class="modal-footer">\n                    <button type="submit" class="btn btn-primary">\n                        <span aria-hidden="true" class="mdi mdi-content-save-plus-outline me-4"></span><!--\n                        -->Save\n                    </button>\n                    <button class="btn btn-secondary" data-bs-dismiss="modal" type="button">\n                        <span aria-hidden="true" class="mdi mdi-close me-4"></span><!--\n                        -->Cancel\n                    </button>\n                </div>\n            </form>\n        </div>\n    </div>\n</div>\n\n    \n    \n\n<div class="modal fade" tabindex="-1" role="dialog" id="dynamic_group_assignment_modal">\n    <div class="modal-dialog modal-lg" role="document">\n        <div class="modal-content">\n            <div class="modal-header">\n                <button type="button" class="btn-close" data-bs-dismiss="modal" aria-label="Close">\n                </button>\n                <h4 class="modal-title">Static Assignment to Dynamic Groups</h4>\n            </div>\n            <form id="dynamic_group_assignment_form" action="/extras/dynamic-groups/assign-members/?"\n                  method="post" class="form form-horizontal">\n                <div class="modal-body">\n                    <input type="hidden" name="csrfmiddlewaretoken" value="syJzdoQA4EDej9SxwSzqmiREIxfOZQvOYjw4j7AgTt71MtDdOUzdESozQRITpu3E">\n                    <input type="hidden" name="return_url" value="/plugins/nautobot-igp-models/isis-interface-configuration/">\n                    <input type="hidden" id="dynamic_group_assignment_all" name="_all">\n                    <span id="dynamic_group_assignment_pks"></span>\n                    \n                        <input type="hidden" name="content_type" value="196" class="form-control" required="required" placeholder="None" id="id_content_type">\n                    \n                        \n                    \n                    \n\n<div class="mb-10 d-md-flex justify-content-center">\n    \n        <label class="col-md-3 col-form-label" for="id_add_to_groups">\n            Add to existing group(s)\n        </label>\n        <div class="col-md-9">\n            <select name="add_to_groups" class="nautobot-select2-api" data-multiple="1" data-query-param-group_type="[&quot;static&quot;]" data-query-param-content_type="[&quot;nautobot_igp_models.isisinterfaceconfiguration&quot;]" data-query-param-exclude_m2m="[&quot;true&quot;]" display-field="display" data-depth="0" data-url="/api/extras/dynamic-groups/" id="id_add_to_groups" multiple>\n</select>\n            \n            \n    \n    \n</div>\n</div>\n\n                    \n\n<div class="mb-10 d-md-flex justify-content-center">\n    \n        <label class="col-md-3 col-form-label" for="id_create_and_assign_to_new_group_name">\n            Create a new group\n        </label>\n        <div class="col-md-9">\n            <input type="text" name="create_and_assign_to_new_group_name" class="form-control" placeholder="Create a new group" id="id_create_and_assign_to_new_group_name">\n            \n            \n                <span class="form-text">Create a new group with this name and assign the selected objects to it.</span>\n            \n    \n    \n</div>\n</div>\n\n                    \n\n<div class="mb-10 d-md-flex justify-content-center">\n    \n        <label class="col-md-3 col-form-label" for="id_remove_from_groups">\n            Remove from group(s)\n        </label>\n        <div class="col-md-9">\n            <select name="remove_from_groups" class="nautobot-select2-api" data-multiple="1" data-query-param-group_type="[&quot;static&quot;]" data-query-param-content_type="[&quot;nautobot_igp_models.isisinterfaceconfiguration&quot;]" data-query-param-exclude_m2m="[&quot;true&quot;]" display-field="display" data-depth="0" data-url="/api/extras/dynamic-groups/" id="id_remove_from_groups" multiple>\n</select>\n            \n            \n    \n    \n</div>\n</div>\n\n                </div>\n                <div class="modal-footer">\n                    <button type="submit" class="btn btn-primary">\n                        <span class="mdi mdi-group" aria-hidden="true"></span> Apply\n                    </button>\n                    <button type="button" class="btn btn-secondary" id="dynamic_group_assignment_cancel">\n                        <span class="mdi mdi-close-thick" aria-hidden="true"></span> Cancel\n                    </button>\n                </div>\n            </form>\n        </div>\n    </div>\n</div>\n\n\n        </main>\n        \n            \n        \n        \n\n\n\n' : 


        <div id="drawer">
            
    



<section class="nb-drawer" tabindex="-1" id="FilterForm_drawer">
    <div class="nb-drawer-header">
        <h1>Filters</h1>
        <button type="button" class="btn-close" data-nb-dismiss="drawer" aria-label="Close"></button>
    </div>
    <div class="nb-drawer-body">
        <ul id="filter-tabs" class="nav nav-tabs">
            
                <li role="presentation" class="nav-item">
                    <a class="nav-link active"  href="#default-filter" role="tab" data-bs-toggle="tab">
                        Basic
                    </a>
                </li>
            
            
                <li role="presentation" class="nav-item">
                    <a class="nav-link position-relative" href="#advanced-filter" role="tab" data-bs-toggle="tab">
                        Advanced
                        

                    </a>
                </li>
            
        </ul>
        <div class="tab-content h-100">
            
                <div id="default-filter" role="tabpanel" class="tab-pane fade show active h-100 p-20">
                    

<form class="h-100 vstack">
    <div class="align-content-start flex-fill pb-20">
        
        
            
                <div class="nb-form-group">
                    
                        <label for="id_isis_config">ISIS Configuration</label>
                        <select name="isis_config" class="nautobot-select2-api form-control" data-query-param-exclude_m2m="[&quot;true&quot;]" display-field="display" value-field="name" data-depth="0" placeholder="ISIS Configuration" data-url="/api/plugins/nautobot-igp-models/isis-configurations/" id="id_isis_config">
  <option value=""
         selected
        >---------</option>

</select>
                    
                </div>
            
        
            
                <div class="nb-form-group">
                    
                        <label for="id_interface">Interface</label>
                        <select name="interface" class="nautobot-select2-api form-control" data-query-param-device_id="[&quot;$isis_config__instance__device&quot;]" data-query-param-exclude_m2m="[&quot;true&quot;]" display-field="display" data-depth="0" placeholder="Interface" data-url="/api/dcim/interfaces/" id="id_interface">
  <option value=""
         selected
        >---------</option>

</select>
                    
                </div>
            
        
            
                <div class="nb-form-group">
                    
                        <label for="id_circuit_type">Circuit type</label>
                        <select name="circuit_type" class="form-control" placeholder="None" id="id_circuit_type" multiple>
  <option value="L1">Level-1</option>

  <option value="L2">Level-2</option>

  <option value="L1L2">Level-1-2</option>

</select>
                    
                </div>
            
        
            
                <div class="nb-form-group">
                    
                        <label for="id_metric">Metric</label>
                        <input type="number" name="metric" class="form-control" placeholder="Metric" id="id_metric">
                    
                </div>
            
        
            
                <div class="nb-form-group">
                    
                        <label for="id_contacts">Contacts</label>
                        <select name="contacts" class="nautobot-select2-api form-control" data-multiple="1" data-query-param-exclude_m2m="[&quot;true&quot;]" display-field="display" value-field="name" data-depth="0" placeholder="None" data-url="/api/extras/contacts/" id="id_contacts" multiple>
</select>
                    
                </div>
            
        
            
                <div class="nb-form-group">
                    
                        <label for="id_teams">Teams</label>
                        <select name="teams" class="nautobot-select2-api form-control" data-multiple="1" data-query-param-exclude_m2m="[&quot;true&quot;]" display-field="display" value-field="name" data-depth="0" placeholder="None" data-url="/api/extras/teams/" id="id_teams" multiple>
</select>
                    
                </div>
            
        
    </div>
    <div class="justify-content-between mb-n20 nb-form-sticky-footer">
        <button type="submit" class="btn btn-primary">
            <span class="mdi mdi-check me-4" aria-hidden="true"></span><!--
            -->Apply Specified
        </button>
        <button type="reset" class="btn btn-secondary">
            <span aria-hidden="true" class="mdi mdi-close me-4"></span><!--
            -->Clear All
        </button>
    </div>
</form>

                </div>
            
            
                <div id="advanced-filter" role="tabpanel" class="tab-pane fade h-100 p-20">
                    <form class="h-100 vstack" id="dynamic-filter-form">
                        <div class="align-content-start flex-fill pb-20">
                            <input type="hidden" name="form-TOTAL_FORMS" value="1" id="id_form-TOTAL_FORMS"><input type="hidden" name="form-INITIAL_FORMS" value="0" id="id_form-INITIAL_FORMS"><input type="hidden" name="form-MIN_NUM_FORMS" value="0" id="id_form-MIN_NUM_FORMS"><input type="hidden" name="form-MAX_NUM_FORMS" value="1000" id="id_form-MAX_NUM_FORMS">
                            
                                <div class="nb-form-group">
                                    <label for="id_form-0-lookup_field">Field</label>
                                    <select name="form-0-lookup_field" class="nautobot-select2-static lookup_field-select" placeholder="Field" id="id_form-0-lookup_field">
  <option value="" selected>---------</option>

  <option value="circuit_type">Circuit type</option>

  <option value="contacts">Contacts (name or ID)</option>

  <option value="created">Created</option>

  <option value="dynamic_groups">Dynamic groups (name or ID)</option>

  <option value="isis_config">ISIS Configuration</option>

  <option value="id">Id</option>

  <option value="interface">Interface</option>

  <option value="last_updated">Last updated</option>

  <option value="metric">Metric</option>

  <option value="status">Status (name or ID)</option>

  <option value="teams">Teams (name or ID)</option>

</select>
                                </div>
                            
                                <div class="nb-form-group">
                                    <label for="id_form-0-lookup_type">Lookup type</label>
                                    <select name="form-0-lookup_type" class="nautobot-select2-api lookup_type-select" placeholder="None" data-query-param-field_name="[&quot;$lookup_field&quot;]" data-contenttype="nautobot_igp_models.isisinterfaceconfiguration" data-url="/api/core/filterset-fields/lookup-choices/" id="id_form-0-lookup_type">
</select>
                                </div>
                            
                                <div class="nb-form-group">
                                    <label for="id_form-0-lookup_value">Value</label>
                                    <input type="text" name="form-0-lookup_value" class="form-control lookup_value-input form-control" placeholder="Value" id="id_form-0-lookup_value">
                                </div>
                            
                            <button class="nb-dynamic-filter-add btn btn-primary d-block ms-auto my-20" type="button">
                                <span aria-hidden="true" class="mdi mdi-plus me-4"></span><!--
                                -->Add Filter
                            </button>
                            <hr class="border-top my-20">
                            <div class="nb-dynamic-filter-items d-flex flex-wrap gap-10">
                                
                            </div>
                        </div>

                        <div class="d-print-none justify-content-between mb-n20 nb-form-sticky-footer">
                            <button type="submit" class="btn btn-primary">
                                <span class="mdi mdi-check me-4" aria-hidden="true"></span><!--
                                -->Apply Specified
                            </button>
                            <button type="reset" class="btn btn-secondary">
                                <span aria-hidden="true" class="mdi mdi-close me-4"></span><!--
                                -->Clear All
                            </button>
                        </div>
                    </form>
                </div>
            
        </div>
    </div>
</section>


    <script>
        (() => {
            document.addEventListener('DOMContentLoaded', () => {
                const NON_FILTER_PARAMS = [
                    'all_filters_removed',
                    'clear_view',
                    'per_page',
                    'saved_view',
                    'sort',
                    'table_changes_pending',
                ];

                /**
                 * Insert given `element` as `parent`'s first child.
                 * @param {HTMLElement} element - Element to be inserted.
                 * @param {HTMLElement} parent - Parent container for given `element`.
                 * @returns {void} Do not return any value, modify DOM in-place.
                 */
                const insertFirst = (element, parent) => {
                    parent.hasChildNodes() ? parent.insertBefore(element, parent.firstElementChild) : parent.appendChild(element);
                };

                /**
                 * Get HTML elements for default and dynamic filter forms.
                 * @returns {object} Object with `defaultFilterForm` and `dynamicFilterForm` HTML elements or `null`,
                 *   depending on their actual existence in the DOM.
                 */
                const getFilterForms = () => ({
                    defaultFilterForm: document.querySelector('#default-filter form'),
                    dynamicFilterForm: document.querySelector('#dynamic-filter-form'),
                });

                const prepopulateFilterSelectsFromURL = (() => {
                    const { defaultFilterForm } = getFilterForms();
                    const urlParams = new URLSearchParams(window.location.search);
                    // Only target Select2 controls inside the default filter form.
                    [...defaultFilterForm.querySelectorAll('select.nautobot-select2-multi-value-char')].forEach((el) => {
                        const name = el.getAttribute('name');
                        if (!name) { return; }
                        const values = urlParams.getAll(name);
                        if (!values.length) { return; }
                        values.forEach((val) => {
                            let found = Array.prototype.find.call(el.options, (opt) => {
                                return String(opt.value) === String(val);
                            });
                            if (found) {
                                found.selected = true;
                            } else {
                                el.add(new Option(val, val, true, true));
                            }
                        });
                        if (window.jQuery && $(el).data('select2')) {
                            $(el).trigger('change');
                        }
                    });
                })();

                /**
                 * Synchronize given `filter` value from default to dynamic filter form.
                 * @param {string} name - Filter name.
                 * @returns {void} Do not return any value, just set given field values.
                 */
                const syncDefaultToDynamic = (name) => {
                    const { defaultFilterForm } = getFilterForms();

                    const field = defaultFilterForm.querySelector(`[name="${name}"]`);
                    const text = field?.closest('.nb-form-group')?.querySelector('label')?.innerText?.trim();
                    /*
                     * `manageDynamicFilter` takes an array of `{ text: string, value: string }` objects as `value`, so
                     * regardless of field being a textbox, a single or multiple choice combobox, conversion is required:
                     *   1. For combobox (i.e. `<select>`), iterate over selected options and map them to display `text`
                     *     and underlying `value`.
                     *   2. For textbox (i.e. `<input>` or `<textarea>`):
                     *     1. Use entered value as both display `text` and underlying `value`.
                     *     2. If field is empty, use an empty array.
                     */
                    const value =
                        field?.tagName === 'SELECT'
                        ? [...field.selectedOptions].map((option) => ({ text: option.innerText, value: option.value }))
                        : [...(field?.value ? [{ text: field.value, value: field.value }] : [])];

                    manageDynamicFilter({ action: 'set', name, text, value });
                };

                /**
                 * Synchronize given `filter` value from dynamic to default filter form.
                 * @param {string} name - Filter name.
                 * @returns {void} Do not return any value, just set given field values.
                 */
                const syncDynamicToDefault = (name) => {
                    const { defaultFilterForm, dynamicFilterForm } = getFilterForms();

                    const current = [...dynamicFilterForm.querySelectorAll(`input[name="${name}"][type="hidden"]`)].map(
                        (input) => ({
                            text: [...(input.parentElement?.childNodes ?? [])].find((node) => node.nodeName === '#text')?.wholeText,
                            value: input.getAttribute('value'),
                        }),
                    );

                    const sync = defaultFilterForm?.querySelector(`[name=${name}]`);

                    if (sync?.tagName === 'INPUT' || sync?.tagName === 'TEXTAREA') {
                        sync.value = current.length > 0 ? current[0].value : '';
                    } else if (sync?.tagName === 'SELECT') {
                        window.nb.select2.setSelect2Value(sync, current);
                    }
                };

                /**
                 * Manage dynamic filter either by adding values to the existing selection or by setting passed values
                 * regardless of previous selection.
                 * @param {'add'|'set'} action - Use `'add'` to add given value to the existing selection; use `'set'`
                 *   to set given value regardless of what was set previously.
                 * @param {string} name - Filter field name.
                 * @param {string} text - Filter display text.
                 * @param {object[]} value - Array of objects containing `text` and `value` key-value pairs.
                 */
                const manageDynamicFilter = ({ action, name, text, value }) => {
                    const { dynamicFilterForm } = getFilterForms();
                    const items = dynamicFilterForm.querySelector('.nb-dynamic-filter-items');

                    const group = (() => {
                        const existing = items.querySelector(`.nb-multi-badge[data-nb-field="${name}"]`);
                        if (existing) {
                            return existing;
                        }

                        const group = document.createElement('span');
                        group.classList.toggle('badge', true);
                        group.classList.toggle('nb-multi-badge', true);
                        group.setAttribute('data-nb-field', name);

                        const button = document.createElement('button');
                        button.classList.toggle('nb-dynamic-filter-remove', true);
                        button.setAttribute('type', 'button');

                        const close = document.createElement('span');
                        close.classList.toggle('mdi', true);
                        close.classList.toggle('mdi-close', true);
                        close.setAttribute('aria-hidden', 'true');

                        const remove = document.createElement('span');
                        remove.classList.toggle('visually-hidden', true);
                        remove.innerText = 'Remove All';

                        const children = document.createElement('span');
                        children.classList.toggle('nb-multi-badge-items', true);

                        button.appendChild(close);
                        button.appendChild(remove);
                        group.appendChild(button);
                        group.insertAdjacentText('beforeend', `${text}:`);
                        group.appendChild(children);

                        return group;
                    })();

                    const children = group.querySelector('.nb-multi-badge-items');
                    const existing = [...children.querySelectorAll('.badge[data-nb-value]')];

                    /*
                     * Depending on `action` remove the following badges:
                     *   1. For `'add'`, remove already existing filters with the same key-value pairs and re-create them later.
                     *   2. For `'set'`, remove all existing filters of given key and apply only these passed as `values`.
                     */
                    const badgesToRemove =
                        action === 'add'
                        ? existing.filter((badge) => value.some((item) => badge.getAttribute('data-nb-value') === item.value))
                        : existing;
                    badgesToRemove.forEach((item) => children.removeChild(item));

                    value.forEach(({ text, value }) => {
                        const badge = document.createElement('span');
                        badge.classList.toggle('badge', true);
                        badge.setAttribute('data-nb-value', value);

                        const input = document.createElement('input');
                        input.setAttribute('name', name);
                        input.setAttribute('type', 'hidden');
                        input.setAttribute('value', value);

                        const button = document.createElement('button');
                        button.classList.toggle('nb-dynamic-filter-remove', true);
                        button.setAttribute('type', 'button');

                        const close = document.createElement('span');
                        close.classList.toggle('mdi', true);
                        close.classList.toggle('mdi-close', true);
                        close.setAttribute('aria-hidden', 'true');

                        const remove = document.createElement('span');
                        remove.classList.toggle('visually-hidden', true);
                        remove.innerText = 'Remove';

                        button.appendChild(close);
                        button.appendChild(remove);
                        badge.appendChild(button);
                        badge.insertAdjacentText('beforeend', text);
                        badge.appendChild(input);

                        insertFirst(badge, children);
                    });

                    // If group already exists, remove it and later insert as the first child.
                    if (items.contains(group)) {
                        items.removeChild(group);
                    }

                    if (children.hasChildNodes()) {
                        insertFirst(group, items);
                    }
                };

                document.addEventListener('click', (event) => {
                    const { defaultFilterForm, dynamicFilterForm } = getFilterForms();

                    const add = event.target.closest('button.nb-dynamic-filter-add');
                    if (add) {
                        const field = dynamicFilterForm.querySelector('[name$="lookup_field"]');
                        const type = dynamicFilterForm.querySelector('[name$="lookup_type"]');
                        const value = [...dynamicFilterForm.querySelectorAll('.nb-form-group')]
                            .pop()
                        ?.querySelector('input, select, textarea');

                        const isMissing = (control) =>
                        control?.selectedOptions ? control.selectedOptions.length === 0 : !control?.value;
                        if (isMissing(field) || isMissing(type) || isMissing(value)) {
                            // Return early if selected filter is not complete (i.e. is missing lookup field, type or value).
                            return;
                        }

                        const name = type.selectedOptions[0].value;
                        const label = field.selectedOptions[0].innerText.trim();
                        const suffix = type.selectedOptions[0].innerText.trim();
                        const text = /\(\w+\)/.test(suffix) ? `${label} ${suffix}` : label;
                        const values =
                            value?.getAttribute('multiple') !== null
                            ? [...value.selectedOptions].map((option) => ({ text: option.innerText.trim(), value: option.value }))
                            : [{ text: value?.value, value: value?.value }];

                        // If field exists in default filter form and is a single value input, use `'set'` action.
                        const action =
                            defaultFilterForm.querySelector(`[name="${name}"]`) &&
                        (value.tagName === 'INPUT' || value.tagName === 'TEXTAREA')
                            ? 'set'
                            : 'add';
                        manageDynamicFilter({ action, name, text, value: values });

                        syncDynamicToDefault(name);
                    }

                    const remove = event.target.closest('button.nb-dynamic-filter-remove');
                    if (remove) {
                        const badge = remove.closest('.badge');
                        /*
                         * Remove the group badge (i.e. multi-badge) when given badge is the group badge itself, or it is the only
                         * one left in the group (i.e. has no siblings) because removing it will leave the group badge empty anyway.
                         */
                        const shouldRemoveGroup =
                            badge?.classList.contains('nb-multi-badge') ||
                        (!badge?.previousElementSibling && !badge?.nextElementSibling);
                        shouldRemoveGroup ? badge?.closest('.nb-multi-badge')?.remove() : badge?.remove();

                        syncDynamicToDefault(badge?.querySelector('input[type="hidden"]')?.getAttribute('name'));
                    }
                });

                // Need to wrap `document` with jQuery to be able to listen to Select2 `change` event.
                $(document).on('change', (event) => {
                    const { defaultFilterForm } = getFilterForms();
                    const isDefaultFilterFormField = event.target.form === defaultFilterForm;
                    if (isDefaultFilterFormField) {
                        syncDefaultToDynamic(event.target.name);
                    }
                });

                // Need to wrap `document` with jQuery to be able to listen to Select2 `change` event.
                $(document).on('change', async (event) => {
                    const isLookupType = event.target.getAttribute('name')?.endsWith('lookup_type');
                    if (isLookupType) {
                        const content_type = event.target.getAttribute('data-contenttype');
                        const field_name = event.target.value;
                        const value = [...event.target.form.querySelectorAll('.nb-form-group')]
                            .pop()
                        ?.querySelector('input, select, textarea');

                        if (field_name) {
                            const replacement = await (async () => {
                                try {
                                    const response = await window.fetch(
                                        `/api/ui/core/filterset-fields/lookup-value-dom-element/?${new URLSearchParams({ content_type, field_name })}`,
                                        { method: 'GET', headers: { Accept: '*/*' } },
                                    );

                                    const html = await response.json();

                                    const element = document.createElement('div');
                                    element.innerHTML = html;

                                    return element.firstElementChild;
                                } catch (exception) {
                                    // Default to `<input type="text" ...>` field if error occurs.
                                    const input = document.createElement('input');
                                    input.classList.toggle('lookup_value-input', true);
                                    input.classList.toggle('form-control', true);
                                    input.setAttribute('id', `id_for_${field_name}`);
                                    input.setAttribute('name', field_name);
                                    input.setAttribute('type', 'text');
                                    return input;
                                }
                            })();

                            value.replaceWith(replacement);
                            replacement.nextElementSibling?.remove(); // Remove Select2 widget if present.
                            replacement.previousElementSibling?.setAttribute('for', replacement.getAttribute('id')); // Set label `for` attribute to match field `id`.
                            initializeInputs(replacement.parentElement);
                        }
                    }
                });

                // Need to wrap `document` with jQuery to be able to listen to Select2 `change` event.
                $(document).on('change', (event) => {
                    const isLookupField = event.target.getAttribute('name')?.endsWith('lookup_field');
                    const isLookupType = event.target.getAttribute('name')?.endsWith('lookup_type');

                    if (isLookupField) {
                        const type = event.target.form.querySelector('[name$="lookup_type"]');
                        $(type).val(null).trigger('change');
                    }

                    if (isLookupField || isLookupType) {
                        const value = [...event.target.form.querySelectorAll('.nb-form-group')]
                            .pop()
                        ?.querySelector('input, select, textarea');

                        if (value.tagName === 'SELECT') {
                            $(value).val(null).trigger('change');
                        } else {
                            value.value = '';
                        }
                    }
                });

                const isFilterForm = (target) => Boolean(target?.closest('#FilterForm_drawer'));

                document.addEventListener('reset', (event) => {
                    if (isFilterForm(event.target)) {
                        event.preventDefault();

                        // Remove all filter query params from location search while keeping non-filter params intact.
                        const searchParams = new URLSearchParams(window.location.search);
                        const nextSearchParams = new URLSearchParams([
                            ...[...searchParams].filter(
                                ([property]) => NON_FILTER_PARAMS.includes(property) && property !== 'all_filters_removed',
                            ),
                            ['all_filters_removed', 'true'],
                        ]);

                        location.assign(`?${nextSearchParams}`);
                    }
                });

                document.addEventListener('submit', (event) => {
                    if (isFilterForm(event.target)) {
                        event.preventDefault();

                        const { defaultFilterForm, dynamicFilterForm } = getFilterForms();

                        /*
                         * Just before the form submission automatically add filter selected in "Advanced" tab (if any)
                         * which hasn't been manually applied for whatever reason (usually forgetfulness, speed, etc.).
                         * This is a requested UX flavor.
                         */
                        const add = dynamicFilterForm.querySelector('button.nb-dynamic-filter-add');
                        add.click();

                        // Remove all field names which are not applied filters container descendants.
                        [...dynamicFilterForm.querySelectorAll('input, select, textarea')].forEach((field) =>
                            field.closest('.nb-dynamic-filter-items') ? undefined : field.removeAttribute('name'),
                        );

                        /*
                         * Get the serialized data from the forms and:
                         *   1) Filter out query params which values are empty e.g `?sam=&dan=2` becomes `dan=2`.
                         *   2) Combine the two forms into a single set of data without duplicate entries.
                         */
                        const defaultFilterFormSearchParams = new URLSearchParams(new FormData(defaultFilterForm));
                        const dynamicFilterFormSearchParams = new URLSearchParams(new FormData(dynamicFilterForm));
                        const searchParams = new URLSearchParams(window.location.search);

                        const nextSearchParams = new URLSearchParams([
                            ...[...defaultFilterFormSearchParams].filter(([, value]) => value !== ''),
                            ...[...dynamicFilterFormSearchParams].filter(
                                ([property, value]) => value !== '' && !defaultFilterFormSearchParams.has(property, value),
                            ),
                            ...[...searchParams].filter(
                                ([property]) => NON_FILTER_PARAMS.includes(property) && property !== 'all_filters_removed',
                            ),
                        ]);

                        if (nextSearchParams.has('saved_view')) {
                            const all_filters_removed = [...nextSearchParams].every(([property]) =>
                                NON_FILTER_PARAMS.includes(property),
                            );

                            if (all_filters_removed) {
                                nextSearchParams.set('all_filters_removed', 'true');
                            }
                        }

                        location.assign(`?${nextSearchParams}`);
                    }
                });

                const onSubmitOrReset = (event) => (isFilterForm(event.target) ? window.nb?.history?.saveState() : undefined);
                document.addEventListener('reset', onSubmitOrReset);
                document.addEventListener('submit', onSubmitOrReset);
            });
        })();
    </script>


    
        


<section class="nb-drawer" tabindex="-1" id="ISISInterfaceConfigurationTable_config">
    <div class="nb-drawer-header">
        <h1>Table Configuration</h1>
        <button type="button" class="btn-close" data-nb-dismiss="drawer" aria-label="Close"></button>
    </div>
    <div class="nb-drawer-body">
        <form class="userconfigform h-100 pb-20 px-20 vstack" data-config-root="tables.ISISInterfaceConfigurationTable">
            <div class="row align-content-start flex-fill">
                <div class="col-12">
                    <div class="alert alert-warning">
                        Column choices may negatively affect loading times.
                        <a href="/static/docs/user-guide/platform-functionality/user-interface/configurablecolumns.html" class="btn btn-link btn-sm" target="_blank" rel="noopener">
                            <span class="mdi mdi-information"></span>
                        </a>
                    </div>
                </div>
                <div class="col-12">
                    
                        <select name="columns" size="20" class="form-control" placeholder="None" id="id_columns" multiple>
  <option value="isis_config" selected>Isis config</option>

  <option value="interface" selected>Interface</option>

  <option value="circuit_type" selected>Circuit type</option>

  <option value="metric" selected>Metric</option>

  <option value="status" selected>Status</option>

  <option value="dynamic_group_count">Dynamic Groups</option>

</select>
                        <span class="form-text mt-8">Use the buttons below to arrange columns in the desired order, then select all columns to display.</span>
                        <div class="hstack gap-4 mt-8 mx-n4">
                            
                            <button type="button" class="btn btn-primary btn-sm" id="move-option-up" data-target="id_columns"><span class="mdi mdi-arrow-up-bold me-4"></span>Move up</button>
                            <button type="button" class="btn btn-primary btn-sm" id="move-option-down" data-target="id_columns"><span class="mdi mdi-arrow-down-bold me-4"></span>Move down</button>
                            <button type="button" class="btn btn-success btn-sm" id="select-all-options" data-target="id_columns"><span class="mdi mdi-expand-all-outline me-4"></span>Select all</button>
                            
                        </div>
                    
                </div>
            </div>
            <div class="nb-form-sticky-footer">
                <input type="submit" class="btn btn-primary" value="Save">
                <input type="submit" class="btn btn-danger reset" value="Reset">
            </div>
        </form>
    </div>
</section>


    <script>
        (() => {
            document.addEventListener('DOMContentLoaded', () => {
                document.addEventListener('submit', (event) => {
                    if (event.target.closest('#ISISInterfaceConfigurationTable_config')) {
                        // Keep the drawer open after page reload caused by form submission.
                        window.nb.history.saveState();
                    }
                });
            });
        })();
    </script>


    
    <section class="nb-drawer" tabindex="-1" id="SavedViews_drawer">
        <div class="nb-drawer-header">
            <h1>Saved Views</h1>
            <button type="button" class="btn-close" data-nb-dismiss="drawer" aria-label="Close"></button>
        </div>
        <div class="nb-drawer-body pb-20 px-20">
            <div class="align-items-start vstack flex-grow-0 gap-10">
                
            </div>
            
            <div class="align-items-start vstack gap-10">
                Actions:
                
                <a class="btn btn-secondary" href="" data-bs-toggle="modal" data-bs-target="#saved_view_modal">
                    <span class="mdi mdi-content-save-plus-outline me-4" aria-hidden="true"></span>Save As New
                </a>
                
            </div>
        </div>
    </section>

        </div>
        <header id="header">
            <div class="banner-alert-area">
                



    
        <div class="alert alert-info text-center" role="alert">
            <p>Local</p>
        </div>
    






                

            </div>
            <div class="container-fluid mb-12 mt-16">
                <div class="row">
                    <div id="page-title" class="col-4">
                        
                            


<h1 class="d-flex fs-2 gap-8 lh-sm py-6">
    <img
        alt="Nautobot chevron"
        class="align-self-start flex-grow-0 flex-shrink-0 my-n4"
        role="presentation"
        src="/static/img/nautobot_chevron.svg"
        style="width: 1.5rem;"
    />
    
        ISIS Interface Configurations
    
</h1>

                        
                    </div>
                    



    
        <form action="/search/" class="col-4 text-center" id="header_search" method="get" role="search">
            <label class="position-relative w-100">
                <input
                    aria-placeholder="Press Ctrl+K to search"
                    class="form-control nb-text-transparent"
                    name="q"
                    type="search"
                    value=""
                />
                <span class="align-items-center d-inline-flex gap-6 overflow-hidden px-12 py-6 pe-none position-absolute start-0 top-0 user-select-none w-100">
                    <span aria-hidden="true" class="mdi mdi-magnify text-secondary d-inline-flex"></span>
                    
                        
                            
                                
                                    
                                        <span class="badge border" data-nb-link="/plugins/nautobot-igp-models/isis-interface-configuration/"><!--
                                            -->in: ISIS Interface Configuration<!--
                                            --><button tabindex="-1" type="button">
                                            <span aria-hidden="true" class="mdi mdi-close"></span>
                                            <span class="visually-hidden">Remove</span>
                                        </button>
                                        </span>
                                    
                                
                            
                        
                            
                                
                                    
                                
                                    
                                
                            
                        
                    
                    <span
                        aria-hidden="true"
                        class="align-items-center d-inline-flex gap-4 text-nowrap text-secondary"
                    >
                        
                            Press <kbd class="mt-n1">Ctrl+K</kbd> to search
                        
                    </span>
                    <a class="align-items-center d-inline-flex ms-auto pe-auto"
                       href="/static/docs/user-guide/platform-functionality/user-interface/search.html"
                       target="_blank"
                       rel="noopener"
                    >
                        <span aria-hidden="true" class="mdi mdi-help-circle-outline text-secondary"></span>
                    </a>
                </span>
            </label>
        </form>
    

    <div class="col-4 text-end">
        <div class="dropdown">
            <button class="btn dropdown-toggle align-items-center d-inline-flex gap-6" type="button" data-bs-toggle="dropdown" aria-expanded="false">
                <span aria-hidden="true" class="mdi mdi-account text-secondary"></span>
                nautobotuser
            </button>
            <ul class="dropdown-menu dropdown-menu-end">
                <li><a class="dropdown-item" href="/about/"><span class="mdi mdi-information"></span>About Nautobot</a></li>
                <li><a class="dropdown-item" href="/user/profile/"><span class="mdi mdi-account-box"></span>Profile</a></li>
                <li><a class="dropdown-item" href="/extras/approver-dashboard/"><span class="mdi mdi-check-bold"></span>Approval Dashboard</a></li>
                
                <li class="dropdown-divider"></li>
                <li><a class="dropdown-item" href="/logout/"><span class="mdi mdi-logout"></span>Log out</a></li>
            </ul>
        </div>
    </div>


                    <div class="col-12">
                        
    

    

    

<nav aria-label="Breadcrumbs" class="mt-1">
    <ol class="breadcrumb">
        
            
                
            
        
    </ol>
</nav>


                    </div>
                </div>
            </div>
            
        </header>
        <main class="container-fluid wrapper" id="main-content" tabindex="-1">
            
    <div class="align-items-center d-flex gap-8 justify-content-end mb-16 d-print-none">
        
        

        <div class="btn-group">
            
                
    
        <a href="/plugins/nautobot-igp-models/isis-interface-configuration/add/" class="btn btn-primary" id="add-button">
            <span class="mdi mdi-plus-thick" aria-hidden="true"></span> Add ISIS Interface Configuration
        </a>
    


                <button type="button" id="actions-dropdown" class="btn btn-primary dropdown-toggle" data-bs-toggle="dropdown">
                    <span class="visually-hidden">Toggle Dropdown</span>
                    <span class="mdi mdi-chevron-down"></span>
                </button>
            
            <ul class="dropdown-menu dropdown-menu-end" role="menu">
                
                    
                        
    
        <li>
            <a class="dropdown-item" id="import-button" href="/extras/jobs/nautobot.core.jobs.ImportObjects/run/?content_type=196">
                <span class="mdi mdi-database-import text-secondary" aria-hidden="true"></span> Import from CSV
            </a>
        </li>
    


                    
                
                
                    <li class="dropdown-divider"></li>
                
                
                    
                        
    
        
        
        <li>
            <form action="/extras/jobs/nautobot.core.jobs.ExportObjectList/run/" method="post">
                <input type="hidden" name="csrfmiddlewaretoken" value="syJzdoQA4EDej9SxwSzqmiREIxfOZQvOYjw4j7AgTt71MtDdOUzdESozQRITpu3E">
                <input type="hidden" name="content_type" value="196">
                <input type="hidden" name="query_string" value="">
                <input type="hidden" name="_schedule_type" value="immediately">
                <input type="hidden" name="export_format" value="csv">
                <button class="dropdown-item" type="submit">
                    <span class="mdi mdi-database-export text-secondary" aria-hidden="true"></span> Export as CSV
                </button>
            </form>
        </li>
        
    


                    
                
            </ul>
        </div>
        
        
            
            
        
        
            
            
        
        <div class="align-items-center d-flex gap-4">
            
                <button
                    type="button"
                    class="btn position-relative text-secondary"
                    data-nb-toggle="drawer"
                    data-nb-target="#SavedViews_drawer"
                    title="Saved Views"
                    aria-expanded="false"
                    aria-controls="SavedViews_drawer"
                >
                    <span class="mdi mdi-view-compact-outline" aria-hidden="true"></span>
                    <span class="visually-hidden">Saved Views</span>
                    
                </button>
            
            
                <button
                    type="button"
                    class="btn position-relative text-secondary"
                    data-nb-toggle="drawer"
                    data-nb-target="#FilterForm_drawer"
                    title="Add Filters"
                    id="id__filterbtn"
                    aria-controls="FilterForm_drawer"
                    aria-expanded="false"
                >
                    <span class="mdi mdi-filter" aria-hidden="true"></span>
                    <span class="visually-hidden">Add Filters</span>
                    
                </button>
            
        </div>
    </div>

    

    <div>
        
            
                
                    


<div class="card mb-3">
    
    <div class="table-responsive">
        



    <table class="table table-hover nb-table-headings">
        
            <thead>
                <tr>
                    
                        
                            
                                <th class="orderable"><a href="?sort=isis_config" data-column-name="isis_config">Isis config</a></th>
                            
                        
                    
                        
                            
                                <th class="orderable"><a href="?sort=interface" data-column-name="interface">Interface</a></th>
                            
                        
                    
                        
                            
                                <th class="orderable"><a href="?sort=circuit_type" data-column-name="circuit_type">Circuit type</a></th>
                            
                        
                    
                        
                            
                                <th class="orderable"><a href="?sort=metric" data-column-name="metric">Metric</a></th>
                            
                        
                    
                        
                            
                                <th class="orderable"><a href="?sort=status" data-column-name="status">Status</a></th>
                            
                        
                    
                        
                            <th class="nb-actionable nb-w-0 orderable">
                                <button
            type="button"
            class="btn border-0 float-end rounded-0 text-end text-secondary "
            data-nb-toggle="drawer"
            data-nb-target="#ISISInterfaceConfigurationTable_config"
            
            title="Configure table"
            aria-controls="ISISInterfaceConfigurationTable_config"
            aria-expanded="false"
        >
            <span class="mdi mdi-cog" aria-hidden="true"></span>
            <span class="visually-hidden">Configure</span>
        </button>
                            </th>
                        
                    
                    
                </tr>
            </thead>
        
        <tbody>
            
                <tr class="even">
                    
                        <td ><a href="/plugins/nautobot-igp-models/isis-configuration/36e2db03-b595-410f-a495-ca3ecd5e9749/">ISIS-Config-R1</a></td>
                    
                        <td ><a href="/dcim/interfaces/ceb9d0ef-5f1d-4a56-ba7f-07d4dd0fa488/">GigabitEthernet1</a></td>
                    
                        <td >Level-2</td>
                    
                        <td >10</td>
                    
                        <td >
    
    
        <span class="badge" style="color: #ffffff; background-color: #4caf50">
            Active
        </span>
    
    </td>
                    
                        <td class="d-print-none nb-actions nb-w-0 text-end text-nowrap">
    <div class="dropdown">
        <button class="btn dropdown-toggle" type="button" data-bs-toggle="dropdown" aria-expanded="false">
            <span class="mdi mdi-dots-vertical" aria-hidden="true"></span>
            <span class="visually-hidden">Toggle Dropdown</span>
        </button>
        <ul class="dropdown-menu dropdown-menu-end">
            
            
            
            
        </ul>
    </div>

    </td>
                    
                    
                </tr>
            
        </tbody>
        
    </table>


    </div>
    
</div>

                
            
            

<div class="paginator align-items-center d-flex fs-5 gap-10 justify-content-end mt-16 text-secondary">
    
        <div>
            Showing 1-1 of 1
        </div>
        <div class="vr border-start my-8"></div>
    
    <form class="align-items-center d-flex gap-4" method="get">
        
        <select name="per_page" id="per_page" class="form-select">
            
                <option value="65000" selected="selected">65000</option>
            
            
                <option value="25">25</option>
            
                <option value="50">50</option>
            
                <option value="100">100</option>
            
                <option value="250">250</option>
            
                <option value="500">500</option>
            
                <option value="1000">1000</option>
            
        </select>
        per page
    </form>
    
</div>

            <div class="clearfix"></div>
        
    </div>
    
        


<div class="modal fade" tabindex="-1" id="saved_view_modal" role="dialog">
    <div class="modal-dialog modal-lg">
        <div class="modal-content">
            <div class="modal-header">
                <h4 class="modal-title">New Saved View</h4>
                <button type="button" class="btn-close" data-bs-dismiss="modal" aria-label="Close"></button>
            </div>
            <form action="/extras/saved-views/add/" method="post">
                <div class="modal-body">
                    <input type="hidden" name="csrfmiddlewaretoken" value="syJzdoQA4EDej9SxwSzqmiREIxfOZQvOYjw4j7AgTt71MtDdOUzdESozQRITpu3E">
                    <div class="row">
                        

<div class="mb-10 d-md-flex justify-content-center">
    
        <label class="col-md-3 col-form-label nb-required" for="id_name">
            Name
        </label>
        <div class="col-md-9">
            <input type="text" name="name" maxlength="255" class="form-control" required placeholder="Name" id="id_name">
            
            
                <span class="form-text">The name of this view</span>
            
    
    
</div>
</div>

                        <span class="col-lg-3 text-end text-secondary">New Changes</span>
                        <div class="col-lg-9">
                            <pre><code class="language-json">{
    &quot;filter_params&quot;: {},
    &quot;per_page&quot;: 65000,
    &quot;sort_order&quot;: [],
    &quot;table_config&quot;: null
}</code></pre>
                        </div>
                        

<div class="mb-10 d-md-flex justify-content-center">
    
        <div class="col-md-9 offset-md-3">
            <div class="form-check mt-6">
                <input type="checkbox" name="is_shared" class="form-check-input" placeholder="Is shared" id="id_is_shared">
                <label class="form-check-label" for="id_is_shared">
                    Is shared
                </label>
            </div>
            
            
                <span class="form-text">If checked, all users will be able to see this saved view</span>
            
    
    
</div>
</div>

                        <input type="hidden" id="view" name="view" value="plugins:nautobot_igp_models:isisinterfaceconfiguration_list">
                        <input type="hidden" id="params" name="params" value="">
                    </div>
                </div>
                <div class="modal-footer">
                    <button type="submit" class="btn btn-primary">
                        <span aria-hidden="true" class="mdi mdi-content-save-plus-outline me-4"></span><!--
                        -->Save
                    </button>
                    <button class="btn btn-secondary" data-bs-dismiss="modal" type="button">
                        <span aria-hidden="true" class="mdi mdi-close me-4"></span><!--
                        -->Cancel
                    </button>
                </div>
            </form>
        </div>
    </div>
</div>

    
    

<div class="modal fade" tabindex="-1" role="dialog" id="dynamic_group_assignment_modal">
    <div class="modal-dialog modal-lg" role="document">
        <div class="modal-content">
            <div class="modal-header">
                <button type="button" class="btn-close" data-bs-dismiss="modal" aria-label="Close">
                </button>
                <h4 class="modal-title">Static Assignment to Dynamic Groups</h4>
            </div>
            <form id="dynamic_group_assignment_form" action="/extras/dynamic-groups/assign-members/?"
                  method="post" class="form form-horizontal">
                <div class="modal-body">
                    <input type="hidden" name="csrfmiddlewaretoken" value="syJzdoQA4EDej9SxwSzqmiREIxfOZQvOYjw4j7AgTt71MtDdOUzdESozQRITpu3E">
                    <input type="hidden" name="return_url" value="/plugins/nautobot-igp-models/isis-interface-configuration/">
                    <input type="hidden" id="dynamic_group_assignment_all" name="_all">
                    <span id="dynamic_group_assignment_pks"></span>
                    
                        <input type="hidden" name="content_type" value="196" class="form-control" required="required" placeholder="None" id="id_content_type">
                    
                        
                    
                    

<div class="mb-10 d-md-flex justify-content-center">
    
        <label class="col-md-3 col-form-label" for="id_add_to_groups">
            Add to existing group(s)
        </label>
        <div class="col-md-9">
            <select name="add_to_groups" class="nautobot-select2-api" data-multiple="1" data-query-param-group_type="[&quot;static&quot;]" data-query-param-content_type="[&quot;nautobot_igp_models.isisinterfaceconfiguration&quot;]" data-query-param-exclude_m2m="[&quot;true&quot;]" display-field="display" data-depth="0" data-url="/api/extras/dynamic-groups/" id="id_add_to_groups" multiple>
</select>
            
            
    
    
</div>
</div>

                    

<div class="mb-10 d-md-flex justify-content-center">
    
        <label class="col-md-3 col-form-label" for="id_create_and_assign_to_new_group_name">
            Create a new group
        </label>
        <div class="col-md-9">
            <input type="text" name="create_and_assign_to_new_group_name" class="form-control" placeholder="Create a new group" id="id_create_and_assign_to_new_group_name">
            
            
                <span class="form-text">Create a new group with this name and assign the selected objects to it.</span>
            
    
    
</div>
</div>

                    

<div class="mb-10 d-md-flex justify-content-center">
    
        <label class="col-md-3 col-form-label" for="id_remove_from_groups">
            Remove from group(s)
        </label>
        <div class="col-md-9">
            <select name="remove_from_groups" class="nautobot-select2-api" data-multiple="1" data-query-param-group_type="[&quot;static&quot;]" data-query-param-content_type="[&quot;nautobot_igp_models.isisinterfaceconfiguration&quot;]" data-query-param-exclude_m2m="[&quot;true&quot;]" display-field="display" data-depth="0" data-url="/api/extras/dynamic-groups/" id="id_remove_from_groups" multiple>
</select>
            
            
    
    
</div>
</div>

                </div>
                <div class="modal-footer">
                    <button type="submit" class="btn btn-primary">
                        <span class="mdi mdi-group" aria-hidden="true"></span> Apply
                    </button>
                    <button type="button" class="btn btn-secondary" id="dynamic_group_assignment_cancel">
                        <span class="mdi mdi-close-thick" aria-hidden="true"></span> Cancel
                    </button>
                </div>
            </form>
        </div>
    </div>
</div>


        </main>
        
            
        
        





======================================================================
FAIL: test_create_object_with_constrained_permission (nautobot_igp_models.tests.test_views.OSPFConfigurationViewTest.test_create_object_with_constrained_permission)
----------------------------------------------------------------------
Traceback (most recent call last):
  File "/usr/local/lib/python3.11/site-packages/django/test/utils.py", line 461, in inner
    return func(*args, **kwargs)
           ^^^^^^^^^^^^^^^^^^^^^
  File "/usr/local/lib/python3.11/site-packages/nautobot/core/testing/views.py", line 638, in test_create_object_with_constrained_permission
    self.assertHttpStatus(self.client.post(**request), 302)
  File "/usr/local/lib/python3.11/site-packages/nautobot/core/testing/mixins.py", line 232, in assertHttpStatus
    self.assertIn(response.status_code, expected_status, err_message)
AssertionError: 200 not found in [302] : Expected HTTP status(es) [302]; received 200:
{'form': <OSPFConfigurationForm bound=True, valid=False, fields=(name;instance;process_id;status;object_note;dynamic_groups)>, 'request': <rest_framework.request.Request: POST '/plugins/nautobot-igp-models/ospf-configuration/add/'>}

======================================================================
FAIL: test_create_object_with_permission (nautobot_igp_models.tests.test_views.OSPFConfigurationViewTest.test_create_object_with_permission)
----------------------------------------------------------------------
Traceback (most recent call last):
  File "/usr/local/lib/python3.11/site-packages/django/test/utils.py", line 461, in inner
    return func(*args, **kwargs)
           ^^^^^^^^^^^^^^^^^^^^^
  File "/usr/local/lib/python3.11/site-packages/nautobot/core/testing/views.py", line 569, in test_create_object_with_permission
    self.assertHttpStatus(self.client.post(**request), 302)
  File "/usr/local/lib/python3.11/site-packages/nautobot/core/testing/mixins.py", line 232, in assertHttpStatus
    self.assertIn(response.status_code, expected_status, err_message)
AssertionError: 200 not found in [302] : Expected HTTP status(es) [302]; received 200:
{'form': <OSPFConfigurationForm bound=True, valid=False, fields=(name;instance;process_id;status;object_note;dynamic_groups)>, 'request': <rest_framework.request.Request: POST '/plugins/nautobot-igp-models/ospf-configuration/add/'>}

======================================================================
FAIL: test_edit_object_with_constrained_permission (nautobot_igp_models.tests.test_views.OSPFConfigurationViewTest.test_edit_object_with_constrained_permission)
----------------------------------------------------------------------
Traceback (most recent call last):
  File "/usr/local/lib/python3.11/site-packages/django/test/utils.py", line 461, in inner
    return func(*args, **kwargs)
           ^^^^^^^^^^^^^^^^^^^^^
  File "/usr/local/lib/python3.11/site-packages/nautobot/core/testing/views.py", line 770, in test_edit_object_with_constrained_permission
    self.assertHttpStatus(self.client.post(**request), 302)
  File "/usr/local/lib/python3.11/site-packages/nautobot/core/testing/mixins.py", line 232, in assertHttpStatus
    self.assertIn(response.status_code, expected_status, err_message)
AssertionError: 200 not found in [302] : Expected HTTP status(es) [302]; received 200:
{'form': <OSPFConfigurationForm bound=True, valid=False, fields=(name;instance;process_id;status;object_note;dynamic_groups)>, 'request': <rest_framework.request.Request: POST '/plugins/nautobot-igp-models/ospf-configuration/622334b8-178f-4022-81d5-40cb4923fa60/edit/'>}

======================================================================
FAIL: test_edit_object_with_permission (nautobot_igp_models.tests.test_views.OSPFConfigurationViewTest.test_edit_object_with_permission)
----------------------------------------------------------------------
Traceback (most recent call last):
  File "/usr/local/lib/python3.11/site-packages/django/test/utils.py", line 461, in inner
    return func(*args, **kwargs)
           ^^^^^^^^^^^^^^^^^^^^^
  File "/usr/local/lib/python3.11/site-packages/nautobot/core/testing/views.py", line 724, in test_edit_object_with_permission
    self.assertHttpStatus(self.client.post(**request), 302)
  File "/usr/local/lib/python3.11/site-packages/nautobot/core/testing/mixins.py", line 232, in assertHttpStatus
    self.assertIn(response.status_code, expected_status, err_message)
AssertionError: 200 not found in [302] : Expected HTTP status(es) [302]; received 200:
{'form': <OSPFConfigurationForm bound=True, valid=False, fields=(name;instance;process_id;status;object_note;dynamic_groups)>, 'request': <rest_framework.request.Request: POST '/plugins/nautobot-igp-models/ospf-configuration/0f886bfe-32d7-4001-a943-3a1766cdf6d2/edit/'>}

======================================================================
FAIL: test_get_object_with_permission (nautobot_igp_models.tests.test_views.OSPFConfigurationViewTest.test_get_object_with_permission)
----------------------------------------------------------------------
Traceback (most recent call last):
  File "/usr/local/lib/python3.11/site-packages/django/test/utils.py", line 461, in inner
    return func(*args, **kwargs)
           ^^^^^^^^^^^^^^^^^^^^^
  File "/usr/local/lib/python3.11/site-packages/nautobot/core/testing/views.py", line 232, in test_get_object_with_permission
    self.assertEqual(
AssertionError: 1 != 0 : This view was expected to execute 0 recursive database queries but 1 were executed. If this is expected, please update the OSPFConfigurationViewTest.allowed_number_of_tree_queries_per_view_type['retrieve'] property. Care should be taken to only increase these numbers where necessary - recursive queries can become really slow with bigger datasets. The following queries were used:

    WITH RECURSIVE __rank_table(
        
        "id",
        "parent_id",
        "rank_order"
    ) AS (
        SELECT "dcim_location"."id", "dcim_location"."parent_id", ROW_NUMBER() OVER (ORDER BY "dcim_location"."_name") AS "rank_order" FROM "dcim_location"
    ),
    __tree (
        
        "tree_depth",
        "tree_path",
        "tree_ordering",
        "tree_pk"
    ) AS (
        SELECT
            
            0,
            array[T.id],
            array[T.rank_order],
            T."id"
        FROM __rank_table T
        WHERE T."parent_id" IS NULL

        UNION ALL

        SELECT
            
            __tree.tree_depth + 1,
            __tree.tree_path || T.id,
            __tree.tree_ordering || T.rank_order,
            T."id"
        FROM __rank_table T
        JOIN __tree ON T."parent_id" = __tree.tree_pk
    )
    SELECT (__tree.tree_depth) AS "tree_depth", (__tree.tree_path) AS "tree_path", (__tree.tree_ordering) AS "tree_ordering", "dcim_location"."id", "dcim_location"."created", "dcim_location"."last_updated", "dcim_location"."_custom_field_data", "dcim_location"."parent_id", "dcim_location"."name", "dcim_location"."_name", "dcim_location"."location_type_id", "dcim_location"."status_id", "dcim_location"."tenant_id", "dcim_location"."description", "dcim_location"."facility", "dcim_location"."asn", "dcim_location"."time_zone", "dcim_location"."physical_address", "dcim_location"."shipping_address", "dcim_location"."latitude", "dcim_location"."longitude", "dcim_location"."contact_name", "dcim_location"."contact_phone", "dcim_location"."contact_email", "dcim_location"."comments" FROM "dcim_location" , "__tree" WHERE (__tree.tree_pk = dcim_location.id) ORDER BY ("__tree".tree_depth) DESC LIMIT 1

======================================================================
FAIL: test_list_objects_filtered (nautobot_igp_models.tests.test_views.OSPFConfigurationViewTest.test_list_objects_filtered)
----------------------------------------------------------------------
Traceback (most recent call last):
  File "/usr/local/lib/python3.11/site-packages/django/test/utils.py", line 461, in inner
    return func(*args, **kwargs)
           ^^^^^^^^^^^^^^^^^^^^^
  File "/usr/local/lib/python3.11/site-packages/nautobot/core/testing/views.py", line 1044, in test_list_objects_filtered
    self.assertRegex(content, r">\s*" + re.escape(escape(instance1.name)) + r"\s*<", msg=content)
AssertionError: Regex didn't match: '>\\s*OSPF\\-Config\\-R1\\s*<' not found in '\n\n\n        <div id="drawer">\n            \n    \n\n\n\n<section class="nb-drawer" tabindex="-1" id="FilterForm_drawer">\n    <div class="nb-drawer-header">\n        <h1>Filters</h1>\n        <button type="button" class="btn-close" data-nb-dismiss="drawer" aria-label="Close"></button>\n    </div>\n    <div class="nb-drawer-body">\n        <ul id="filter-tabs" class="nav nav-tabs">\n            \n                <li role="presentation" class="nav-item">\n                    <a class="nav-link active"  href="#default-filter" role="tab" data-bs-toggle="tab">\n                        Basic\n                    </a>\n                </li>\n            \n            \n                <li role="presentation" class="nav-item">\n                    <a class="nav-link position-relative" href="#advanced-filter" role="tab" data-bs-toggle="tab">\n                        Advanced\n                        \n    <span\n        aria-hidden="true"\n        class="end-0 me-2 mt-2 top-0 nb-btn-indicator"\n        data-bs-toggle="tooltip"\n        data-bs-title="Some of the applied filters can only be viewed in Advanced"\n    ></span>\n\n\n                    </a>\n                </li>\n            \n        </ul>\n        <div class="tab-content h-100">\n            \n                <div id="default-filter" role="tabpanel" class="tab-pane fade show active h-100 p-20">\n                    \n\n<form class="h-100 vstack">\n    <div class="align-content-start flex-fill pb-20">\n        \n        \n            \n                <div class="nb-form-group">\n                    \n                        <label for="id_instance">IGP Instance</label>\n                        <select name="instance" class="nautobot-select2-api form-control" data-query-param-exclude_m2m="[&quot;true&quot;]" display-field="display" data-depth="0" placeholder="IGP Instance" data-url="/api/plugins/nautobot-igp-models/igp-routing-instances/" id="id_instance">\n  <option value=""\n         selected\n        >---------</option>\n\n</select>\n                    \n                </div>\n            \n        \n            \n                <div class="nb-form-group">\n                    \n                        <label for="id_process_id">Process ID</label>\n                        <input type="number" name="process_id" class="form-control" placeholder="Process ID" id="id_process_id">\n                    \n                </div>\n            \n        \n            \n                <div class="nb-form-group">\n                    \n                        <label for="id_contacts">Contacts</label>\n                        <select name="contacts" class="nautobot-select2-api form-control" data-multiple="1" data-query-param-exclude_m2m="[&quot;true&quot;]" display-field="display" value-field="name" data-depth="0" placeholder="None" data-url="/api/extras/contacts/" id="id_contacts" multiple>\n</select>\n                    \n                </div>\n            \n        \n            \n                <div class="nb-form-group">\n                    \n                        <label for="id_teams">Teams</label>\n                        <select name="teams" class="nautobot-select2-api form-control" data-multiple="1" data-query-param-exclude_m2m="[&quot;true&quot;]" display-field="display" value-field="name" data-depth="0" placeholder="None" data-url="/api/extras/teams/" id="id_teams" multiple>\n</select>\n                    \n                </div>\n            \n        \n    </div>\n    <div class="justify-content-between mb-n20 nb-form-sticky-footer">\n        <button type="submit" class="btn btn-primary">\n            <span class="mdi mdi-check me-4" aria-hidden="true"></span><!--\n            -->Apply Specified\n        </button>\n        <button type="reset" class="btn btn-secondary">\n            <span aria-hidden="true" class="mdi mdi-close me-4"></span><!--\n            -->Clear All\n        </button>\n    </div>\n</form>\n\n                </div>\n            \n            \n                <div id="advanced-filter" role="tabpanel" class="tab-pane fade h-100 p-20">\n                    <form class="h-100 vstack" id="dynamic-filter-form">\n                        <div class="align-content-start flex-fill pb-20">\n                            <input type="hidden" name="form-TOTAL_FORMS" value="1" id="id_form-TOTAL_FORMS"><input type="hidden" name="form-INITIAL_FORMS" value="0" id="id_form-INITIAL_FORMS"><input type="hidden" name="form-MIN_NUM_FORMS" value="0" id="id_form-MIN_NUM_FORMS"><input type="hidden" name="form-MAX_NUM_FORMS" value="1000" id="id_form-MAX_NUM_FORMS">\n                            \n                                <div class="nb-form-group">\n                                    <label for="id_form-0-lookup_field">Field</label>\n                                    <select name="form-0-lookup_field" class="nautobot-select2-static lookup_field-select" placeholder="Field" id="id_form-0-lookup_field">\n  <option value="" selected>---------</option>\n\n  <option value="contacts">Contacts (name or ID)</option>\n\n  <option value="created">Created</option>\n\n  <option value="dynamic_groups">Dynamic groups (name or ID)</option>\n\n  <option value="instance">IGP Instance (Device Name)</option>\n\n  <option value="id">Id</option>\n\n  <option value="last_updated">Last updated</option>\n\n  <option value="process_id">Process ID</option>\n\n  <option value="status">Status (ID)</option>\n\n  <option value="teams">Teams (name or ID)</option>\n\n</select>\n                                </div>\n                            \n                                <div class="nb-form-group">\n                                    <label for="id_form-0-lookup_type">Lookup type</label>\n                                    <select name="form-0-lookup_type" class="nautobot-select2-api lookup_type-select" placeholder="None" data-query-param-field_name="[&quot;$lookup_field&quot;]" data-contenttype="nautobot_igp_models.ospfconfiguration" data-url="/api/core/filterset-fields/lookup-choices/" id="id_form-0-lookup_type">\n</select>\n                                </div>\n                            \n                                <div class="nb-form-group">\n                                    <label for="id_form-0-lookup_value">Value</label>\n                                    <input type="text" name="form-0-lookup_value" class="form-control lookup_value-input form-control" placeholder="Value" id="id_form-0-lookup_value">\n                                </div>\n                            \n                            <button class="nb-dynamic-filter-add btn btn-primary d-block ms-auto my-20" type="button">\n                                <span aria-hidden="true" class="mdi mdi-plus me-4"></span><!--\n                                -->Add Filter\n                            </button>\n                            <hr class="border-top my-20">\n                            <div class="nb-dynamic-filter-items d-flex flex-wrap gap-10">\n                                \n                                    \n                                        <span class="badge nb-multi-badge" data-nb-field="id">\n                                            <button class="nb-dynamic-filter-remove" type="button">\n                                                <span aria-hidden="true" class="mdi mdi-close"></span>\n                                                <span class="visually-hidden">Remove All</span>\n                                            </button>\n                                            Id:\n                                            <span class="nb-multi-badge-items">\n                                                \n                                                    <span class="badge" data-nb-value="622334b8-178f-4022-81d5-40cb4923fa60"><!--\n                                                        --><button class="nb-dynamic-filter-remove" type="button">\n                                                        <span aria-hidden="true" class="mdi mdi-close"></span>\n                                                        <span class="visually-hidden">Remove</span>\n                                                    </button><!--\n                                                        -->622334b8-178f-4022-81d5-40cb4923fa60<!--\n                                                        --><input name="id" type="hidden" value="622334b8-178f-4022-81d5-40cb4923fa60">\n                                                    </span>\n                                                \n                                            </span>\n                                        </span>\n                                    \n                                \n                            </div>\n                        </div>\n\n                        <div class="d-print-none justify-content-between mb-n20 nb-form-sticky-footer">\n                            <button type="submit" class="btn btn-primary">\n                                <span class="mdi mdi-check me-4" aria-hidden="true"></span><!--\n                                -->Apply Specified\n                            </button>\n                            <button type="reset" class="btn btn-secondary">\n                                <span aria-hidden="true" class="mdi mdi-close me-4"></span><!--\n                                -->Clear All\n                            </button>\n                        </div>\n                    </form>\n                </div>\n            \n        </div>\n    </div>\n</section>\n\n\n    <script>\n        (() => {\n            document.addEventListener(\'DOMContentLoaded\', () => {\n                const NON_FILTER_PARAMS = [\n                    \'all_filters_removed\',\n                    \'clear_view\',\n                    \'per_page\',\n                    \'saved_view\',\n                    \'sort\',\n                    \'table_changes_pending\',\n                ];\n\n                /**\n                 * Insert given `element` as `parent`\'s first child.\n                 * @param {HTMLElement} element - Element to be inserted.\n                 * @param {HTMLElement} parent - Parent container for given `element`.\n                 * @returns {void} Do not return any value, modify DOM in-place.\n                 */\n                const insertFirst = (element, parent) => {\n                    parent.hasChildNodes() ? parent.insertBefore(element, parent.firstElementChild) : parent.appendChild(element);\n                };\n\n                /**\n                 * Get HTML elements for default and dynamic filter forms.\n                 * @returns {object} Object with `defaultFilterForm` and `dynamicFilterForm` HTML elements or `null`,\n                 *   depending on their actual existence in the DOM.\n                 */\n                const getFilterForms = () => ({\n                    defaultFilterForm: document.querySelector(\'#default-filter form\'),\n                    dynamicFilterForm: document.querySelector(\'#dynamic-filter-form\'),\n                });\n\n                const prepopulateFilterSelectsFromURL = (() => {\n                    const { defaultFilterForm } = getFilterForms();\n                    const urlParams = new URLSearchParams(window.location.search);\n                    // Only target Select2 controls inside the default filter form.\n                    [...defaultFilterForm.querySelectorAll(\'select.nautobot-select2-multi-value-char\')].forEach((el) => {\n                        const name = el.getAttribute(\'name\');\n                        if (!name) { return; }\n                        const values = urlParams.getAll(name);\n                        if (!values.length) { return; }\n                        values.forEach((val) => {\n                            let found = Array.prototype.find.call(el.options, (opt) => {\n                                return String(opt.value) === String(val);\n                            });\n                            if (found) {\n                                found.selected = true;\n                            } else {\n                                el.add(new Option(val, val, true, true));\n                            }\n                        });\n                        if (window.jQuery && $(el).data(\'select2\')) {\n                            $(el).trigger(\'change\');\n                        }\n                    });\n                })();\n\n                /**\n                 * Synchronize given `filter` value from default to dynamic filter form.\n                 * @param {string} name - Filter name.\n                 * @returns {void} Do not return any value, just set given field values.\n                 */\n                const syncDefaultToDynamic = (name) => {\n                    const { defaultFilterForm } = getFilterForms();\n\n                    const field = defaultFilterForm.querySelector(`[name="${name}"]`);\n                    const text = field?.closest(\'.nb-form-group\')?.querySelector(\'label\')?.innerText?.trim();\n                    /*\n                     * `manageDynamicFilter` takes an array of `{ text: string, value: string }` objects as `value`, so\n                     * regardless of field being a textbox, a single or multiple choice combobox, conversion is required:\n                     *   1. For combobox (i.e. `<select>`), iterate over selected options and map them to display `text`\n                     *     and underlying `value`.\n                     *   2. For textbox (i.e. `<input>` or `<textarea>`):\n                     *     1. Use entered value as both display `text` and underlying `value`.\n                     *     2. If field is empty, use an empty array.\n                     */\n                    const value =\n                        field?.tagName === \'SELECT\'\n                        ? [...field.selectedOptions].map((option) => ({ text: option.innerText, value: option.value }))\n                        : [...(field?.value ? [{ text: field.value, value: field.value }] : [])];\n\n                    manageDynamicFilter({ action: \'set\', name, text, value });\n                };\n\n                /**\n                 * Synchronize given `filter` value from dynamic to default filter form.\n                 * @param {string} name - Filter name.\n                 * @returns {void} Do not return any value, just set given field values.\n                 */\n                const syncDynamicToDefault = (name) => {\n                    const { defaultFilterForm, dynamicFilterForm } = getFilterForms();\n\n                    const current = [...dynamicFilterForm.querySelectorAll(`input[name="${name}"][type="hidden"]`)].map(\n                        (input) => ({\n                            text: [...(input.parentElement?.childNodes ?? [])].find((node) => node.nodeName === \'#text\')?.wholeText,\n                            value: input.getAttribute(\'value\'),\n                        }),\n                    );\n\n                    const sync = defaultFilterForm?.querySelector(`[name=${name}]`);\n\n                    if (sync?.tagName === \'INPUT\' || sync?.tagName === \'TEXTAREA\') {\n                        sync.value = current.length > 0 ? current[0].value : \'\';\n                    } else if (sync?.tagName === \'SELECT\') {\n                        window.nb.select2.setSelect2Value(sync, current);\n                    }\n                };\n\n                /**\n                 * Manage dynamic filter either by adding values to the existing selection or by setting passed values\n                 * regardless of previous selection.\n                 * @param {\'add\'|\'set\'} action - Use `\'add\'` to add given value to the existing selection; use `\'set\'`\n                 *   to set given value regardless of what was set previously.\n                 * @param {string} name - Filter field name.\n                 * @param {string} text - Filter display text.\n                 * @param {object[]} value - Array of objects containing `text` and `value` key-value pairs.\n                 */\n                const manageDynamicFilter = ({ action, name, text, value }) => {\n                    const { dynamicFilterForm } = getFilterForms();\n                    const items = dynamicFilterForm.querySelector(\'.nb-dynamic-filter-items\');\n\n                    const group = (() => {\n                        const existing = items.querySelector(`.nb-multi-badge[data-nb-field="${name}"]`);\n                        if (existing) {\n                            return existing;\n                        }\n\n                        const group = document.createElement(\'span\');\n                        group.classList.toggle(\'badge\', true);\n                        group.classList.toggle(\'nb-multi-badge\', true);\n                        group.setAttribute(\'data-nb-field\', name);\n\n                        const button = document.createElement(\'button\');\n                        button.classList.toggle(\'nb-dynamic-filter-remove\', true);\n                        button.setAttribute(\'type\', \'button\');\n\n                        const close = document.createElement(\'span\');\n                        close.classList.toggle(\'mdi\', true);\n                        close.classList.toggle(\'mdi-close\', true);\n                        close.setAttribute(\'aria-hidden\', \'true\');\n\n                        const remove = document.createElement(\'span\');\n                        remove.classList.toggle(\'visually-hidden\', true);\n                        remove.innerText = \'Remove All\';\n\n                        const children = document.createElement(\'span\');\n                        children.classList.toggle(\'nb-multi-badge-items\', true);\n\n                        button.appendChild(close);\n                        button.appendChild(remove);\n                        group.appendChild(button);\n                        group.insertAdjacentText(\'beforeend\', `${text}:`);\n                        group.appendChild(children);\n\n                        return group;\n                    })();\n\n                    const children = group.querySelector(\'.nb-multi-badge-items\');\n                    const existing = [...children.querySelectorAll(\'.badge[data-nb-value]\')];\n\n                    /*\n                     * Depending on `action` remove the following badges:\n                     *   1. For `\'add\'`, remove already existing filters with the same key-value pairs and re-create them later.\n                     *   2. For `\'set\'`, remove all existing filters of given key and apply only these passed as `values`.\n                     */\n                    const badgesToRemove =\n                        action === \'add\'\n                        ? existing.filter((badge) => value.some((item) => badge.getAttribute(\'data-nb-value\') === item.value))\n                        : existing;\n                    badgesToRemove.forEach((item) => children.removeChild(item));\n\n                    value.forEach(({ text, value }) => {\n                        const badge = document.createElement(\'span\');\n                        badge.classList.toggle(\'badge\', true);\n                        badge.setAttribute(\'data-nb-value\', value);\n\n                        const input = document.createElement(\'input\');\n                        input.setAttribute(\'name\', name);\n                        input.setAttribute(\'type\', \'hidden\');\n                        input.setAttribute(\'value\', value);\n\n                        const button = document.createElement(\'button\');\n                        button.classList.toggle(\'nb-dynamic-filter-remove\', true);\n                        button.setAttribute(\'type\', \'button\');\n\n                        const close = document.createElement(\'span\');\n                        close.classList.toggle(\'mdi\', true);\n                        close.classList.toggle(\'mdi-close\', true);\n                        close.setAttribute(\'aria-hidden\', \'true\');\n\n                        const remove = document.createElement(\'span\');\n                        remove.classList.toggle(\'visually-hidden\', true);\n                        remove.innerText = \'Remove\';\n\n                        button.appendChild(close);\n                        button.appendChild(remove);\n                        badge.appendChild(button);\n                        badge.insertAdjacentText(\'beforeend\', text);\n                        badge.appendChild(input);\n\n                        insertFirst(badge, children);\n                    });\n\n                    // If group already exists, remove it and later insert as the first child.\n                    if (items.contains(group)) {\n                        items.removeChild(group);\n                    }\n\n                    if (children.hasChildNodes()) {\n                        insertFirst(group, items);\n                    }\n                };\n\n                document.addEventListener(\'click\', (event) => {\n                    const { defaultFilterForm, dynamicFilterForm } = getFilterForms();\n\n                    const add = event.target.closest(\'button.nb-dynamic-filter-add\');\n                    if (add) {\n                        const field = dynamicFilterForm.querySelector(\'[name$="lookup_field"]\');\n                        const type = dynamicFilterForm.querySelector(\'[name$="lookup_type"]\');\n                        const value = [...dynamicFilterForm.querySelectorAll(\'.nb-form-group\')]\n                            .pop()\n                        ?.querySelector(\'input, select, textarea\');\n\n                        const isMissing = (control) =>\n                        control?.selectedOptions ? control.selectedOptions.length === 0 : !control?.value;\n                        if (isMissing(field) || isMissing(type) || isMissing(value)) {\n                            // Return early if selected filter is not complete (i.e. is missing lookup field, type or value).\n                            return;\n                        }\n\n                        const name = type.selectedOptions[0].value;\n                        const label = field.selectedOptions[0].innerText.trim();\n                        const suffix = type.selectedOptions[0].innerText.trim();\n                        const text = /\\(\\w+\\)/.test(suffix) ? `${label} ${suffix}` : label;\n                        const values =\n                            value?.getAttribute(\'multiple\') !== null\n                            ? [...value.selectedOptions].map((option) => ({ text: option.innerText.trim(), value: option.value }))\n                            : [{ text: value?.value, value: value?.value }];\n\n                        // If field exists in default filter form and is a single value input, use `\'set\'` action.\n                        const action =\n                            defaultFilterForm.querySelector(`[name="${name}"]`) &&\n                        (value.tagName === \'INPUT\' || value.tagName === \'TEXTAREA\')\n                            ? \'set\'\n                            : \'add\';\n                        manageDynamicFilter({ action, name, text, value: values });\n\n                        syncDynamicToDefault(name);\n                    }\n\n                    const remove = event.target.closest(\'button.nb-dynamic-filter-remove\');\n                    if (remove) {\n                        const badge = remove.closest(\'.badge\');\n                        /*\n                         * Remove the group badge (i.e. multi-badge) when given badge is the group badge itself, or it is the only\n                         * one left in the group (i.e. has no siblings) because removing it will leave the group badge empty anyway.\n                         */\n                        const shouldRemoveGroup =\n                            badge?.classList.contains(\'nb-multi-badge\') ||\n                        (!badge?.previousElementSibling && !badge?.nextElementSibling);\n                        shouldRemoveGroup ? badge?.closest(\'.nb-multi-badge\')?.remove() : badge?.remove();\n\n                        syncDynamicToDefault(badge?.querySelector(\'input[type="hidden"]\')?.getAttribute(\'name\'));\n                    }\n                });\n\n                // Need to wrap `document` with jQuery to be able to listen to Select2 `change` event.\n                $(document).on(\'change\', (event) => {\n                    const { defaultFilterForm } = getFilterForms();\n                    const isDefaultFilterFormField = event.target.form === defaultFilterForm;\n                    if (isDefaultFilterFormField) {\n                        syncDefaultToDynamic(event.target.name);\n                    }\n                });\n\n                // Need to wrap `document` with jQuery to be able to listen to Select2 `change` event.\n                $(document).on(\'change\', async (event) => {\n                    const isLookupType = event.target.getAttribute(\'name\')?.endsWith(\'lookup_type\');\n                    if (isLookupType) {\n                        const content_type = event.target.getAttribute(\'data-contenttype\');\n                        const field_name = event.target.value;\n                        const value = [...event.target.form.querySelectorAll(\'.nb-form-group\')]\n                            .pop()\n                        ?.querySelector(\'input, select, textarea\');\n\n                        if (field_name) {\n                            const replacement = await (async () => {\n                                try {\n                                    const response = await window.fetch(\n                                        `/api/ui/core/filterset-fields/lookup-value-dom-element/?${new URLSearchParams({ content_type, field_name })}`,\n                                        { method: \'GET\', headers: { Accept: \'*/*\' } },\n                                    );\n\n                                    const html = await response.json();\n\n                                    const element = document.createElement(\'div\');\n                                    element.innerHTML = html;\n\n                                    return element.firstElementChild;\n                                } catch (exception) {\n                                    // Default to `<input type="text" ...>` field if error occurs.\n                                    const input = document.createElement(\'input\');\n                                    input.classList.toggle(\'lookup_value-input\', true);\n                                    input.classList.toggle(\'form-control\', true);\n                                    input.setAttribute(\'id\', `id_for_${field_name}`);\n                                    input.setAttribute(\'name\', field_name);\n                                    input.setAttribute(\'type\', \'text\');\n                                    return input;\n                                }\n                            })();\n\n                            value.replaceWith(replacement);\n                            replacement.nextElementSibling?.remove(); // Remove Select2 widget if present.\n                            replacement.previousElementSibling?.setAttribute(\'for\', replacement.getAttribute(\'id\')); // Set label `for` attribute to match field `id`.\n                            initializeInputs(replacement.parentElement);\n                        }\n                    }\n                });\n\n                // Need to wrap `document` with jQuery to be able to listen to Select2 `change` event.\n                $(document).on(\'change\', (event) => {\n                    const isLookupField = event.target.getAttribute(\'name\')?.endsWith(\'lookup_field\');\n                    const isLookupType = event.target.getAttribute(\'name\')?.endsWith(\'lookup_type\');\n\n                    if (isLookupField) {\n                        const type = event.target.form.querySelector(\'[name$="lookup_type"]\');\n                        $(type).val(null).trigger(\'change\');\n                    }\n\n                    if (isLookupField || isLookupType) {\n                        const value = [...event.target.form.querySelectorAll(\'.nb-form-group\')]\n                            .pop()\n                        ?.querySelector(\'input, select, textarea\');\n\n                        if (value.tagName === \'SELECT\') {\n                            $(value).val(null).trigger(\'change\');\n                        } else {\n                            value.value = \'\';\n                        }\n                    }\n                });\n\n                const isFilterForm = (target) => Boolean(target?.closest(\'#FilterForm_drawer\'));\n\n                document.addEventListener(\'reset\', (event) => {\n                    if (isFilterForm(event.target)) {\n                        event.preventDefault();\n\n                        // Remove all filter query params from location search while keeping non-filter params intact.\n                        const searchParams = new URLSearchParams(window.location.search);\n                        const nextSearchParams = new URLSearchParams([\n                            ...[...searchParams].filter(\n                                ([property]) => NON_FILTER_PARAMS.includes(property) && property !== \'all_filters_removed\',\n                            ),\n                            [\'all_filters_removed\', \'true\'],\n                        ]);\n\n                        location.assign(`?${nextSearchParams}`);\n                    }\n                });\n\n                document.addEventListener(\'submit\', (event) => {\n                    if (isFilterForm(event.target)) {\n                        event.preventDefault();\n\n                        const { defaultFilterForm, dynamicFilterForm } = getFilterForms();\n\n                        /*\n                         * Just before the form submission automatically add filter selected in "Advanced" tab (if any)\n                         * which hasn\'t been manually applied for whatever reason (usually forgetfulness, speed, etc.).\n                         * This is a requested UX flavor.\n                         */\n                        const add = dynamicFilterForm.querySelector(\'button.nb-dynamic-filter-add\');\n                        add.click();\n\n                        // Remove all field names which are not applied filters container descendants.\n                        [...dynamicFilterForm.querySelectorAll(\'input, select, textarea\')].forEach((field) =>\n                            field.closest(\'.nb-dynamic-filter-items\') ? undefined : field.removeAttribute(\'name\'),\n                        );\n\n                        /*\n                         * Get the serialized data from the forms and:\n                         *   1) Filter out query params which values are empty e.g `?sam=&dan=2` becomes `dan=2`.\n                         *   2) Combine the two forms into a single set of data without duplicate entries.\n                         */\n                        const defaultFilterFormSearchParams = new URLSearchParams(new FormData(defaultFilterForm));\n                        const dynamicFilterFormSearchParams = new URLSearchParams(new FormData(dynamicFilterForm));\n                        const searchParams = new URLSearchParams(window.location.search);\n\n                        const nextSearchParams = new URLSearchParams([\n                            ...[...defaultFilterFormSearchParams].filter(([, value]) => value !== \'\'),\n                            ...[...dynamicFilterFormSearchParams].filter(\n                                ([property, value]) => value !== \'\' && !defaultFilterFormSearchParams.has(property, value),\n                            ),\n                            ...[...searchParams].filter(\n                                ([property]) => NON_FILTER_PARAMS.includes(property) && property !== \'all_filters_removed\',\n                            ),\n                        ]);\n\n                        if (nextSearchParams.has(\'saved_view\')) {\n                            const all_filters_removed = [...nextSearchParams].every(([property]) =>\n                                NON_FILTER_PARAMS.includes(property),\n                            );\n\n                            if (all_filters_removed) {\n                                nextSearchParams.set(\'all_filters_removed\', \'true\');\n                            }\n                        }\n\n                        location.assign(`?${nextSearchParams}`);\n                    }\n                });\n\n                const onSubmitOrReset = (event) => (isFilterForm(event.target) ? window.nb?.history?.saveState() : undefined);\n                document.addEventListener(\'reset\', onSubmitOrReset);\n                document.addEventListener(\'submit\', onSubmitOrReset);\n            });\n        })();\n    </script>\n\n\n    \n        \n\n\n<section class="nb-drawer" tabindex="-1" id="OSPFConfigurationTable_config">\n    <div class="nb-drawer-header">\n        <h1>Table Configuration</h1>\n        <button type="button" class="btn-close" data-nb-dismiss="drawer" aria-label="Close"></button>\n    </div>\n    <div class="nb-drawer-body">\n        <form class="userconfigform h-100 pb-20 px-20 vstack" data-config-root="tables.OSPFConfigurationTable">\n            <div class="row align-content-start flex-fill">\n                <div class="col-12">\n                    <div class="alert alert-warning">\n                        Column choices may negatively affect loading times.\n                        <a href="/static/docs/user-guide/platform-functionality/user-interface/configurablecolumns.html" class="btn btn-link btn-sm" target="_blank" rel="noopener">\n                            <span class="mdi mdi-information"></span>\n                        </a>\n                    </div>\n                </div>\n                <div class="col-12">\n                    \n                        <select name="columns" size="20" class="form-control" placeholder="None" id="id_columns" multiple>\n  <option value="instance" selected>Instance</option>\n\n  <option value="process_id" selected>Process ID</option>\n\n  <option value="status" selected>Status</option>\n\n  <option value="dynamic_group_count">Dynamic Groups</option>\n\n</select>\n                        <span class="form-text mt-8">Use the buttons below to arrange columns in the desired order, then select all columns to display.</span>\n                        <div class="hstack gap-4 mt-8 mx-n4">\n                            \n                            <button type="button" class="btn btn-primary btn-sm" id="move-option-up" data-target="id_columns"><span class="mdi mdi-arrow-up-bold me-4"></span>Move up</button>\n                            <button type="button" class="btn btn-primary btn-sm" id="move-option-down" data-target="id_columns"><span class="mdi mdi-arrow-down-bold me-4"></span>Move down</button>\n                            <button type="button" class="btn btn-success btn-sm" id="select-all-options" data-target="id_columns"><span class="mdi mdi-expand-all-outline me-4"></span>Select all</button>\n                            \n                        </div>\n                    \n                </div>\n            </div>\n            <div class="nb-form-sticky-footer">\n                <input type="submit" class="btn btn-primary" value="Save">\n                <input type="submit" class="btn btn-danger reset" value="Reset">\n            </div>\n        </form>\n    </div>\n</section>\n\n\n    <script>\n        (() => {\n            document.addEventListener(\'DOMContentLoaded\', () => {\n                document.addEventListener(\'submit\', (event) => {\n                    if (event.target.closest(\'#OSPFConfigurationTable_config\')) {\n                        // Keep the drawer open after page reload caused by form submission.\n                        window.nb.history.saveState();\n                    }\n                });\n            });\n        })();\n    </script>\n\n\n    \n    <section class="nb-drawer" tabindex="-1" id="SavedViews_drawer">\n        <div class="nb-drawer-header">\n            <h1>Saved Views</h1>\n            <button type="button" class="btn-close" data-nb-dismiss="drawer" aria-label="Close"></button>\n        </div>\n        <div class="nb-drawer-body pb-20 px-20">\n            <div class="align-items-start vstack flex-grow-0 gap-10">\n                \n            </div>\n            \n            <div class="align-items-start vstack gap-10">\n                Actions:\n                \n                <a class="btn btn-secondary" href="" data-bs-toggle="modal" data-bs-target="#saved_view_modal">\n                    <span class="mdi mdi-content-save-plus-outline me-4" aria-hidden="true"></span>Save As New\n                </a>\n                \n            </div>\n        </div>\n    </section>\n\n        </div>\n        <header id="header">\n            <div class="banner-alert-area">\n                \n\n\n\n    \n        <div class="alert alert-info text-center" role="alert">\n            <p>Local</p>\n        </div>\n    \n\n\n\n\n\n\n                \n\n            </div>\n            <div class="container-fluid mb-12 mt-16">\n                <div class="row">\n                    <div id="page-title" class="col-4">\n                        \n                            \n\n\n<h1 class="d-flex fs-2 gap-8 lh-sm py-6">\n    <img\n        alt="Nautobot chevron"\n        class="align-self-start flex-grow-0 flex-shrink-0 my-n4"\n        role="presentation"\n        src="/static/img/nautobot_chevron.svg"\n        style="width: 1.5rem;"\n    />\n    \n        OSPF Configurations\n    \n</h1>\n\n                        \n                    </div>\n                    \n\n\n\n    \n        <form action="/search/" class="col-4 text-center" id="header_search" method="get" role="search">\n            <label class="position-relative w-100">\n                <input\n                    aria-placeholder="Press Ctrl+K to search"\n                    class="form-control nb-text-transparent"\n                    name="q"\n                    type="search"\n                    value=""\n                />\n                <span class="align-items-center d-inline-flex gap-6 overflow-hidden px-12 py-6 pe-none position-absolute start-0 top-0 user-select-none w-100">\n                    <span aria-hidden="true" class="mdi mdi-magnify text-secondary d-inline-flex"></span>\n                    \n                        \n                            \n                                \n                                    \n                                \n                                    \n                                \n                                    \n                                \n                                    \n                                \n                                    \n                                \n                            \n                                \n                                    \n                                \n                                    \n                                \n                                    \n                                \n                            \n                                \n                                    \n                                \n                                    \n                                \n                                    \n                                \n                            \n                                \n                                    \n                                \n                                    \n                                \n                                    \n                                \n                            \n                                \n                                    \n                                \n                                    \n                                \n                            \n                                \n                                    \n                                \n                                    \n                                \n                                    \n                                \n                                    \n                                \n                            \n                                \n                                    \n                                \n                                    \n                                \n                                    \n                                \n                                    \n                                \n                                    \n                                \n                                    \n                                \n                                    \n                                \n                                    \n                                \n                                    \n                                \n                                    \n                                \n                            \n                        \n                            \n                                \n                                    \n                                \n                            \n                                \n                                    \n                                \n                            \n                                \n                                    \n                                \n                            \n                                \n                                    \n                                \n                                    \n                                \n                                    \n                                \n                            \n                                \n                                    \n                                \n                                    \n                                \n                            \n                                \n                                    \n                                \n                            \n                        \n                            \n                                \n                                    \n                                \n                                    \n                                \n                            \n                                \n                                    \n                                \n                                    \n                                \n                                    \n                                \n                                    \n                                \n                            \n                                \n                                    \n                                \n                                    \n                                \n                            \n                                \n                                    \n                                \n                                    \n                                \n                            \n                                \n                                    \n                                \n                            \n                                \n                                    \n                                \n                                    \n                                \n                                    \n                                \n                            \n                        \n                            \n                                \n                                    \n                                \n                                    \n                                \n                                    \n                                \n                                    \n                                        <span class="badge border" data-nb-link="/plugins/nautobot-igp-models/ospf-configuration/"><!--\n                                            -->in: OSPF Configuration<!--\n                                            --><button tabindex="-1" type="button">\n                                            <span aria-hidden="true" class="mdi mdi-close"></span>\n                                            <span class="visually-hidden">Remove</span>\n                                        </button>\n                                        </span>\n                                    \n                                \n                                    \n                                \n                            \n                        \n                            \n                                \n                                    \n                                \n                                    \n                                \n                                    \n                                \n                            \n                                \n                                    \n                                \n                                    \n                                \n                            \n                        \n                            \n                                \n                                    \n                                \n                                    \n                                \n                                    \n                                \n                            \n                                \n                                    \n                                \n                                    \n                                \n                                    \n                                \n                            \n                        \n                            \n                                \n                                    \n                                \n                                    \n                                \n                            \n                        \n                            \n                                \n                                    \n                                \n                                    \n                                \n                                    \n                                \n                                    \n                                \n                                    \n                                \n                            \n                        \n                            \n                                \n                                    \n                                \n                                    \n                                \n                            \n                        \n                            \n                                \n                                    \n                                \n                                    \n                                \n                                    \n                                \n                                    \n                                \n                                    \n                                \n                            \n                        \n                            \n                                \n                                    \n                                \n                                    \n                                \n                            \n                                \n                                    \n                                \n                                    \n                                \n                                    \n                                \n                            \n                        \n                            \n                                \n                                    \n                                \n                                    \n                                \n                                    \n                                \n                                    \n                                \n                            \n                        \n                            \n                                \n                                    \n                                \n                                    \n                                \n                            \n                        \n                            \n                                \n                                    \n                                \n                            \n                                \n                                    \n                                \n                            \n                                \n                                    \n                                \n                                    \n                                \n                                    \n                                \n                                    \n                                \n                                    \n                                \n                                    \n                                \n                            \n                                \n                                    \n                                \n                            \n                                \n                                    \n                                \n                                    \n                                \n                            \n                                \n                                    \n                                \n                                    \n                                \n                                    \n                                \n                                    \n                                \n                                    \n                                \n                            \n                                \n                                    \n                                \n                                    \n                                \n                                    \n                                \n                                    \n                                \n                            \n                                \n                                    \n                                \n                                    \n                                \n                            \n                        \n                            \n                                \n                                    \n                                \n                                    \n                                \n                                    \n                                \n                                    \n                                \n                                    \n                                \n                                    \n                                \n                            \n                        \n                            \n                                \n                                    \n                                \n                                    \n                                \n                            \n                        \n                    \n                    <span\n                        aria-hidden="true"\n                        class="align-items-center d-inline-flex gap-4 text-nowrap text-secondary"\n                    >\n                        \n                            Press <kbd class="mt-n1">Ctrl+K</kbd> to search\n                        \n                    </span>\n                    <a class="align-items-center d-inline-flex ms-auto pe-auto"\n                       href="/static/docs/user-guide/platform-functionality/user-interface/search.html"\n                       target="_blank"\n                       rel="noopener"\n                    >\n                        <span aria-hidden="true" class="mdi mdi-help-circle-outline text-secondary"></span>\n                    </a>\n                </span>\n            </label>\n        </form>\n    \n\n    <div class="col-4 text-end">\n        <div class="dropdown">\n            <button class="btn dropdown-toggle align-items-center d-inline-flex gap-6" type="button" data-bs-toggle="dropdown" aria-expanded="false">\n                <span aria-hidden="true" class="mdi mdi-account text-secondary"></span>\n                nautobotuser\n            </button>\n            <ul class="dropdown-menu dropdown-menu-end">\n                <li><a class="dropdown-item" href="/about/"><span class="mdi mdi-information"></span>About Nautobot</a></li>\n                <li><a class="dropdown-item" href="/user/profile/"><span class="mdi mdi-account-box"></span>Profile</a></li>\n                <li><a class="dropdown-item" href="/extras/approver-dashboard/"><span class="mdi mdi-check-bold"></span>Approval Dashboard</a></li>\n                \n                <li class="dropdown-divider"></li>\n                <li><a class="dropdown-item" href="/logout/"><span class="mdi mdi-logout"></span>Log out</a></li>\n            </ul>\n        </div>\n    </div>\n\n\n                    <div class="col-12">\n                        \n    \n\n    \n\n    \n\n<nav aria-label="Breadcrumbs" class="mt-1">\n    <ol class="breadcrumb">\n        \n            \n                \n            \n        \n    </ol>\n</nav>\n\n\n                    </div>\n                </div>\n            </div>\n            \n        </header>\n        <main class="container-fluid wrapper" id="main-content" tabindex="-1">\n            \n    <div class="align-items-center d-flex gap-8 justify-content-end mb-16 d-print-none">\n        \n        \n\n        <div class="btn-group">\n            \n                <button type="button" id="actions-dropdown" class="btn btn-primary dropdown-toggle" data-bs-toggle="dropdown">\n                    Actions\n                    <span class="mdi mdi-chevron-down" aria-hidden="true"></span>\n                </button>\n            \n            <ul class="dropdown-menu dropdown-menu-end" role="menu">\n                \n                \n                \n                    \n                        \n    \n        \n        \n        <li>\n            <form action="/extras/jobs/nautobot.core.jobs.ExportObjectList/run/" method="post">\n                <input type="hidden" name="csrfmiddlewaretoken" value="eFAhSbkjx979Wogf6Tkej3HNfpftLsK2hUvGNANnYwju2gSHD7MrSfsK67ageb8x">\n                <input type="hidden" name="content_type" value="194">\n                <input type="hidden" name="query_string" value="id=622334b8-178f-4022-81d5-40cb4923fa60">\n                <input type="hidden" name="_schedule_type" value="immediately">\n                <input type="hidden" name="export_format" value="csv">\n                <button class="dropdown-item" type="submit">\n                    <span class="mdi mdi-database-export text-secondary" aria-hidden="true"></span> Export as CSV\n                </button>\n            </form>\n        </li>\n        \n    \n\n\n                    \n                \n            </ul>\n        </div>\n        \n        \n        \n            \n            \n        \n        <div class="align-items-center d-flex gap-4">\n            \n                <button\n                    type="button"\n                    class="btn position-relative text-secondary"\n                    data-nb-toggle="drawer"\n                    data-nb-target="#SavedViews_drawer"\n                    title="Saved Views"\n                    aria-expanded="false"\n                    aria-controls="SavedViews_drawer"\n                >\n                    <span class="mdi mdi-view-compact-outline" aria-hidden="true"></span>\n                    <span class="visually-hidden">Saved Views</span>\n                    \n                </button>\n            \n            \n                <button\n                    type="button"\n                    class="btn position-relative text-secondary"\n                    data-nb-toggle="drawer"\n                    data-nb-target="#FilterForm_drawer"\n                    title="Add Filters"\n                    id="id__filterbtn"\n                    aria-controls="FilterForm_drawer"\n                    aria-expanded="false"\n                >\n                    <span class="mdi mdi-filter" aria-hidden="true"></span>\n                    <span class="visually-hidden">Add Filters</span>\n                    \n                        <span aria-hidden="true" class="nb-btn-indicator"></span>\n                    \n                </button>\n            \n        </div>\n    </div>\n\n    \n\n    <div>\n        \n            \n                \n                    \n\n\n<div class="card mb-3">\n    \n    <div class="table-responsive">\n        \n\n\n\n    <table class="table table-hover nb-table-headings">\n        \n            <thead>\n                <tr>\n                    \n                        \n                            \n                                <th class="orderable"><a href="?id=622334b8-178f-4022-81d5-40cb4923fa60&amp;sort=instance" data-column-name="instance">Instance</a></th>\n                            \n                        \n                    \n                        \n                            \n                                <th class="orderable"><a href="?id=622334b8-178f-4022-81d5-40cb4923fa60&amp;sort=process_id" data-column-name="process_id">Process ID</a></th>\n                            \n                        \n                    \n                        \n                            \n                                <th class="orderable"><a href="?id=622334b8-178f-4022-81d5-40cb4923fa60&amp;sort=status" data-column-name="status">Status</a></th>\n                            \n                        \n                    \n                        \n                            <th class="nb-actionable nb-w-0 orderable">\n                                <button\n            type="button"\n            class="btn border-0 float-end rounded-0 text-end text-secondary "\n            data-nb-toggle="drawer"\n            data-nb-target="#OSPFConfigurationTable_config"\n            \n            title="Configure table"\n            aria-controls="OSPFConfigurationTable_config"\n            aria-expanded="false"\n        >\n            <span class="mdi mdi-cog" aria-hidden="true"></span>\n            <span class="visually-hidden">Configure</span>\n        </button>\n                            </th>\n                        \n                    \n                    \n                </tr>\n            </thead>\n        \n        <tbody>\n            \n                <tr class="even">\n                    \n                        <td ><a href="/plugins/nautobot-igp-models/igproutinginstance/3b682d4d-7040-4744-bd8f-93cb37509d63/">OSPF on router1</a></td>\n                    \n                        <td >1</td>\n                    \n                        <td >\n    \n    \n        <span class="badge" style="color: #ffffff; background-color: #4caf50">\n            Active\n        </span>\n    \n    </td>\n                    \n                        <td class="d-print-none nb-actions nb-w-0 text-end text-nowrap">\n    <div class="dropdown">\n        <button class="btn dropdown-toggle" type="button" data-bs-toggle="dropdown" aria-expanded="false">\n            <span class="mdi mdi-dots-vertical" aria-hidden="true"></span>\n            <span class="visually-hidden">Toggle Dropdown</span>\n        </button>\n        <ul class="dropdown-menu dropdown-menu-end">\n            \n            \n            \n            \n        </ul>\n    </div>\n\n    </td>\n                    \n                    \n                </tr>\n            \n        </tbody>\n        \n    </table>\n\n\n    </div>\n    \n</div>\n\n                \n            \n            \n\n<div class="paginator align-items-center d-flex fs-5 gap-10 justify-content-end mt-16 text-secondary">\n    \n        <div>\n            Showing 1-1 of 1\n        </div>\n        <div class="vr border-start my-8"></div>\n    \n    <form class="align-items-center d-flex gap-4" method="get">\n        \n            \n                \n                    <input type="hidden" name="id" value="622334b8-178f-4022-81d5-40cb4923fa60" />\n                \n            \n        \n        <select name="per_page" id="per_page" class="form-select">\n            \n                <option value="65000" selected="selected">65000</option>\n            \n            \n                <option value="25">25</option>\n            \n                <option value="50">50</option>\n            \n                <option value="100">100</option>\n            \n                <option value="250">250</option>\n            \n                <option value="500">500</option>\n            \n                <option value="1000">1000</option>\n            \n        </select>\n        per page\n    </form>\n    \n</div>\n\n            <div class="clearfix"></div>\n        \n    </div>\n    \n        \n\n\n<div class="modal fade" tabindex="-1" id="saved_view_modal" role="dialog">\n    <div class="modal-dialog modal-lg">\n        <div class="modal-content">\n            <div class="modal-header">\n                <h4 class="modal-title">New Saved View</h4>\n                <button type="button" class="btn-close" data-bs-dismiss="modal" aria-label="Close"></button>\n            </div>\n            <form action="/extras/saved-views/add/" method="post">\n                <div class="modal-body">\n                    <input type="hidden" name="csrfmiddlewaretoken" value="eFAhSbkjx979Wogf6Tkej3HNfpftLsK2hUvGNANnYwju2gSHD7MrSfsK67ageb8x">\n                    <div class="row">\n                        \n\n<div class="mb-10 d-md-flex justify-content-center">\n    \n        <label class="col-md-3 col-form-label nb-required" for="id_name">\n            Name\n        </label>\n        <div class="col-md-9">\n            <input type="text" name="name" maxlength="255" class="form-control" required placeholder="Name" id="id_name">\n            \n            \n                <span class="form-text">The name of this view</span>\n            \n    \n    \n</div>\n</div>\n\n                        <span class="col-lg-3 text-end text-secondary">New Changes</span>\n                        <div class="col-lg-9">\n                            <pre><code class="language-json">{\n    &quot;filter_params&quot;: {\n        &quot;id&quot;: [\n            &quot;622334b8-178f-4022-81d5-40cb4923fa60&quot;\n        ]\n    },\n    &quot;per_page&quot;: 65000,\n    &quot;sort_order&quot;: [],\n    &quot;table_config&quot;: null\n}</code></pre>\n                        </div>\n                        \n\n<div class="mb-10 d-md-flex justify-content-center">\n    \n        <div class="col-md-9 offset-md-3">\n            <div class="form-check mt-6">\n                <input type="checkbox" name="is_shared" class="form-check-input" placeholder="Is shared" id="id_is_shared">\n                <label class="form-check-label" for="id_is_shared">\n                    Is shared\n                </label>\n            </div>\n            \n            \n                <span class="form-text">If checked, all users will be able to see this saved view</span>\n            \n    \n    \n</div>\n</div>\n\n                        <input type="hidden" id="view" name="view" value="plugins:nautobot_igp_models:ospfconfiguration_list">\n                        <input type="hidden" id="params" name="params" value="id=622334b8-178f-4022-81d5-40cb4923fa60">\n                    </div>\n                </div>\n                <div class="modal-footer">\n                    <button type="submit" class="btn btn-primary">\n                        <span aria-hidden="true" class="mdi mdi-content-save-plus-outline me-4"></span><!--\n                        -->Save\n                    </button>\n                    <button class="btn btn-secondary" data-bs-dismiss="modal" type="button">\n                        <span aria-hidden="true" class="mdi mdi-close me-4"></span><!--\n                        -->Cancel\n                    </button>\n                </div>\n            </form>\n        </div>\n    </div>\n</div>\n\n    \n    \n\n<div class="modal fade" tabindex="-1" role="dialog" id="dynamic_group_assignment_modal">\n    <div class="modal-dialog modal-lg" role="document">\n        <div class="modal-content">\n            <div class="modal-header">\n                <button type="button" class="btn-close" data-bs-dismiss="modal" aria-label="Close">\n                </button>\n                <h4 class="modal-title">Static Assignment to Dynamic Groups</h4>\n            </div>\n            <form id="dynamic_group_assignment_form" action="/extras/dynamic-groups/assign-members/?"\n                  method="post" class="form form-horizontal">\n                <div class="modal-body">\n                    <input type="hidden" name="csrfmiddlewaretoken" value="eFAhSbkjx979Wogf6Tkej3HNfpftLsK2hUvGNANnYwju2gSHD7MrSfsK67ageb8x">\n                    <input type="hidden" name="return_url" value="/plugins/nautobot-igp-models/ospf-configuration/?id=622334b8-178f-4022-81d5-40cb4923fa60">\n                    <input type="hidden" id="dynamic_group_assignment_all" name="_all">\n                    <span id="dynamic_group_assignment_pks"></span>\n                    \n                        <input type="hidden" name="content_type" value="194" class="form-control" required="required" placeholder="None" id="id_content_type">\n                    \n                        \n                    \n                    \n\n<div class="mb-10 d-md-flex justify-content-center">\n    \n        <label class="col-md-3 col-form-label" for="id_add_to_groups">\n            Add to existing group(s)\n        </label>\n        <div class="col-md-9">\n            <select name="add_to_groups" class="nautobot-select2-api" data-multiple="1" data-query-param-group_type="[&quot;static&quot;]" data-query-param-content_type="[&quot;nautobot_igp_models.ospfconfiguration&quot;]" data-query-param-exclude_m2m="[&quot;true&quot;]" display-field="display" data-depth="0" data-url="/api/extras/dynamic-groups/" id="id_add_to_groups" multiple>\n</select>\n            \n            \n    \n    \n</div>\n</div>\n\n                    \n\n<div class="mb-10 d-md-flex justify-content-center">\n    \n        <label class="col-md-3 col-form-label" for="id_create_and_assign_to_new_group_name">\n            Create a new group\n        </label>\n        <div class="col-md-9">\n            <input type="text" name="create_and_assign_to_new_group_name" class="form-control" placeholder="Create a new group" id="id_create_and_assign_to_new_group_name">\n            \n            \n                <span class="form-text">Create a new group with this name and assign the selected objects to it.</span>\n            \n    \n    \n</div>\n</div>\n\n                    \n\n<div class="mb-10 d-md-flex justify-content-center">\n    \n        <label class="col-md-3 col-form-label" for="id_remove_from_groups">\n            Remove from group(s)\n        </label>\n        <div class="col-md-9">\n            <select name="remove_from_groups" class="nautobot-select2-api" data-multiple="1" data-query-param-group_type="[&quot;static&quot;]" data-query-param-content_type="[&quot;nautobot_igp_models.ospfconfiguration&quot;]" data-query-param-exclude_m2m="[&quot;true&quot;]" display-field="display" data-depth="0" data-url="/api/extras/dynamic-groups/" id="id_remove_from_groups" multiple>\n</select>\n            \n            \n    \n    \n</div>\n</div>\n\n                </div>\n                <div class="modal-footer">\n                    <button type="submit" class="btn btn-primary">\n                        <span class="mdi mdi-group" aria-hidden="true"></span> Apply\n                    </button>\n                    <button type="button" class="btn btn-secondary" id="dynamic_group_assignment_cancel">\n                        <span class="mdi mdi-close-thick" aria-hidden="true"></span> Cancel\n                    </button>\n                </div>\n            </form>\n        </div>\n    </div>\n</div>\n\n\n        </main>\n        \n            \n        \n        \n\n\n\n' : 


        <div id="drawer">
            
    



<section class="nb-drawer" tabindex="-1" id="FilterForm_drawer">
    <div class="nb-drawer-header">
        <h1>Filters</h1>
        <button type="button" class="btn-close" data-nb-dismiss="drawer" aria-label="Close"></button>
    </div>
    <div class="nb-drawer-body">
        <ul id="filter-tabs" class="nav nav-tabs">
            
                <li role="presentation" class="nav-item">
                    <a class="nav-link active"  href="#default-filter" role="tab" data-bs-toggle="tab">
                        Basic
                    </a>
                </li>
            
            
                <li role="presentation" class="nav-item">
                    <a class="nav-link position-relative" href="#advanced-filter" role="tab" data-bs-toggle="tab">
                        Advanced
                        
    <span
        aria-hidden="true"
        class="end-0 me-2 mt-2 top-0 nb-btn-indicator"
        data-bs-toggle="tooltip"
        data-bs-title="Some of the applied filters can only be viewed in Advanced"
    ></span>


                    </a>
                </li>
            
        </ul>
        <div class="tab-content h-100">
            
                <div id="default-filter" role="tabpanel" class="tab-pane fade show active h-100 p-20">
                    

<form class="h-100 vstack">
    <div class="align-content-start flex-fill pb-20">
        
        
            
                <div class="nb-form-group">
                    
                        <label for="id_instance">IGP Instance</label>
                        <select name="instance" class="nautobot-select2-api form-control" data-query-param-exclude_m2m="[&quot;true&quot;]" display-field="display" data-depth="0" placeholder="IGP Instance" data-url="/api/plugins/nautobot-igp-models/igp-routing-instances/" id="id_instance">
  <option value=""
         selected
        >---------</option>

</select>
                    
                </div>
            
        
            
                <div class="nb-form-group">
                    
                        <label for="id_process_id">Process ID</label>
                        <input type="number" name="process_id" class="form-control" placeholder="Process ID" id="id_process_id">
                    
                </div>
            
        
            
                <div class="nb-form-group">
                    
                        <label for="id_contacts">Contacts</label>
                        <select name="contacts" class="nautobot-select2-api form-control" data-multiple="1" data-query-param-exclude_m2m="[&quot;true&quot;]" display-field="display" value-field="name" data-depth="0" placeholder="None" data-url="/api/extras/contacts/" id="id_contacts" multiple>
</select>
                    
                </div>
            
        
            
                <div class="nb-form-group">
                    
                        <label for="id_teams">Teams</label>
                        <select name="teams" class="nautobot-select2-api form-control" data-multiple="1" data-query-param-exclude_m2m="[&quot;true&quot;]" display-field="display" value-field="name" data-depth="0" placeholder="None" data-url="/api/extras/teams/" id="id_teams" multiple>
</select>
                    
                </div>
            
        
    </div>
    <div class="justify-content-between mb-n20 nb-form-sticky-footer">
        <button type="submit" class="btn btn-primary">
            <span class="mdi mdi-check me-4" aria-hidden="true"></span><!--
            -->Apply Specified
        </button>
        <button type="reset" class="btn btn-secondary">
            <span aria-hidden="true" class="mdi mdi-close me-4"></span><!--
            -->Clear All
        </button>
    </div>
</form>

                </div>
            
            
                <div id="advanced-filter" role="tabpanel" class="tab-pane fade h-100 p-20">
                    <form class="h-100 vstack" id="dynamic-filter-form">
                        <div class="align-content-start flex-fill pb-20">
                            <input type="hidden" name="form-TOTAL_FORMS" value="1" id="id_form-TOTAL_FORMS"><input type="hidden" name="form-INITIAL_FORMS" value="0" id="id_form-INITIAL_FORMS"><input type="hidden" name="form-MIN_NUM_FORMS" value="0" id="id_form-MIN_NUM_FORMS"><input type="hidden" name="form-MAX_NUM_FORMS" value="1000" id="id_form-MAX_NUM_FORMS">
                            
                                <div class="nb-form-group">
                                    <label for="id_form-0-lookup_field">Field</label>
                                    <select name="form-0-lookup_field" class="nautobot-select2-static lookup_field-select" placeholder="Field" id="id_form-0-lookup_field">
  <option value="" selected>---------</option>

  <option value="contacts">Contacts (name or ID)</option>

  <option value="created">Created</option>

  <option value="dynamic_groups">Dynamic groups (name or ID)</option>

  <option value="instance">IGP Instance (Device Name)</option>

  <option value="id">Id</option>

  <option value="last_updated">Last updated</option>

  <option value="process_id">Process ID</option>

  <option value="status">Status (ID)</option>

  <option value="teams">Teams (name or ID)</option>

</select>
                                </div>
                            
                                <div class="nb-form-group">
                                    <label for="id_form-0-lookup_type">Lookup type</label>
                                    <select name="form-0-lookup_type" class="nautobot-select2-api lookup_type-select" placeholder="None" data-query-param-field_name="[&quot;$lookup_field&quot;]" data-contenttype="nautobot_igp_models.ospfconfiguration" data-url="/api/core/filterset-fields/lookup-choices/" id="id_form-0-lookup_type">
</select>
                                </div>
                            
                                <div class="nb-form-group">
                                    <label for="id_form-0-lookup_value">Value</label>
                                    <input type="text" name="form-0-lookup_value" class="form-control lookup_value-input form-control" placeholder="Value" id="id_form-0-lookup_value">
                                </div>
                            
                            <button class="nb-dynamic-filter-add btn btn-primary d-block ms-auto my-20" type="button">
                                <span aria-hidden="true" class="mdi mdi-plus me-4"></span><!--
                                -->Add Filter
                            </button>
                            <hr class="border-top my-20">
                            <div class="nb-dynamic-filter-items d-flex flex-wrap gap-10">
                                
                                    
                                        <span class="badge nb-multi-badge" data-nb-field="id">
                                            <button class="nb-dynamic-filter-remove" type="button">
                                                <span aria-hidden="true" class="mdi mdi-close"></span>
                                                <span class="visually-hidden">Remove All</span>
                                            </button>
                                            Id:
                                            <span class="nb-multi-badge-items">
                                                
                                                    <span class="badge" data-nb-value="622334b8-178f-4022-81d5-40cb4923fa60"><!--
                                                        --><button class="nb-dynamic-filter-remove" type="button">
                                                        <span aria-hidden="true" class="mdi mdi-close"></span>
                                                        <span class="visually-hidden">Remove</span>
                                                    </button><!--
                                                        -->622334b8-178f-4022-81d5-40cb4923fa60<!--
                                                        --><input name="id" type="hidden" value="622334b8-178f-4022-81d5-40cb4923fa60">
                                                    </span>
                                                
                                            </span>
                                        </span>
                                    
                                
                            </div>
                        </div>

                        <div class="d-print-none justify-content-between mb-n20 nb-form-sticky-footer">
                            <button type="submit" class="btn btn-primary">
                                <span class="mdi mdi-check me-4" aria-hidden="true"></span><!--
                                -->Apply Specified
                            </button>
                            <button type="reset" class="btn btn-secondary">
                                <span aria-hidden="true" class="mdi mdi-close me-4"></span><!--
                                -->Clear All
                            </button>
                        </div>
                    </form>
                </div>
            
        </div>
    </div>
</section>


    <script>
        (() => {
            document.addEventListener('DOMContentLoaded', () => {
                const NON_FILTER_PARAMS = [
                    'all_filters_removed',
                    'clear_view',
                    'per_page',
                    'saved_view',
                    'sort',
                    'table_changes_pending',
                ];

                /**
                 * Insert given `element` as `parent`'s first child.
                 * @param {HTMLElement} element - Element to be inserted.
                 * @param {HTMLElement} parent - Parent container for given `element`.
                 * @returns {void} Do not return any value, modify DOM in-place.
                 */
                const insertFirst = (element, parent) => {
                    parent.hasChildNodes() ? parent.insertBefore(element, parent.firstElementChild) : parent.appendChild(element);
                };

                /**
                 * Get HTML elements for default and dynamic filter forms.
                 * @returns {object} Object with `defaultFilterForm` and `dynamicFilterForm` HTML elements or `null`,
                 *   depending on their actual existence in the DOM.
                 */
                const getFilterForms = () => ({
                    defaultFilterForm: document.querySelector('#default-filter form'),
                    dynamicFilterForm: document.querySelector('#dynamic-filter-form'),
                });

                const prepopulateFilterSelectsFromURL = (() => {
                    const { defaultFilterForm } = getFilterForms();
                    const urlParams = new URLSearchParams(window.location.search);
                    // Only target Select2 controls inside the default filter form.
                    [...defaultFilterForm.querySelectorAll('select.nautobot-select2-multi-value-char')].forEach((el) => {
                        const name = el.getAttribute('name');
                        if (!name) { return; }
                        const values = urlParams.getAll(name);
                        if (!values.length) { return; }
                        values.forEach((val) => {
                            let found = Array.prototype.find.call(el.options, (opt) => {
                                return String(opt.value) === String(val);
                            });
                            if (found) {
                                found.selected = true;
                            } else {
                                el.add(new Option(val, val, true, true));
                            }
                        });
                        if (window.jQuery && $(el).data('select2')) {
                            $(el).trigger('change');
                        }
                    });
                })();

                /**
                 * Synchronize given `filter` value from default to dynamic filter form.
                 * @param {string} name - Filter name.
                 * @returns {void} Do not return any value, just set given field values.
                 */
                const syncDefaultToDynamic = (name) => {
                    const { defaultFilterForm } = getFilterForms();

                    const field = defaultFilterForm.querySelector(`[name="${name}"]`);
                    const text = field?.closest('.nb-form-group')?.querySelector('label')?.innerText?.trim();
                    /*
                     * `manageDynamicFilter` takes an array of `{ text: string, value: string }` objects as `value`, so
                     * regardless of field being a textbox, a single or multiple choice combobox, conversion is required:
                     *   1. For combobox (i.e. `<select>`), iterate over selected options and map them to display `text`
                     *     and underlying `value`.
                     *   2. For textbox (i.e. `<input>` or `<textarea>`):
                     *     1. Use entered value as both display `text` and underlying `value`.
                     *     2. If field is empty, use an empty array.
                     */
                    const value =
                        field?.tagName === 'SELECT'
                        ? [...field.selectedOptions].map((option) => ({ text: option.innerText, value: option.value }))
                        : [...(field?.value ? [{ text: field.value, value: field.value }] : [])];

                    manageDynamicFilter({ action: 'set', name, text, value });
                };

                /**
                 * Synchronize given `filter` value from dynamic to default filter form.
                 * @param {string} name - Filter name.
                 * @returns {void} Do not return any value, just set given field values.
                 */
                const syncDynamicToDefault = (name) => {
                    const { defaultFilterForm, dynamicFilterForm } = getFilterForms();

                    const current = [...dynamicFilterForm.querySelectorAll(`input[name="${name}"][type="hidden"]`)].map(
                        (input) => ({
                            text: [...(input.parentElement?.childNodes ?? [])].find((node) => node.nodeName === '#text')?.wholeText,
                            value: input.getAttribute('value'),
                        }),
                    );

                    const sync = defaultFilterForm?.querySelector(`[name=${name}]`);

                    if (sync?.tagName === 'INPUT' || sync?.tagName === 'TEXTAREA') {
                        sync.value = current.length > 0 ? current[0].value : '';
                    } else if (sync?.tagName === 'SELECT') {
                        window.nb.select2.setSelect2Value(sync, current);
                    }
                };

                /**
                 * Manage dynamic filter either by adding values to the existing selection or by setting passed values
                 * regardless of previous selection.
                 * @param {'add'|'set'} action - Use `'add'` to add given value to the existing selection; use `'set'`
                 *   to set given value regardless of what was set previously.
                 * @param {string} name - Filter field name.
                 * @param {string} text - Filter display text.
                 * @param {object[]} value - Array of objects containing `text` and `value` key-value pairs.
                 */
                const manageDynamicFilter = ({ action, name, text, value }) => {
                    const { dynamicFilterForm } = getFilterForms();
                    const items = dynamicFilterForm.querySelector('.nb-dynamic-filter-items');

                    const group = (() => {
                        const existing = items.querySelector(`.nb-multi-badge[data-nb-field="${name}"]`);
                        if (existing) {
                            return existing;
                        }

                        const group = document.createElement('span');
                        group.classList.toggle('badge', true);
                        group.classList.toggle('nb-multi-badge', true);
                        group.setAttribute('data-nb-field', name);

                        const button = document.createElement('button');
                        button.classList.toggle('nb-dynamic-filter-remove', true);
                        button.setAttribute('type', 'button');

                        const close = document.createElement('span');
                        close.classList.toggle('mdi', true);
                        close.classList.toggle('mdi-close', true);
                        close.setAttribute('aria-hidden', 'true');

                        const remove = document.createElement('span');
                        remove.classList.toggle('visually-hidden', true);
                        remove.innerText = 'Remove All';

                        const children = document.createElement('span');
                        children.classList.toggle('nb-multi-badge-items', true);

                        button.appendChild(close);
                        button.appendChild(remove);
                        group.appendChild(button);
                        group.insertAdjacentText('beforeend', `${text}:`);
                        group.appendChild(children);

                        return group;
                    })();

                    const children = group.querySelector('.nb-multi-badge-items');
                    const existing = [...children.querySelectorAll('.badge[data-nb-value]')];

                    /*
                     * Depending on `action` remove the following badges:
                     *   1. For `'add'`, remove already existing filters with the same key-value pairs and re-create them later.
                     *   2. For `'set'`, remove all existing filters of given key and apply only these passed as `values`.
                     */
                    const badgesToRemove =
                        action === 'add'
                        ? existing.filter((badge) => value.some((item) => badge.getAttribute('data-nb-value') === item.value))
                        : existing;
                    badgesToRemove.forEach((item) => children.removeChild(item));

                    value.forEach(({ text, value }) => {
                        const badge = document.createElement('span');
                        badge.classList.toggle('badge', true);
                        badge.setAttribute('data-nb-value', value);

                        const input = document.createElement('input');
                        input.setAttribute('name', name);
                        input.setAttribute('type', 'hidden');
                        input.setAttribute('value', value);

                        const button = document.createElement('button');
                        button.classList.toggle('nb-dynamic-filter-remove', true);
                        button.setAttribute('type', 'button');

                        const close = document.createElement('span');
                        close.classList.toggle('mdi', true);
                        close.classList.toggle('mdi-close', true);
                        close.setAttribute('aria-hidden', 'true');

                        const remove = document.createElement('span');
                        remove.classList.toggle('visually-hidden', true);
                        remove.innerText = 'Remove';

                        button.appendChild(close);
                        button.appendChild(remove);
                        badge.appendChild(button);
                        badge.insertAdjacentText('beforeend', text);
                        badge.appendChild(input);

                        insertFirst(badge, children);
                    });

                    // If group already exists, remove it and later insert as the first child.
                    if (items.contains(group)) {
                        items.removeChild(group);
                    }

                    if (children.hasChildNodes()) {
                        insertFirst(group, items);
                    }
                };

                document.addEventListener('click', (event) => {
                    const { defaultFilterForm, dynamicFilterForm } = getFilterForms();

                    const add = event.target.closest('button.nb-dynamic-filter-add');
                    if (add) {
                        const field = dynamicFilterForm.querySelector('[name$="lookup_field"]');
                        const type = dynamicFilterForm.querySelector('[name$="lookup_type"]');
                        const value = [...dynamicFilterForm.querySelectorAll('.nb-form-group')]
                            .pop()
                        ?.querySelector('input, select, textarea');

                        const isMissing = (control) =>
                        control?.selectedOptions ? control.selectedOptions.length === 0 : !control?.value;
                        if (isMissing(field) || isMissing(type) || isMissing(value)) {
                            // Return early if selected filter is not complete (i.e. is missing lookup field, type or value).
                            return;
                        }

                        const name = type.selectedOptions[0].value;
                        const label = field.selectedOptions[0].innerText.trim();
                        const suffix = type.selectedOptions[0].innerText.trim();
                        const text = /\(\w+\)/.test(suffix) ? `${label} ${suffix}` : label;
                        const values =
                            value?.getAttribute('multiple') !== null
                            ? [...value.selectedOptions].map((option) => ({ text: option.innerText.trim(), value: option.value }))
                            : [{ text: value?.value, value: value?.value }];

                        // If field exists in default filter form and is a single value input, use `'set'` action.
                        const action =
                            defaultFilterForm.querySelector(`[name="${name}"]`) &&
                        (value.tagName === 'INPUT' || value.tagName === 'TEXTAREA')
                            ? 'set'
                            : 'add';
                        manageDynamicFilter({ action, name, text, value: values });

                        syncDynamicToDefault(name);
                    }

                    const remove = event.target.closest('button.nb-dynamic-filter-remove');
                    if (remove) {
                        const badge = remove.closest('.badge');
                        /*
                         * Remove the group badge (i.e. multi-badge) when given badge is the group badge itself, or it is the only
                         * one left in the group (i.e. has no siblings) because removing it will leave the group badge empty anyway.
                         */
                        const shouldRemoveGroup =
                            badge?.classList.contains('nb-multi-badge') ||
                        (!badge?.previousElementSibling && !badge?.nextElementSibling);
                        shouldRemoveGroup ? badge?.closest('.nb-multi-badge')?.remove() : badge?.remove();

                        syncDynamicToDefault(badge?.querySelector('input[type="hidden"]')?.getAttribute('name'));
                    }
                });

                // Need to wrap `document` with jQuery to be able to listen to Select2 `change` event.
                $(document).on('change', (event) => {
                    const { defaultFilterForm } = getFilterForms();
                    const isDefaultFilterFormField = event.target.form === defaultFilterForm;
                    if (isDefaultFilterFormField) {
                        syncDefaultToDynamic(event.target.name);
                    }
                });

                // Need to wrap `document` with jQuery to be able to listen to Select2 `change` event.
                $(document).on('change', async (event) => {
                    const isLookupType = event.target.getAttribute('name')?.endsWith('lookup_type');
                    if (isLookupType) {
                        const content_type = event.target.getAttribute('data-contenttype');
                        const field_name = event.target.value;
                        const value = [...event.target.form.querySelectorAll('.nb-form-group')]
                            .pop()
                        ?.querySelector('input, select, textarea');

                        if (field_name) {
                            const replacement = await (async () => {
                                try {
                                    const response = await window.fetch(
                                        `/api/ui/core/filterset-fields/lookup-value-dom-element/?${new URLSearchParams({ content_type, field_name })}`,
                                        { method: 'GET', headers: { Accept: '*/*' } },
                                    );

                                    const html = await response.json();

                                    const element = document.createElement('div');
                                    element.innerHTML = html;

                                    return element.firstElementChild;
                                } catch (exception) {
                                    // Default to `<input type="text" ...>` field if error occurs.
                                    const input = document.createElement('input');
                                    input.classList.toggle('lookup_value-input', true);
                                    input.classList.toggle('form-control', true);
                                    input.setAttribute('id', `id_for_${field_name}`);
                                    input.setAttribute('name', field_name);
                                    input.setAttribute('type', 'text');
                                    return input;
                                }
                            })();

                            value.replaceWith(replacement);
                            replacement.nextElementSibling?.remove(); // Remove Select2 widget if present.
                            replacement.previousElementSibling?.setAttribute('for', replacement.getAttribute('id')); // Set label `for` attribute to match field `id`.
                            initializeInputs(replacement.parentElement);
                        }
                    }
                });

                // Need to wrap `document` with jQuery to be able to listen to Select2 `change` event.
                $(document).on('change', (event) => {
                    const isLookupField = event.target.getAttribute('name')?.endsWith('lookup_field');
                    const isLookupType = event.target.getAttribute('name')?.endsWith('lookup_type');

                    if (isLookupField) {
                        const type = event.target.form.querySelector('[name$="lookup_type"]');
                        $(type).val(null).trigger('change');
                    }

                    if (isLookupField || isLookupType) {
                        const value = [...event.target.form.querySelectorAll('.nb-form-group')]
                            .pop()
                        ?.querySelector('input, select, textarea');

                        if (value.tagName === 'SELECT') {
                            $(value).val(null).trigger('change');
                        } else {
                            value.value = '';
                        }
                    }
                });

                const isFilterForm = (target) => Boolean(target?.closest('#FilterForm_drawer'));

                document.addEventListener('reset', (event) => {
                    if (isFilterForm(event.target)) {
                        event.preventDefault();

                        // Remove all filter query params from location search while keeping non-filter params intact.
                        const searchParams = new URLSearchParams(window.location.search);
                        const nextSearchParams = new URLSearchParams([
                            ...[...searchParams].filter(
                                ([property]) => NON_FILTER_PARAMS.includes(property) && property !== 'all_filters_removed',
                            ),
                            ['all_filters_removed', 'true'],
                        ]);

                        location.assign(`?${nextSearchParams}`);
                    }
                });

                document.addEventListener('submit', (event) => {
                    if (isFilterForm(event.target)) {
                        event.preventDefault();

                        const { defaultFilterForm, dynamicFilterForm } = getFilterForms();

                        /*
                         * Just before the form submission automatically add filter selected in "Advanced" tab (if any)
                         * which hasn't been manually applied for whatever reason (usually forgetfulness, speed, etc.).
                         * This is a requested UX flavor.
                         */
                        const add = dynamicFilterForm.querySelector('button.nb-dynamic-filter-add');
                        add.click();

                        // Remove all field names which are not applied filters container descendants.
                        [...dynamicFilterForm.querySelectorAll('input, select, textarea')].forEach((field) =>
                            field.closest('.nb-dynamic-filter-items') ? undefined : field.removeAttribute('name'),
                        );

                        /*
                         * Get the serialized data from the forms and:
                         *   1) Filter out query params which values are empty e.g `?sam=&dan=2` becomes `dan=2`.
                         *   2) Combine the two forms into a single set of data without duplicate entries.
                         */
                        const defaultFilterFormSearchParams = new URLSearchParams(new FormData(defaultFilterForm));
                        const dynamicFilterFormSearchParams = new URLSearchParams(new FormData(dynamicFilterForm));
                        const searchParams = new URLSearchParams(window.location.search);

                        const nextSearchParams = new URLSearchParams([
                            ...[...defaultFilterFormSearchParams].filter(([, value]) => value !== ''),
                            ...[...dynamicFilterFormSearchParams].filter(
                                ([property, value]) => value !== '' && !defaultFilterFormSearchParams.has(property, value),
                            ),
                            ...[...searchParams].filter(
                                ([property]) => NON_FILTER_PARAMS.includes(property) && property !== 'all_filters_removed',
                            ),
                        ]);

                        if (nextSearchParams.has('saved_view')) {
                            const all_filters_removed = [...nextSearchParams].every(([property]) =>
                                NON_FILTER_PARAMS.includes(property),
                            );

                            if (all_filters_removed) {
                                nextSearchParams.set('all_filters_removed', 'true');
                            }
                        }

                        location.assign(`?${nextSearchParams}`);
                    }
                });

                const onSubmitOrReset = (event) => (isFilterForm(event.target) ? window.nb?.history?.saveState() : undefined);
                document.addEventListener('reset', onSubmitOrReset);
                document.addEventListener('submit', onSubmitOrReset);
            });
        })();
    </script>


    
        


<section class="nb-drawer" tabindex="-1" id="OSPFConfigurationTable_config">
    <div class="nb-drawer-header">
        <h1>Table Configuration</h1>
        <button type="button" class="btn-close" data-nb-dismiss="drawer" aria-label="Close"></button>
    </div>
    <div class="nb-drawer-body">
        <form class="userconfigform h-100 pb-20 px-20 vstack" data-config-root="tables.OSPFConfigurationTable">
            <div class="row align-content-start flex-fill">
                <div class="col-12">
                    <div class="alert alert-warning">
                        Column choices may negatively affect loading times.
                        <a href="/static/docs/user-guide/platform-functionality/user-interface/configurablecolumns.html" class="btn btn-link btn-sm" target="_blank" rel="noopener">
                            <span class="mdi mdi-information"></span>
                        </a>
                    </div>
                </div>
                <div class="col-12">
                    
                        <select name="columns" size="20" class="form-control" placeholder="None" id="id_columns" multiple>
  <option value="instance" selected>Instance</option>

  <option value="process_id" selected>Process ID</option>

  <option value="status" selected>Status</option>

  <option value="dynamic_group_count">Dynamic Groups</option>

</select>
                        <span class="form-text mt-8">Use the buttons below to arrange columns in the desired order, then select all columns to display.</span>
                        <div class="hstack gap-4 mt-8 mx-n4">
                            
                            <button type="button" class="btn btn-primary btn-sm" id="move-option-up" data-target="id_columns"><span class="mdi mdi-arrow-up-bold me-4"></span>Move up</button>
                            <button type="button" class="btn btn-primary btn-sm" id="move-option-down" data-target="id_columns"><span class="mdi mdi-arrow-down-bold me-4"></span>Move down</button>
                            <button type="button" class="btn btn-success btn-sm" id="select-all-options" data-target="id_columns"><span class="mdi mdi-expand-all-outline me-4"></span>Select all</button>
                            
                        </div>
                    
                </div>
            </div>
            <div class="nb-form-sticky-footer">
                <input type="submit" class="btn btn-primary" value="Save">
                <input type="submit" class="btn btn-danger reset" value="Reset">
            </div>
        </form>
    </div>
</section>


    <script>
        (() => {
            document.addEventListener('DOMContentLoaded', () => {
                document.addEventListener('submit', (event) => {
                    if (event.target.closest('#OSPFConfigurationTable_config')) {
                        // Keep the drawer open after page reload caused by form submission.
                        window.nb.history.saveState();
                    }
                });
            });
        })();
    </script>


    
    <section class="nb-drawer" tabindex="-1" id="SavedViews_drawer">
        <div class="nb-drawer-header">
            <h1>Saved Views</h1>
            <button type="button" class="btn-close" data-nb-dismiss="drawer" aria-label="Close"></button>
        </div>
        <div class="nb-drawer-body pb-20 px-20">
            <div class="align-items-start vstack flex-grow-0 gap-10">
                
            </div>
            
            <div class="align-items-start vstack gap-10">
                Actions:
                
                <a class="btn btn-secondary" href="" data-bs-toggle="modal" data-bs-target="#saved_view_modal">
                    <span class="mdi mdi-content-save-plus-outline me-4" aria-hidden="true"></span>Save As New
                </a>
                
            </div>
        </div>
    </section>

        </div>
        <header id="header">
            <div class="banner-alert-area">
                



    
        <div class="alert alert-info text-center" role="alert">
            <p>Local</p>
        </div>
    






                

            </div>
            <div class="container-fluid mb-12 mt-16">
                <div class="row">
                    <div id="page-title" class="col-4">
                        
                            


<h1 class="d-flex fs-2 gap-8 lh-sm py-6">
    <img
        alt="Nautobot chevron"
        class="align-self-start flex-grow-0 flex-shrink-0 my-n4"
        role="presentation"
        src="/static/img/nautobot_chevron.svg"
        style="width: 1.5rem;"
    />
    
        OSPF Configurations
    
</h1>

                        
                    </div>
                    



    
        <form action="/search/" class="col-4 text-center" id="header_search" method="get" role="search">
            <label class="position-relative w-100">
                <input
                    aria-placeholder="Press Ctrl+K to search"
                    class="form-control nb-text-transparent"
                    name="q"
                    type="search"
                    value=""
                />
                <span class="align-items-center d-inline-flex gap-6 overflow-hidden px-12 py-6 pe-none position-absolute start-0 top-0 user-select-none w-100">
                    <span aria-hidden="true" class="mdi mdi-magnify text-secondary d-inline-flex"></span>
                    
                        
                            
                                
                                    
                                
                                    
                                
                                    
                                
                                    
                                
                                    
                                
                            
                                
                                    
                                
                                    
                                
                                    
                                
                            
                                
                                    
                                
                                    
                                
                                    
                                
                            
                                
                                    
                                
                                    
                                
                                    
                                
                            
                                
                                    
                                
                                    
                                
                            
                                
                                    
                                
                                    
                                
                                    
                                
                                    
                                
                            
                                
                                    
                                
                                    
                                
                                    
                                
                                    
                                
                                    
                                
                                    
                                
                                    
                                
                                    
                                
                                    
                                
                                    
                                
                            
                        
                            
                                
                                    
                                
                            
                                
                                    
                                
                            
                                
                                    
                                
                            
                                
                                    
                                
                                    
                                
                                    
                                
                            
                                
                                    
                                
                                    
                                
                            
                                
                                    
                                
                            
                        
                            
                                
                                    
                                
                                    
                                
                            
                                
                                    
                                
                                    
                                
                                    
                                
                                    
                                
                            
                                
                                    
                                
                                    
                                
                            
                                
                                    
                                
                                    
                                
                            
                                
                                    
                                
                            
                                
                                    
                                
                                    
                                
                                    
                                
                            
                        
                            
                                
                                    
                                
                                    
                                
                                    
                                
                                    
                                        <span class="badge border" data-nb-link="/plugins/nautobot-igp-models/ospf-configuration/"><!--
                                            -->in: OSPF Configuration<!--
                                            --><button tabindex="-1" type="button">
                                            <span aria-hidden="true" class="mdi mdi-close"></span>
                                            <span class="visually-hidden">Remove</span>
                                        </button>
                                        </span>
                                    
                                
                                    
                                
                            
                        
                            
                                
                                    
                                
                                    
                                
                                    
                                
                            
                                
                                    
                                
                                    
                                
                            
                        
                            
                                
                                    
                                
                                    
                                
                                    
                                
                            
                                
                                    
                                
                                    
                                
                                    
                                
                            
                        
                            
                                
                                    
                                
                                    
                                
                            
                        
                            
                                
                                    
                                
                                    
                                
                                    
                                
                                    
                                
                                    
                                
                            
                        
                            
                                
                                    
                                
                                    
                                
                            
                        
                            
                                
                                    
                                
                                    
                                
                                    
                                
                                    
                                
                                    
                                
                            
                        
                            
                                
                                    
                                
                                    
                                
                            
                                
                                    
                                
                                    
                                
                                    
                                
                            
                        
                            
                                
                                    
                                
                                    
                                
                                    
                                
                                    
                                
                            
                        
                            
                                
                                    
                                
                                    
                                
                            
                        
                            
                                
                                    
                                
                            
                                
                                    
                                
                            
                                
                                    
                                
                                    
                                
                                    
                                
                                    
                                
                                    
                                
                                    
                                
                            
                                
                                    
                                
                            
                                
                                    
                                
                                    
                                
                            
                                
                                    
                                
                                    
                                
                                    
                                
                                    
                                
                                    
                                
                            
                                
                                    
                                
                                    
                                
                                    
                                
                                    
                                
                            
                                
                                    
                                
                                    
                                
                            
                        
                            
                                
                                    
                                
                                    
                                
                                    
                                
                                    
                                
                                    
                                
                                    
                                
                            
                        
                            
                                
                                    
                                
                                    
                                
                            
                        
                    
                    <span
                        aria-hidden="true"
                        class="align-items-center d-inline-flex gap-4 text-nowrap text-secondary"
                    >
                        
                            Press <kbd class="mt-n1">Ctrl+K</kbd> to search
                        
                    </span>
                    <a class="align-items-center d-inline-flex ms-auto pe-auto"
                       href="/static/docs/user-guide/platform-functionality/user-interface/search.html"
                       target="_blank"
                       rel="noopener"
                    >
                        <span aria-hidden="true" class="mdi mdi-help-circle-outline text-secondary"></span>
                    </a>
                </span>
            </label>
        </form>
    

    <div class="col-4 text-end">
        <div class="dropdown">
            <button class="btn dropdown-toggle align-items-center d-inline-flex gap-6" type="button" data-bs-toggle="dropdown" aria-expanded="false">
                <span aria-hidden="true" class="mdi mdi-account text-secondary"></span>
                nautobotuser
            </button>
            <ul class="dropdown-menu dropdown-menu-end">
                <li><a class="dropdown-item" href="/about/"><span class="mdi mdi-information"></span>About Nautobot</a></li>
                <li><a class="dropdown-item" href="/user/profile/"><span class="mdi mdi-account-box"></span>Profile</a></li>
                <li><a class="dropdown-item" href="/extras/approver-dashboard/"><span class="mdi mdi-check-bold"></span>Approval Dashboard</a></li>
                
                <li class="dropdown-divider"></li>
                <li><a class="dropdown-item" href="/logout/"><span class="mdi mdi-logout"></span>Log out</a></li>
            </ul>
        </div>
    </div>


                    <div class="col-12">
                        
    

    

    

<nav aria-label="Breadcrumbs" class="mt-1">
    <ol class="breadcrumb">
        
            
                
            
        
    </ol>
</nav>


                    </div>
                </div>
            </div>
            
        </header>
        <main class="container-fluid wrapper" id="main-content" tabindex="-1">
            
    <div class="align-items-center d-flex gap-8 justify-content-end mb-16 d-print-none">
        
        

        <div class="btn-group">
            
                <button type="button" id="actions-dropdown" class="btn btn-primary dropdown-toggle" data-bs-toggle="dropdown">
                    Actions
                    <span class="mdi mdi-chevron-down" aria-hidden="true"></span>
                </button>
            
            <ul class="dropdown-menu dropdown-menu-end" role="menu">
                
                
                
                    
                        
    
        
        
        <li>
            <form action="/extras/jobs/nautobot.core.jobs.ExportObjectList/run/" method="post">
                <input type="hidden" name="csrfmiddlewaretoken" value="eFAhSbkjx979Wogf6Tkej3HNfpftLsK2hUvGNANnYwju2gSHD7MrSfsK67ageb8x">
                <input type="hidden" name="content_type" value="194">
                <input type="hidden" name="query_string" value="id=622334b8-178f-4022-81d5-40cb4923fa60">
                <input type="hidden" name="_schedule_type" value="immediately">
                <input type="hidden" name="export_format" value="csv">
                <button class="dropdown-item" type="submit">
                    <span class="mdi mdi-database-export text-secondary" aria-hidden="true"></span> Export as CSV
                </button>
            </form>
        </li>
        
    


                    
                
            </ul>
        </div>
        
        
        
            
            
        
        <div class="align-items-center d-flex gap-4">
            
                <button
                    type="button"
                    class="btn position-relative text-secondary"
                    data-nb-toggle="drawer"
                    data-nb-target="#SavedViews_drawer"
                    title="Saved Views"
                    aria-expanded="false"
                    aria-controls="SavedViews_drawer"
                >
                    <span class="mdi mdi-view-compact-outline" aria-hidden="true"></span>
                    <span class="visually-hidden">Saved Views</span>
                    
                </button>
            
            
                <button
                    type="button"
                    class="btn position-relative text-secondary"
                    data-nb-toggle="drawer"
                    data-nb-target="#FilterForm_drawer"
                    title="Add Filters"
                    id="id__filterbtn"
                    aria-controls="FilterForm_drawer"
                    aria-expanded="false"
                >
                    <span class="mdi mdi-filter" aria-hidden="true"></span>
                    <span class="visually-hidden">Add Filters</span>
                    
                        <span aria-hidden="true" class="nb-btn-indicator"></span>
                    
                </button>
            
        </div>
    </div>

    

    <div>
        
            
                
                    


<div class="card mb-3">
    
    <div class="table-responsive">
        



    <table class="table table-hover nb-table-headings">
        
            <thead>
                <tr>
                    
                        
                            
                                <th class="orderable"><a href="?id=622334b8-178f-4022-81d5-40cb4923fa60&amp;sort=instance" data-column-name="instance">Instance</a></th>
                            
                        
                    
                        
                            
                                <th class="orderable"><a href="?id=622334b8-178f-4022-81d5-40cb4923fa60&amp;sort=process_id" data-column-name="process_id">Process ID</a></th>
                            
                        
                    
                        
                            
                                <th class="orderable"><a href="?id=622334b8-178f-4022-81d5-40cb4923fa60&amp;sort=status" data-column-name="status">Status</a></th>
                            
                        
                    
                        
                            <th class="nb-actionable nb-w-0 orderable">
                                <button
            type="button"
            class="btn border-0 float-end rounded-0 text-end text-secondary "
            data-nb-toggle="drawer"
            data-nb-target="#OSPFConfigurationTable_config"
            
            title="Configure table"
            aria-controls="OSPFConfigurationTable_config"
            aria-expanded="false"
        >
            <span class="mdi mdi-cog" aria-hidden="true"></span>
            <span class="visually-hidden">Configure</span>
        </button>
                            </th>
                        
                    
                    
                </tr>
            </thead>
        
        <tbody>
            
                <tr class="even">
                    
                        <td ><a href="/plugins/nautobot-igp-models/igproutinginstance/3b682d4d-7040-4744-bd8f-93cb37509d63/">OSPF on router1</a></td>
                    
                        <td >1</td>
                    
                        <td >
    
    
        <span class="badge" style="color: #ffffff; background-color: #4caf50">
            Active
        </span>
    
    </td>
                    
                        <td class="d-print-none nb-actions nb-w-0 text-end text-nowrap">
    <div class="dropdown">
        <button class="btn dropdown-toggle" type="button" data-bs-toggle="dropdown" aria-expanded="false">
            <span class="mdi mdi-dots-vertical" aria-hidden="true"></span>
            <span class="visually-hidden">Toggle Dropdown</span>
        </button>
        <ul class="dropdown-menu dropdown-menu-end">
            
            
            
            
        </ul>
    </div>

    </td>
                    
                    
                </tr>
            
        </tbody>
        
    </table>


    </div>
    
</div>

                
            
            

<div class="paginator align-items-center d-flex fs-5 gap-10 justify-content-end mt-16 text-secondary">
    
        <div>
            Showing 1-1 of 1
        </div>
        <div class="vr border-start my-8"></div>
    
    <form class="align-items-center d-flex gap-4" method="get">
        
            
                
                    <input type="hidden" name="id" value="622334b8-178f-4022-81d5-40cb4923fa60" />
                
            
        
        <select name="per_page" id="per_page" class="form-select">
            
                <option value="65000" selected="selected">65000</option>
            
            
                <option value="25">25</option>
            
                <option value="50">50</option>
            
                <option value="100">100</option>
            
                <option value="250">250</option>
            
                <option value="500">500</option>
            
                <option value="1000">1000</option>
            
        </select>
        per page
    </form>
    
</div>

            <div class="clearfix"></div>
        
    </div>
    
        


<div class="modal fade" tabindex="-1" id="saved_view_modal" role="dialog">
    <div class="modal-dialog modal-lg">
        <div class="modal-content">
            <div class="modal-header">
                <h4 class="modal-title">New Saved View</h4>
                <button type="button" class="btn-close" data-bs-dismiss="modal" aria-label="Close"></button>
            </div>
            <form action="/extras/saved-views/add/" method="post">
                <div class="modal-body">
                    <input type="hidden" name="csrfmiddlewaretoken" value="eFAhSbkjx979Wogf6Tkej3HNfpftLsK2hUvGNANnYwju2gSHD7MrSfsK67ageb8x">
                    <div class="row">
                        

<div class="mb-10 d-md-flex justify-content-center">
    
        <label class="col-md-3 col-form-label nb-required" for="id_name">
            Name
        </label>
        <div class="col-md-9">
            <input type="text" name="name" maxlength="255" class="form-control" required placeholder="Name" id="id_name">
            
            
                <span class="form-text">The name of this view</span>
            
    
    
</div>
</div>

                        <span class="col-lg-3 text-end text-secondary">New Changes</span>
                        <div class="col-lg-9">
                            <pre><code class="language-json">{
    &quot;filter_params&quot;: {
        &quot;id&quot;: [
            &quot;622334b8-178f-4022-81d5-40cb4923fa60&quot;
        ]
    },
    &quot;per_page&quot;: 65000,
    &quot;sort_order&quot;: [],
    &quot;table_config&quot;: null
}</code></pre>
                        </div>
                        

<div class="mb-10 d-md-flex justify-content-center">
    
        <div class="col-md-9 offset-md-3">
            <div class="form-check mt-6">
                <input type="checkbox" name="is_shared" class="form-check-input" placeholder="Is shared" id="id_is_shared">
                <label class="form-check-label" for="id_is_shared">
                    Is shared
                </label>
            </div>
            
            
                <span class="form-text">If checked, all users will be able to see this saved view</span>
            
    
    
</div>
</div>

                        <input type="hidden" id="view" name="view" value="plugins:nautobot_igp_models:ospfconfiguration_list">
                        <input type="hidden" id="params" name="params" value="id=622334b8-178f-4022-81d5-40cb4923fa60">
                    </div>
                </div>
                <div class="modal-footer">
                    <button type="submit" class="btn btn-primary">
                        <span aria-hidden="true" class="mdi mdi-content-save-plus-outline me-4"></span><!--
                        -->Save
                    </button>
                    <button class="btn btn-secondary" data-bs-dismiss="modal" type="button">
                        <span aria-hidden="true" class="mdi mdi-close me-4"></span><!--
                        -->Cancel
                    </button>
                </div>
            </form>
        </div>
    </div>
</div>

    
    

<div class="modal fade" tabindex="-1" role="dialog" id="dynamic_group_assignment_modal">
    <div class="modal-dialog modal-lg" role="document">
        <div class="modal-content">
            <div class="modal-header">
                <button type="button" class="btn-close" data-bs-dismiss="modal" aria-label="Close">
                </button>
                <h4 class="modal-title">Static Assignment to Dynamic Groups</h4>
            </div>
            <form id="dynamic_group_assignment_form" action="/extras/dynamic-groups/assign-members/?"
                  method="post" class="form form-horizontal">
                <div class="modal-body">
                    <input type="hidden" name="csrfmiddlewaretoken" value="eFAhSbkjx979Wogf6Tkej3HNfpftLsK2hUvGNANnYwju2gSHD7MrSfsK67ageb8x">
                    <input type="hidden" name="return_url" value="/plugins/nautobot-igp-models/ospf-configuration/?id=622334b8-178f-4022-81d5-40cb4923fa60">
                    <input type="hidden" id="dynamic_group_assignment_all" name="_all">
                    <span id="dynamic_group_assignment_pks"></span>
                    
                        <input type="hidden" name="content_type" value="194" class="form-control" required="required" placeholder="None" id="id_content_type">
                    
                        
                    
                    

<div class="mb-10 d-md-flex justify-content-center">
    
        <label class="col-md-3 col-form-label" for="id_add_to_groups">
            Add to existing group(s)
        </label>
        <div class="col-md-9">
            <select name="add_to_groups" class="nautobot-select2-api" data-multiple="1" data-query-param-group_type="[&quot;static&quot;]" data-query-param-content_type="[&quot;nautobot_igp_models.ospfconfiguration&quot;]" data-query-param-exclude_m2m="[&quot;true&quot;]" display-field="display" data-depth="0" data-url="/api/extras/dynamic-groups/" id="id_add_to_groups" multiple>
</select>
            
            
    
    
</div>
</div>

                    

<div class="mb-10 d-md-flex justify-content-center">
    
        <label class="col-md-3 col-form-label" for="id_create_and_assign_to_new_group_name">
            Create a new group
        </label>
        <div class="col-md-9">
            <input type="text" name="create_and_assign_to_new_group_name" class="form-control" placeholder="Create a new group" id="id_create_and_assign_to_new_group_name">
            
            
                <span class="form-text">Create a new group with this name and assign the selected objects to it.</span>
            
    
    
</div>
</div>

                    

<div class="mb-10 d-md-flex justify-content-center">
    
        <label class="col-md-3 col-form-label" for="id_remove_from_groups">
            Remove from group(s)
        </label>
        <div class="col-md-9">
            <select name="remove_from_groups" class="nautobot-select2-api" data-multiple="1" data-query-param-group_type="[&quot;static&quot;]" data-query-param-content_type="[&quot;nautobot_igp_models.ospfconfiguration&quot;]" data-query-param-exclude_m2m="[&quot;true&quot;]" display-field="display" data-depth="0" data-url="/api/extras/dynamic-groups/" id="id_remove_from_groups" multiple>
</select>
            
            
    
    
</div>
</div>

                </div>
                <div class="modal-footer">
                    <button type="submit" class="btn btn-primary">
                        <span class="mdi mdi-group" aria-hidden="true"></span> Apply
                    </button>
                    <button type="button" class="btn btn-secondary" id="dynamic_group_assignment_cancel">
                        <span class="mdi mdi-close-thick" aria-hidden="true"></span> Cancel
                    </button>
                </div>
            </form>
        </div>
    </div>
</div>


        </main>
        
            
        
        





======================================================================
FAIL: test_list_objects_unknown_filter_no_strict_filtering (nautobot_igp_models.tests.test_views.OSPFConfigurationViewTest.test_list_objects_unknown_filter_no_strict_filtering)
Verify that without STRICT_FILTERING, an unknown filter is ignored.
----------------------------------------------------------------------
Traceback (most recent call last):
  File "/usr/local/lib/python3.11/site-packages/django/test/utils.py", line 461, in inner
    return func(*args, **kwargs)
           ^^^^^^^^^^^^^^^^^^^^^
  File "/usr/local/lib/python3.11/site-packages/nautobot/core/testing/views.py", line 1089, in test_list_objects_unknown_filter_no_strict_filtering
    self.assertRegex(content, r">\s*" + re.escape(escape(instance1.name)) + r"\s*<", msg=content)
AssertionError: Regex didn't match: '>\\s*OSPF\\-Config\\-R1\\s*<' not found in '\n\n\n        <div id="drawer">\n            \n    \n\n\n\n<section class="nb-drawer" tabindex="-1" id="FilterForm_drawer">\n    <div class="nb-drawer-header">\n        <h1>Filters</h1>\n        <button type="button" class="btn-close" data-nb-dismiss="drawer" aria-label="Close"></button>\n    </div>\n    <div class="nb-drawer-body">\n        <ul id="filter-tabs" class="nav nav-tabs">\n            \n                <li role="presentation" class="nav-item">\n                    <a class="nav-link active"  href="#default-filter" role="tab" data-bs-toggle="tab">\n                        Basic\n                    </a>\n                </li>\n            \n            \n                <li role="presentation" class="nav-item">\n                    <a class="nav-link position-relative" href="#advanced-filter" role="tab" data-bs-toggle="tab">\n                        Advanced\n                        \n    <span\n        aria-hidden="true"\n        class="end-0 me-2 mt-2 top-0 nb-btn-indicator"\n        data-bs-toggle="tooltip"\n        data-bs-title="Some of the applied filters can only be viewed in Advanced"\n    ></span>\n\n\n                    </a>\n                </li>\n            \n        </ul>\n        <div class="tab-content h-100">\n            \n                <div id="default-filter" role="tabpanel" class="tab-pane fade show active h-100 p-20">\n                    \n\n<form class="h-100 vstack">\n    <div class="align-content-start flex-fill pb-20">\n        \n        \n            \n                <div class="nb-form-group">\n                    \n                        <label for="id_instance">IGP Instance</label>\n                        <select name="instance" class="nautobot-select2-api form-control" data-query-param-exclude_m2m="[&quot;true&quot;]" display-field="display" data-depth="0" placeholder="IGP Instance" data-url="/api/plugins/nautobot-igp-models/igp-routing-instances/" id="id_instance">\n  <option value=""\n         selected\n        >---------</option>\n\n</select>\n                    \n                </div>\n            \n        \n            \n                <div class="nb-form-group">\n                    \n                        <label for="id_process_id">Process ID</label>\n                        <input type="number" name="process_id" class="form-control" placeholder="Process ID" id="id_process_id">\n                    \n                </div>\n            \n        \n            \n                <div class="nb-form-group">\n                    \n                        <label for="id_contacts">Contacts</label>\n                        <select name="contacts" class="nautobot-select2-api form-control" data-multiple="1" data-query-param-exclude_m2m="[&quot;true&quot;]" display-field="display" value-field="name" data-depth="0" placeholder="None" data-url="/api/extras/contacts/" id="id_contacts" multiple>\n</select>\n                    \n                </div>\n            \n        \n            \n                <div class="nb-form-group">\n                    \n                        <label for="id_teams">Teams</label>\n                        <select name="teams" class="nautobot-select2-api form-control" data-multiple="1" data-query-param-exclude_m2m="[&quot;true&quot;]" display-field="display" value-field="name" data-depth="0" placeholder="None" data-url="/api/extras/teams/" id="id_teams" multiple>\n</select>\n                    \n                </div>\n            \n        \n    </div>\n    <div class="justify-content-between mb-n20 nb-form-sticky-footer">\n        <button type="submit" class="btn btn-primary">\n            <span class="mdi mdi-check me-4" aria-hidden="true"></span><!--\n            -->Apply Specified\n        </button>\n        <button type="reset" class="btn btn-secondary">\n            <span aria-hidden="true" class="mdi mdi-close me-4"></span><!--\n            -->Clear All\n        </button>\n    </div>\n</form>\n\n                </div>\n            \n            \n                <div id="advanced-filter" role="tabpanel" class="tab-pane fade h-100 p-20">\n                    <form class="h-100 vstack" id="dynamic-filter-form">\n                        <div class="align-content-start flex-fill pb-20">\n                            <input type="hidden" name="form-TOTAL_FORMS" value="1" id="id_form-TOTAL_FORMS"><input type="hidden" name="form-INITIAL_FORMS" value="0" id="id_form-INITIAL_FORMS"><input type="hidden" name="form-MIN_NUM_FORMS" value="0" id="id_form-MIN_NUM_FORMS"><input type="hidden" name="form-MAX_NUM_FORMS" value="1000" id="id_form-MAX_NUM_FORMS">\n                            \n                                <div class="nb-form-group">\n                                    <label for="id_form-0-lookup_field">Field</label>\n                                    <select name="form-0-lookup_field" class="nautobot-select2-static lookup_field-select" placeholder="Field" id="id_form-0-lookup_field">\n  <option value="" selected>---------</option>\n\n  <option value="contacts">Contacts (name or ID)</option>\n\n  <option value="created">Created</option>\n\n  <option value="dynamic_groups">Dynamic groups (name or ID)</option>\n\n  <option value="instance">IGP Instance (Device Name)</option>\n\n  <option value="id">Id</option>\n\n  <option value="last_updated">Last updated</option>\n\n  <option value="process_id">Process ID</option>\n\n  <option value="status">Status (ID)</option>\n\n  <option value="teams">Teams (name or ID)</option>\n\n</select>\n                                </div>\n                            \n                                <div class="nb-form-group">\n                                    <label for="id_form-0-lookup_type">Lookup type</label>\n                                    <select name="form-0-lookup_type" class="nautobot-select2-api lookup_type-select" placeholder="None" data-query-param-field_name="[&quot;$lookup_field&quot;]" data-contenttype="nautobot_igp_models.ospfconfiguration" data-url="/api/core/filterset-fields/lookup-choices/" id="id_form-0-lookup_type">\n</select>\n                                </div>\n                            \n                                <div class="nb-form-group">\n                                    <label for="id_form-0-lookup_value">Value</label>\n                                    <input type="text" name="form-0-lookup_value" class="form-control lookup_value-input form-control" placeholder="Value" id="id_form-0-lookup_value">\n                                </div>\n                            \n                            <button class="nb-dynamic-filter-add btn btn-primary d-block ms-auto my-20" type="button">\n                                <span aria-hidden="true" class="mdi mdi-plus me-4"></span><!--\n                                -->Add Filter\n                            </button>\n                            <hr class="border-top my-20">\n                            <div class="nb-dynamic-filter-items d-flex flex-wrap gap-10">\n                                \n                                    \n                                        <span class="badge nb-multi-badge" data-nb-field="ice_cream_flavor">\n                                            <button class="nb-dynamic-filter-remove" type="button">\n                                                <span aria-hidden="true" class="mdi mdi-close"></span>\n                                                <span class="visually-hidden">Remove All</span>\n                                            </button>\n                                            ice_cream_flavor:\n                                            <span class="nb-multi-badge-items">\n                                                \n                                                    <span class="badge" data-nb-value="chocolate"><!--\n                                                        --><button class="nb-dynamic-filter-remove" type="button">\n                                                        <span aria-hidden="true" class="mdi mdi-close"></span>\n                                                        <span class="visually-hidden">Remove</span>\n                                                    </button><!--\n                                                        -->chocolate<!--\n                                                        --><input name="ice_cream_flavor" type="hidden" value="chocolate">\n                                                    </span>\n                                                \n                                            </span>\n                                        </span>\n                                    \n                                \n                            </div>\n                        </div>\n\n                        <div class="d-print-none justify-content-between mb-n20 nb-form-sticky-footer">\n                            <button type="submit" class="btn btn-primary">\n                                <span class="mdi mdi-check me-4" aria-hidden="true"></span><!--\n                                -->Apply Specified\n                            </button>\n                            <button type="reset" class="btn btn-secondary">\n                                <span aria-hidden="true" class="mdi mdi-close me-4"></span><!--\n                                -->Clear All\n                            </button>\n                        </div>\n                    </form>\n                </div>\n            \n        </div>\n    </div>\n</section>\n\n\n    <script>\n        (() => {\n            document.addEventListener(\'DOMContentLoaded\', () => {\n                const NON_FILTER_PARAMS = [\n                    \'all_filters_removed\',\n                    \'clear_view\',\n                    \'per_page\',\n                    \'saved_view\',\n                    \'sort\',\n                    \'table_changes_pending\',\n                ];\n\n                /**\n                 * Insert given `element` as `parent`\'s first child.\n                 * @param {HTMLElement} element - Element to be inserted.\n                 * @param {HTMLElement} parent - Parent container for given `element`.\n                 * @returns {void} Do not return any value, modify DOM in-place.\n                 */\n                const insertFirst = (element, parent) => {\n                    parent.hasChildNodes() ? parent.insertBefore(element, parent.firstElementChild) : parent.appendChild(element);\n                };\n\n                /**\n                 * Get HTML elements for default and dynamic filter forms.\n                 * @returns {object} Object with `defaultFilterForm` and `dynamicFilterForm` HTML elements or `null`,\n                 *   depending on their actual existence in the DOM.\n                 */\n                const getFilterForms = () => ({\n                    defaultFilterForm: document.querySelector(\'#default-filter form\'),\n                    dynamicFilterForm: document.querySelector(\'#dynamic-filter-form\'),\n                });\n\n                const prepopulateFilterSelectsFromURL = (() => {\n                    const { defaultFilterForm } = getFilterForms();\n                    const urlParams = new URLSearchParams(window.location.search);\n                    // Only target Select2 controls inside the default filter form.\n                    [...defaultFilterForm.querySelectorAll(\'select.nautobot-select2-multi-value-char\')].forEach((el) => {\n                        const name = el.getAttribute(\'name\');\n                        if (!name) { return; }\n                        const values = urlParams.getAll(name);\n                        if (!values.length) { return; }\n                        values.forEach((val) => {\n                            let found = Array.prototype.find.call(el.options, (opt) => {\n                                return String(opt.value) === String(val);\n                            });\n                            if (found) {\n                                found.selected = true;\n                            } else {\n                                el.add(new Option(val, val, true, true));\n                            }\n                        });\n                        if (window.jQuery && $(el).data(\'select2\')) {\n                            $(el).trigger(\'change\');\n                        }\n                    });\n                })();\n\n                /**\n                 * Synchronize given `filter` value from default to dynamic filter form.\n                 * @param {string} name - Filter name.\n                 * @returns {void} Do not return any value, just set given field values.\n                 */\n                const syncDefaultToDynamic = (name) => {\n                    const { defaultFilterForm } = getFilterForms();\n\n                    const field = defaultFilterForm.querySelector(`[name="${name}"]`);\n                    const text = field?.closest(\'.nb-form-group\')?.querySelector(\'label\')?.innerText?.trim();\n                    /*\n                     * `manageDynamicFilter` takes an array of `{ text: string, value: string }` objects as `value`, so\n                     * regardless of field being a textbox, a single or multiple choice combobox, conversion is required:\n                     *   1. For combobox (i.e. `<select>`), iterate over selected options and map them to display `text`\n                     *     and underlying `value`.\n                     *   2. For textbox (i.e. `<input>` or `<textarea>`):\n                     *     1. Use entered value as both display `text` and underlying `value`.\n                     *     2. If field is empty, use an empty array.\n                     */\n                    const value =\n                        field?.tagName === \'SELECT\'\n                        ? [...field.selectedOptions].map((option) => ({ text: option.innerText, value: option.value }))\n                        : [...(field?.value ? [{ text: field.value, value: field.value }] : [])];\n\n                    manageDynamicFilter({ action: \'set\', name, text, value });\n                };\n\n                /**\n                 * Synchronize given `filter` value from dynamic to default filter form.\n                 * @param {string} name - Filter name.\n                 * @returns {void} Do not return any value, just set given field values.\n                 */\n                const syncDynamicToDefault = (name) => {\n                    const { defaultFilterForm, dynamicFilterForm } = getFilterForms();\n\n                    const current = [...dynamicFilterForm.querySelectorAll(`input[name="${name}"][type="hidden"]`)].map(\n                        (input) => ({\n                            text: [...(input.parentElement?.childNodes ?? [])].find((node) => node.nodeName === \'#text\')?.wholeText,\n                            value: input.getAttribute(\'value\'),\n                        }),\n                    );\n\n                    const sync = defaultFilterForm?.querySelector(`[name=${name}]`);\n\n                    if (sync?.tagName === \'INPUT\' || sync?.tagName === \'TEXTAREA\') {\n                        sync.value = current.length > 0 ? current[0].value : \'\';\n                    } else if (sync?.tagName === \'SELECT\') {\n                        window.nb.select2.setSelect2Value(sync, current);\n                    }\n                };\n\n                /**\n                 * Manage dynamic filter either by adding values to the existing selection or by setting passed values\n                 * regardless of previous selection.\n                 * @param {\'add\'|\'set\'} action - Use `\'add\'` to add given value to the existing selection; use `\'set\'`\n                 *   to set given value regardless of what was set previously.\n                 * @param {string} name - Filter field name.\n                 * @param {string} text - Filter display text.\n                 * @param {object[]} value - Array of objects containing `text` and `value` key-value pairs.\n                 */\n                const manageDynamicFilter = ({ action, name, text, value }) => {\n                    const { dynamicFilterForm } = getFilterForms();\n                    const items = dynamicFilterForm.querySelector(\'.nb-dynamic-filter-items\');\n\n                    const group = (() => {\n                        const existing = items.querySelector(`.nb-multi-badge[data-nb-field="${name}"]`);\n                        if (existing) {\n                            return existing;\n                        }\n\n                        const group = document.createElement(\'span\');\n                        group.classList.toggle(\'badge\', true);\n                        group.classList.toggle(\'nb-multi-badge\', true);\n                        group.setAttribute(\'data-nb-field\', name);\n\n                        const button = document.createElement(\'button\');\n                        button.classList.toggle(\'nb-dynamic-filter-remove\', true);\n                        button.setAttribute(\'type\', \'button\');\n\n                        const close = document.createElement(\'span\');\n                        close.classList.toggle(\'mdi\', true);\n                        close.classList.toggle(\'mdi-close\', true);\n                        close.setAttribute(\'aria-hidden\', \'true\');\n\n                        const remove = document.createElement(\'span\');\n                        remove.classList.toggle(\'visually-hidden\', true);\n                        remove.innerText = \'Remove All\';\n\n                        const children = document.createElement(\'span\');\n                        children.classList.toggle(\'nb-multi-badge-items\', true);\n\n                        button.appendChild(close);\n                        button.appendChild(remove);\n                        group.appendChild(button);\n                        group.insertAdjacentText(\'beforeend\', `${text}:`);\n                        group.appendChild(children);\n\n                        return group;\n                    })();\n\n                    const children = group.querySelector(\'.nb-multi-badge-items\');\n                    const existing = [...children.querySelectorAll(\'.badge[data-nb-value]\')];\n\n                    /*\n                     * Depending on `action` remove the following badges:\n                     *   1. For `\'add\'`, remove already existing filters with the same key-value pairs and re-create them later.\n                     *   2. For `\'set\'`, remove all existing filters of given key and apply only these passed as `values`.\n                     */\n                    const badgesToRemove =\n                        action === \'add\'\n                        ? existing.filter((badge) => value.some((item) => badge.getAttribute(\'data-nb-value\') === item.value))\n                        : existing;\n                    badgesToRemove.forEach((item) => children.removeChild(item));\n\n                    value.forEach(({ text, value }) => {\n                        const badge = document.createElement(\'span\');\n                        badge.classList.toggle(\'badge\', true);\n                        badge.setAttribute(\'data-nb-value\', value);\n\n                        const input = document.createElement(\'input\');\n                        input.setAttribute(\'name\', name);\n                        input.setAttribute(\'type\', \'hidden\');\n                        input.setAttribute(\'value\', value);\n\n                        const button = document.createElement(\'button\');\n                        button.classList.toggle(\'nb-dynamic-filter-remove\', true);\n                        button.setAttribute(\'type\', \'button\');\n\n                        const close = document.createElement(\'span\');\n                        close.classList.toggle(\'mdi\', true);\n                        close.classList.toggle(\'mdi-close\', true);\n                        close.setAttribute(\'aria-hidden\', \'true\');\n\n                        const remove = document.createElement(\'span\');\n                        remove.classList.toggle(\'visually-hidden\', true);\n                        remove.innerText = \'Remove\';\n\n                        button.appendChild(close);\n                        button.appendChild(remove);\n                        badge.appendChild(button);\n                        badge.insertAdjacentText(\'beforeend\', text);\n                        badge.appendChild(input);\n\n                        insertFirst(badge, children);\n                    });\n\n                    // If group already exists, remove it and later insert as the first child.\n                    if (items.contains(group)) {\n                        items.removeChild(group);\n                    }\n\n                    if (children.hasChildNodes()) {\n                        insertFirst(group, items);\n                    }\n                };\n\n                document.addEventListener(\'click\', (event) => {\n                    const { defaultFilterForm, dynamicFilterForm } = getFilterForms();\n\n                    const add = event.target.closest(\'button.nb-dynamic-filter-add\');\n                    if (add) {\n                        const field = dynamicFilterForm.querySelector(\'[name$="lookup_field"]\');\n                        const type = dynamicFilterForm.querySelector(\'[name$="lookup_type"]\');\n                        const value = [...dynamicFilterForm.querySelectorAll(\'.nb-form-group\')]\n                            .pop()\n                        ?.querySelector(\'input, select, textarea\');\n\n                        const isMissing = (control) =>\n                        control?.selectedOptions ? control.selectedOptions.length === 0 : !control?.value;\n                        if (isMissing(field) || isMissing(type) || isMissing(value)) {\n                            // Return early if selected filter is not complete (i.e. is missing lookup field, type or value).\n                            return;\n                        }\n\n                        const name = type.selectedOptions[0].value;\n                        const label = field.selectedOptions[0].innerText.trim();\n                        const suffix = type.selectedOptions[0].innerText.trim();\n                        const text = /\\(\\w+\\)/.test(suffix) ? `${label} ${suffix}` : label;\n                        const values =\n                            value?.getAttribute(\'multiple\') !== null\n                            ? [...value.selectedOptions].map((option) => ({ text: option.innerText.trim(), value: option.value }))\n                            : [{ text: value?.value, value: value?.value }];\n\n                        // If field exists in default filter form and is a single value input, use `\'set\'` action.\n                        const action =\n                            defaultFilterForm.querySelector(`[name="${name}"]`) &&\n                        (value.tagName === \'INPUT\' || value.tagName === \'TEXTAREA\')\n                            ? \'set\'\n                            : \'add\';\n                        manageDynamicFilter({ action, name, text, value: values });\n\n                        syncDynamicToDefault(name);\n                    }\n\n                    const remove = event.target.closest(\'button.nb-dynamic-filter-remove\');\n                    if (remove) {\n                        const badge = remove.closest(\'.badge\');\n                        /*\n                         * Remove the group badge (i.e. multi-badge) when given badge is the group badge itself, or it is the only\n                         * one left in the group (i.e. has no siblings) because removing it will leave the group badge empty anyway.\n                         */\n                        const shouldRemoveGroup =\n                            badge?.classList.contains(\'nb-multi-badge\') ||\n                        (!badge?.previousElementSibling && !badge?.nextElementSibling);\n                        shouldRemoveGroup ? badge?.closest(\'.nb-multi-badge\')?.remove() : badge?.remove();\n\n                        syncDynamicToDefault(badge?.querySelector(\'input[type="hidden"]\')?.getAttribute(\'name\'));\n                    }\n                });\n\n                // Need to wrap `document` with jQuery to be able to listen to Select2 `change` event.\n                $(document).on(\'change\', (event) => {\n                    const { defaultFilterForm } = getFilterForms();\n                    const isDefaultFilterFormField = event.target.form === defaultFilterForm;\n                    if (isDefaultFilterFormField) {\n                        syncDefaultToDynamic(event.target.name);\n                    }\n                });\n\n                // Need to wrap `document` with jQuery to be able to listen to Select2 `change` event.\n                $(document).on(\'change\', async (event) => {\n                    const isLookupType = event.target.getAttribute(\'name\')?.endsWith(\'lookup_type\');\n                    if (isLookupType) {\n                        const content_type = event.target.getAttribute(\'data-contenttype\');\n                        const field_name = event.target.value;\n                        const value = [...event.target.form.querySelectorAll(\'.nb-form-group\')]\n                            .pop()\n                        ?.querySelector(\'input, select, textarea\');\n\n                        if (field_name) {\n                            const replacement = await (async () => {\n                                try {\n                                    const response = await window.fetch(\n                                        `/api/ui/core/filterset-fields/lookup-value-dom-element/?${new URLSearchParams({ content_type, field_name })}`,\n                                        { method: \'GET\', headers: { Accept: \'*/*\' } },\n                                    );\n\n                                    const html = await response.json();\n\n                                    const element = document.createElement(\'div\');\n                                    element.innerHTML = html;\n\n                                    return element.firstElementChild;\n                                } catch (exception) {\n                                    // Default to `<input type="text" ...>` field if error occurs.\n                                    const input = document.createElement(\'input\');\n                                    input.classList.toggle(\'lookup_value-input\', true);\n                                    input.classList.toggle(\'form-control\', true);\n                                    input.setAttribute(\'id\', `id_for_${field_name}`);\n                                    input.setAttribute(\'name\', field_name);\n                                    input.setAttribute(\'type\', \'text\');\n                                    return input;\n                                }\n                            })();\n\n                            value.replaceWith(replacement);\n                            replacement.nextElementSibling?.remove(); // Remove Select2 widget if present.\n                            replacement.previousElementSibling?.setAttribute(\'for\', replacement.getAttribute(\'id\')); // Set label `for` attribute to match field `id`.\n                            initializeInputs(replacement.parentElement);\n                        }\n                    }\n                });\n\n                // Need to wrap `document` with jQuery to be able to listen to Select2 `change` event.\n                $(document).on(\'change\', (event) => {\n                    const isLookupField = event.target.getAttribute(\'name\')?.endsWith(\'lookup_field\');\n                    const isLookupType = event.target.getAttribute(\'name\')?.endsWith(\'lookup_type\');\n\n                    if (isLookupField) {\n                        const type = event.target.form.querySelector(\'[name$="lookup_type"]\');\n                        $(type).val(null).trigger(\'change\');\n                    }\n\n                    if (isLookupField || isLookupType) {\n                        const value = [...event.target.form.querySelectorAll(\'.nb-form-group\')]\n                            .pop()\n                        ?.querySelector(\'input, select, textarea\');\n\n                        if (value.tagName === \'SELECT\') {\n                            $(value).val(null).trigger(\'change\');\n                        } else {\n                            value.value = \'\';\n                        }\n                    }\n                });\n\n                const isFilterForm = (target) => Boolean(target?.closest(\'#FilterForm_drawer\'));\n\n                document.addEventListener(\'reset\', (event) => {\n                    if (isFilterForm(event.target)) {\n                        event.preventDefault();\n\n                        // Remove all filter query params from location search while keeping non-filter params intact.\n                        const searchParams = new URLSearchParams(window.location.search);\n                        const nextSearchParams = new URLSearchParams([\n                            ...[...searchParams].filter(\n                                ([property]) => NON_FILTER_PARAMS.includes(property) && property !== \'all_filters_removed\',\n                            ),\n                            [\'all_filters_removed\', \'true\'],\n                        ]);\n\n                        location.assign(`?${nextSearchParams}`);\n                    }\n                });\n\n                document.addEventListener(\'submit\', (event) => {\n                    if (isFilterForm(event.target)) {\n                        event.preventDefault();\n\n                        const { defaultFilterForm, dynamicFilterForm } = getFilterForms();\n\n                        /*\n                         * Just before the form submission automatically add filter selected in "Advanced" tab (if any)\n                         * which hasn\'t been manually applied for whatever reason (usually forgetfulness, speed, etc.).\n                         * This is a requested UX flavor.\n                         */\n                        const add = dynamicFilterForm.querySelector(\'button.nb-dynamic-filter-add\');\n                        add.click();\n\n                        // Remove all field names which are not applied filters container descendants.\n                        [...dynamicFilterForm.querySelectorAll(\'input, select, textarea\')].forEach((field) =>\n                            field.closest(\'.nb-dynamic-filter-items\') ? undefined : field.removeAttribute(\'name\'),\n                        );\n\n                        /*\n                         * Get the serialized data from the forms and:\n                         *   1) Filter out query params which values are empty e.g `?sam=&dan=2` becomes `dan=2`.\n                         *   2) Combine the two forms into a single set of data without duplicate entries.\n                         */\n                        const defaultFilterFormSearchParams = new URLSearchParams(new FormData(defaultFilterForm));\n                        const dynamicFilterFormSearchParams = new URLSearchParams(new FormData(dynamicFilterForm));\n                        const searchParams = new URLSearchParams(window.location.search);\n\n                        const nextSearchParams = new URLSearchParams([\n                            ...[...defaultFilterFormSearchParams].filter(([, value]) => value !== \'\'),\n                            ...[...dynamicFilterFormSearchParams].filter(\n                                ([property, value]) => value !== \'\' && !defaultFilterFormSearchParams.has(property, value),\n                            ),\n                            ...[...searchParams].filter(\n                                ([property]) => NON_FILTER_PARAMS.includes(property) && property !== \'all_filters_removed\',\n                            ),\n                        ]);\n\n                        if (nextSearchParams.has(\'saved_view\')) {\n                            const all_filters_removed = [...nextSearchParams].every(([property]) =>\n                                NON_FILTER_PARAMS.includes(property),\n                            );\n\n                            if (all_filters_removed) {\n                                nextSearchParams.set(\'all_filters_removed\', \'true\');\n                            }\n                        }\n\n                        location.assign(`?${nextSearchParams}`);\n                    }\n                });\n\n                const onSubmitOrReset = (event) => (isFilterForm(event.target) ? window.nb?.history?.saveState() : undefined);\n                document.addEventListener(\'reset\', onSubmitOrReset);\n                document.addEventListener(\'submit\', onSubmitOrReset);\n            });\n        })();\n    </script>\n\n\n    \n        \n\n\n<section class="nb-drawer" tabindex="-1" id="OSPFConfigurationTable_config">\n    <div class="nb-drawer-header">\n        <h1>Table Configuration</h1>\n        <button type="button" class="btn-close" data-nb-dismiss="drawer" aria-label="Close"></button>\n    </div>\n    <div class="nb-drawer-body">\n        <form class="userconfigform h-100 pb-20 px-20 vstack" data-config-root="tables.OSPFConfigurationTable">\n            <div class="row align-content-start flex-fill">\n                <div class="col-12">\n                    <div class="alert alert-warning">\n                        Column choices may negatively affect loading times.\n                        <a href="/static/docs/user-guide/platform-functionality/user-interface/configurablecolumns.html" class="btn btn-link btn-sm" target="_blank" rel="noopener">\n                            <span class="mdi mdi-information"></span>\n                        </a>\n                    </div>\n                </div>\n                <div class="col-12">\n                    \n                        <select name="columns" size="20" class="form-control" placeholder="None" id="id_columns" multiple>\n  <option value="instance" selected>Instance</option>\n\n  <option value="process_id" selected>Process ID</option>\n\n  <option value="status" selected>Status</option>\n\n  <option value="dynamic_group_count">Dynamic Groups</option>\n\n</select>\n                        <span class="form-text mt-8">Use the buttons below to arrange columns in the desired order, then select all columns to display.</span>\n                        <div class="hstack gap-4 mt-8 mx-n4">\n                            \n                            <button type="button" class="btn btn-primary btn-sm" id="move-option-up" data-target="id_columns"><span class="mdi mdi-arrow-up-bold me-4"></span>Move up</button>\n                            <button type="button" class="btn btn-primary btn-sm" id="move-option-down" data-target="id_columns"><span class="mdi mdi-arrow-down-bold me-4"></span>Move down</button>\n                            <button type="button" class="btn btn-success btn-sm" id="select-all-options" data-target="id_columns"><span class="mdi mdi-expand-all-outline me-4"></span>Select all</button>\n                            \n                        </div>\n                    \n                </div>\n            </div>\n            <div class="nb-form-sticky-footer">\n                <input type="submit" class="btn btn-primary" value="Save">\n                <input type="submit" class="btn btn-danger reset" value="Reset">\n            </div>\n        </form>\n    </div>\n</section>\n\n\n    <script>\n        (() => {\n            document.addEventListener(\'DOMContentLoaded\', () => {\n                document.addEventListener(\'submit\', (event) => {\n                    if (event.target.closest(\'#OSPFConfigurationTable_config\')) {\n                        // Keep the drawer open after page reload caused by form submission.\n                        window.nb.history.saveState();\n                    }\n                });\n            });\n        })();\n    </script>\n\n\n    \n    <section class="nb-drawer" tabindex="-1" id="SavedViews_drawer">\n        <div class="nb-drawer-header">\n            <h1>Saved Views</h1>\n            <button type="button" class="btn-close" data-nb-dismiss="drawer" aria-label="Close"></button>\n        </div>\n        <div class="nb-drawer-body pb-20 px-20">\n            <div class="align-items-start vstack flex-grow-0 gap-10">\n                \n            </div>\n            \n            <div class="align-items-start vstack gap-10">\n                Actions:\n                \n                <a class="btn btn-secondary" href="" data-bs-toggle="modal" data-bs-target="#saved_view_modal">\n                    <span class="mdi mdi-content-save-plus-outline me-4" aria-hidden="true"></span>Save As New\n                </a>\n                \n            </div>\n        </div>\n    </section>\n\n        </div>\n        <header id="header">\n            <div class="banner-alert-area">\n                \n\n\n\n    \n        <div class="alert alert-info text-center" role="alert">\n            <p>Local</p>\n        </div>\n    \n\n\n\n\n\n\n                \n\n            </div>\n            <div class="container-fluid mb-12 mt-16">\n                <div class="row">\n                    <div id="page-title" class="col-4">\n                        \n                            \n\n\n<h1 class="d-flex fs-2 gap-8 lh-sm py-6">\n    <img\n        alt="Nautobot chevron"\n        class="align-self-start flex-grow-0 flex-shrink-0 my-n4"\n        role="presentation"\n        src="/static/img/nautobot_chevron.svg"\n        style="width: 1.5rem;"\n    />\n    \n        OSPF Configurations\n    \n</h1>\n\n                        \n                    </div>\n                    \n\n\n\n    \n        <form action="/search/" class="col-4 text-center" id="header_search" method="get" role="search">\n            <label class="position-relative w-100">\n                <input\n                    aria-placeholder="Press Ctrl+K to search"\n                    class="form-control nb-text-transparent"\n                    name="q"\n                    type="search"\n                    value=""\n                />\n                <span class="align-items-center d-inline-flex gap-6 overflow-hidden px-12 py-6 pe-none position-absolute start-0 top-0 user-select-none w-100">\n                    <span aria-hidden="true" class="mdi mdi-magnify text-secondary d-inline-flex"></span>\n                    \n                        \n                            \n                                \n                                    \n                                \n                                    \n                                \n                                    \n                                \n                                    \n                                \n                                    \n                                \n                            \n                                \n                                    \n                                \n                                    \n                                \n                                    \n                                \n                            \n                                \n                                    \n                                \n                                    \n                                \n                                    \n                                \n                            \n                                \n                                    \n                                \n                                    \n                                \n                                    \n                                \n                            \n                                \n                                    \n                                \n                                    \n                                \n                            \n                                \n                                    \n                                \n                                    \n                                \n                                    \n                                \n                                    \n                                \n                            \n                                \n                                    \n                                \n                                    \n                                \n                                    \n                                \n                                    \n                                \n                                    \n                                \n                                    \n                                \n                                    \n                                \n                                    \n                                \n                                    \n                                \n                                    \n                                \n                            \n                        \n                            \n                                \n                                    \n                                \n                            \n                                \n                                    \n                                \n                            \n                                \n                                    \n                                \n                            \n                                \n                                    \n                                \n                                    \n                                \n                                    \n                                \n                            \n                                \n                                    \n                                \n                                    \n                                \n                            \n                                \n                                    \n                                \n                            \n                        \n                            \n                                \n                                    \n                                \n                                    \n                                \n                            \n                                \n                                    \n                                \n                                    \n                                \n                                    \n                                \n                                    \n                                \n                            \n                                \n                                    \n                                \n                                    \n                                \n                            \n                                \n                                    \n                                \n                                    \n                                \n                            \n                                \n                                    \n                                \n                            \n                                \n                                    \n                                \n                                    \n                                \n                                    \n                                \n                            \n                        \n                            \n                                \n                                    \n                                \n                                    \n                                \n                                    \n                                \n                                    \n                                        <span class="badge border" data-nb-link="/plugins/nautobot-igp-models/ospf-configuration/"><!--\n                                            -->in: OSPF Configuration<!--\n                                            --><button tabindex="-1" type="button">\n                                            <span aria-hidden="true" class="mdi mdi-close"></span>\n                                            <span class="visually-hidden">Remove</span>\n                                        </button>\n                                        </span>\n                                    \n                                \n                                    \n                                \n                            \n                        \n                            \n                                \n                                    \n                                \n                                    \n                                \n                                    \n                                \n                            \n                                \n                                    \n                                \n                                    \n                                \n                            \n                        \n                            \n                                \n                                    \n                                \n                                    \n                                \n                                    \n                                \n                            \n                                \n                                    \n                                \n                                    \n                                \n                                    \n                                \n                            \n                        \n                            \n                                \n                                    \n                                \n                                    \n                                \n                            \n                        \n                            \n                                \n                                    \n                                \n                                    \n                                \n                                    \n                                \n                                    \n                                \n                                    \n                                \n                            \n                        \n                            \n                                \n                                    \n                                \n                                    \n                                \n                            \n                        \n                            \n                                \n                                    \n                                \n                                    \n                                \n                                    \n                                \n                                    \n                                \n                                    \n                                \n                            \n                        \n                            \n                                \n                                    \n                                \n                                    \n                                \n                            \n                                \n                                    \n                                \n                                    \n                                \n                                    \n                                \n                            \n                        \n                            \n                                \n                                    \n                                \n                                    \n                                \n                                    \n                                \n                                    \n                                \n                            \n                        \n                            \n                                \n                                    \n                                \n                                    \n                                \n                            \n                        \n                            \n                                \n                                    \n                                \n                            \n                                \n                                    \n                                \n                            \n                                \n                                    \n                                \n                                    \n                                \n                                    \n                                \n                                    \n                                \n                                    \n                                \n                                    \n                                \n                            \n                                \n                                    \n                                \n                            \n                                \n                                    \n                                \n                                    \n                                \n                            \n                                \n                                    \n                                \n                                    \n                                \n                                    \n                                \n                                    \n                                \n                                    \n                                \n                            \n                                \n                                    \n                                \n                                    \n                                \n                                    \n                                \n                                    \n                                \n                            \n                                \n                                    \n                                \n                                    \n                                \n                            \n                        \n                            \n                                \n                                    \n                                \n                                    \n                                \n                                    \n                                \n                                    \n                                \n                                    \n                                \n                                    \n                                \n                            \n                        \n                            \n                                \n                                    \n                                \n                                    \n                                \n                            \n                        \n                    \n                    <span\n                        aria-hidden="true"\n                        class="align-items-center d-inline-flex gap-4 text-nowrap text-secondary"\n                    >\n                        \n                            Press <kbd class="mt-n1">Ctrl+K</kbd> to search\n                        \n                    </span>\n                    <a class="align-items-center d-inline-flex ms-auto pe-auto"\n                       href="/static/docs/user-guide/platform-functionality/user-interface/search.html"\n                       target="_blank"\n                       rel="noopener"\n                    >\n                        <span aria-hidden="true" class="mdi mdi-help-circle-outline text-secondary"></span>\n                    </a>\n                </span>\n            </label>\n        </form>\n    \n\n    <div class="col-4 text-end">\n        <div class="dropdown">\n            <button class="btn dropdown-toggle align-items-center d-inline-flex gap-6" type="button" data-bs-toggle="dropdown" aria-expanded="false">\n                <span aria-hidden="true" class="mdi mdi-account text-secondary"></span>\n                nautobotuser\n            </button>\n            <ul class="dropdown-menu dropdown-menu-end">\n                <li><a class="dropdown-item" href="/about/"><span class="mdi mdi-information"></span>About Nautobot</a></li>\n                <li><a class="dropdown-item" href="/user/profile/"><span class="mdi mdi-account-box"></span>Profile</a></li>\n                <li><a class="dropdown-item" href="/extras/approver-dashboard/"><span class="mdi mdi-check-bold"></span>Approval Dashboard</a></li>\n                \n                <li class="dropdown-divider"></li>\n                <li><a class="dropdown-item" href="/logout/"><span class="mdi mdi-logout"></span>Log out</a></li>\n            </ul>\n        </div>\n    </div>\n\n\n                    <div class="col-12">\n                        \n    \n\n    \n\n    \n\n<nav aria-label="Breadcrumbs" class="mt-1">\n    <ol class="breadcrumb">\n        \n            \n                \n            \n        \n    </ol>\n</nav>\n\n\n                    </div>\n                </div>\n            </div>\n            \n        </header>\n        <main class="container-fluid wrapper" id="main-content" tabindex="-1">\n            \n    <div class="align-items-center d-flex gap-8 justify-content-end mb-16 d-print-none">\n        \n        \n\n        <div class="btn-group">\n            \n                <button type="button" id="actions-dropdown" class="btn btn-primary dropdown-toggle" data-bs-toggle="dropdown">\n                    Actions\n                    <span class="mdi mdi-chevron-down" aria-hidden="true"></span>\n                </button>\n            \n            <ul class="dropdown-menu dropdown-menu-end" role="menu">\n                \n                \n                \n                    \n                        \n    \n        \n        \n        <li>\n            <form action="/extras/jobs/nautobot.core.jobs.ExportObjectList/run/" method="post">\n                <input type="hidden" name="csrfmiddlewaretoken" value="7fQunTzRYzUXRE7dDvzyUaDSaqHE2ow6M6scEAtrQ1FFlTo8rlgMfIqzwiGQ1MRc">\n                <input type="hidden" name="content_type" value="194">\n                <input type="hidden" name="query_string" value="ice_cream_flavor=chocolate">\n                <input type="hidden" name="_schedule_type" value="immediately">\n                <input type="hidden" name="export_format" value="csv">\n                <button class="dropdown-item" type="submit">\n                    <span class="mdi mdi-database-export text-secondary" aria-hidden="true"></span> Export as CSV\n                </button>\n            </form>\n        </li>\n        \n    \n\n\n                    \n                \n            </ul>\n        </div>\n        \n        \n        \n            \n            \n        \n        <div class="align-items-center d-flex gap-4">\n            \n                <button\n                    type="button"\n                    class="btn position-relative text-secondary"\n                    data-nb-toggle="drawer"\n                    data-nb-target="#SavedViews_drawer"\n                    title="Saved Views"\n                    aria-expanded="false"\n                    aria-controls="SavedViews_drawer"\n                >\n                    <span class="mdi mdi-view-compact-outline" aria-hidden="true"></span>\n                    <span class="visually-hidden">Saved Views</span>\n                    \n                </button>\n            \n            \n                <button\n                    type="button"\n                    class="btn position-relative text-secondary"\n                    data-nb-toggle="drawer"\n                    data-nb-target="#FilterForm_drawer"\n                    title="Add Filters"\n                    id="id__filterbtn"\n                    aria-controls="FilterForm_drawer"\n                    aria-expanded="false"\n                >\n                    <span class="mdi mdi-filter" aria-hidden="true"></span>\n                    <span class="visually-hidden">Add Filters</span>\n                    \n                        <span aria-hidden="true" class="nb-btn-indicator"></span>\n                    \n                </button>\n            \n        </div>\n    </div>\n\n    \n\n    <div>\n        \n            \n                \n                    \n\n\n<div class="card mb-3">\n    \n    <div class="table-responsive">\n        \n\n\n\n    <table class="table table-hover nb-table-headings">\n        \n            <thead>\n                <tr>\n                    \n                        \n                            \n                                <th class="orderable"><a href="?ice_cream_flavor=chocolate&amp;sort=instance" data-column-name="instance">Instance</a></th>\n                            \n                        \n                    \n                        \n                            \n                                <th class="orderable"><a href="?ice_cream_flavor=chocolate&amp;sort=process_id" data-column-name="process_id">Process ID</a></th>\n                            \n                        \n                    \n                        \n                            \n                                <th class="orderable"><a href="?ice_cream_flavor=chocolate&amp;sort=status" data-column-name="status">Status</a></th>\n                            \n                        \n                    \n                        \n                            <th class="nb-actionable nb-w-0 orderable">\n                                <button\n            type="button"\n            class="btn border-0 float-end rounded-0 text-end text-secondary "\n            data-nb-toggle="drawer"\n            data-nb-target="#OSPFConfigurationTable_config"\n            \n            title="Configure table"\n            aria-controls="OSPFConfigurationTable_config"\n            aria-expanded="false"\n        >\n            <span class="mdi mdi-cog" aria-hidden="true"></span>\n            <span class="visually-hidden">Configure</span>\n        </button>\n                            </th>\n                        \n                    \n                    \n                </tr>\n            </thead>\n        \n        <tbody>\n            \n                <tr class="even">\n                    \n                        <td ><a href="/plugins/nautobot-igp-models/igproutinginstance/3b682d4d-7040-4744-bd8f-93cb37509d63/">OSPF on router1</a></td>\n                    \n                        <td >1</td>\n                    \n                        <td >\n    \n    \n        <span class="badge" style="color: #ffffff; background-color: #4caf50">\n            Active\n        </span>\n    \n    </td>\n                    \n                        <td class="d-print-none nb-actions nb-w-0 text-end text-nowrap">\n    <div class="dropdown">\n        <button class="btn dropdown-toggle" type="button" data-bs-toggle="dropdown" aria-expanded="false">\n            <span class="mdi mdi-dots-vertical" aria-hidden="true"></span>\n            <span class="visually-hidden">Toggle Dropdown</span>\n        </button>\n        <ul class="dropdown-menu dropdown-menu-end">\n            \n            \n            \n            \n        </ul>\n    </div>\n\n    </td>\n                    \n                    \n                </tr>\n            \n                <tr class="odd">\n                    \n                        <td ><a href="/plugins/nautobot-igp-models/igproutinginstance/3e74c271-935f-46ba-b492-f01652c30e66/">OSPF on router2</a></td>\n                    \n                        <td >1</td>\n                    \n                        <td >\n    \n    \n        <span class="badge" style="color: #ffffff; background-color: #4caf50">\n            Active\n        </span>\n    \n    </td>\n                    \n                        <td class="d-print-none nb-actions nb-w-0 text-end text-nowrap">\n    <div class="dropdown">\n        <button class="btn dropdown-toggle" type="button" data-bs-toggle="dropdown" aria-expanded="false">\n            <span class="mdi mdi-dots-vertical" aria-hidden="true"></span>\n            <span class="visually-hidden">Toggle Dropdown</span>\n        </button>\n        <ul class="dropdown-menu dropdown-menu-end">\n            \n            \n            \n            \n        </ul>\n    </div>\n\n    </td>\n                    \n                    \n                </tr>\n            \n                <tr class="even">\n                    \n                        <td ><a href="/plugins/nautobot-igp-models/igproutinginstance/655f1e93-a7a2-4c1b-af19-99e0f3b92a9b/">OSPF on router3</a></td>\n                    \n                        <td >1</td>\n                    \n                        <td >\n    \n    \n        <span class="badge" style="color: #ffffff; background-color: #4caf50">\n            Active\n        </span>\n    \n    </td>\n                    \n                        <td class="d-print-none nb-actions nb-w-0 text-end text-nowrap">\n    <div class="dropdown">\n        <button class="btn dropdown-toggle" type="button" data-bs-toggle="dropdown" aria-expanded="false">\n            <span class="mdi mdi-dots-vertical" aria-hidden="true"></span>\n            <span class="visually-hidden">Toggle Dropdown</span>\n        </button>\n        <ul class="dropdown-menu dropdown-menu-end">\n            \n            \n            \n            \n        </ul>\n    </div>\n\n    </td>\n                    \n                    \n                </tr>\n            \n        </tbody>\n        \n    </table>\n\n\n    </div>\n    \n</div>\n\n                \n            \n            \n\n<div class="paginator align-items-center d-flex fs-5 gap-10 justify-content-end mt-16 text-secondary">\n    \n        <div>\n            Showing 1-3 of 3\n        </div>\n        <div class="vr border-start my-8"></div>\n    \n    <form class="align-items-center d-flex gap-4" method="get">\n        \n            \n                \n                    <input type="hidden" name="ice_cream_flavor" value="chocolate" />\n                \n            \n        \n        <select name="per_page" id="per_page" class="form-select">\n            \n                <option value="65000" selected="selected">65000</option>\n            \n            \n                <option value="25">25</option>\n            \n                <option value="50">50</option>\n            \n                <option value="100">100</option>\n            \n                <option value="250">250</option>\n            \n                <option value="500">500</option>\n            \n                <option value="1000">1000</option>\n            \n        </select>\n        per page\n    </form>\n    \n</div>\n\n            <div class="clearfix"></div>\n        \n    </div>\n    \n        \n\n\n<div class="modal fade" tabindex="-1" id="saved_view_modal" role="dialog">\n    <div class="modal-dialog modal-lg">\n        <div class="modal-content">\n            <div class="modal-header">\n                <h4 class="modal-title">New Saved View</h4>\n                <button type="button" class="btn-close" data-bs-dismiss="modal" aria-label="Close"></button>\n            </div>\n            <form action="/extras/saved-views/add/" method="post">\n                <div class="modal-body">\n                    <input type="hidden" name="csrfmiddlewaretoken" value="7fQunTzRYzUXRE7dDvzyUaDSaqHE2ow6M6scEAtrQ1FFlTo8rlgMfIqzwiGQ1MRc">\n                    <div class="row">\n                        \n\n<div class="mb-10 d-md-flex justify-content-center">\n    \n        <label class="col-md-3 col-form-label nb-required" for="id_name">\n            Name\n        </label>\n        <div class="col-md-9">\n            <input type="text" name="name" maxlength="255" class="form-control" required placeholder="Name" id="id_name">\n            \n            \n                <span class="form-text">The name of this view</span>\n            \n    \n    \n</div>\n</div>\n\n                        <span class="col-lg-3 text-end text-secondary">New Changes</span>\n                        <div class="col-lg-9">\n                            <pre><code class="language-json">{\n    &quot;filter_params&quot;: {\n        &quot;ice_cream_flavor&quot;: [\n            &quot;chocolate&quot;\n        ]\n    },\n    &quot;per_page&quot;: 65000,\n    &quot;sort_order&quot;: [],\n    &quot;table_config&quot;: null\n}</code></pre>\n                        </div>\n                        \n\n<div class="mb-10 d-md-flex justify-content-center">\n    \n        <div class="col-md-9 offset-md-3">\n            <div class="form-check mt-6">\n                <input type="checkbox" name="is_shared" class="form-check-input" placeholder="Is shared" id="id_is_shared">\n                <label class="form-check-label" for="id_is_shared">\n                    Is shared\n                </label>\n            </div>\n            \n            \n                <span class="form-text">If checked, all users will be able to see this saved view</span>\n            \n    \n    \n</div>\n</div>\n\n                        <input type="hidden" id="view" name="view" value="plugins:nautobot_igp_models:ospfconfiguration_list">\n                        <input type="hidden" id="params" name="params" value="ice_cream_flavor=chocolate">\n                    </div>\n                </div>\n                <div class="modal-footer">\n                    <button type="submit" class="btn btn-primary">\n                        <span aria-hidden="true" class="mdi mdi-content-save-plus-outline me-4"></span><!--\n                        -->Save\n                    </button>\n                    <button class="btn btn-secondary" data-bs-dismiss="modal" type="button">\n                        <span aria-hidden="true" class="mdi mdi-close me-4"></span><!--\n                        -->Cancel\n                    </button>\n                </div>\n            </form>\n        </div>\n    </div>\n</div>\n\n    \n    \n\n<div class="modal fade" tabindex="-1" role="dialog" id="dynamic_group_assignment_modal">\n    <div class="modal-dialog modal-lg" role="document">\n        <div class="modal-content">\n            <div class="modal-header">\n                <button type="button" class="btn-close" data-bs-dismiss="modal" aria-label="Close">\n                </button>\n                <h4 class="modal-title">Static Assignment to Dynamic Groups</h4>\n            </div>\n            <form id="dynamic_group_assignment_form" action="/extras/dynamic-groups/assign-members/?"\n                  method="post" class="form form-horizontal">\n                <div class="modal-body">\n                    <input type="hidden" name="csrfmiddlewaretoken" value="7fQunTzRYzUXRE7dDvzyUaDSaqHE2ow6M6scEAtrQ1FFlTo8rlgMfIqzwiGQ1MRc">\n                    <input type="hidden" name="return_url" value="/plugins/nautobot-igp-models/ospf-configuration/?ice_cream_flavor=chocolate">\n                    <input type="hidden" id="dynamic_group_assignment_all" name="_all">\n                    <span id="dynamic_group_assignment_pks"></span>\n                    \n                        <input type="hidden" name="content_type" value="194" class="form-control" required="required" placeholder="None" id="id_content_type">\n                    \n                        \n                    \n                    \n\n<div class="mb-10 d-md-flex justify-content-center">\n    \n        <label class="col-md-3 col-form-label" for="id_add_to_groups">\n            Add to existing group(s)\n        </label>\n        <div class="col-md-9">\n            <select name="add_to_groups" class="nautobot-select2-api" data-multiple="1" data-query-param-group_type="[&quot;static&quot;]" data-query-param-content_type="[&quot;nautobot_igp_models.ospfconfiguration&quot;]" data-query-param-exclude_m2m="[&quot;true&quot;]" display-field="display" data-depth="0" data-url="/api/extras/dynamic-groups/" id="id_add_to_groups" multiple>\n</select>\n            \n            \n    \n    \n</div>\n</div>\n\n                    \n\n<div class="mb-10 d-md-flex justify-content-center">\n    \n        <label class="col-md-3 col-form-label" for="id_create_and_assign_to_new_group_name">\n            Create a new group\n        </label>\n        <div class="col-md-9">\n            <input type="text" name="create_and_assign_to_new_group_name" class="form-control" placeholder="Create a new group" id="id_create_and_assign_to_new_group_name">\n            \n            \n                <span class="form-text">Create a new group with this name and assign the selected objects to it.</span>\n            \n    \n    \n</div>\n</div>\n\n                    \n\n<div class="mb-10 d-md-flex justify-content-center">\n    \n        <label class="col-md-3 col-form-label" for="id_remove_from_groups">\n            Remove from group(s)\n        </label>\n        <div class="col-md-9">\n            <select name="remove_from_groups" class="nautobot-select2-api" data-multiple="1" data-query-param-group_type="[&quot;static&quot;]" data-query-param-content_type="[&quot;nautobot_igp_models.ospfconfiguration&quot;]" data-query-param-exclude_m2m="[&quot;true&quot;]" display-field="display" data-depth="0" data-url="/api/extras/dynamic-groups/" id="id_remove_from_groups" multiple>\n</select>\n            \n            \n    \n    \n</div>\n</div>\n\n                </div>\n                <div class="modal-footer">\n                    <button type="submit" class="btn btn-primary">\n                        <span class="mdi mdi-group" aria-hidden="true"></span> Apply\n                    </button>\n                    <button type="button" class="btn btn-secondary" id="dynamic_group_assignment_cancel">\n                        <span class="mdi mdi-close-thick" aria-hidden="true"></span> Cancel\n                    </button>\n                </div>\n            </form>\n        </div>\n    </div>\n</div>\n\n\n        </main>\n        \n            \n        \n        \n\n\n\n' : 


        <div id="drawer">
            
    



<section class="nb-drawer" tabindex="-1" id="FilterForm_drawer">
    <div class="nb-drawer-header">
        <h1>Filters</h1>
        <button type="button" class="btn-close" data-nb-dismiss="drawer" aria-label="Close"></button>
    </div>
    <div class="nb-drawer-body">
        <ul id="filter-tabs" class="nav nav-tabs">
            
                <li role="presentation" class="nav-item">
                    <a class="nav-link active"  href="#default-filter" role="tab" data-bs-toggle="tab">
                        Basic
                    </a>
                </li>
            
            
                <li role="presentation" class="nav-item">
                    <a class="nav-link position-relative" href="#advanced-filter" role="tab" data-bs-toggle="tab">
                        Advanced
                        
    <span
        aria-hidden="true"
        class="end-0 me-2 mt-2 top-0 nb-btn-indicator"
        data-bs-toggle="tooltip"
        data-bs-title="Some of the applied filters can only be viewed in Advanced"
    ></span>


                    </a>
                </li>
            
        </ul>
        <div class="tab-content h-100">
            
                <div id="default-filter" role="tabpanel" class="tab-pane fade show active h-100 p-20">
                    

<form class="h-100 vstack">
    <div class="align-content-start flex-fill pb-20">
        
        
            
                <div class="nb-form-group">
                    
                        <label for="id_instance">IGP Instance</label>
                        <select name="instance" class="nautobot-select2-api form-control" data-query-param-exclude_m2m="[&quot;true&quot;]" display-field="display" data-depth="0" placeholder="IGP Instance" data-url="/api/plugins/nautobot-igp-models/igp-routing-instances/" id="id_instance">
  <option value=""
         selected
        >---------</option>

</select>
                    
                </div>
            
        
            
                <div class="nb-form-group">
                    
                        <label for="id_process_id">Process ID</label>
                        <input type="number" name="process_id" class="form-control" placeholder="Process ID" id="id_process_id">
                    
                </div>
            
        
            
                <div class="nb-form-group">
                    
                        <label for="id_contacts">Contacts</label>
                        <select name="contacts" class="nautobot-select2-api form-control" data-multiple="1" data-query-param-exclude_m2m="[&quot;true&quot;]" display-field="display" value-field="name" data-depth="0" placeholder="None" data-url="/api/extras/contacts/" id="id_contacts" multiple>
</select>
                    
                </div>
            
        
            
                <div class="nb-form-group">
                    
                        <label for="id_teams">Teams</label>
                        <select name="teams" class="nautobot-select2-api form-control" data-multiple="1" data-query-param-exclude_m2m="[&quot;true&quot;]" display-field="display" value-field="name" data-depth="0" placeholder="None" data-url="/api/extras/teams/" id="id_teams" multiple>
</select>
                    
                </div>
            
        
    </div>
    <div class="justify-content-between mb-n20 nb-form-sticky-footer">
        <button type="submit" class="btn btn-primary">
            <span class="mdi mdi-check me-4" aria-hidden="true"></span><!--
            -->Apply Specified
        </button>
        <button type="reset" class="btn btn-secondary">
            <span aria-hidden="true" class="mdi mdi-close me-4"></span><!--
            -->Clear All
        </button>
    </div>
</form>

                </div>
            
            
                <div id="advanced-filter" role="tabpanel" class="tab-pane fade h-100 p-20">
                    <form class="h-100 vstack" id="dynamic-filter-form">
                        <div class="align-content-start flex-fill pb-20">
                            <input type="hidden" name="form-TOTAL_FORMS" value="1" id="id_form-TOTAL_FORMS"><input type="hidden" name="form-INITIAL_FORMS" value="0" id="id_form-INITIAL_FORMS"><input type="hidden" name="form-MIN_NUM_FORMS" value="0" id="id_form-MIN_NUM_FORMS"><input type="hidden" name="form-MAX_NUM_FORMS" value="1000" id="id_form-MAX_NUM_FORMS">
                            
                                <div class="nb-form-group">
                                    <label for="id_form-0-lookup_field">Field</label>
                                    <select name="form-0-lookup_field" class="nautobot-select2-static lookup_field-select" placeholder="Field" id="id_form-0-lookup_field">
  <option value="" selected>---------</option>

  <option value="contacts">Contacts (name or ID)</option>

  <option value="created">Created</option>

  <option value="dynamic_groups">Dynamic groups (name or ID)</option>

  <option value="instance">IGP Instance (Device Name)</option>

  <option value="id">Id</option>

  <option value="last_updated">Last updated</option>

  <option value="process_id">Process ID</option>

  <option value="status">Status (ID)</option>

  <option value="teams">Teams (name or ID)</option>

</select>
                                </div>
                            
                                <div class="nb-form-group">
                                    <label for="id_form-0-lookup_type">Lookup type</label>
                                    <select name="form-0-lookup_type" class="nautobot-select2-api lookup_type-select" placeholder="None" data-query-param-field_name="[&quot;$lookup_field&quot;]" data-contenttype="nautobot_igp_models.ospfconfiguration" data-url="/api/core/filterset-fields/lookup-choices/" id="id_form-0-lookup_type">
</select>
                                </div>
                            
                                <div class="nb-form-group">
                                    <label for="id_form-0-lookup_value">Value</label>
                                    <input type="text" name="form-0-lookup_value" class="form-control lookup_value-input form-control" placeholder="Value" id="id_form-0-lookup_value">
                                </div>
                            
                            <button class="nb-dynamic-filter-add btn btn-primary d-block ms-auto my-20" type="button">
                                <span aria-hidden="true" class="mdi mdi-plus me-4"></span><!--
                                -->Add Filter
                            </button>
                            <hr class="border-top my-20">
                            <div class="nb-dynamic-filter-items d-flex flex-wrap gap-10">
                                
                                    
                                        <span class="badge nb-multi-badge" data-nb-field="ice_cream_flavor">
                                            <button class="nb-dynamic-filter-remove" type="button">
                                                <span aria-hidden="true" class="mdi mdi-close"></span>
                                                <span class="visually-hidden">Remove All</span>
                                            </button>
                                            ice_cream_flavor:
                                            <span class="nb-multi-badge-items">
                                                
                                                    <span class="badge" data-nb-value="chocolate"><!--
                                                        --><button class="nb-dynamic-filter-remove" type="button">
                                                        <span aria-hidden="true" class="mdi mdi-close"></span>
                                                        <span class="visually-hidden">Remove</span>
                                                    </button><!--
                                                        -->chocolate<!--
                                                        --><input name="ice_cream_flavor" type="hidden" value="chocolate">
                                                    </span>
                                                
                                            </span>
                                        </span>
                                    
                                
                            </div>
                        </div>

                        <div class="d-print-none justify-content-between mb-n20 nb-form-sticky-footer">
                            <button type="submit" class="btn btn-primary">
                                <span class="mdi mdi-check me-4" aria-hidden="true"></span><!--
                                -->Apply Specified
                            </button>
                            <button type="reset" class="btn btn-secondary">
                                <span aria-hidden="true" class="mdi mdi-close me-4"></span><!--
                                -->Clear All
                            </button>
                        </div>
                    </form>
                </div>
            
        </div>
    </div>
</section>


    <script>
        (() => {
            document.addEventListener('DOMContentLoaded', () => {
                const NON_FILTER_PARAMS = [
                    'all_filters_removed',
                    'clear_view',
                    'per_page',
                    'saved_view',
                    'sort',
                    'table_changes_pending',
                ];

                /**
                 * Insert given `element` as `parent`'s first child.
                 * @param {HTMLElement} element - Element to be inserted.
                 * @param {HTMLElement} parent - Parent container for given `element`.
                 * @returns {void} Do not return any value, modify DOM in-place.
                 */
                const insertFirst = (element, parent) => {
                    parent.hasChildNodes() ? parent.insertBefore(element, parent.firstElementChild) : parent.appendChild(element);
                };

                /**
                 * Get HTML elements for default and dynamic filter forms.
                 * @returns {object} Object with `defaultFilterForm` and `dynamicFilterForm` HTML elements or `null`,
                 *   depending on their actual existence in the DOM.
                 */
                const getFilterForms = () => ({
                    defaultFilterForm: document.querySelector('#default-filter form'),
                    dynamicFilterForm: document.querySelector('#dynamic-filter-form'),
                });

                const prepopulateFilterSelectsFromURL = (() => {
                    const { defaultFilterForm } = getFilterForms();
                    const urlParams = new URLSearchParams(window.location.search);
                    // Only target Select2 controls inside the default filter form.
                    [...defaultFilterForm.querySelectorAll('select.nautobot-select2-multi-value-char')].forEach((el) => {
                        const name = el.getAttribute('name');
                        if (!name) { return; }
                        const values = urlParams.getAll(name);
                        if (!values.length) { return; }
                        values.forEach((val) => {
                            let found = Array.prototype.find.call(el.options, (opt) => {
                                return String(opt.value) === String(val);
                            });
                            if (found) {
                                found.selected = true;
                            } else {
                                el.add(new Option(val, val, true, true));
                            }
                        });
                        if (window.jQuery && $(el).data('select2')) {
                            $(el).trigger('change');
                        }
                    });
                })();

                /**
                 * Synchronize given `filter` value from default to dynamic filter form.
                 * @param {string} name - Filter name.
                 * @returns {void} Do not return any value, just set given field values.
                 */
                const syncDefaultToDynamic = (name) => {
                    const { defaultFilterForm } = getFilterForms();

                    const field = defaultFilterForm.querySelector(`[name="${name}"]`);
                    const text = field?.closest('.nb-form-group')?.querySelector('label')?.innerText?.trim();
                    /*
                     * `manageDynamicFilter` takes an array of `{ text: string, value: string }` objects as `value`, so
                     * regardless of field being a textbox, a single or multiple choice combobox, conversion is required:
                     *   1. For combobox (i.e. `<select>`), iterate over selected options and map them to display `text`
                     *     and underlying `value`.
                     *   2. For textbox (i.e. `<input>` or `<textarea>`):
                     *     1. Use entered value as both display `text` and underlying `value`.
                     *     2. If field is empty, use an empty array.
                     */
                    const value =
                        field?.tagName === 'SELECT'
                        ? [...field.selectedOptions].map((option) => ({ text: option.innerText, value: option.value }))
                        : [...(field?.value ? [{ text: field.value, value: field.value }] : [])];

                    manageDynamicFilter({ action: 'set', name, text, value });
                };

                /**
                 * Synchronize given `filter` value from dynamic to default filter form.
                 * @param {string} name - Filter name.
                 * @returns {void} Do not return any value, just set given field values.
                 */
                const syncDynamicToDefault = (name) => {
                    const { defaultFilterForm, dynamicFilterForm } = getFilterForms();

                    const current = [...dynamicFilterForm.querySelectorAll(`input[name="${name}"][type="hidden"]`)].map(
                        (input) => ({
                            text: [...(input.parentElement?.childNodes ?? [])].find((node) => node.nodeName === '#text')?.wholeText,
                            value: input.getAttribute('value'),
                        }),
                    );

                    const sync = defaultFilterForm?.querySelector(`[name=${name}]`);

                    if (sync?.tagName === 'INPUT' || sync?.tagName === 'TEXTAREA') {
                        sync.value = current.length > 0 ? current[0].value : '';
                    } else if (sync?.tagName === 'SELECT') {
                        window.nb.select2.setSelect2Value(sync, current);
                    }
                };

                /**
                 * Manage dynamic filter either by adding values to the existing selection or by setting passed values
                 * regardless of previous selection.
                 * @param {'add'|'set'} action - Use `'add'` to add given value to the existing selection; use `'set'`
                 *   to set given value regardless of what was set previously.
                 * @param {string} name - Filter field name.
                 * @param {string} text - Filter display text.
                 * @param {object[]} value - Array of objects containing `text` and `value` key-value pairs.
                 */
                const manageDynamicFilter = ({ action, name, text, value }) => {
                    const { dynamicFilterForm } = getFilterForms();
                    const items = dynamicFilterForm.querySelector('.nb-dynamic-filter-items');

                    const group = (() => {
                        const existing = items.querySelector(`.nb-multi-badge[data-nb-field="${name}"]`);
                        if (existing) {
                            return existing;
                        }

                        const group = document.createElement('span');
                        group.classList.toggle('badge', true);
                        group.classList.toggle('nb-multi-badge', true);
                        group.setAttribute('data-nb-field', name);

                        const button = document.createElement('button');
                        button.classList.toggle('nb-dynamic-filter-remove', true);
                        button.setAttribute('type', 'button');

                        const close = document.createElement('span');
                        close.classList.toggle('mdi', true);
                        close.classList.toggle('mdi-close', true);
                        close.setAttribute('aria-hidden', 'true');

                        const remove = document.createElement('span');
                        remove.classList.toggle('visually-hidden', true);
                        remove.innerText = 'Remove All';

                        const children = document.createElement('span');
                        children.classList.toggle('nb-multi-badge-items', true);

                        button.appendChild(close);
                        button.appendChild(remove);
                        group.appendChild(button);
                        group.insertAdjacentText('beforeend', `${text}:`);
                        group.appendChild(children);

                        return group;
                    })();

                    const children = group.querySelector('.nb-multi-badge-items');
                    const existing = [...children.querySelectorAll('.badge[data-nb-value]')];

                    /*
                     * Depending on `action` remove the following badges:
                     *   1. For `'add'`, remove already existing filters with the same key-value pairs and re-create them later.
                     *   2. For `'set'`, remove all existing filters of given key and apply only these passed as `values`.
                     */
                    const badgesToRemove =
                        action === 'add'
                        ? existing.filter((badge) => value.some((item) => badge.getAttribute('data-nb-value') === item.value))
                        : existing;
                    badgesToRemove.forEach((item) => children.removeChild(item));

                    value.forEach(({ text, value }) => {
                        const badge = document.createElement('span');
                        badge.classList.toggle('badge', true);
                        badge.setAttribute('data-nb-value', value);

                        const input = document.createElement('input');
                        input.setAttribute('name', name);
                        input.setAttribute('type', 'hidden');
                        input.setAttribute('value', value);

                        const button = document.createElement('button');
                        button.classList.toggle('nb-dynamic-filter-remove', true);
                        button.setAttribute('type', 'button');

                        const close = document.createElement('span');
                        close.classList.toggle('mdi', true);
                        close.classList.toggle('mdi-close', true);
                        close.setAttribute('aria-hidden', 'true');

                        const remove = document.createElement('span');
                        remove.classList.toggle('visually-hidden', true);
                        remove.innerText = 'Remove';

                        button.appendChild(close);
                        button.appendChild(remove);
                        badge.appendChild(button);
                        badge.insertAdjacentText('beforeend', text);
                        badge.appendChild(input);

                        insertFirst(badge, children);
                    });

                    // If group already exists, remove it and later insert as the first child.
                    if (items.contains(group)) {
                        items.removeChild(group);
                    }

                    if (children.hasChildNodes()) {
                        insertFirst(group, items);
                    }
                };

                document.addEventListener('click', (event) => {
                    const { defaultFilterForm, dynamicFilterForm } = getFilterForms();

                    const add = event.target.closest('button.nb-dynamic-filter-add');
                    if (add) {
                        const field = dynamicFilterForm.querySelector('[name$="lookup_field"]');
                        const type = dynamicFilterForm.querySelector('[name$="lookup_type"]');
                        const value = [...dynamicFilterForm.querySelectorAll('.nb-form-group')]
                            .pop()
                        ?.querySelector('input, select, textarea');

                        const isMissing = (control) =>
                        control?.selectedOptions ? control.selectedOptions.length === 0 : !control?.value;
                        if (isMissing(field) || isMissing(type) || isMissing(value)) {
                            // Return early if selected filter is not complete (i.e. is missing lookup field, type or value).
                            return;
                        }

                        const name = type.selectedOptions[0].value;
                        const label = field.selectedOptions[0].innerText.trim();
                        const suffix = type.selectedOptions[0].innerText.trim();
                        const text = /\(\w+\)/.test(suffix) ? `${label} ${suffix}` : label;
                        const values =
                            value?.getAttribute('multiple') !== null
                            ? [...value.selectedOptions].map((option) => ({ text: option.innerText.trim(), value: option.value }))
                            : [{ text: value?.value, value: value?.value }];

                        // If field exists in default filter form and is a single value input, use `'set'` action.
                        const action =
                            defaultFilterForm.querySelector(`[name="${name}"]`) &&
                        (value.tagName === 'INPUT' || value.tagName === 'TEXTAREA')
                            ? 'set'
                            : 'add';
                        manageDynamicFilter({ action, name, text, value: values });

                        syncDynamicToDefault(name);
                    }

                    const remove = event.target.closest('button.nb-dynamic-filter-remove');
                    if (remove) {
                        const badge = remove.closest('.badge');
                        /*
                         * Remove the group badge (i.e. multi-badge) when given badge is the group badge itself, or it is the only
                         * one left in the group (i.e. has no siblings) because removing it will leave the group badge empty anyway.
                         */
                        const shouldRemoveGroup =
                            badge?.classList.contains('nb-multi-badge') ||
                        (!badge?.previousElementSibling && !badge?.nextElementSibling);
                        shouldRemoveGroup ? badge?.closest('.nb-multi-badge')?.remove() : badge?.remove();

                        syncDynamicToDefault(badge?.querySelector('input[type="hidden"]')?.getAttribute('name'));
                    }
                });

                // Need to wrap `document` with jQuery to be able to listen to Select2 `change` event.
                $(document).on('change', (event) => {
                    const { defaultFilterForm } = getFilterForms();
                    const isDefaultFilterFormField = event.target.form === defaultFilterForm;
                    if (isDefaultFilterFormField) {
                        syncDefaultToDynamic(event.target.name);
                    }
                });

                // Need to wrap `document` with jQuery to be able to listen to Select2 `change` event.
                $(document).on('change', async (event) => {
                    const isLookupType = event.target.getAttribute('name')?.endsWith('lookup_type');
                    if (isLookupType) {
                        const content_type = event.target.getAttribute('data-contenttype');
                        const field_name = event.target.value;
                        const value = [...event.target.form.querySelectorAll('.nb-form-group')]
                            .pop()
                        ?.querySelector('input, select, textarea');

                        if (field_name) {
                            const replacement = await (async () => {
                                try {
                                    const response = await window.fetch(
                                        `/api/ui/core/filterset-fields/lookup-value-dom-element/?${new URLSearchParams({ content_type, field_name })}`,
                                        { method: 'GET', headers: { Accept: '*/*' } },
                                    );

                                    const html = await response.json();

                                    const element = document.createElement('div');
                                    element.innerHTML = html;

                                    return element.firstElementChild;
                                } catch (exception) {
                                    // Default to `<input type="text" ...>` field if error occurs.
                                    const input = document.createElement('input');
                                    input.classList.toggle('lookup_value-input', true);
                                    input.classList.toggle('form-control', true);
                                    input.setAttribute('id', `id_for_${field_name}`);
                                    input.setAttribute('name', field_name);
                                    input.setAttribute('type', 'text');
                                    return input;
                                }
                            })();

                            value.replaceWith(replacement);
                            replacement.nextElementSibling?.remove(); // Remove Select2 widget if present.
                            replacement.previousElementSibling?.setAttribute('for', replacement.getAttribute('id')); // Set label `for` attribute to match field `id`.
                            initializeInputs(replacement.parentElement);
                        }
                    }
                });

                // Need to wrap `document` with jQuery to be able to listen to Select2 `change` event.
                $(document).on('change', (event) => {
                    const isLookupField = event.target.getAttribute('name')?.endsWith('lookup_field');
                    const isLookupType = event.target.getAttribute('name')?.endsWith('lookup_type');

                    if (isLookupField) {
                        const type = event.target.form.querySelector('[name$="lookup_type"]');
                        $(type).val(null).trigger('change');
                    }

                    if (isLookupField || isLookupType) {
                        const value = [...event.target.form.querySelectorAll('.nb-form-group')]
                            .pop()
                        ?.querySelector('input, select, textarea');

                        if (value.tagName === 'SELECT') {
                            $(value).val(null).trigger('change');
                        } else {
                            value.value = '';
                        }
                    }
                });

                const isFilterForm = (target) => Boolean(target?.closest('#FilterForm_drawer'));

                document.addEventListener('reset', (event) => {
                    if (isFilterForm(event.target)) {
                        event.preventDefault();

                        // Remove all filter query params from location search while keeping non-filter params intact.
                        const searchParams = new URLSearchParams(window.location.search);
                        const nextSearchParams = new URLSearchParams([
                            ...[...searchParams].filter(
                                ([property]) => NON_FILTER_PARAMS.includes(property) && property !== 'all_filters_removed',
                            ),
                            ['all_filters_removed', 'true'],
                        ]);

                        location.assign(`?${nextSearchParams}`);
                    }
                });

                document.addEventListener('submit', (event) => {
                    if (isFilterForm(event.target)) {
                        event.preventDefault();

                        const { defaultFilterForm, dynamicFilterForm } = getFilterForms();

                        /*
                         * Just before the form submission automatically add filter selected in "Advanced" tab (if any)
                         * which hasn't been manually applied for whatever reason (usually forgetfulness, speed, etc.).
                         * This is a requested UX flavor.
                         */
                        const add = dynamicFilterForm.querySelector('button.nb-dynamic-filter-add');
                        add.click();

                        // Remove all field names which are not applied filters container descendants.
                        [...dynamicFilterForm.querySelectorAll('input, select, textarea')].forEach((field) =>
                            field.closest('.nb-dynamic-filter-items') ? undefined : field.removeAttribute('name'),
                        );

                        /*
                         * Get the serialized data from the forms and:
                         *   1) Filter out query params which values are empty e.g `?sam=&dan=2` becomes `dan=2`.
                         *   2) Combine the two forms into a single set of data without duplicate entries.
                         */
                        const defaultFilterFormSearchParams = new URLSearchParams(new FormData(defaultFilterForm));
                        const dynamicFilterFormSearchParams = new URLSearchParams(new FormData(dynamicFilterForm));
                        const searchParams = new URLSearchParams(window.location.search);

                        const nextSearchParams = new URLSearchParams([
                            ...[...defaultFilterFormSearchParams].filter(([, value]) => value !== ''),
                            ...[...dynamicFilterFormSearchParams].filter(
                                ([property, value]) => value !== '' && !defaultFilterFormSearchParams.has(property, value),
                            ),
                            ...[...searchParams].filter(
                                ([property]) => NON_FILTER_PARAMS.includes(property) && property !== 'all_filters_removed',
                            ),
                        ]);

                        if (nextSearchParams.has('saved_view')) {
                            const all_filters_removed = [...nextSearchParams].every(([property]) =>
                                NON_FILTER_PARAMS.includes(property),
                            );

                            if (all_filters_removed) {
                                nextSearchParams.set('all_filters_removed', 'true');
                            }
                        }

                        location.assign(`?${nextSearchParams}`);
                    }
                });

                const onSubmitOrReset = (event) => (isFilterForm(event.target) ? window.nb?.history?.saveState() : undefined);
                document.addEventListener('reset', onSubmitOrReset);
                document.addEventListener('submit', onSubmitOrReset);
            });
        })();
    </script>


    
        


<section class="nb-drawer" tabindex="-1" id="OSPFConfigurationTable_config">
    <div class="nb-drawer-header">
        <h1>Table Configuration</h1>
        <button type="button" class="btn-close" data-nb-dismiss="drawer" aria-label="Close"></button>
    </div>
    <div class="nb-drawer-body">
        <form class="userconfigform h-100 pb-20 px-20 vstack" data-config-root="tables.OSPFConfigurationTable">
            <div class="row align-content-start flex-fill">
                <div class="col-12">
                    <div class="alert alert-warning">
                        Column choices may negatively affect loading times.
                        <a href="/static/docs/user-guide/platform-functionality/user-interface/configurablecolumns.html" class="btn btn-link btn-sm" target="_blank" rel="noopener">
                            <span class="mdi mdi-information"></span>
                        </a>
                    </div>
                </div>
                <div class="col-12">
                    
                        <select name="columns" size="20" class="form-control" placeholder="None" id="id_columns" multiple>
  <option value="instance" selected>Instance</option>

  <option value="process_id" selected>Process ID</option>

  <option value="status" selected>Status</option>

  <option value="dynamic_group_count">Dynamic Groups</option>

</select>
                        <span class="form-text mt-8">Use the buttons below to arrange columns in the desired order, then select all columns to display.</span>
                        <div class="hstack gap-4 mt-8 mx-n4">
                            
                            <button type="button" class="btn btn-primary btn-sm" id="move-option-up" data-target="id_columns"><span class="mdi mdi-arrow-up-bold me-4"></span>Move up</button>
                            <button type="button" class="btn btn-primary btn-sm" id="move-option-down" data-target="id_columns"><span class="mdi mdi-arrow-down-bold me-4"></span>Move down</button>
                            <button type="button" class="btn btn-success btn-sm" id="select-all-options" data-target="id_columns"><span class="mdi mdi-expand-all-outline me-4"></span>Select all</button>
                            
                        </div>
                    
                </div>
            </div>
            <div class="nb-form-sticky-footer">
                <input type="submit" class="btn btn-primary" value="Save">
                <input type="submit" class="btn btn-danger reset" value="Reset">
            </div>
        </form>
    </div>
</section>


    <script>
        (() => {
            document.addEventListener('DOMContentLoaded', () => {
                document.addEventListener('submit', (event) => {
                    if (event.target.closest('#OSPFConfigurationTable_config')) {
                        // Keep the drawer open after page reload caused by form submission.
                        window.nb.history.saveState();
                    }
                });
            });
        })();
    </script>


    
    <section class="nb-drawer" tabindex="-1" id="SavedViews_drawer">
        <div class="nb-drawer-header">
            <h1>Saved Views</h1>
            <button type="button" class="btn-close" data-nb-dismiss="drawer" aria-label="Close"></button>
        </div>
        <div class="nb-drawer-body pb-20 px-20">
            <div class="align-items-start vstack flex-grow-0 gap-10">
                
            </div>
            
            <div class="align-items-start vstack gap-10">
                Actions:
                
                <a class="btn btn-secondary" href="" data-bs-toggle="modal" data-bs-target="#saved_view_modal">
                    <span class="mdi mdi-content-save-plus-outline me-4" aria-hidden="true"></span>Save As New
                </a>
                
            </div>
        </div>
    </section>

        </div>
        <header id="header">
            <div class="banner-alert-area">
                



    
        <div class="alert alert-info text-center" role="alert">
            <p>Local</p>
        </div>
    






                

            </div>
            <div class="container-fluid mb-12 mt-16">
                <div class="row">
                    <div id="page-title" class="col-4">
                        
                            


<h1 class="d-flex fs-2 gap-8 lh-sm py-6">
    <img
        alt="Nautobot chevron"
        class="align-self-start flex-grow-0 flex-shrink-0 my-n4"
        role="presentation"
        src="/static/img/nautobot_chevron.svg"
        style="width: 1.5rem;"
    />
    
        OSPF Configurations
    
</h1>

                        
                    </div>
                    



    
        <form action="/search/" class="col-4 text-center" id="header_search" method="get" role="search">
            <label class="position-relative w-100">
                <input
                    aria-placeholder="Press Ctrl+K to search"
                    class="form-control nb-text-transparent"
                    name="q"
                    type="search"
                    value=""
                />
                <span class="align-items-center d-inline-flex gap-6 overflow-hidden px-12 py-6 pe-none position-absolute start-0 top-0 user-select-none w-100">
                    <span aria-hidden="true" class="mdi mdi-magnify text-secondary d-inline-flex"></span>
                    
                        
                            
                                
                                    
                                
                                    
                                
                                    
                                
                                    
                                
                                    
                                
                            
                                
                                    
                                
                                    
                                
                                    
                                
                            
                                
                                    
                                
                                    
                                
                                    
                                
                            
                                
                                    
                                
                                    
                                
                                    
                                
                            
                                
                                    
                                
                                    
                                
                            
                                
                                    
                                
                                    
                                
                                    
                                
                                    
                                
                            
                                
                                    
                                
                                    
                                
                                    
                                
                                    
                                
                                    
                                
                                    
                                
                                    
                                
                                    
                                
                                    
                                
                                    
                                
                            
                        
                            
                                
                                    
                                
                            
                                
                                    
                                
                            
                                
                                    
                                
                            
                                
                                    
                                
                                    
                                
                                    
                                
                            
                                
                                    
                                
                                    
                                
                            
                                
                                    
                                
                            
                        
                            
                                
                                    
                                
                                    
                                
                            
                                
                                    
                                
                                    
                                
                                    
                                
                                    
                                
                            
                                
                                    
                                
                                    
                                
                            
                                
                                    
                                
                                    
                                
                            
                                
                                    
                                
                            
                                
                                    
                                
                                    
                                
                                    
                                
                            
                        
                            
                                
                                    
                                
                                    
                                
                                    
                                
                                    
                                        <span class="badge border" data-nb-link="/plugins/nautobot-igp-models/ospf-configuration/"><!--
                                            -->in: OSPF Configuration<!--
                                            --><button tabindex="-1" type="button">
                                            <span aria-hidden="true" class="mdi mdi-close"></span>
                                            <span class="visually-hidden">Remove</span>
                                        </button>
                                        </span>
                                    
                                
                                    
                                
                            
                        
                            
                                
                                    
                                
                                    
                                
                                    
                                
                            
                                
                                    
                                
                                    
                                
                            
                        
                            
                                
                                    
                                
                                    
                                
                                    
                                
                            
                                
                                    
                                
                                    
                                
                                    
                                
                            
                        
                            
                                
                                    
                                
                                    
                                
                            
                        
                            
                                
                                    
                                
                                    
                                
                                    
                                
                                    
                                
                                    
                                
                            
                        
                            
                                
                                    
                                
                                    
                                
                            
                        
                            
                                
                                    
                                
                                    
                                
                                    
                                
                                    
                                
                                    
                                
                            
                        
                            
                                
                                    
                                
                                    
                                
                            
                                
                                    
                                
                                    
                                
                                    
                                
                            
                        
                            
                                
                                    
                                
                                    
                                
                                    
                                
                                    
                                
                            
                        
                            
                                
                                    
                                
                                    
                                
                            
                        
                            
                                
                                    
                                
                            
                                
                                    
                                
                            
                                
                                    
                                
                                    
                                
                                    
                                
                                    
                                
                                    
                                
                                    
                                
                            
                                
                                    
                                
                            
                                
                                    
                                
                                    
                                
                            
                                
                                    
                                
                                    
                                
                                    
                                
                                    
                                
                                    
                                
                            
                                
                                    
                                
                                    
                                
                                    
                                
                                    
                                
                            
                                
                                    
                                
                                    
                                
                            
                        
                            
                                
                                    
                                
                                    
                                
                                    
                                
                                    
                                
                                    
                                
                                    
                                
                            
                        
                            
                                
                                    
                                
                                    
                                
                            
                        
                    
                    <span
                        aria-hidden="true"
                        class="align-items-center d-inline-flex gap-4 text-nowrap text-secondary"
                    >
                        
                            Press <kbd class="mt-n1">Ctrl+K</kbd> to search
                        
                    </span>
                    <a class="align-items-center d-inline-flex ms-auto pe-auto"
                       href="/static/docs/user-guide/platform-functionality/user-interface/search.html"
                       target="_blank"
                       rel="noopener"
                    >
                        <span aria-hidden="true" class="mdi mdi-help-circle-outline text-secondary"></span>
                    </a>
                </span>
            </label>
        </form>
    

    <div class="col-4 text-end">
        <div class="dropdown">
            <button class="btn dropdown-toggle align-items-center d-inline-flex gap-6" type="button" data-bs-toggle="dropdown" aria-expanded="false">
                <span aria-hidden="true" class="mdi mdi-account text-secondary"></span>
                nautobotuser
            </button>
            <ul class="dropdown-menu dropdown-menu-end">
                <li><a class="dropdown-item" href="/about/"><span class="mdi mdi-information"></span>About Nautobot</a></li>
                <li><a class="dropdown-item" href="/user/profile/"><span class="mdi mdi-account-box"></span>Profile</a></li>
                <li><a class="dropdown-item" href="/extras/approver-dashboard/"><span class="mdi mdi-check-bold"></span>Approval Dashboard</a></li>
                
                <li class="dropdown-divider"></li>
                <li><a class="dropdown-item" href="/logout/"><span class="mdi mdi-logout"></span>Log out</a></li>
            </ul>
        </div>
    </div>


                    <div class="col-12">
                        
    

    

    

<nav aria-label="Breadcrumbs" class="mt-1">
    <ol class="breadcrumb">
        
            
                
            
        
    </ol>
</nav>


                    </div>
                </div>
            </div>
            
        </header>
        <main class="container-fluid wrapper" id="main-content" tabindex="-1">
            
    <div class="align-items-center d-flex gap-8 justify-content-end mb-16 d-print-none">
        
        

        <div class="btn-group">
            
                <button type="button" id="actions-dropdown" class="btn btn-primary dropdown-toggle" data-bs-toggle="dropdown">
                    Actions
                    <span class="mdi mdi-chevron-down" aria-hidden="true"></span>
                </button>
            
            <ul class="dropdown-menu dropdown-menu-end" role="menu">
                
                
                
                    
                        
    
        
        
        <li>
            <form action="/extras/jobs/nautobot.core.jobs.ExportObjectList/run/" method="post">
                <input type="hidden" name="csrfmiddlewaretoken" value="7fQunTzRYzUXRE7dDvzyUaDSaqHE2ow6M6scEAtrQ1FFlTo8rlgMfIqzwiGQ1MRc">
                <input type="hidden" name="content_type" value="194">
                <input type="hidden" name="query_string" value="ice_cream_flavor=chocolate">
                <input type="hidden" name="_schedule_type" value="immediately">
                <input type="hidden" name="export_format" value="csv">
                <button class="dropdown-item" type="submit">
                    <span class="mdi mdi-database-export text-secondary" aria-hidden="true"></span> Export as CSV
                </button>
            </form>
        </li>
        
    


                    
                
            </ul>
        </div>
        
        
        
            
            
        
        <div class="align-items-center d-flex gap-4">
            
                <button
                    type="button"
                    class="btn position-relative text-secondary"
                    data-nb-toggle="drawer"
                    data-nb-target="#SavedViews_drawer"
                    title="Saved Views"
                    aria-expanded="false"
                    aria-controls="SavedViews_drawer"
                >
                    <span class="mdi mdi-view-compact-outline" aria-hidden="true"></span>
                    <span class="visually-hidden">Saved Views</span>
                    
                </button>
            
            
                <button
                    type="button"
                    class="btn position-relative text-secondary"
                    data-nb-toggle="drawer"
                    data-nb-target="#FilterForm_drawer"
                    title="Add Filters"
                    id="id__filterbtn"
                    aria-controls="FilterForm_drawer"
                    aria-expanded="false"
                >
                    <span class="mdi mdi-filter" aria-hidden="true"></span>
                    <span class="visually-hidden">Add Filters</span>
                    
                        <span aria-hidden="true" class="nb-btn-indicator"></span>
                    
                </button>
            
        </div>
    </div>

    

    <div>
        
            
                
                    


<div class="card mb-3">
    
    <div class="table-responsive">
        



    <table class="table table-hover nb-table-headings">
        
            <thead>
                <tr>
                    
                        
                            
                                <th class="orderable"><a href="?ice_cream_flavor=chocolate&amp;sort=instance" data-column-name="instance">Instance</a></th>
                            
                        
                    
                        
                            
                                <th class="orderable"><a href="?ice_cream_flavor=chocolate&amp;sort=process_id" data-column-name="process_id">Process ID</a></th>
                            
                        
                    
                        
                            
                                <th class="orderable"><a href="?ice_cream_flavor=chocolate&amp;sort=status" data-column-name="status">Status</a></th>
                            
                        
                    
                        
                            <th class="nb-actionable nb-w-0 orderable">
                                <button
            type="button"
            class="btn border-0 float-end rounded-0 text-end text-secondary "
            data-nb-toggle="drawer"
            data-nb-target="#OSPFConfigurationTable_config"
            
            title="Configure table"
            aria-controls="OSPFConfigurationTable_config"
            aria-expanded="false"
        >
            <span class="mdi mdi-cog" aria-hidden="true"></span>
            <span class="visually-hidden">Configure</span>
        </button>
                            </th>
                        
                    
                    
                </tr>
            </thead>
        
        <tbody>
            
                <tr class="even">
                    
                        <td ><a href="/plugins/nautobot-igp-models/igproutinginstance/3b682d4d-7040-4744-bd8f-93cb37509d63/">OSPF on router1</a></td>
                    
                        <td >1</td>
                    
                        <td >
    
    
        <span class="badge" style="color: #ffffff; background-color: #4caf50">
            Active
        </span>
    
    </td>
                    
                        <td class="d-print-none nb-actions nb-w-0 text-end text-nowrap">
    <div class="dropdown">
        <button class="btn dropdown-toggle" type="button" data-bs-toggle="dropdown" aria-expanded="false">
            <span class="mdi mdi-dots-vertical" aria-hidden="true"></span>
            <span class="visually-hidden">Toggle Dropdown</span>
        </button>
        <ul class="dropdown-menu dropdown-menu-end">
            
            
            
            
        </ul>
    </div>

    </td>
                    
                    
                </tr>
            
                <tr class="odd">
                    
                        <td ><a href="/plugins/nautobot-igp-models/igproutinginstance/3e74c271-935f-46ba-b492-f01652c30e66/">OSPF on router2</a></td>
                    
                        <td >1</td>
                    
                        <td >
    
    
        <span class="badge" style="color: #ffffff; background-color: #4caf50">
            Active
        </span>
    
    </td>
                    
                        <td class="d-print-none nb-actions nb-w-0 text-end text-nowrap">
    <div class="dropdown">
        <button class="btn dropdown-toggle" type="button" data-bs-toggle="dropdown" aria-expanded="false">
            <span class="mdi mdi-dots-vertical" aria-hidden="true"></span>
            <span class="visually-hidden">Toggle Dropdown</span>
        </button>
        <ul class="dropdown-menu dropdown-menu-end">
            
            
            
            
        </ul>
    </div>

    </td>
                    
                    
                </tr>
            
                <tr class="even">
                    
                        <td ><a href="/plugins/nautobot-igp-models/igproutinginstance/655f1e93-a7a2-4c1b-af19-99e0f3b92a9b/">OSPF on router3</a></td>
                    
                        <td >1</td>
                    
                        <td >
    
    
        <span class="badge" style="color: #ffffff; background-color: #4caf50">
            Active
        </span>
    
    </td>
                    
                        <td class="d-print-none nb-actions nb-w-0 text-end text-nowrap">
    <div class="dropdown">
        <button class="btn dropdown-toggle" type="button" data-bs-toggle="dropdown" aria-expanded="false">
            <span class="mdi mdi-dots-vertical" aria-hidden="true"></span>
            <span class="visually-hidden">Toggle Dropdown</span>
        </button>
        <ul class="dropdown-menu dropdown-menu-end">
            
            
            
            
        </ul>
    </div>

    </td>
                    
                    
                </tr>
            
        </tbody>
        
    </table>


    </div>
    
</div>

                
            
            

<div class="paginator align-items-center d-flex fs-5 gap-10 justify-content-end mt-16 text-secondary">
    
        <div>
            Showing 1-3 of 3
        </div>
        <div class="vr border-start my-8"></div>
    
    <form class="align-items-center d-flex gap-4" method="get">
        
            
                
                    <input type="hidden" name="ice_cream_flavor" value="chocolate" />
                
            
        
        <select name="per_page" id="per_page" class="form-select">
            
                <option value="65000" selected="selected">65000</option>
            
            
                <option value="25">25</option>
            
                <option value="50">50</option>
            
                <option value="100">100</option>
            
                <option value="250">250</option>
            
                <option value="500">500</option>
            
                <option value="1000">1000</option>
            
        </select>
        per page
    </form>
    
</div>

            <div class="clearfix"></div>
        
    </div>
    
        


<div class="modal fade" tabindex="-1" id="saved_view_modal" role="dialog">
    <div class="modal-dialog modal-lg">
        <div class="modal-content">
            <div class="modal-header">
                <h4 class="modal-title">New Saved View</h4>
                <button type="button" class="btn-close" data-bs-dismiss="modal" aria-label="Close"></button>
            </div>
            <form action="/extras/saved-views/add/" method="post">
                <div class="modal-body">
                    <input type="hidden" name="csrfmiddlewaretoken" value="7fQunTzRYzUXRE7dDvzyUaDSaqHE2ow6M6scEAtrQ1FFlTo8rlgMfIqzwiGQ1MRc">
                    <div class="row">
                        

<div class="mb-10 d-md-flex justify-content-center">
    
        <label class="col-md-3 col-form-label nb-required" for="id_name">
            Name
        </label>
        <div class="col-md-9">
            <input type="text" name="name" maxlength="255" class="form-control" required placeholder="Name" id="id_name">
            
            
                <span class="form-text">The name of this view</span>
            
    
    
</div>
</div>

                        <span class="col-lg-3 text-end text-secondary">New Changes</span>
                        <div class="col-lg-9">
                            <pre><code class="language-json">{
    &quot;filter_params&quot;: {
        &quot;ice_cream_flavor&quot;: [
            &quot;chocolate&quot;
        ]
    },
    &quot;per_page&quot;: 65000,
    &quot;sort_order&quot;: [],
    &quot;table_config&quot;: null
}</code></pre>
                        </div>
                        

<div class="mb-10 d-md-flex justify-content-center">
    
        <div class="col-md-9 offset-md-3">
            <div class="form-check mt-6">
                <input type="checkbox" name="is_shared" class="form-check-input" placeholder="Is shared" id="id_is_shared">
                <label class="form-check-label" for="id_is_shared">
                    Is shared
                </label>
            </div>
            
            
                <span class="form-text">If checked, all users will be able to see this saved view</span>
            
    
    
</div>
</div>

                        <input type="hidden" id="view" name="view" value="plugins:nautobot_igp_models:ospfconfiguration_list">
                        <input type="hidden" id="params" name="params" value="ice_cream_flavor=chocolate">
                    </div>
                </div>
                <div class="modal-footer">
                    <button type="submit" class="btn btn-primary">
                        <span aria-hidden="true" class="mdi mdi-content-save-plus-outline me-4"></span><!--
                        -->Save
                    </button>
                    <button class="btn btn-secondary" data-bs-dismiss="modal" type="button">
                        <span aria-hidden="true" class="mdi mdi-close me-4"></span><!--
                        -->Cancel
                    </button>
                </div>
            </form>
        </div>
    </div>
</div>

    
    

<div class="modal fade" tabindex="-1" role="dialog" id="dynamic_group_assignment_modal">
    <div class="modal-dialog modal-lg" role="document">
        <div class="modal-content">
            <div class="modal-header">
                <button type="button" class="btn-close" data-bs-dismiss="modal" aria-label="Close">
                </button>
                <h4 class="modal-title">Static Assignment to Dynamic Groups</h4>
            </div>
            <form id="dynamic_group_assignment_form" action="/extras/dynamic-groups/assign-members/?"
                  method="post" class="form form-horizontal">
                <div class="modal-body">
                    <input type="hidden" name="csrfmiddlewaretoken" value="7fQunTzRYzUXRE7dDvzyUaDSaqHE2ow6M6scEAtrQ1FFlTo8rlgMfIqzwiGQ1MRc">
                    <input type="hidden" name="return_url" value="/plugins/nautobot-igp-models/ospf-configuration/?ice_cream_flavor=chocolate">
                    <input type="hidden" id="dynamic_group_assignment_all" name="_all">
                    <span id="dynamic_group_assignment_pks"></span>
                    
                        <input type="hidden" name="content_type" value="194" class="form-control" required="required" placeholder="None" id="id_content_type">
                    
                        
                    
                    

<div class="mb-10 d-md-flex justify-content-center">
    
        <label class="col-md-3 col-form-label" for="id_add_to_groups">
            Add to existing group(s)
        </label>
        <div class="col-md-9">
            <select name="add_to_groups" class="nautobot-select2-api" data-multiple="1" data-query-param-group_type="[&quot;static&quot;]" data-query-param-content_type="[&quot;nautobot_igp_models.ospfconfiguration&quot;]" data-query-param-exclude_m2m="[&quot;true&quot;]" display-field="display" data-depth="0" data-url="/api/extras/dynamic-groups/" id="id_add_to_groups" multiple>
</select>
            
            
    
    
</div>
</div>

                    

<div class="mb-10 d-md-flex justify-content-center">
    
        <label class="col-md-3 col-form-label" for="id_create_and_assign_to_new_group_name">
            Create a new group
        </label>
        <div class="col-md-9">
            <input type="text" name="create_and_assign_to_new_group_name" class="form-control" placeholder="Create a new group" id="id_create_and_assign_to_new_group_name">
            
            
                <span class="form-text">Create a new group with this name and assign the selected objects to it.</span>
            
    
    
</div>
</div>

                    

<div class="mb-10 d-md-flex justify-content-center">
    
        <label class="col-md-3 col-form-label" for="id_remove_from_groups">
            Remove from group(s)
        </label>
        <div class="col-md-9">
            <select name="remove_from_groups" class="nautobot-select2-api" data-multiple="1" data-query-param-group_type="[&quot;static&quot;]" data-query-param-content_type="[&quot;nautobot_igp_models.ospfconfiguration&quot;]" data-query-param-exclude_m2m="[&quot;true&quot;]" display-field="display" data-depth="0" data-url="/api/extras/dynamic-groups/" id="id_remove_from_groups" multiple>
</select>
            
            
    
    
</div>
</div>

                </div>
                <div class="modal-footer">
                    <button type="submit" class="btn btn-primary">
                        <span class="mdi mdi-group" aria-hidden="true"></span> Apply
                    </button>
                    <button type="button" class="btn btn-secondary" id="dynamic_group_assignment_cancel">
                        <span class="mdi mdi-close-thick" aria-hidden="true"></span> Cancel
                    </button>
                </div>
            </form>
        </div>
    </div>
</div>


        </main>
        
            
        
        





======================================================================
FAIL: test_list_objects_with_constrained_permission (nautobot_igp_models.tests.test_views.OSPFConfigurationViewTest.test_list_objects_with_constrained_permission)
----------------------------------------------------------------------
Traceback (most recent call last):
  File "/usr/local/lib/python3.11/site-packages/django/test/utils.py", line 461, in inner
    return func(*args, **kwargs)
           ^^^^^^^^^^^^^^^^^^^^^
  File "/usr/local/lib/python3.11/site-packages/nautobot/core/testing/views.py", line 1160, in test_list_objects_with_constrained_permission
    self.assertRegex(content, r">\s*" + re.escape(escape(instance1.name)) + r"\s*<", msg=content)
AssertionError: Regex didn't match: '>\\s*OSPF\\-Config\\-R1\\s*<' not found in '\n\n\n        <div id="drawer">\n            \n    \n\n\n\n<section class="nb-drawer" tabindex="-1" id="FilterForm_drawer">\n    <div class="nb-drawer-header">\n        <h1>Filters</h1>\n        <button type="button" class="btn-close" data-nb-dismiss="drawer" aria-label="Close"></button>\n    </div>\n    <div class="nb-drawer-body">\n        <ul id="filter-tabs" class="nav nav-tabs">\n            \n                <li role="presentation" class="nav-item">\n                    <a class="nav-link active"  href="#default-filter" role="tab" data-bs-toggle="tab">\n                        Basic\n                    </a>\n                </li>\n            \n            \n                <li role="presentation" class="nav-item">\n                    <a class="nav-link position-relative" href="#advanced-filter" role="tab" data-bs-toggle="tab">\n                        Advanced\n                        \n\n                    </a>\n                </li>\n            \n        </ul>\n        <div class="tab-content h-100">\n            \n                <div id="default-filter" role="tabpanel" class="tab-pane fade show active h-100 p-20">\n                    \n\n<form class="h-100 vstack">\n    <div class="align-content-start flex-fill pb-20">\n        \n        \n            \n                <div class="nb-form-group">\n                    \n                        <label for="id_instance">IGP Instance</label>\n                        <select name="instance" class="nautobot-select2-api form-control" data-query-param-exclude_m2m="[&quot;true&quot;]" display-field="display" data-depth="0" placeholder="IGP Instance" data-url="/api/plugins/nautobot-igp-models/igp-routing-instances/" id="id_instance">\n  <option value=""\n         selected\n        >---------</option>\n\n</select>\n                    \n                </div>\n            \n        \n            \n                <div class="nb-form-group">\n                    \n                        <label for="id_process_id">Process ID</label>\n                        <input type="number" name="process_id" class="form-control" placeholder="Process ID" id="id_process_id">\n                    \n                </div>\n            \n        \n            \n                <div class="nb-form-group">\n                    \n                        <label for="id_contacts">Contacts</label>\n                        <select name="contacts" class="nautobot-select2-api form-control" data-multiple="1" data-query-param-exclude_m2m="[&quot;true&quot;]" display-field="display" value-field="name" data-depth="0" placeholder="None" data-url="/api/extras/contacts/" id="id_contacts" multiple>\n</select>\n                    \n                </div>\n            \n        \n            \n                <div class="nb-form-group">\n                    \n                        <label for="id_teams">Teams</label>\n                        <select name="teams" class="nautobot-select2-api form-control" data-multiple="1" data-query-param-exclude_m2m="[&quot;true&quot;]" display-field="display" value-field="name" data-depth="0" placeholder="None" data-url="/api/extras/teams/" id="id_teams" multiple>\n</select>\n                    \n                </div>\n            \n        \n    </div>\n    <div class="justify-content-between mb-n20 nb-form-sticky-footer">\n        <button type="submit" class="btn btn-primary">\n            <span class="mdi mdi-check me-4" aria-hidden="true"></span><!--\n            -->Apply Specified\n        </button>\n        <button type="reset" class="btn btn-secondary">\n            <span aria-hidden="true" class="mdi mdi-close me-4"></span><!--\n            -->Clear All\n        </button>\n    </div>\n</form>\n\n                </div>\n            \n            \n                <div id="advanced-filter" role="tabpanel" class="tab-pane fade h-100 p-20">\n                    <form class="h-100 vstack" id="dynamic-filter-form">\n                        <div class="align-content-start flex-fill pb-20">\n                            <input type="hidden" name="form-TOTAL_FORMS" value="1" id="id_form-TOTAL_FORMS"><input type="hidden" name="form-INITIAL_FORMS" value="0" id="id_form-INITIAL_FORMS"><input type="hidden" name="form-MIN_NUM_FORMS" value="0" id="id_form-MIN_NUM_FORMS"><input type="hidden" name="form-MAX_NUM_FORMS" value="1000" id="id_form-MAX_NUM_FORMS">\n                            \n                                <div class="nb-form-group">\n                                    <label for="id_form-0-lookup_field">Field</label>\n                                    <select name="form-0-lookup_field" class="nautobot-select2-static lookup_field-select" placeholder="Field" id="id_form-0-lookup_field">\n  <option value="" selected>---------</option>\n\n  <option value="contacts">Contacts (name or ID)</option>\n\n  <option value="created">Created</option>\n\n  <option value="dynamic_groups">Dynamic groups (name or ID)</option>\n\n  <option value="instance">IGP Instance (Device Name)</option>\n\n  <option value="id">Id</option>\n\n  <option value="last_updated">Last updated</option>\n\n  <option value="process_id">Process ID</option>\n\n  <option value="status">Status (ID)</option>\n\n  <option value="teams">Teams (name or ID)</option>\n\n</select>\n                                </div>\n                            \n                                <div class="nb-form-group">\n                                    <label for="id_form-0-lookup_type">Lookup type</label>\n                                    <select name="form-0-lookup_type" class="nautobot-select2-api lookup_type-select" placeholder="None" data-query-param-field_name="[&quot;$lookup_field&quot;]" data-contenttype="nautobot_igp_models.ospfconfiguration" data-url="/api/core/filterset-fields/lookup-choices/" id="id_form-0-lookup_type">\n</select>\n                                </div>\n                            \n                                <div class="nb-form-group">\n                                    <label for="id_form-0-lookup_value">Value</label>\n                                    <input type="text" name="form-0-lookup_value" class="form-control lookup_value-input form-control" placeholder="Value" id="id_form-0-lookup_value">\n                                </div>\n                            \n                            <button class="nb-dynamic-filter-add btn btn-primary d-block ms-auto my-20" type="button">\n                                <span aria-hidden="true" class="mdi mdi-plus me-4"></span><!--\n                                -->Add Filter\n                            </button>\n                            <hr class="border-top my-20">\n                            <div class="nb-dynamic-filter-items d-flex flex-wrap gap-10">\n                                \n                            </div>\n                        </div>\n\n                        <div class="d-print-none justify-content-between mb-n20 nb-form-sticky-footer">\n                            <button type="submit" class="btn btn-primary">\n                                <span class="mdi mdi-check me-4" aria-hidden="true"></span><!--\n                                -->Apply Specified\n                            </button>\n                            <button type="reset" class="btn btn-secondary">\n                                <span aria-hidden="true" class="mdi mdi-close me-4"></span><!--\n                                -->Clear All\n                            </button>\n                        </div>\n                    </form>\n                </div>\n            \n        </div>\n    </div>\n</section>\n\n\n    <script>\n        (() => {\n            document.addEventListener(\'DOMContentLoaded\', () => {\n                const NON_FILTER_PARAMS = [\n                    \'all_filters_removed\',\n                    \'clear_view\',\n                    \'per_page\',\n                    \'saved_view\',\n                    \'sort\',\n                    \'table_changes_pending\',\n                ];\n\n                /**\n                 * Insert given `element` as `parent`\'s first child.\n                 * @param {HTMLElement} element - Element to be inserted.\n                 * @param {HTMLElement} parent - Parent container for given `element`.\n                 * @returns {void} Do not return any value, modify DOM in-place.\n                 */\n                const insertFirst = (element, parent) => {\n                    parent.hasChildNodes() ? parent.insertBefore(element, parent.firstElementChild) : parent.appendChild(element);\n                };\n\n                /**\n                 * Get HTML elements for default and dynamic filter forms.\n                 * @returns {object} Object with `defaultFilterForm` and `dynamicFilterForm` HTML elements or `null`,\n                 *   depending on their actual existence in the DOM.\n                 */\n                const getFilterForms = () => ({\n                    defaultFilterForm: document.querySelector(\'#default-filter form\'),\n                    dynamicFilterForm: document.querySelector(\'#dynamic-filter-form\'),\n                });\n\n                const prepopulateFilterSelectsFromURL = (() => {\n                    const { defaultFilterForm } = getFilterForms();\n                    const urlParams = new URLSearchParams(window.location.search);\n                    // Only target Select2 controls inside the default filter form.\n                    [...defaultFilterForm.querySelectorAll(\'select.nautobot-select2-multi-value-char\')].forEach((el) => {\n                        const name = el.getAttribute(\'name\');\n                        if (!name) { return; }\n                        const values = urlParams.getAll(name);\n                        if (!values.length) { return; }\n                        values.forEach((val) => {\n                            let found = Array.prototype.find.call(el.options, (opt) => {\n                                return String(opt.value) === String(val);\n                            });\n                            if (found) {\n                                found.selected = true;\n                            } else {\n                                el.add(new Option(val, val, true, true));\n                            }\n                        });\n                        if (window.jQuery && $(el).data(\'select2\')) {\n                            $(el).trigger(\'change\');\n                        }\n                    });\n                })();\n\n                /**\n                 * Synchronize given `filter` value from default to dynamic filter form.\n                 * @param {string} name - Filter name.\n                 * @returns {void} Do not return any value, just set given field values.\n                 */\n                const syncDefaultToDynamic = (name) => {\n                    const { defaultFilterForm } = getFilterForms();\n\n                    const field = defaultFilterForm.querySelector(`[name="${name}"]`);\n                    const text = field?.closest(\'.nb-form-group\')?.querySelector(\'label\')?.innerText?.trim();\n                    /*\n                     * `manageDynamicFilter` takes an array of `{ text: string, value: string }` objects as `value`, so\n                     * regardless of field being a textbox, a single or multiple choice combobox, conversion is required:\n                     *   1. For combobox (i.e. `<select>`), iterate over selected options and map them to display `text`\n                     *     and underlying `value`.\n                     *   2. For textbox (i.e. `<input>` or `<textarea>`):\n                     *     1. Use entered value as both display `text` and underlying `value`.\n                     *     2. If field is empty, use an empty array.\n                     */\n                    const value =\n                        field?.tagName === \'SELECT\'\n                        ? [...field.selectedOptions].map((option) => ({ text: option.innerText, value: option.value }))\n                        : [...(field?.value ? [{ text: field.value, value: field.value }] : [])];\n\n                    manageDynamicFilter({ action: \'set\', name, text, value });\n                };\n\n                /**\n                 * Synchronize given `filter` value from dynamic to default filter form.\n                 * @param {string} name - Filter name.\n                 * @returns {void} Do not return any value, just set given field values.\n                 */\n                const syncDynamicToDefault = (name) => {\n                    const { defaultFilterForm, dynamicFilterForm } = getFilterForms();\n\n                    const current = [...dynamicFilterForm.querySelectorAll(`input[name="${name}"][type="hidden"]`)].map(\n                        (input) => ({\n                            text: [...(input.parentElement?.childNodes ?? [])].find((node) => node.nodeName === \'#text\')?.wholeText,\n                            value: input.getAttribute(\'value\'),\n                        }),\n                    );\n\n                    const sync = defaultFilterForm?.querySelector(`[name=${name}]`);\n\n                    if (sync?.tagName === \'INPUT\' || sync?.tagName === \'TEXTAREA\') {\n                        sync.value = current.length > 0 ? current[0].value : \'\';\n                    } else if (sync?.tagName === \'SELECT\') {\n                        window.nb.select2.setSelect2Value(sync, current);\n                    }\n                };\n\n                /**\n                 * Manage dynamic filter either by adding values to the existing selection or by setting passed values\n                 * regardless of previous selection.\n                 * @param {\'add\'|\'set\'} action - Use `\'add\'` to add given value to the existing selection; use `\'set\'`\n                 *   to set given value regardless of what was set previously.\n                 * @param {string} name - Filter field name.\n                 * @param {string} text - Filter display text.\n                 * @param {object[]} value - Array of objects containing `text` and `value` key-value pairs.\n                 */\n                const manageDynamicFilter = ({ action, name, text, value }) => {\n                    const { dynamicFilterForm } = getFilterForms();\n                    const items = dynamicFilterForm.querySelector(\'.nb-dynamic-filter-items\');\n\n                    const group = (() => {\n                        const existing = items.querySelector(`.nb-multi-badge[data-nb-field="${name}"]`);\n                        if (existing) {\n                            return existing;\n                        }\n\n                        const group = document.createElement(\'span\');\n                        group.classList.toggle(\'badge\', true);\n                        group.classList.toggle(\'nb-multi-badge\', true);\n                        group.setAttribute(\'data-nb-field\', name);\n\n                        const button = document.createElement(\'button\');\n                        button.classList.toggle(\'nb-dynamic-filter-remove\', true);\n                        button.setAttribute(\'type\', \'button\');\n\n                        const close = document.createElement(\'span\');\n                        close.classList.toggle(\'mdi\', true);\n                        close.classList.toggle(\'mdi-close\', true);\n                        close.setAttribute(\'aria-hidden\', \'true\');\n\n                        const remove = document.createElement(\'span\');\n                        remove.classList.toggle(\'visually-hidden\', true);\n                        remove.innerText = \'Remove All\';\n\n                        const children = document.createElement(\'span\');\n                        children.classList.toggle(\'nb-multi-badge-items\', true);\n\n                        button.appendChild(close);\n                        button.appendChild(remove);\n                        group.appendChild(button);\n                        group.insertAdjacentText(\'beforeend\', `${text}:`);\n                        group.appendChild(children);\n\n                        return group;\n                    })();\n\n                    const children = group.querySelector(\'.nb-multi-badge-items\');\n                    const existing = [...children.querySelectorAll(\'.badge[data-nb-value]\')];\n\n                    /*\n                     * Depending on `action` remove the following badges:\n                     *   1. For `\'add\'`, remove already existing filters with the same key-value pairs and re-create them later.\n                     *   2. For `\'set\'`, remove all existing filters of given key and apply only these passed as `values`.\n                     */\n                    const badgesToRemove =\n                        action === \'add\'\n                        ? existing.filter((badge) => value.some((item) => badge.getAttribute(\'data-nb-value\') === item.value))\n                        : existing;\n                    badgesToRemove.forEach((item) => children.removeChild(item));\n\n                    value.forEach(({ text, value }) => {\n                        const badge = document.createElement(\'span\');\n                        badge.classList.toggle(\'badge\', true);\n                        badge.setAttribute(\'data-nb-value\', value);\n\n                        const input = document.createElement(\'input\');\n                        input.setAttribute(\'name\', name);\n                        input.setAttribute(\'type\', \'hidden\');\n                        input.setAttribute(\'value\', value);\n\n                        const button = document.createElement(\'button\');\n                        button.classList.toggle(\'nb-dynamic-filter-remove\', true);\n                        button.setAttribute(\'type\', \'button\');\n\n                        const close = document.createElement(\'span\');\n                        close.classList.toggle(\'mdi\', true);\n                        close.classList.toggle(\'mdi-close\', true);\n                        close.setAttribute(\'aria-hidden\', \'true\');\n\n                        const remove = document.createElement(\'span\');\n                        remove.classList.toggle(\'visually-hidden\', true);\n                        remove.innerText = \'Remove\';\n\n                        button.appendChild(close);\n                        button.appendChild(remove);\n                        badge.appendChild(button);\n                        badge.insertAdjacentText(\'beforeend\', text);\n                        badge.appendChild(input);\n\n                        insertFirst(badge, children);\n                    });\n\n                    // If group already exists, remove it and later insert as the first child.\n                    if (items.contains(group)) {\n                        items.removeChild(group);\n                    }\n\n                    if (children.hasChildNodes()) {\n                        insertFirst(group, items);\n                    }\n                };\n\n                document.addEventListener(\'click\', (event) => {\n                    const { defaultFilterForm, dynamicFilterForm } = getFilterForms();\n\n                    const add = event.target.closest(\'button.nb-dynamic-filter-add\');\n                    if (add) {\n                        const field = dynamicFilterForm.querySelector(\'[name$="lookup_field"]\');\n                        const type = dynamicFilterForm.querySelector(\'[name$="lookup_type"]\');\n                        const value = [...dynamicFilterForm.querySelectorAll(\'.nb-form-group\')]\n                            .pop()\n                        ?.querySelector(\'input, select, textarea\');\n\n                        const isMissing = (control) =>\n                        control?.selectedOptions ? control.selectedOptions.length === 0 : !control?.value;\n                        if (isMissing(field) || isMissing(type) || isMissing(value)) {\n                            // Return early if selected filter is not complete (i.e. is missing lookup field, type or value).\n                            return;\n                        }\n\n                        const name = type.selectedOptions[0].value;\n                        const label = field.selectedOptions[0].innerText.trim();\n                        const suffix = type.selectedOptions[0].innerText.trim();\n                        const text = /\\(\\w+\\)/.test(suffix) ? `${label} ${suffix}` : label;\n                        const values =\n                            value?.getAttribute(\'multiple\') !== null\n                            ? [...value.selectedOptions].map((option) => ({ text: option.innerText.trim(), value: option.value }))\n                            : [{ text: value?.value, value: value?.value }];\n\n                        // If field exists in default filter form and is a single value input, use `\'set\'` action.\n                        const action =\n                            defaultFilterForm.querySelector(`[name="${name}"]`) &&\n                        (value.tagName === \'INPUT\' || value.tagName === \'TEXTAREA\')\n                            ? \'set\'\n                            : \'add\';\n                        manageDynamicFilter({ action, name, text, value: values });\n\n                        syncDynamicToDefault(name);\n                    }\n\n                    const remove = event.target.closest(\'button.nb-dynamic-filter-remove\');\n                    if (remove) {\n                        const badge = remove.closest(\'.badge\');\n                        /*\n                         * Remove the group badge (i.e. multi-badge) when given badge is the group badge itself, or it is the only\n                         * one left in the group (i.e. has no siblings) because removing it will leave the group badge empty anyway.\n                         */\n                        const shouldRemoveGroup =\n                            badge?.classList.contains(\'nb-multi-badge\') ||\n                        (!badge?.previousElementSibling && !badge?.nextElementSibling);\n                        shouldRemoveGroup ? badge?.closest(\'.nb-multi-badge\')?.remove() : badge?.remove();\n\n                        syncDynamicToDefault(badge?.querySelector(\'input[type="hidden"]\')?.getAttribute(\'name\'));\n                    }\n                });\n\n                // Need to wrap `document` with jQuery to be able to listen to Select2 `change` event.\n                $(document).on(\'change\', (event) => {\n                    const { defaultFilterForm } = getFilterForms();\n                    const isDefaultFilterFormField = event.target.form === defaultFilterForm;\n                    if (isDefaultFilterFormField) {\n                        syncDefaultToDynamic(event.target.name);\n                    }\n                });\n\n                // Need to wrap `document` with jQuery to be able to listen to Select2 `change` event.\n                $(document).on(\'change\', async (event) => {\n                    const isLookupType = event.target.getAttribute(\'name\')?.endsWith(\'lookup_type\');\n                    if (isLookupType) {\n                        const content_type = event.target.getAttribute(\'data-contenttype\');\n                        const field_name = event.target.value;\n                        const value = [...event.target.form.querySelectorAll(\'.nb-form-group\')]\n                            .pop()\n                        ?.querySelector(\'input, select, textarea\');\n\n                        if (field_name) {\n                            const replacement = await (async () => {\n                                try {\n                                    const response = await window.fetch(\n                                        `/api/ui/core/filterset-fields/lookup-value-dom-element/?${new URLSearchParams({ content_type, field_name })}`,\n                                        { method: \'GET\', headers: { Accept: \'*/*\' } },\n                                    );\n\n                                    const html = await response.json();\n\n                                    const element = document.createElement(\'div\');\n                                    element.innerHTML = html;\n\n                                    return element.firstElementChild;\n                                } catch (exception) {\n                                    // Default to `<input type="text" ...>` field if error occurs.\n                                    const input = document.createElement(\'input\');\n                                    input.classList.toggle(\'lookup_value-input\', true);\n                                    input.classList.toggle(\'form-control\', true);\n                                    input.setAttribute(\'id\', `id_for_${field_name}`);\n                                    input.setAttribute(\'name\', field_name);\n                                    input.setAttribute(\'type\', \'text\');\n                                    return input;\n                                }\n                            })();\n\n                            value.replaceWith(replacement);\n                            replacement.nextElementSibling?.remove(); // Remove Select2 widget if present.\n                            replacement.previousElementSibling?.setAttribute(\'for\', replacement.getAttribute(\'id\')); // Set label `for` attribute to match field `id`.\n                            initializeInputs(replacement.parentElement);\n                        }\n                    }\n                });\n\n                // Need to wrap `document` with jQuery to be able to listen to Select2 `change` event.\n                $(document).on(\'change\', (event) => {\n                    const isLookupField = event.target.getAttribute(\'name\')?.endsWith(\'lookup_field\');\n                    const isLookupType = event.target.getAttribute(\'name\')?.endsWith(\'lookup_type\');\n\n                    if (isLookupField) {\n                        const type = event.target.form.querySelector(\'[name$="lookup_type"]\');\n                        $(type).val(null).trigger(\'change\');\n                    }\n\n                    if (isLookupField || isLookupType) {\n                        const value = [...event.target.form.querySelectorAll(\'.nb-form-group\')]\n                            .pop()\n                        ?.querySelector(\'input, select, textarea\');\n\n                        if (value.tagName === \'SELECT\') {\n                            $(value).val(null).trigger(\'change\');\n                        } else {\n                            value.value = \'\';\n                        }\n                    }\n                });\n\n                const isFilterForm = (target) => Boolean(target?.closest(\'#FilterForm_drawer\'));\n\n                document.addEventListener(\'reset\', (event) => {\n                    if (isFilterForm(event.target)) {\n                        event.preventDefault();\n\n                        // Remove all filter query params from location search while keeping non-filter params intact.\n                        const searchParams = new URLSearchParams(window.location.search);\n                        const nextSearchParams = new URLSearchParams([\n                            ...[...searchParams].filter(\n                                ([property]) => NON_FILTER_PARAMS.includes(property) && property !== \'all_filters_removed\',\n                            ),\n                            [\'all_filters_removed\', \'true\'],\n                        ]);\n\n                        location.assign(`?${nextSearchParams}`);\n                    }\n                });\n\n                document.addEventListener(\'submit\', (event) => {\n                    if (isFilterForm(event.target)) {\n                        event.preventDefault();\n\n                        const { defaultFilterForm, dynamicFilterForm } = getFilterForms();\n\n                        /*\n                         * Just before the form submission automatically add filter selected in "Advanced" tab (if any)\n                         * which hasn\'t been manually applied for whatever reason (usually forgetfulness, speed, etc.).\n                         * This is a requested UX flavor.\n                         */\n                        const add = dynamicFilterForm.querySelector(\'button.nb-dynamic-filter-add\');\n                        add.click();\n\n                        // Remove all field names which are not applied filters container descendants.\n                        [...dynamicFilterForm.querySelectorAll(\'input, select, textarea\')].forEach((field) =>\n                            field.closest(\'.nb-dynamic-filter-items\') ? undefined : field.removeAttribute(\'name\'),\n                        );\n\n                        /*\n                         * Get the serialized data from the forms and:\n                         *   1) Filter out query params which values are empty e.g `?sam=&dan=2` becomes `dan=2`.\n                         *   2) Combine the two forms into a single set of data without duplicate entries.\n                         */\n                        const defaultFilterFormSearchParams = new URLSearchParams(new FormData(defaultFilterForm));\n                        const dynamicFilterFormSearchParams = new URLSearchParams(new FormData(dynamicFilterForm));\n                        const searchParams = new URLSearchParams(window.location.search);\n\n                        const nextSearchParams = new URLSearchParams([\n                            ...[...defaultFilterFormSearchParams].filter(([, value]) => value !== \'\'),\n                            ...[...dynamicFilterFormSearchParams].filter(\n                                ([property, value]) => value !== \'\' && !defaultFilterFormSearchParams.has(property, value),\n                            ),\n                            ...[...searchParams].filter(\n                                ([property]) => NON_FILTER_PARAMS.includes(property) && property !== \'all_filters_removed\',\n                            ),\n                        ]);\n\n                        if (nextSearchParams.has(\'saved_view\')) {\n                            const all_filters_removed = [...nextSearchParams].every(([property]) =>\n                                NON_FILTER_PARAMS.includes(property),\n                            );\n\n                            if (all_filters_removed) {\n                                nextSearchParams.set(\'all_filters_removed\', \'true\');\n                            }\n                        }\n\n                        location.assign(`?${nextSearchParams}`);\n                    }\n                });\n\n                const onSubmitOrReset = (event) => (isFilterForm(event.target) ? window.nb?.history?.saveState() : undefined);\n                document.addEventListener(\'reset\', onSubmitOrReset);\n                document.addEventListener(\'submit\', onSubmitOrReset);\n            });\n        })();\n    </script>\n\n\n    \n        \n\n\n<section class="nb-drawer" tabindex="-1" id="OSPFConfigurationTable_config">\n    <div class="nb-drawer-header">\n        <h1>Table Configuration</h1>\n        <button type="button" class="btn-close" data-nb-dismiss="drawer" aria-label="Close"></button>\n    </div>\n    <div class="nb-drawer-body">\n        <form class="userconfigform h-100 pb-20 px-20 vstack" data-config-root="tables.OSPFConfigurationTable">\n            <div class="row align-content-start flex-fill">\n                <div class="col-12">\n                    <div class="alert alert-warning">\n                        Column choices may negatively affect loading times.\n                        <a href="/static/docs/user-guide/platform-functionality/user-interface/configurablecolumns.html" class="btn btn-link btn-sm" target="_blank" rel="noopener">\n                            <span class="mdi mdi-information"></span>\n                        </a>\n                    </div>\n                </div>\n                <div class="col-12">\n                    \n                        <select name="columns" size="20" class="form-control" placeholder="None" id="id_columns" multiple>\n  <option value="instance" selected>Instance</option>\n\n  <option value="process_id" selected>Process ID</option>\n\n  <option value="status" selected>Status</option>\n\n  <option value="dynamic_group_count">Dynamic Groups</option>\n\n</select>\n                        <span class="form-text mt-8">Use the buttons below to arrange columns in the desired order, then select all columns to display.</span>\n                        <div class="hstack gap-4 mt-8 mx-n4">\n                            \n                            <button type="button" class="btn btn-primary btn-sm" id="move-option-up" data-target="id_columns"><span class="mdi mdi-arrow-up-bold me-4"></span>Move up</button>\n                            <button type="button" class="btn btn-primary btn-sm" id="move-option-down" data-target="id_columns"><span class="mdi mdi-arrow-down-bold me-4"></span>Move down</button>\n                            <button type="button" class="btn btn-success btn-sm" id="select-all-options" data-target="id_columns"><span class="mdi mdi-expand-all-outline me-4"></span>Select all</button>\n                            \n                        </div>\n                    \n                </div>\n            </div>\n            <div class="nb-form-sticky-footer">\n                <input type="submit" class="btn btn-primary" value="Save">\n                <input type="submit" class="btn btn-danger reset" value="Reset">\n            </div>\n        </form>\n    </div>\n</section>\n\n\n    <script>\n        (() => {\n            document.addEventListener(\'DOMContentLoaded\', () => {\n                document.addEventListener(\'submit\', (event) => {\n                    if (event.target.closest(\'#OSPFConfigurationTable_config\')) {\n                        // Keep the drawer open after page reload caused by form submission.\n                        window.nb.history.saveState();\n                    }\n                });\n            });\n        })();\n    </script>\n\n\n    \n    <section class="nb-drawer" tabindex="-1" id="SavedViews_drawer">\n        <div class="nb-drawer-header">\n            <h1>Saved Views</h1>\n            <button type="button" class="btn-close" data-nb-dismiss="drawer" aria-label="Close"></button>\n        </div>\n        <div class="nb-drawer-body pb-20 px-20">\n            <div class="align-items-start vstack flex-grow-0 gap-10">\n                \n            </div>\n            \n            <div class="align-items-start vstack gap-10">\n                Actions:\n                \n                <a class="btn btn-secondary" href="" data-bs-toggle="modal" data-bs-target="#saved_view_modal">\n                    <span class="mdi mdi-content-save-plus-outline me-4" aria-hidden="true"></span>Save As New\n                </a>\n                \n            </div>\n        </div>\n    </section>\n\n        </div>\n        <header id="header">\n            <div class="banner-alert-area">\n                \n\n\n\n    \n        <div class="alert alert-info text-center" role="alert">\n            <p>Local</p>\n        </div>\n    \n\n\n\n\n\n\n                \n\n            </div>\n            <div class="container-fluid mb-12 mt-16">\n                <div class="row">\n                    <div id="page-title" class="col-4">\n                        \n                            \n\n\n<h1 class="d-flex fs-2 gap-8 lh-sm py-6">\n    <img\n        alt="Nautobot chevron"\n        class="align-self-start flex-grow-0 flex-shrink-0 my-n4"\n        role="presentation"\n        src="/static/img/nautobot_chevron.svg"\n        style="width: 1.5rem;"\n    />\n    \n        OSPF Configurations\n    \n</h1>\n\n                        \n                    </div>\n                    \n\n\n\n    \n        <form action="/search/" class="col-4 text-center" id="header_search" method="get" role="search">\n            <label class="position-relative w-100">\n                <input\n                    aria-placeholder="Press Ctrl+K to search"\n                    class="form-control nb-text-transparent"\n                    name="q"\n                    type="search"\n                    value=""\n                />\n                <span class="align-items-center d-inline-flex gap-6 overflow-hidden px-12 py-6 pe-none position-absolute start-0 top-0 user-select-none w-100">\n                    <span aria-hidden="true" class="mdi mdi-magnify text-secondary d-inline-flex"></span>\n                    \n                        \n                            \n                                \n                                    \n                                        <span class="badge border" data-nb-link="/plugins/nautobot-igp-models/ospf-configuration/"><!--\n                                            -->in: OSPF Configuration<!--\n                                            --><button tabindex="-1" type="button">\n                                            <span aria-hidden="true" class="mdi mdi-close"></span>\n                                            <span class="visually-hidden">Remove</span>\n                                        </button>\n                                        </span>\n                                    \n                                \n                            \n                        \n                            \n                                \n                                    \n                                \n                                    \n                                \n                            \n                        \n                    \n                    <span\n                        aria-hidden="true"\n                        class="align-items-center d-inline-flex gap-4 text-nowrap text-secondary"\n                    >\n                        \n                            Press <kbd class="mt-n1">Ctrl+K</kbd> to search\n                        \n                    </span>\n                    <a class="align-items-center d-inline-flex ms-auto pe-auto"\n                       href="/static/docs/user-guide/platform-functionality/user-interface/search.html"\n                       target="_blank"\n                       rel="noopener"\n                    >\n                        <span aria-hidden="true" class="mdi mdi-help-circle-outline text-secondary"></span>\n                    </a>\n                </span>\n            </label>\n        </form>\n    \n\n    <div class="col-4 text-end">\n        <div class="dropdown">\n            <button class="btn dropdown-toggle align-items-center d-inline-flex gap-6" type="button" data-bs-toggle="dropdown" aria-expanded="false">\n                <span aria-hidden="true" class="mdi mdi-account text-secondary"></span>\n                nautobotuser\n            </button>\n            <ul class="dropdown-menu dropdown-menu-end">\n                <li><a class="dropdown-item" href="/about/"><span class="mdi mdi-information"></span>About Nautobot</a></li>\n                <li><a class="dropdown-item" href="/user/profile/"><span class="mdi mdi-account-box"></span>Profile</a></li>\n                <li><a class="dropdown-item" href="/extras/approver-dashboard/"><span class="mdi mdi-check-bold"></span>Approval Dashboard</a></li>\n                \n                <li class="dropdown-divider"></li>\n                <li><a class="dropdown-item" href="/logout/"><span class="mdi mdi-logout"></span>Log out</a></li>\n            </ul>\n        </div>\n    </div>\n\n\n                    <div class="col-12">\n                        \n    \n\n    \n\n    \n\n<nav aria-label="Breadcrumbs" class="mt-1">\n    <ol class="breadcrumb">\n        \n            \n                \n            \n        \n    </ol>\n</nav>\n\n\n                    </div>\n                </div>\n            </div>\n            \n        </header>\n        <main class="container-fluid wrapper" id="main-content" tabindex="-1">\n            \n    <div class="align-items-center d-flex gap-8 justify-content-end mb-16 d-print-none">\n        \n        \n\n        <div class="btn-group">\n            \n                \n    \n        <a href="/plugins/nautobot-igp-models/ospf-configuration/add/" class="btn btn-primary" id="add-button">\n            <span class="mdi mdi-plus-thick" aria-hidden="true"></span> Add OSPF Configuration\n        </a>\n    \n\n\n                <button type="button" id="actions-dropdown" class="btn btn-primary dropdown-toggle" data-bs-toggle="dropdown">\n                    <span class="visually-hidden">Toggle Dropdown</span>\n                    <span class="mdi mdi-chevron-down"></span>\n                </button>\n            \n            <ul class="dropdown-menu dropdown-menu-end" role="menu">\n                \n                    \n                        \n    \n        <li>\n            <a class="dropdown-item" id="import-button" href="/extras/jobs/nautobot.core.jobs.ImportObjects/run/?content_type=194">\n                <span class="mdi mdi-database-import text-secondary" aria-hidden="true"></span> Import from CSV\n            </a>\n        </li>\n    \n\n\n                    \n                \n                \n                    <li class="dropdown-divider"></li>\n                \n                \n                    \n                        \n    \n        \n        \n        <li>\n            <form action="/extras/jobs/nautobot.core.jobs.ExportObjectList/run/" method="post">\n                <input type="hidden" name="csrfmiddlewaretoken" value="yiiV5LousGdXShSdfOfrNqhcfVliVLTVoAZpzy9B1MQRKpA6C9j7HwdtlGqi0TFQ">\n                <input type="hidden" name="content_type" value="194">\n                <input type="hidden" name="query_string" value="">\n                <input type="hidden" name="_schedule_type" value="immediately">\n                <input type="hidden" name="export_format" value="csv">\n                <button class="dropdown-item" type="submit">\n                    <span class="mdi mdi-database-export text-secondary" aria-hidden="true"></span> Export as CSV\n                </button>\n            </form>\n        </li>\n        \n    \n\n\n                    \n                \n            </ul>\n        </div>\n        \n        \n            \n            \n        \n        \n            \n            \n        \n        <div class="align-items-center d-flex gap-4">\n            \n                <button\n                    type="button"\n                    class="btn position-relative text-secondary"\n                    data-nb-toggle="drawer"\n                    data-nb-target="#SavedViews_drawer"\n                    title="Saved Views"\n                    aria-expanded="false"\n                    aria-controls="SavedViews_drawer"\n                >\n                    <span class="mdi mdi-view-compact-outline" aria-hidden="true"></span>\n                    <span class="visually-hidden">Saved Views</span>\n                    \n                </button>\n            \n            \n                <button\n                    type="button"\n                    class="btn position-relative text-secondary"\n                    data-nb-toggle="drawer"\n                    data-nb-target="#FilterForm_drawer"\n                    title="Add Filters"\n                    id="id__filterbtn"\n                    aria-controls="FilterForm_drawer"\n                    aria-expanded="false"\n                >\n                    <span class="mdi mdi-filter" aria-hidden="true"></span>\n                    <span class="visually-hidden">Add Filters</span>\n                    \n                </button>\n            \n        </div>\n    </div>\n\n    \n\n    <div>\n        \n            \n                \n                    \n\n\n<div class="card mb-3">\n    \n    <div class="table-responsive">\n        \n\n\n\n    <table class="table table-hover nb-table-headings">\n        \n            <thead>\n                <tr>\n                    \n                        \n                            \n                                <th class="orderable"><a href="?sort=instance" data-column-name="instance">Instance</a></th>\n                            \n                        \n                    \n                        \n                            \n                                <th class="orderable"><a href="?sort=process_id" data-column-name="process_id">Process ID</a></th>\n                            \n                        \n                    \n                        \n                            \n                                <th class="orderable"><a href="?sort=status" data-column-name="status">Status</a></th>\n                            \n                        \n                    \n                        \n                            <th class="nb-actionable nb-w-0 orderable">\n                                <button\n            type="button"\n            class="btn border-0 float-end rounded-0 text-end text-secondary "\n            data-nb-toggle="drawer"\n            data-nb-target="#OSPFConfigurationTable_config"\n            \n            title="Configure table"\n            aria-controls="OSPFConfigurationTable_config"\n            aria-expanded="false"\n        >\n            <span class="mdi mdi-cog" aria-hidden="true"></span>\n            <span class="visually-hidden">Configure</span>\n        </button>\n                            </th>\n                        \n                    \n                    \n                </tr>\n            </thead>\n        \n        <tbody>\n            \n                <tr class="even">\n                    \n                        <td ><a href="/plugins/nautobot-igp-models/igproutinginstance/3b682d4d-7040-4744-bd8f-93cb37509d63/">OSPF on router1</a></td>\n                    \n                        <td >1</td>\n                    \n                        <td >\n    \n    \n        <span class="badge" style="color: #ffffff; background-color: #4caf50">\n            Active\n        </span>\n    \n    </td>\n                    \n                        <td class="d-print-none nb-actions nb-w-0 text-end text-nowrap">\n    <div class="dropdown">\n        <button class="btn dropdown-toggle" type="button" data-bs-toggle="dropdown" aria-expanded="false">\n            <span class="mdi mdi-dots-vertical" aria-hidden="true"></span>\n            <span class="visually-hidden">Toggle Dropdown</span>\n        </button>\n        <ul class="dropdown-menu dropdown-menu-end">\n            \n            \n            \n            \n        </ul>\n    </div>\n\n    </td>\n                    \n                    \n                </tr>\n            \n        </tbody>\n        \n    </table>\n\n\n    </div>\n    \n</div>\n\n                \n            \n            \n\n<div class="paginator align-items-center d-flex fs-5 gap-10 justify-content-end mt-16 text-secondary">\n    \n        <div>\n            Showing 1-1 of 1\n        </div>\n        <div class="vr border-start my-8"></div>\n    \n    <form class="align-items-center d-flex gap-4" method="get">\n        \n        <select name="per_page" id="per_page" class="form-select">\n            \n                <option value="65000" selected="selected">65000</option>\n            \n            \n                <option value="25">25</option>\n            \n                <option value="50">50</option>\n            \n                <option value="100">100</option>\n            \n                <option value="250">250</option>\n            \n                <option value="500">500</option>\n            \n                <option value="1000">1000</option>\n            \n        </select>\n        per page\n    </form>\n    \n</div>\n\n            <div class="clearfix"></div>\n        \n    </div>\n    \n        \n\n\n<div class="modal fade" tabindex="-1" id="saved_view_modal" role="dialog">\n    <div class="modal-dialog modal-lg">\n        <div class="modal-content">\n            <div class="modal-header">\n                <h4 class="modal-title">New Saved View</h4>\n                <button type="button" class="btn-close" data-bs-dismiss="modal" aria-label="Close"></button>\n            </div>\n            <form action="/extras/saved-views/add/" method="post">\n                <div class="modal-body">\n                    <input type="hidden" name="csrfmiddlewaretoken" value="yiiV5LousGdXShSdfOfrNqhcfVliVLTVoAZpzy9B1MQRKpA6C9j7HwdtlGqi0TFQ">\n                    <div class="row">\n                        \n\n<div class="mb-10 d-md-flex justify-content-center">\n    \n        <label class="col-md-3 col-form-label nb-required" for="id_name">\n            Name\n        </label>\n        <div class="col-md-9">\n            <input type="text" name="name" maxlength="255" class="form-control" required placeholder="Name" id="id_name">\n            \n            \n                <span class="form-text">The name of this view</span>\n            \n    \n    \n</div>\n</div>\n\n                        <span class="col-lg-3 text-end text-secondary">New Changes</span>\n                        <div class="col-lg-9">\n                            <pre><code class="language-json">{\n    &quot;filter_params&quot;: {},\n    &quot;per_page&quot;: 65000,\n    &quot;sort_order&quot;: [],\n    &quot;table_config&quot;: null\n}</code></pre>\n                        </div>\n                        \n\n<div class="mb-10 d-md-flex justify-content-center">\n    \n        <div class="col-md-9 offset-md-3">\n            <div class="form-check mt-6">\n                <input type="checkbox" name="is_shared" class="form-check-input" placeholder="Is shared" id="id_is_shared">\n                <label class="form-check-label" for="id_is_shared">\n                    Is shared\n                </label>\n            </div>\n            \n            \n                <span class="form-text">If checked, all users will be able to see this saved view</span>\n            \n    \n    \n</div>\n</div>\n\n                        <input type="hidden" id="view" name="view" value="plugins:nautobot_igp_models:ospfconfiguration_list">\n                        <input type="hidden" id="params" name="params" value="">\n                    </div>\n                </div>\n                <div class="modal-footer">\n                    <button type="submit" class="btn btn-primary">\n                        <span aria-hidden="true" class="mdi mdi-content-save-plus-outline me-4"></span><!--\n                        -->Save\n                    </button>\n                    <button class="btn btn-secondary" data-bs-dismiss="modal" type="button">\n                        <span aria-hidden="true" class="mdi mdi-close me-4"></span><!--\n                        -->Cancel\n                    </button>\n                </div>\n            </form>\n        </div>\n    </div>\n</div>\n\n    \n    \n\n<div class="modal fade" tabindex="-1" role="dialog" id="dynamic_group_assignment_modal">\n    <div class="modal-dialog modal-lg" role="document">\n        <div class="modal-content">\n            <div class="modal-header">\n                <button type="button" class="btn-close" data-bs-dismiss="modal" aria-label="Close">\n                </button>\n                <h4 class="modal-title">Static Assignment to Dynamic Groups</h4>\n            </div>\n            <form id="dynamic_group_assignment_form" action="/extras/dynamic-groups/assign-members/?"\n                  method="post" class="form form-horizontal">\n                <div class="modal-body">\n                    <input type="hidden" name="csrfmiddlewaretoken" value="yiiV5LousGdXShSdfOfrNqhcfVliVLTVoAZpzy9B1MQRKpA6C9j7HwdtlGqi0TFQ">\n                    <input type="hidden" name="return_url" value="/plugins/nautobot-igp-models/ospf-configuration/">\n                    <input type="hidden" id="dynamic_group_assignment_all" name="_all">\n                    <span id="dynamic_group_assignment_pks"></span>\n                    \n                        <input type="hidden" name="content_type" value="194" class="form-control" required="required" placeholder="None" id="id_content_type">\n                    \n                        \n                    \n                    \n\n<div class="mb-10 d-md-flex justify-content-center">\n    \n        <label class="col-md-3 col-form-label" for="id_add_to_groups">\n            Add to existing group(s)\n        </label>\n        <div class="col-md-9">\n            <select name="add_to_groups" class="nautobot-select2-api" data-multiple="1" data-query-param-group_type="[&quot;static&quot;]" data-query-param-content_type="[&quot;nautobot_igp_models.ospfconfiguration&quot;]" data-query-param-exclude_m2m="[&quot;true&quot;]" display-field="display" data-depth="0" data-url="/api/extras/dynamic-groups/" id="id_add_to_groups" multiple>\n</select>\n            \n            \n    \n    \n</div>\n</div>\n\n                    \n\n<div class="mb-10 d-md-flex justify-content-center">\n    \n        <label class="col-md-3 col-form-label" for="id_create_and_assign_to_new_group_name">\n            Create a new group\n        </label>\n        <div class="col-md-9">\n            <input type="text" name="create_and_assign_to_new_group_name" class="form-control" placeholder="Create a new group" id="id_create_and_assign_to_new_group_name">\n            \n            \n                <span class="form-text">Create a new group with this name and assign the selected objects to it.</span>\n            \n    \n    \n</div>\n</div>\n\n                    \n\n<div class="mb-10 d-md-flex justify-content-center">\n    \n        <label class="col-md-3 col-form-label" for="id_remove_from_groups">\n            Remove from group(s)\n        </label>\n        <div class="col-md-9">\n            <select name="remove_from_groups" class="nautobot-select2-api" data-multiple="1" data-query-param-group_type="[&quot;static&quot;]" data-query-param-content_type="[&quot;nautobot_igp_models.ospfconfiguration&quot;]" data-query-param-exclude_m2m="[&quot;true&quot;]" display-field="display" data-depth="0" data-url="/api/extras/dynamic-groups/" id="id_remove_from_groups" multiple>\n</select>\n            \n            \n    \n    \n</div>\n</div>\n\n                </div>\n                <div class="modal-footer">\n                    <button type="submit" class="btn btn-primary">\n                        <span class="mdi mdi-group" aria-hidden="true"></span> Apply\n                    </button>\n                    <button type="button" class="btn btn-secondary" id="dynamic_group_assignment_cancel">\n                        <span class="mdi mdi-close-thick" aria-hidden="true"></span> Cancel\n                    </button>\n                </div>\n            </form>\n        </div>\n    </div>\n</div>\n\n\n        </main>\n        \n            \n        \n        \n\n\n\n' : 


        <div id="drawer">
            
    



<section class="nb-drawer" tabindex="-1" id="FilterForm_drawer">
    <div class="nb-drawer-header">
        <h1>Filters</h1>
        <button type="button" class="btn-close" data-nb-dismiss="drawer" aria-label="Close"></button>
    </div>
    <div class="nb-drawer-body">
        <ul id="filter-tabs" class="nav nav-tabs">
            
                <li role="presentation" class="nav-item">
                    <a class="nav-link active"  href="#default-filter" role="tab" data-bs-toggle="tab">
                        Basic
                    </a>
                </li>
            
            
                <li role="presentation" class="nav-item">
                    <a class="nav-link position-relative" href="#advanced-filter" role="tab" data-bs-toggle="tab">
                        Advanced
                        

                    </a>
                </li>
            
        </ul>
        <div class="tab-content h-100">
            
                <div id="default-filter" role="tabpanel" class="tab-pane fade show active h-100 p-20">
                    

<form class="h-100 vstack">
    <div class="align-content-start flex-fill pb-20">
        
        
            
                <div class="nb-form-group">
                    
                        <label for="id_instance">IGP Instance</label>
                        <select name="instance" class="nautobot-select2-api form-control" data-query-param-exclude_m2m="[&quot;true&quot;]" display-field="display" data-depth="0" placeholder="IGP Instance" data-url="/api/plugins/nautobot-igp-models/igp-routing-instances/" id="id_instance">
  <option value=""
         selected
        >---------</option>

</select>
                    
                </div>
            
        
            
                <div class="nb-form-group">
                    
                        <label for="id_process_id">Process ID</label>
                        <input type="number" name="process_id" class="form-control" placeholder="Process ID" id="id_process_id">
                    
                </div>
            
        
            
                <div class="nb-form-group">
                    
                        <label for="id_contacts">Contacts</label>
                        <select name="contacts" class="nautobot-select2-api form-control" data-multiple="1" data-query-param-exclude_m2m="[&quot;true&quot;]" display-field="display" value-field="name" data-depth="0" placeholder="None" data-url="/api/extras/contacts/" id="id_contacts" multiple>
</select>
                    
                </div>
            
        
            
                <div class="nb-form-group">
                    
                        <label for="id_teams">Teams</label>
                        <select name="teams" class="nautobot-select2-api form-control" data-multiple="1" data-query-param-exclude_m2m="[&quot;true&quot;]" display-field="display" value-field="name" data-depth="0" placeholder="None" data-url="/api/extras/teams/" id="id_teams" multiple>
</select>
                    
                </div>
            
        
    </div>
    <div class="justify-content-between mb-n20 nb-form-sticky-footer">
        <button type="submit" class="btn btn-primary">
            <span class="mdi mdi-check me-4" aria-hidden="true"></span><!--
            -->Apply Specified
        </button>
        <button type="reset" class="btn btn-secondary">
            <span aria-hidden="true" class="mdi mdi-close me-4"></span><!--
            -->Clear All
        </button>
    </div>
</form>

                </div>
            
            
                <div id="advanced-filter" role="tabpanel" class="tab-pane fade h-100 p-20">
                    <form class="h-100 vstack" id="dynamic-filter-form">
                        <div class="align-content-start flex-fill pb-20">
                            <input type="hidden" name="form-TOTAL_FORMS" value="1" id="id_form-TOTAL_FORMS"><input type="hidden" name="form-INITIAL_FORMS" value="0" id="id_form-INITIAL_FORMS"><input type="hidden" name="form-MIN_NUM_FORMS" value="0" id="id_form-MIN_NUM_FORMS"><input type="hidden" name="form-MAX_NUM_FORMS" value="1000" id="id_form-MAX_NUM_FORMS">
                            
                                <div class="nb-form-group">
                                    <label for="id_form-0-lookup_field">Field</label>
                                    <select name="form-0-lookup_field" class="nautobot-select2-static lookup_field-select" placeholder="Field" id="id_form-0-lookup_field">
  <option value="" selected>---------</option>

  <option value="contacts">Contacts (name or ID)</option>

  <option value="created">Created</option>

  <option value="dynamic_groups">Dynamic groups (name or ID)</option>

  <option value="instance">IGP Instance (Device Name)</option>

  <option value="id">Id</option>

  <option value="last_updated">Last updated</option>

  <option value="process_id">Process ID</option>

  <option value="status">Status (ID)</option>

  <option value="teams">Teams (name or ID)</option>

</select>
                                </div>
                            
                                <div class="nb-form-group">
                                    <label for="id_form-0-lookup_type">Lookup type</label>
                                    <select name="form-0-lookup_type" class="nautobot-select2-api lookup_type-select" placeholder="None" data-query-param-field_name="[&quot;$lookup_field&quot;]" data-contenttype="nautobot_igp_models.ospfconfiguration" data-url="/api/core/filterset-fields/lookup-choices/" id="id_form-0-lookup_type">
</select>
                                </div>
                            
                                <div class="nb-form-group">
                                    <label for="id_form-0-lookup_value">Value</label>
                                    <input type="text" name="form-0-lookup_value" class="form-control lookup_value-input form-control" placeholder="Value" id="id_form-0-lookup_value">
                                </div>
                            
                            <button class="nb-dynamic-filter-add btn btn-primary d-block ms-auto my-20" type="button">
                                <span aria-hidden="true" class="mdi mdi-plus me-4"></span><!--
                                -->Add Filter
                            </button>
                            <hr class="border-top my-20">
                            <div class="nb-dynamic-filter-items d-flex flex-wrap gap-10">
                                
                            </div>
                        </div>

                        <div class="d-print-none justify-content-between mb-n20 nb-form-sticky-footer">
                            <button type="submit" class="btn btn-primary">
                                <span class="mdi mdi-check me-4" aria-hidden="true"></span><!--
                                -->Apply Specified
                            </button>
                            <button type="reset" class="btn btn-secondary">
                                <span aria-hidden="true" class="mdi mdi-close me-4"></span><!--
                                -->Clear All
                            </button>
                        </div>
                    </form>
                </div>
            
        </div>
    </div>
</section>


    <script>
        (() => {
            document.addEventListener('DOMContentLoaded', () => {
                const NON_FILTER_PARAMS = [
                    'all_filters_removed',
                    'clear_view',
                    'per_page',
                    'saved_view',
                    'sort',
                    'table_changes_pending',
                ];

                /**
                 * Insert given `element` as `parent`'s first child.
                 * @param {HTMLElement} element - Element to be inserted.
                 * @param {HTMLElement} parent - Parent container for given `element`.
                 * @returns {void} Do not return any value, modify DOM in-place.
                 */
                const insertFirst = (element, parent) => {
                    parent.hasChildNodes() ? parent.insertBefore(element, parent.firstElementChild) : parent.appendChild(element);
                };

                /**
                 * Get HTML elements for default and dynamic filter forms.
                 * @returns {object} Object with `defaultFilterForm` and `dynamicFilterForm` HTML elements or `null`,
                 *   depending on their actual existence in the DOM.
                 */
                const getFilterForms = () => ({
                    defaultFilterForm: document.querySelector('#default-filter form'),
                    dynamicFilterForm: document.querySelector('#dynamic-filter-form'),
                });

                const prepopulateFilterSelectsFromURL = (() => {
                    const { defaultFilterForm } = getFilterForms();
                    const urlParams = new URLSearchParams(window.location.search);
                    // Only target Select2 controls inside the default filter form.
                    [...defaultFilterForm.querySelectorAll('select.nautobot-select2-multi-value-char')].forEach((el) => {
                        const name = el.getAttribute('name');
                        if (!name) { return; }
                        const values = urlParams.getAll(name);
                        if (!values.length) { return; }
                        values.forEach((val) => {
                            let found = Array.prototype.find.call(el.options, (opt) => {
                                return String(opt.value) === String(val);
                            });
                            if (found) {
                                found.selected = true;
                            } else {
                                el.add(new Option(val, val, true, true));
                            }
                        });
                        if (window.jQuery && $(el).data('select2')) {
                            $(el).trigger('change');
                        }
                    });
                })();

                /**
                 * Synchronize given `filter` value from default to dynamic filter form.
                 * @param {string} name - Filter name.
                 * @returns {void} Do not return any value, just set given field values.
                 */
                const syncDefaultToDynamic = (name) => {
                    const { defaultFilterForm } = getFilterForms();

                    const field = defaultFilterForm.querySelector(`[name="${name}"]`);
                    const text = field?.closest('.nb-form-group')?.querySelector('label')?.innerText?.trim();
                    /*
                     * `manageDynamicFilter` takes an array of `{ text: string, value: string }` objects as `value`, so
                     * regardless of field being a textbox, a single or multiple choice combobox, conversion is required:
                     *   1. For combobox (i.e. `<select>`), iterate over selected options and map them to display `text`
                     *     and underlying `value`.
                     *   2. For textbox (i.e. `<input>` or `<textarea>`):
                     *     1. Use entered value as both display `text` and underlying `value`.
                     *     2. If field is empty, use an empty array.
                     */
                    const value =
                        field?.tagName === 'SELECT'
                        ? [...field.selectedOptions].map((option) => ({ text: option.innerText, value: option.value }))
                        : [...(field?.value ? [{ text: field.value, value: field.value }] : [])];

                    manageDynamicFilter({ action: 'set', name, text, value });
                };

                /**
                 * Synchronize given `filter` value from dynamic to default filter form.
                 * @param {string} name - Filter name.
                 * @returns {void} Do not return any value, just set given field values.
                 */
                const syncDynamicToDefault = (name) => {
                    const { defaultFilterForm, dynamicFilterForm } = getFilterForms();

                    const current = [...dynamicFilterForm.querySelectorAll(`input[name="${name}"][type="hidden"]`)].map(
                        (input) => ({
                            text: [...(input.parentElement?.childNodes ?? [])].find((node) => node.nodeName === '#text')?.wholeText,
                            value: input.getAttribute('value'),
                        }),
                    );

                    const sync = defaultFilterForm?.querySelector(`[name=${name}]`);

                    if (sync?.tagName === 'INPUT' || sync?.tagName === 'TEXTAREA') {
                        sync.value = current.length > 0 ? current[0].value : '';
                    } else if (sync?.tagName === 'SELECT') {
                        window.nb.select2.setSelect2Value(sync, current);
                    }
                };

                /**
                 * Manage dynamic filter either by adding values to the existing selection or by setting passed values
                 * regardless of previous selection.
                 * @param {'add'|'set'} action - Use `'add'` to add given value to the existing selection; use `'set'`
                 *   to set given value regardless of what was set previously.
                 * @param {string} name - Filter field name.
                 * @param {string} text - Filter display text.
                 * @param {object[]} value - Array of objects containing `text` and `value` key-value pairs.
                 */
                const manageDynamicFilter = ({ action, name, text, value }) => {
                    const { dynamicFilterForm } = getFilterForms();
                    const items = dynamicFilterForm.querySelector('.nb-dynamic-filter-items');

                    const group = (() => {
                        const existing = items.querySelector(`.nb-multi-badge[data-nb-field="${name}"]`);
                        if (existing) {
                            return existing;
                        }

                        const group = document.createElement('span');
                        group.classList.toggle('badge', true);
                        group.classList.toggle('nb-multi-badge', true);
                        group.setAttribute('data-nb-field', name);

                        const button = document.createElement('button');
                        button.classList.toggle('nb-dynamic-filter-remove', true);
                        button.setAttribute('type', 'button');

                        const close = document.createElement('span');
                        close.classList.toggle('mdi', true);
                        close.classList.toggle('mdi-close', true);
                        close.setAttribute('aria-hidden', 'true');

                        const remove = document.createElement('span');
                        remove.classList.toggle('visually-hidden', true);
                        remove.innerText = 'Remove All';

                        const children = document.createElement('span');
                        children.classList.toggle('nb-multi-badge-items', true);

                        button.appendChild(close);
                        button.appendChild(remove);
                        group.appendChild(button);
                        group.insertAdjacentText('beforeend', `${text}:`);
                        group.appendChild(children);

                        return group;
                    })();

                    const children = group.querySelector('.nb-multi-badge-items');
                    const existing = [...children.querySelectorAll('.badge[data-nb-value]')];

                    /*
                     * Depending on `action` remove the following badges:
                     *   1. For `'add'`, remove already existing filters with the same key-value pairs and re-create them later.
                     *   2. For `'set'`, remove all existing filters of given key and apply only these passed as `values`.
                     */
                    const badgesToRemove =
                        action === 'add'
                        ? existing.filter((badge) => value.some((item) => badge.getAttribute('data-nb-value') === item.value))
                        : existing;
                    badgesToRemove.forEach((item) => children.removeChild(item));

                    value.forEach(({ text, value }) => {
                        const badge = document.createElement('span');
                        badge.classList.toggle('badge', true);
                        badge.setAttribute('data-nb-value', value);

                        const input = document.createElement('input');
                        input.setAttribute('name', name);
                        input.setAttribute('type', 'hidden');
                        input.setAttribute('value', value);

                        const button = document.createElement('button');
                        button.classList.toggle('nb-dynamic-filter-remove', true);
                        button.setAttribute('type', 'button');

                        const close = document.createElement('span');
                        close.classList.toggle('mdi', true);
                        close.classList.toggle('mdi-close', true);
                        close.setAttribute('aria-hidden', 'true');

                        const remove = document.createElement('span');
                        remove.classList.toggle('visually-hidden', true);
                        remove.innerText = 'Remove';

                        button.appendChild(close);
                        button.appendChild(remove);
                        badge.appendChild(button);
                        badge.insertAdjacentText('beforeend', text);
                        badge.appendChild(input);

                        insertFirst(badge, children);
                    });

                    // If group already exists, remove it and later insert as the first child.
                    if (items.contains(group)) {
                        items.removeChild(group);
                    }

                    if (children.hasChildNodes()) {
                        insertFirst(group, items);
                    }
                };

                document.addEventListener('click', (event) => {
                    const { defaultFilterForm, dynamicFilterForm } = getFilterForms();

                    const add = event.target.closest('button.nb-dynamic-filter-add');
                    if (add) {
                        const field = dynamicFilterForm.querySelector('[name$="lookup_field"]');
                        const type = dynamicFilterForm.querySelector('[name$="lookup_type"]');
                        const value = [...dynamicFilterForm.querySelectorAll('.nb-form-group')]
                            .pop()
                        ?.querySelector('input, select, textarea');

                        const isMissing = (control) =>
                        control?.selectedOptions ? control.selectedOptions.length === 0 : !control?.value;
                        if (isMissing(field) || isMissing(type) || isMissing(value)) {
                            // Return early if selected filter is not complete (i.e. is missing lookup field, type or value).
                            return;
                        }

                        const name = type.selectedOptions[0].value;
                        const label = field.selectedOptions[0].innerText.trim();
                        const suffix = type.selectedOptions[0].innerText.trim();
                        const text = /\(\w+\)/.test(suffix) ? `${label} ${suffix}` : label;
                        const values =
                            value?.getAttribute('multiple') !== null
                            ? [...value.selectedOptions].map((option) => ({ text: option.innerText.trim(), value: option.value }))
                            : [{ text: value?.value, value: value?.value }];

                        // If field exists in default filter form and is a single value input, use `'set'` action.
                        const action =
                            defaultFilterForm.querySelector(`[name="${name}"]`) &&
                        (value.tagName === 'INPUT' || value.tagName === 'TEXTAREA')
                            ? 'set'
                            : 'add';
                        manageDynamicFilter({ action, name, text, value: values });

                        syncDynamicToDefault(name);
                    }

                    const remove = event.target.closest('button.nb-dynamic-filter-remove');
                    if (remove) {
                        const badge = remove.closest('.badge');
                        /*
                         * Remove the group badge (i.e. multi-badge) when given badge is the group badge itself, or it is the only
                         * one left in the group (i.e. has no siblings) because removing it will leave the group badge empty anyway.
                         */
                        const shouldRemoveGroup =
                            badge?.classList.contains('nb-multi-badge') ||
                        (!badge?.previousElementSibling && !badge?.nextElementSibling);
                        shouldRemoveGroup ? badge?.closest('.nb-multi-badge')?.remove() : badge?.remove();

                        syncDynamicToDefault(badge?.querySelector('input[type="hidden"]')?.getAttribute('name'));
                    }
                });

                // Need to wrap `document` with jQuery to be able to listen to Select2 `change` event.
                $(document).on('change', (event) => {
                    const { defaultFilterForm } = getFilterForms();
                    const isDefaultFilterFormField = event.target.form === defaultFilterForm;
                    if (isDefaultFilterFormField) {
                        syncDefaultToDynamic(event.target.name);
                    }
                });

                // Need to wrap `document` with jQuery to be able to listen to Select2 `change` event.
                $(document).on('change', async (event) => {
                    const isLookupType = event.target.getAttribute('name')?.endsWith('lookup_type');
                    if (isLookupType) {
                        const content_type = event.target.getAttribute('data-contenttype');
                        const field_name = event.target.value;
                        const value = [...event.target.form.querySelectorAll('.nb-form-group')]
                            .pop()
                        ?.querySelector('input, select, textarea');

                        if (field_name) {
                            const replacement = await (async () => {
                                try {
                                    const response = await window.fetch(
                                        `/api/ui/core/filterset-fields/lookup-value-dom-element/?${new URLSearchParams({ content_type, field_name })}`,
                                        { method: 'GET', headers: { Accept: '*/*' } },
                                    );

                                    const html = await response.json();

                                    const element = document.createElement('div');
                                    element.innerHTML = html;

                                    return element.firstElementChild;
                                } catch (exception) {
                                    // Default to `<input type="text" ...>` field if error occurs.
                                    const input = document.createElement('input');
                                    input.classList.toggle('lookup_value-input', true);
                                    input.classList.toggle('form-control', true);
                                    input.setAttribute('id', `id_for_${field_name}`);
                                    input.setAttribute('name', field_name);
                                    input.setAttribute('type', 'text');
                                    return input;
                                }
                            })();

                            value.replaceWith(replacement);
                            replacement.nextElementSibling?.remove(); // Remove Select2 widget if present.
                            replacement.previousElementSibling?.setAttribute('for', replacement.getAttribute('id')); // Set label `for` attribute to match field `id`.
                            initializeInputs(replacement.parentElement);
                        }
                    }
                });

                // Need to wrap `document` with jQuery to be able to listen to Select2 `change` event.
                $(document).on('change', (event) => {
                    const isLookupField = event.target.getAttribute('name')?.endsWith('lookup_field');
                    const isLookupType = event.target.getAttribute('name')?.endsWith('lookup_type');

                    if (isLookupField) {
                        const type = event.target.form.querySelector('[name$="lookup_type"]');
                        $(type).val(null).trigger('change');
                    }

                    if (isLookupField || isLookupType) {
                        const value = [...event.target.form.querySelectorAll('.nb-form-group')]
                            .pop()
                        ?.querySelector('input, select, textarea');

                        if (value.tagName === 'SELECT') {
                            $(value).val(null).trigger('change');
                        } else {
                            value.value = '';
                        }
                    }
                });

                const isFilterForm = (target) => Boolean(target?.closest('#FilterForm_drawer'));

                document.addEventListener('reset', (event) => {
                    if (isFilterForm(event.target)) {
                        event.preventDefault();

                        // Remove all filter query params from location search while keeping non-filter params intact.
                        const searchParams = new URLSearchParams(window.location.search);
                        const nextSearchParams = new URLSearchParams([
                            ...[...searchParams].filter(
                                ([property]) => NON_FILTER_PARAMS.includes(property) && property !== 'all_filters_removed',
                            ),
                            ['all_filters_removed', 'true'],
                        ]);

                        location.assign(`?${nextSearchParams}`);
                    }
                });

                document.addEventListener('submit', (event) => {
                    if (isFilterForm(event.target)) {
                        event.preventDefault();

                        const { defaultFilterForm, dynamicFilterForm } = getFilterForms();

                        /*
                         * Just before the form submission automatically add filter selected in "Advanced" tab (if any)
                         * which hasn't been manually applied for whatever reason (usually forgetfulness, speed, etc.).
                         * This is a requested UX flavor.
                         */
                        const add = dynamicFilterForm.querySelector('button.nb-dynamic-filter-add');
                        add.click();

                        // Remove all field names which are not applied filters container descendants.
                        [...dynamicFilterForm.querySelectorAll('input, select, textarea')].forEach((field) =>
                            field.closest('.nb-dynamic-filter-items') ? undefined : field.removeAttribute('name'),
                        );

                        /*
                         * Get the serialized data from the forms and:
                         *   1) Filter out query params which values are empty e.g `?sam=&dan=2` becomes `dan=2`.
                         *   2) Combine the two forms into a single set of data without duplicate entries.
                         */
                        const defaultFilterFormSearchParams = new URLSearchParams(new FormData(defaultFilterForm));
                        const dynamicFilterFormSearchParams = new URLSearchParams(new FormData(dynamicFilterForm));
                        const searchParams = new URLSearchParams(window.location.search);

                        const nextSearchParams = new URLSearchParams([
                            ...[...defaultFilterFormSearchParams].filter(([, value]) => value !== ''),
                            ...[...dynamicFilterFormSearchParams].filter(
                                ([property, value]) => value !== '' && !defaultFilterFormSearchParams.has(property, value),
                            ),
                            ...[...searchParams].filter(
                                ([property]) => NON_FILTER_PARAMS.includes(property) && property !== 'all_filters_removed',
                            ),
                        ]);

                        if (nextSearchParams.has('saved_view')) {
                            const all_filters_removed = [...nextSearchParams].every(([property]) =>
                                NON_FILTER_PARAMS.includes(property),
                            );

                            if (all_filters_removed) {
                                nextSearchParams.set('all_filters_removed', 'true');
                            }
                        }

                        location.assign(`?${nextSearchParams}`);
                    }
                });

                const onSubmitOrReset = (event) => (isFilterForm(event.target) ? window.nb?.history?.saveState() : undefined);
                document.addEventListener('reset', onSubmitOrReset);
                document.addEventListener('submit', onSubmitOrReset);
            });
        })();
    </script>


    
        


<section class="nb-drawer" tabindex="-1" id="OSPFConfigurationTable_config">
    <div class="nb-drawer-header">
        <h1>Table Configuration</h1>
        <button type="button" class="btn-close" data-nb-dismiss="drawer" aria-label="Close"></button>
    </div>
    <div class="nb-drawer-body">
        <form class="userconfigform h-100 pb-20 px-20 vstack" data-config-root="tables.OSPFConfigurationTable">
            <div class="row align-content-start flex-fill">
                <div class="col-12">
                    <div class="alert alert-warning">
                        Column choices may negatively affect loading times.
                        <a href="/static/docs/user-guide/platform-functionality/user-interface/configurablecolumns.html" class="btn btn-link btn-sm" target="_blank" rel="noopener">
                            <span class="mdi mdi-information"></span>
                        </a>
                    </div>
                </div>
                <div class="col-12">
                    
                        <select name="columns" size="20" class="form-control" placeholder="None" id="id_columns" multiple>
  <option value="instance" selected>Instance</option>

  <option value="process_id" selected>Process ID</option>

  <option value="status" selected>Status</option>

  <option value="dynamic_group_count">Dynamic Groups</option>

</select>
                        <span class="form-text mt-8">Use the buttons below to arrange columns in the desired order, then select all columns to display.</span>
                        <div class="hstack gap-4 mt-8 mx-n4">
                            
                            <button type="button" class="btn btn-primary btn-sm" id="move-option-up" data-target="id_columns"><span class="mdi mdi-arrow-up-bold me-4"></span>Move up</button>
                            <button type="button" class="btn btn-primary btn-sm" id="move-option-down" data-target="id_columns"><span class="mdi mdi-arrow-down-bold me-4"></span>Move down</button>
                            <button type="button" class="btn btn-success btn-sm" id="select-all-options" data-target="id_columns"><span class="mdi mdi-expand-all-outline me-4"></span>Select all</button>
                            
                        </div>
                    
                </div>
            </div>
            <div class="nb-form-sticky-footer">
                <input type="submit" class="btn btn-primary" value="Save">
                <input type="submit" class="btn btn-danger reset" value="Reset">
            </div>
        </form>
    </div>
</section>


    <script>
        (() => {
            document.addEventListener('DOMContentLoaded', () => {
                document.addEventListener('submit', (event) => {
                    if (event.target.closest('#OSPFConfigurationTable_config')) {
                        // Keep the drawer open after page reload caused by form submission.
                        window.nb.history.saveState();
                    }
                });
            });
        })();
    </script>


    
    <section class="nb-drawer" tabindex="-1" id="SavedViews_drawer">
        <div class="nb-drawer-header">
            <h1>Saved Views</h1>
            <button type="button" class="btn-close" data-nb-dismiss="drawer" aria-label="Close"></button>
        </div>
        <div class="nb-drawer-body pb-20 px-20">
            <div class="align-items-start vstack flex-grow-0 gap-10">
                
            </div>
            
            <div class="align-items-start vstack gap-10">
                Actions:
                
                <a class="btn btn-secondary" href="" data-bs-toggle="modal" data-bs-target="#saved_view_modal">
                    <span class="mdi mdi-content-save-plus-outline me-4" aria-hidden="true"></span>Save As New
                </a>
                
            </div>
        </div>
    </section>

        </div>
        <header id="header">
            <div class="banner-alert-area">
                



    
        <div class="alert alert-info text-center" role="alert">
            <p>Local</p>
        </div>
    






                

            </div>
            <div class="container-fluid mb-12 mt-16">
                <div class="row">
                    <div id="page-title" class="col-4">
                        
                            


<h1 class="d-flex fs-2 gap-8 lh-sm py-6">
    <img
        alt="Nautobot chevron"
        class="align-self-start flex-grow-0 flex-shrink-0 my-n4"
        role="presentation"
        src="/static/img/nautobot_chevron.svg"
        style="width: 1.5rem;"
    />
    
        OSPF Configurations
    
</h1>

                        
                    </div>
                    



    
        <form action="/search/" class="col-4 text-center" id="header_search" method="get" role="search">
            <label class="position-relative w-100">
                <input
                    aria-placeholder="Press Ctrl+K to search"
                    class="form-control nb-text-transparent"
                    name="q"
                    type="search"
                    value=""
                />
                <span class="align-items-center d-inline-flex gap-6 overflow-hidden px-12 py-6 pe-none position-absolute start-0 top-0 user-select-none w-100">
                    <span aria-hidden="true" class="mdi mdi-magnify text-secondary d-inline-flex"></span>
                    
                        
                            
                                
                                    
                                        <span class="badge border" data-nb-link="/plugins/nautobot-igp-models/ospf-configuration/"><!--
                                            -->in: OSPF Configuration<!--
                                            --><button tabindex="-1" type="button">
                                            <span aria-hidden="true" class="mdi mdi-close"></span>
                                            <span class="visually-hidden">Remove</span>
                                        </button>
                                        </span>
                                    
                                
                            
                        
                            
                                
                                    
                                
                                    
                                
                            
                        
                    
                    <span
                        aria-hidden="true"
                        class="align-items-center d-inline-flex gap-4 text-nowrap text-secondary"
                    >
                        
                            Press <kbd class="mt-n1">Ctrl+K</kbd> to search
                        
                    </span>
                    <a class="align-items-center d-inline-flex ms-auto pe-auto"
                       href="/static/docs/user-guide/platform-functionality/user-interface/search.html"
                       target="_blank"
                       rel="noopener"
                    >
                        <span aria-hidden="true" class="mdi mdi-help-circle-outline text-secondary"></span>
                    </a>
                </span>
            </label>
        </form>
    

    <div class="col-4 text-end">
        <div class="dropdown">
            <button class="btn dropdown-toggle align-items-center d-inline-flex gap-6" type="button" data-bs-toggle="dropdown" aria-expanded="false">
                <span aria-hidden="true" class="mdi mdi-account text-secondary"></span>
                nautobotuser
            </button>
            <ul class="dropdown-menu dropdown-menu-end">
                <li><a class="dropdown-item" href="/about/"><span class="mdi mdi-information"></span>About Nautobot</a></li>
                <li><a class="dropdown-item" href="/user/profile/"><span class="mdi mdi-account-box"></span>Profile</a></li>
                <li><a class="dropdown-item" href="/extras/approver-dashboard/"><span class="mdi mdi-check-bold"></span>Approval Dashboard</a></li>
                
                <li class="dropdown-divider"></li>
                <li><a class="dropdown-item" href="/logout/"><span class="mdi mdi-logout"></span>Log out</a></li>
            </ul>
        </div>
    </div>


                    <div class="col-12">
                        
    

    

    

<nav aria-label="Breadcrumbs" class="mt-1">
    <ol class="breadcrumb">
        
            
                
            
        
    </ol>
</nav>


                    </div>
                </div>
            </div>
            
        </header>
        <main class="container-fluid wrapper" id="main-content" tabindex="-1">
            
    <div class="align-items-center d-flex gap-8 justify-content-end mb-16 d-print-none">
        
        

        <div class="btn-group">
            
                
    
        <a href="/plugins/nautobot-igp-models/ospf-configuration/add/" class="btn btn-primary" id="add-button">
            <span class="mdi mdi-plus-thick" aria-hidden="true"></span> Add OSPF Configuration
        </a>
    


                <button type="button" id="actions-dropdown" class="btn btn-primary dropdown-toggle" data-bs-toggle="dropdown">
                    <span class="visually-hidden">Toggle Dropdown</span>
                    <span class="mdi mdi-chevron-down"></span>
                </button>
            
            <ul class="dropdown-menu dropdown-menu-end" role="menu">
                
                    
                        
    
        <li>
            <a class="dropdown-item" id="import-button" href="/extras/jobs/nautobot.core.jobs.ImportObjects/run/?content_type=194">
                <span class="mdi mdi-database-import text-secondary" aria-hidden="true"></span> Import from CSV
            </a>
        </li>
    


                    
                
                
                    <li class="dropdown-divider"></li>
                
                
                    
                        
    
        
        
        <li>
            <form action="/extras/jobs/nautobot.core.jobs.ExportObjectList/run/" method="post">
                <input type="hidden" name="csrfmiddlewaretoken" value="yiiV5LousGdXShSdfOfrNqhcfVliVLTVoAZpzy9B1MQRKpA6C9j7HwdtlGqi0TFQ">
                <input type="hidden" name="content_type" value="194">
                <input type="hidden" name="query_string" value="">
                <input type="hidden" name="_schedule_type" value="immediately">
                <input type="hidden" name="export_format" value="csv">
                <button class="dropdown-item" type="submit">
                    <span class="mdi mdi-database-export text-secondary" aria-hidden="true"></span> Export as CSV
                </button>
            </form>
        </li>
        
    


                    
                
            </ul>
        </div>
        
        
            
            
        
        
            
            
        
        <div class="align-items-center d-flex gap-4">
            
                <button
                    type="button"
                    class="btn position-relative text-secondary"
                    data-nb-toggle="drawer"
                    data-nb-target="#SavedViews_drawer"
                    title="Saved Views"
                    aria-expanded="false"
                    aria-controls="SavedViews_drawer"
                >
                    <span class="mdi mdi-view-compact-outline" aria-hidden="true"></span>
                    <span class="visually-hidden">Saved Views</span>
                    
                </button>
            
            
                <button
                    type="button"
                    class="btn position-relative text-secondary"
                    data-nb-toggle="drawer"
                    data-nb-target="#FilterForm_drawer"
                    title="Add Filters"
                    id="id__filterbtn"
                    aria-controls="FilterForm_drawer"
                    aria-expanded="false"
                >
                    <span class="mdi mdi-filter" aria-hidden="true"></span>
                    <span class="visually-hidden">Add Filters</span>
                    
                </button>
            
        </div>
    </div>

    

    <div>
        
            
                
                    


<div class="card mb-3">
    
    <div class="table-responsive">
        



    <table class="table table-hover nb-table-headings">
        
            <thead>
                <tr>
                    
                        
                            
                                <th class="orderable"><a href="?sort=instance" data-column-name="instance">Instance</a></th>
                            
                        
                    
                        
                            
                                <th class="orderable"><a href="?sort=process_id" data-column-name="process_id">Process ID</a></th>
                            
                        
                    
                        
                            
                                <th class="orderable"><a href="?sort=status" data-column-name="status">Status</a></th>
                            
                        
                    
                        
                            <th class="nb-actionable nb-w-0 orderable">
                                <button
            type="button"
            class="btn border-0 float-end rounded-0 text-end text-secondary "
            data-nb-toggle="drawer"
            data-nb-target="#OSPFConfigurationTable_config"
            
            title="Configure table"
            aria-controls="OSPFConfigurationTable_config"
            aria-expanded="false"
        >
            <span class="mdi mdi-cog" aria-hidden="true"></span>
            <span class="visually-hidden">Configure</span>
        </button>
                            </th>
                        
                    
                    
                </tr>
            </thead>
        
        <tbody>
            
                <tr class="even">
                    
                        <td ><a href="/plugins/nautobot-igp-models/igproutinginstance/3b682d4d-7040-4744-bd8f-93cb37509d63/">OSPF on router1</a></td>
                    
                        <td >1</td>
                    
                        <td >
    
    
        <span class="badge" style="color: #ffffff; background-color: #4caf50">
            Active
        </span>
    
    </td>
                    
                        <td class="d-print-none nb-actions nb-w-0 text-end text-nowrap">
    <div class="dropdown">
        <button class="btn dropdown-toggle" type="button" data-bs-toggle="dropdown" aria-expanded="false">
            <span class="mdi mdi-dots-vertical" aria-hidden="true"></span>
            <span class="visually-hidden">Toggle Dropdown</span>
        </button>
        <ul class="dropdown-menu dropdown-menu-end">
            
            
            
            
        </ul>
    </div>

    </td>
                    
                    
                </tr>
            
        </tbody>
        
    </table>


    </div>
    
</div>

                
            
            

<div class="paginator align-items-center d-flex fs-5 gap-10 justify-content-end mt-16 text-secondary">
    
        <div>
            Showing 1-1 of 1
        </div>
        <div class="vr border-start my-8"></div>
    
    <form class="align-items-center d-flex gap-4" method="get">
        
        <select name="per_page" id="per_page" class="form-select">
            
                <option value="65000" selected="selected">65000</option>
            
            
                <option value="25">25</option>
            
                <option value="50">50</option>
            
                <option value="100">100</option>
            
                <option value="250">250</option>
            
                <option value="500">500</option>
            
                <option value="1000">1000</option>
            
        </select>
        per page
    </form>
    
</div>

            <div class="clearfix"></div>
        
    </div>
    
        


<div class="modal fade" tabindex="-1" id="saved_view_modal" role="dialog">
    <div class="modal-dialog modal-lg">
        <div class="modal-content">
            <div class="modal-header">
                <h4 class="modal-title">New Saved View</h4>
                <button type="button" class="btn-close" data-bs-dismiss="modal" aria-label="Close"></button>
            </div>
            <form action="/extras/saved-views/add/" method="post">
                <div class="modal-body">
                    <input type="hidden" name="csrfmiddlewaretoken" value="yiiV5LousGdXShSdfOfrNqhcfVliVLTVoAZpzy9B1MQRKpA6C9j7HwdtlGqi0TFQ">
                    <div class="row">
                        

<div class="mb-10 d-md-flex justify-content-center">
    
        <label class="col-md-3 col-form-label nb-required" for="id_name">
            Name
        </label>
        <div class="col-md-9">
            <input type="text" name="name" maxlength="255" class="form-control" required placeholder="Name" id="id_name">
            
            
                <span class="form-text">The name of this view</span>
            
    
    
</div>
</div>

                        <span class="col-lg-3 text-end text-secondary">New Changes</span>
                        <div class="col-lg-9">
                            <pre><code class="language-json">{
    &quot;filter_params&quot;: {},
    &quot;per_page&quot;: 65000,
    &quot;sort_order&quot;: [],
    &quot;table_config&quot;: null
}</code></pre>
                        </div>
                        

<div class="mb-10 d-md-flex justify-content-center">
    
        <div class="col-md-9 offset-md-3">
            <div class="form-check mt-6">
                <input type="checkbox" name="is_shared" class="form-check-input" placeholder="Is shared" id="id_is_shared">
                <label class="form-check-label" for="id_is_shared">
                    Is shared
                </label>
            </div>
            
            
                <span class="form-text">If checked, all users will be able to see this saved view</span>
            
    
    
</div>
</div>

                        <input type="hidden" id="view" name="view" value="plugins:nautobot_igp_models:ospfconfiguration_list">
                        <input type="hidden" id="params" name="params" value="">
                    </div>
                </div>
                <div class="modal-footer">
                    <button type="submit" class="btn btn-primary">
                        <span aria-hidden="true" class="mdi mdi-content-save-plus-outline me-4"></span><!--
                        -->Save
                    </button>
                    <button class="btn btn-secondary" data-bs-dismiss="modal" type="button">
                        <span aria-hidden="true" class="mdi mdi-close me-4"></span><!--
                        -->Cancel
                    </button>
                </div>
            </form>
        </div>
    </div>
</div>

    
    

<div class="modal fade" tabindex="-1" role="dialog" id="dynamic_group_assignment_modal">
    <div class="modal-dialog modal-lg" role="document">
        <div class="modal-content">
            <div class="modal-header">
                <button type="button" class="btn-close" data-bs-dismiss="modal" aria-label="Close">
                </button>
                <h4 class="modal-title">Static Assignment to Dynamic Groups</h4>
            </div>
            <form id="dynamic_group_assignment_form" action="/extras/dynamic-groups/assign-members/?"
                  method="post" class="form form-horizontal">
                <div class="modal-body">
                    <input type="hidden" name="csrfmiddlewaretoken" value="yiiV5LousGdXShSdfOfrNqhcfVliVLTVoAZpzy9B1MQRKpA6C9j7HwdtlGqi0TFQ">
                    <input type="hidden" name="return_url" value="/plugins/nautobot-igp-models/ospf-configuration/">
                    <input type="hidden" id="dynamic_group_assignment_all" name="_all">
                    <span id="dynamic_group_assignment_pks"></span>
                    
                        <input type="hidden" name="content_type" value="194" class="form-control" required="required" placeholder="None" id="id_content_type">
                    
                        
                    
                    

<div class="mb-10 d-md-flex justify-content-center">
    
        <label class="col-md-3 col-form-label" for="id_add_to_groups">
            Add to existing group(s)
        </label>
        <div class="col-md-9">
            <select name="add_to_groups" class="nautobot-select2-api" data-multiple="1" data-query-param-group_type="[&quot;static&quot;]" data-query-param-content_type="[&quot;nautobot_igp_models.ospfconfiguration&quot;]" data-query-param-exclude_m2m="[&quot;true&quot;]" display-field="display" data-depth="0" data-url="/api/extras/dynamic-groups/" id="id_add_to_groups" multiple>
</select>
            
            
    
    
</div>
</div>

                    

<div class="mb-10 d-md-flex justify-content-center">
    
        <label class="col-md-3 col-form-label" for="id_create_and_assign_to_new_group_name">
            Create a new group
        </label>
        <div class="col-md-9">
            <input type="text" name="create_and_assign_to_new_group_name" class="form-control" placeholder="Create a new group" id="id_create_and_assign_to_new_group_name">
            
            
                <span class="form-text">Create a new group with this name and assign the selected objects to it.</span>
            
    
    
</div>
</div>

                    

<div class="mb-10 d-md-flex justify-content-center">
    
        <label class="col-md-3 col-form-label" for="id_remove_from_groups">
            Remove from group(s)
        </label>
        <div class="col-md-9">
            <select name="remove_from_groups" class="nautobot-select2-api" data-multiple="1" data-query-param-group_type="[&quot;static&quot;]" data-query-param-content_type="[&quot;nautobot_igp_models.ospfconfiguration&quot;]" data-query-param-exclude_m2m="[&quot;true&quot;]" display-field="display" data-depth="0" data-url="/api/extras/dynamic-groups/" id="id_remove_from_groups" multiple>
</select>
            
            
    
    
</div>
</div>

                </div>
                <div class="modal-footer">
                    <button type="submit" class="btn btn-primary">
                        <span class="mdi mdi-group" aria-hidden="true"></span> Apply
                    </button>
                    <button type="button" class="btn btn-secondary" id="dynamic_group_assignment_cancel">
                        <span class="mdi mdi-close-thick" aria-hidden="true"></span> Cancel
                    </button>
                </div>
            </form>
        </div>
    </div>
</div>


        </main>
        
            
        
        





======================================================================
FAIL: test_bulk_edit_objects_nullable_fields (nautobot_igp_models.tests.test_views.OSPFInterfaceConfigurationViewTest.test_bulk_edit_objects_nullable_fields) (field_name='area')
Assert that "set null" fields on the bulk-edit form are correctly passed through to the job.
----------------------------------------------------------------------
Traceback (most recent call last):
  File "/usr/local/lib/python3.11/site-packages/nautobot/core/testing/views.py", line 1394, in test_bulk_edit_objects_nullable_fields
    self.assertTrue(model_field.null or model_field.blank)
AssertionError: False is not true

======================================================================
FAIL: test_bulk_edit_objects_nullable_fields (nautobot_igp_models.tests.test_views.OSPFInterfaceConfigurationViewTest.test_bulk_edit_objects_nullable_fields) (field_name='cost')
Assert that "set null" fields on the bulk-edit form are correctly passed through to the job.
----------------------------------------------------------------------
Traceback (most recent call last):
  File "/usr/local/lib/python3.11/site-packages/nautobot/core/testing/views.py", line 1394, in test_bulk_edit_objects_nullable_fields
    self.assertTrue(model_field.null or model_field.blank)
AssertionError: False is not true

======================================================================
FAIL: test_create_object_with_constrained_permission (nautobot_igp_models.tests.test_views.OSPFInterfaceConfigurationViewTest.test_create_object_with_constrained_permission)
----------------------------------------------------------------------
Traceback (most recent call last):
  File "/usr/local/lib/python3.11/site-packages/django/test/utils.py", line 461, in inner
    return func(*args, **kwargs)
           ^^^^^^^^^^^^^^^^^^^^^
  File "/usr/local/lib/python3.11/site-packages/nautobot/core/testing/views.py", line 638, in test_create_object_with_constrained_permission
    self.assertHttpStatus(self.client.post(**request), 302)
  File "/usr/local/lib/python3.11/site-packages/nautobot/core/testing/mixins.py", line 232, in assertHttpStatus
    self.assertIn(response.status_code, expected_status, err_message)
AssertionError: 200 not found in [302] : Expected HTTP status(es) [302]; received 200:
{'form': <OSPFInterfaceConfigurationForm bound=True, valid=False, fields=(name;ospf_config;interface;area;cost;status;object_note;dynamic_groups)>, 'request': <rest_framework.request.Request: POST '/plugins/nautobot-igp-models/ospf-interface-configuration/add/'>}

======================================================================
FAIL: test_create_object_with_permission (nautobot_igp_models.tests.test_views.OSPFInterfaceConfigurationViewTest.test_create_object_with_permission)
----------------------------------------------------------------------
Traceback (most recent call last):
  File "/usr/local/lib/python3.11/site-packages/django/test/utils.py", line 461, in inner
    return func(*args, **kwargs)
           ^^^^^^^^^^^^^^^^^^^^^
  File "/usr/local/lib/python3.11/site-packages/nautobot/core/testing/views.py", line 569, in test_create_object_with_permission
    self.assertHttpStatus(self.client.post(**request), 302)
  File "/usr/local/lib/python3.11/site-packages/nautobot/core/testing/mixins.py", line 232, in assertHttpStatus
    self.assertIn(response.status_code, expected_status, err_message)
AssertionError: 200 not found in [302] : Expected HTTP status(es) [302]; received 200:
{'form': <OSPFInterfaceConfigurationForm bound=True, valid=False, fields=(name;ospf_config;interface;area;cost;status;object_note;dynamic_groups)>, 'request': <rest_framework.request.Request: POST '/plugins/nautobot-igp-models/ospf-interface-configuration/add/'>}

======================================================================
FAIL: test_edit_object_with_constrained_permission (nautobot_igp_models.tests.test_views.OSPFInterfaceConfigurationViewTest.test_edit_object_with_constrained_permission)
----------------------------------------------------------------------
Traceback (most recent call last):
  File "/usr/local/lib/python3.11/site-packages/django/test/utils.py", line 461, in inner
    return func(*args, **kwargs)
           ^^^^^^^^^^^^^^^^^^^^^
  File "/usr/local/lib/python3.11/site-packages/nautobot/core/testing/views.py", line 770, in test_edit_object_with_constrained_permission
    self.assertHttpStatus(self.client.post(**request), 302)
  File "/usr/local/lib/python3.11/site-packages/nautobot/core/testing/mixins.py", line 232, in assertHttpStatus
    self.assertIn(response.status_code, expected_status, err_message)
AssertionError: 200 not found in [302] : Expected HTTP status(es) [302]; received 200:
{'form': <OSPFInterfaceConfigurationForm bound=True, valid=False, fields=(name;ospf_config;interface;area;cost;status;object_note;dynamic_groups)>, 'request': <rest_framework.request.Request: POST '/plugins/nautobot-igp-models/ospf-interface-configuration/62193915-7884-474d-8fd2-d58d8238edfb/edit/'>}

======================================================================
FAIL: test_edit_object_with_permission (nautobot_igp_models.tests.test_views.OSPFInterfaceConfigurationViewTest.test_edit_object_with_permission)
----------------------------------------------------------------------
Traceback (most recent call last):
  File "/usr/local/lib/python3.11/site-packages/django/test/utils.py", line 461, in inner
    return func(*args, **kwargs)
           ^^^^^^^^^^^^^^^^^^^^^
  File "/usr/local/lib/python3.11/site-packages/nautobot/core/testing/views.py", line 724, in test_edit_object_with_permission
    self.assertHttpStatus(self.client.post(**request), 302)
  File "/usr/local/lib/python3.11/site-packages/nautobot/core/testing/mixins.py", line 232, in assertHttpStatus
    self.assertIn(response.status_code, expected_status, err_message)
AssertionError: 200 not found in [302] : Expected HTTP status(es) [302]; received 200:
{'form': <OSPFInterfaceConfigurationForm bound=True, valid=False, fields=(name;ospf_config;interface;area;cost;status;object_note;dynamic_groups)>, 'request': <rest_framework.request.Request: POST '/plugins/nautobot-igp-models/ospf-interface-configuration/6065feaf-521f-48cf-9e6f-28522fca12de/edit/'>}

======================================================================
FAIL: test_get_object_with_permission (nautobot_igp_models.tests.test_views.OSPFInterfaceConfigurationViewTest.test_get_object_with_permission)
----------------------------------------------------------------------
Traceback (most recent call last):
  File "/usr/local/lib/python3.11/site-packages/django/test/utils.py", line 461, in inner
    return func(*args, **kwargs)
           ^^^^^^^^^^^^^^^^^^^^^
  File "/usr/local/lib/python3.11/site-packages/nautobot/core/testing/views.py", line 232, in test_get_object_with_permission
    self.assertEqual(
AssertionError: 1 != 0 : This view was expected to execute 0 recursive database queries but 1 were executed. If this is expected, please update the OSPFInterfaceConfigurationViewTest.allowed_number_of_tree_queries_per_view_type['retrieve'] property. Care should be taken to only increase these numbers where necessary - recursive queries can become really slow with bigger datasets. The following queries were used:

    WITH RECURSIVE __rank_table(
        
        "id",
        "parent_id",
        "rank_order"
    ) AS (
        SELECT "dcim_location"."id", "dcim_location"."parent_id", ROW_NUMBER() OVER (ORDER BY "dcim_location"."_name") AS "rank_order" FROM "dcim_location"
    ),
    __tree (
        
        "tree_depth",
        "tree_path",
        "tree_ordering",
        "tree_pk"
    ) AS (
        SELECT
            
            0,
            array[T.id],
            array[T.rank_order],
            T."id"
        FROM __rank_table T
        WHERE T."parent_id" IS NULL

        UNION ALL

        SELECT
            
            __tree.tree_depth + 1,
            __tree.tree_path || T.id,
            __tree.tree_ordering || T.rank_order,
            T."id"
        FROM __rank_table T
        JOIN __tree ON T."parent_id" = __tree.tree_pk
    )
    SELECT (__tree.tree_depth) AS "tree_depth", (__tree.tree_path) AS "tree_path", (__tree.tree_ordering) AS "tree_ordering", "dcim_location"."id", "dcim_location"."created", "dcim_location"."last_updated", "dcim_location"."_custom_field_data", "dcim_location"."parent_id", "dcim_location"."name", "dcim_location"."_name", "dcim_location"."location_type_id", "dcim_location"."status_id", "dcim_location"."tenant_id", "dcim_location"."description", "dcim_location"."facility", "dcim_location"."asn", "dcim_location"."time_zone", "dcim_location"."physical_address", "dcim_location"."shipping_address", "dcim_location"."latitude", "dcim_location"."longitude", "dcim_location"."contact_name", "dcim_location"."contact_phone", "dcim_location"."contact_email", "dcim_location"."comments" FROM "dcim_location" , "__tree" WHERE (__tree.tree_pk = dcim_location.id) ORDER BY ("__tree".tree_depth) DESC LIMIT 1

======================================================================
FAIL: test_list_objects_filtered (nautobot_igp_models.tests.test_views.OSPFInterfaceConfigurationViewTest.test_list_objects_filtered)
----------------------------------------------------------------------
Traceback (most recent call last):
  File "/usr/local/lib/python3.11/site-packages/django/test/utils.py", line 461, in inner
    return func(*args, **kwargs)
           ^^^^^^^^^^^^^^^^^^^^^
  File "/usr/local/lib/python3.11/site-packages/nautobot/core/testing/views.py", line 1044, in test_list_objects_filtered
    self.assertRegex(content, r">\s*" + re.escape(escape(instance1.name)) + r"\s*<", msg=content)
AssertionError: Regex didn't match: '>\\s*OSPF\\-R1\\-GE1\\s*<' not found in '\n\n\n        <div id="drawer">\n            \n    \n\n\n\n<section class="nb-drawer" tabindex="-1" id="FilterForm_drawer">\n    <div class="nb-drawer-header">\n        <h1>Filters</h1>\n        <button type="button" class="btn-close" data-nb-dismiss="drawer" aria-label="Close"></button>\n    </div>\n    <div class="nb-drawer-body">\n        <ul id="filter-tabs" class="nav nav-tabs">\n            \n                <li role="presentation" class="nav-item">\n                    <a class="nav-link active"  href="#default-filter" role="tab" data-bs-toggle="tab">\n                        Basic\n                    </a>\n                </li>\n            \n            \n                <li role="presentation" class="nav-item">\n                    <a class="nav-link position-relative" href="#advanced-filter" role="tab" data-bs-toggle="tab">\n                        Advanced\n                        \n    <span\n        aria-hidden="true"\n        class="end-0 me-2 mt-2 top-0 nb-btn-indicator"\n        data-bs-toggle="tooltip"\n        data-bs-title="Some of the applied filters can only be viewed in Advanced"\n    ></span>\n\n\n                    </a>\n                </li>\n            \n        </ul>\n        <div class="tab-content h-100">\n            \n                <div id="default-filter" role="tabpanel" class="tab-pane fade show active h-100 p-20">\n                    \n\n<form class="h-100 vstack">\n    <div class="align-content-start flex-fill pb-20">\n        \n        \n            \n                <div class="nb-form-group">\n                    \n                        <label for="id_ospf_config">OSPF Configuration</label>\n                        <select name="ospf_config" class="nautobot-select2-api form-control" data-query-param-exclude_m2m="[&quot;true&quot;]" display-field="display" data-depth="0" placeholder="OSPF Configuration" data-url="/api/plugins/nautobot-igp-models/ospf-configurations/" id="id_ospf_config">\n  <option value=""\n         selected\n        >---------</option>\n\n</select>\n                    \n                </div>\n            \n        \n            \n                <div class="nb-form-group">\n                    \n                        <label for="id_interface">Interface</label>\n                        <select name="interface" class="nautobot-select2-api form-control" data-query-param-device_id="[&quot;$ospf_config__instance__device&quot;]" data-query-param-exclude_m2m="[&quot;true&quot;]" display-field="display" data-depth="0" placeholder="Interface" data-url="/api/dcim/interfaces/" id="id_interface">\n  <option value=""\n         selected\n        >---------</option>\n\n</select>\n                    \n                </div>\n            \n        \n            \n                <div class="nb-form-group">\n                    \n                        <label for="id_area">Area</label>\n                        <input type="text" name="area" class="form-control" placeholder="Area" id="id_area">\n                    \n                </div>\n            \n        \n            \n                <div class="nb-form-group">\n                    \n                        <label for="id_cost">Cost</label>\n                        <input type="number" name="cost" class="form-control" placeholder="Cost" id="id_cost">\n                    \n                </div>\n            \n        \n            \n                <div class="nb-form-group">\n                    \n                        <label for="id_contacts">Contacts</label>\n                        <select name="contacts" class="nautobot-select2-api form-control" data-multiple="1" data-query-param-exclude_m2m="[&quot;true&quot;]" display-field="display" value-field="name" data-depth="0" placeholder="None" data-url="/api/extras/contacts/" id="id_contacts" multiple>\n</select>\n                    \n                </div>\n            \n        \n            \n                <div class="nb-form-group">\n                    \n                        <label for="id_teams">Teams</label>\n                        <select name="teams" class="nautobot-select2-api form-control" data-multiple="1" data-query-param-exclude_m2m="[&quot;true&quot;]" display-field="display" value-field="name" data-depth="0" placeholder="None" data-url="/api/extras/teams/" id="id_teams" multiple>\n</select>\n                    \n                </div>\n            \n        \n    </div>\n    <div class="justify-content-between mb-n20 nb-form-sticky-footer">\n        <button type="submit" class="btn btn-primary">\n            <span class="mdi mdi-check me-4" aria-hidden="true"></span><!--\n            -->Apply Specified\n        </button>\n        <button type="reset" class="btn btn-secondary">\n            <span aria-hidden="true" class="mdi mdi-close me-4"></span><!--\n            -->Clear All\n        </button>\n    </div>\n</form>\n\n                </div>\n            \n            \n                <div id="advanced-filter" role="tabpanel" class="tab-pane fade h-100 p-20">\n                    <form class="h-100 vstack" id="dynamic-filter-form">\n                        <div class="align-content-start flex-fill pb-20">\n                            <input type="hidden" name="form-TOTAL_FORMS" value="1" id="id_form-TOTAL_FORMS"><input type="hidden" name="form-INITIAL_FORMS" value="0" id="id_form-INITIAL_FORMS"><input type="hidden" name="form-MIN_NUM_FORMS" value="0" id="id_form-MIN_NUM_FORMS"><input type="hidden" name="form-MAX_NUM_FORMS" value="1000" id="id_form-MAX_NUM_FORMS">\n                            \n                                <div class="nb-form-group">\n                                    <label for="id_form-0-lookup_field">Field</label>\n                                    <select name="form-0-lookup_field" class="nautobot-select2-static lookup_field-select" placeholder="Field" id="id_form-0-lookup_field">\n  <option value="" selected>---------</option>\n\n  <option value="contacts">Contacts (name or ID)</option>\n\n  <option value="cost">Cost</option>\n\n  <option value="created">Created</option>\n\n  <option value="dynamic_groups">Dynamic groups (name or ID)</option>\n\n  <option value="id">Id</option>\n\n  <option value="interface">Interface</option>\n\n  <option value="last_updated">Last updated</option>\n\n  <option value="area">OSPF Area</option>\n\n  <option value="ospf_config_name">OSPF Configuration</option>\n\n  <option value="status">Status (ID)</option>\n\n  <option value="teams">Teams (name or ID)</option>\n\n</select>\n                                </div>\n                            \n                                <div class="nb-form-group">\n                                    <label for="id_form-0-lookup_type">Lookup type</label>\n                                    <select name="form-0-lookup_type" class="nautobot-select2-api lookup_type-select" placeholder="None" data-query-param-field_name="[&quot;$lookup_field&quot;]" data-contenttype="nautobot_igp_models.ospfinterfaceconfiguration" data-url="/api/core/filterset-fields/lookup-choices/" id="id_form-0-lookup_type">\n</select>\n                                </div>\n                            \n                                <div class="nb-form-group">\n                                    <label for="id_form-0-lookup_value">Value</label>\n                                    <input type="text" name="form-0-lookup_value" class="form-control lookup_value-input form-control" placeholder="Value" id="id_form-0-lookup_value">\n                                </div>\n                            \n                            <button class="nb-dynamic-filter-add btn btn-primary d-block ms-auto my-20" type="button">\n                                <span aria-hidden="true" class="mdi mdi-plus me-4"></span><!--\n                                -->Add Filter\n                            </button>\n                            <hr class="border-top my-20">\n                            <div class="nb-dynamic-filter-items d-flex flex-wrap gap-10">\n                                \n                                    \n                                        <span class="badge nb-multi-badge" data-nb-field="id">\n                                            <button class="nb-dynamic-filter-remove" type="button">\n                                                <span aria-hidden="true" class="mdi mdi-close"></span>\n                                                <span class="visually-hidden">Remove All</span>\n                                            </button>\n                                            Id:\n                                            <span class="nb-multi-badge-items">\n                                                \n                                                    <span class="badge" data-nb-value="62193915-7884-474d-8fd2-d58d8238edfb"><!--\n                                                        --><button class="nb-dynamic-filter-remove" type="button">\n                                                        <span aria-hidden="true" class="mdi mdi-close"></span>\n                                                        <span class="visually-hidden">Remove</span>\n                                                    </button><!--\n                                                        -->62193915-7884-474d-8fd2-d58d8238edfb<!--\n                                                        --><input name="id" type="hidden" value="62193915-7884-474d-8fd2-d58d8238edfb">\n                                                    </span>\n                                                \n                                            </span>\n                                        </span>\n                                    \n                                \n                            </div>\n                        </div>\n\n                        <div class="d-print-none justify-content-between mb-n20 nb-form-sticky-footer">\n                            <button type="submit" class="btn btn-primary">\n                                <span class="mdi mdi-check me-4" aria-hidden="true"></span><!--\n                                -->Apply Specified\n                            </button>\n                            <button type="reset" class="btn btn-secondary">\n                                <span aria-hidden="true" class="mdi mdi-close me-4"></span><!--\n                                -->Clear All\n                            </button>\n                        </div>\n                    </form>\n                </div>\n            \n        </div>\n    </div>\n</section>\n\n\n    <script>\n        (() => {\n            document.addEventListener(\'DOMContentLoaded\', () => {\n                const NON_FILTER_PARAMS = [\n                    \'all_filters_removed\',\n                    \'clear_view\',\n                    \'per_page\',\n                    \'saved_view\',\n                    \'sort\',\n                    \'table_changes_pending\',\n                ];\n\n                /**\n                 * Insert given `element` as `parent`\'s first child.\n                 * @param {HTMLElement} element - Element to be inserted.\n                 * @param {HTMLElement} parent - Parent container for given `element`.\n                 * @returns {void} Do not return any value, modify DOM in-place.\n                 */\n                const insertFirst = (element, parent) => {\n                    parent.hasChildNodes() ? parent.insertBefore(element, parent.firstElementChild) : parent.appendChild(element);\n                };\n\n                /**\n                 * Get HTML elements for default and dynamic filter forms.\n                 * @returns {object} Object with `defaultFilterForm` and `dynamicFilterForm` HTML elements or `null`,\n                 *   depending on their actual existence in the DOM.\n                 */\n                const getFilterForms = () => ({\n                    defaultFilterForm: document.querySelector(\'#default-filter form\'),\n                    dynamicFilterForm: document.querySelector(\'#dynamic-filter-form\'),\n                });\n\n                const prepopulateFilterSelectsFromURL = (() => {\n                    const { defaultFilterForm } = getFilterForms();\n                    const urlParams = new URLSearchParams(window.location.search);\n                    // Only target Select2 controls inside the default filter form.\n                    [...defaultFilterForm.querySelectorAll(\'select.nautobot-select2-multi-value-char\')].forEach((el) => {\n                        const name = el.getAttribute(\'name\');\n                        if (!name) { return; }\n                        const values = urlParams.getAll(name);\n                        if (!values.length) { return; }\n                        values.forEach((val) => {\n                            let found = Array.prototype.find.call(el.options, (opt) => {\n                                return String(opt.value) === String(val);\n                            });\n                            if (found) {\n                                found.selected = true;\n                            } else {\n                                el.add(new Option(val, val, true, true));\n                            }\n                        });\n                        if (window.jQuery && $(el).data(\'select2\')) {\n                            $(el).trigger(\'change\');\n                        }\n                    });\n                })();\n\n                /**\n                 * Synchronize given `filter` value from default to dynamic filter form.\n                 * @param {string} name - Filter name.\n                 * @returns {void} Do not return any value, just set given field values.\n                 */\n                const syncDefaultToDynamic = (name) => {\n                    const { defaultFilterForm } = getFilterForms();\n\n                    const field = defaultFilterForm.querySelector(`[name="${name}"]`);\n                    const text = field?.closest(\'.nb-form-group\')?.querySelector(\'label\')?.innerText?.trim();\n                    /*\n                     * `manageDynamicFilter` takes an array of `{ text: string, value: string }` objects as `value`, so\n                     * regardless of field being a textbox, a single or multiple choice combobox, conversion is required:\n                     *   1. For combobox (i.e. `<select>`), iterate over selected options and map them to display `text`\n                     *     and underlying `value`.\n                     *   2. For textbox (i.e. `<input>` or `<textarea>`):\n                     *     1. Use entered value as both display `text` and underlying `value`.\n                     *     2. If field is empty, use an empty array.\n                     */\n                    const value =\n                        field?.tagName === \'SELECT\'\n                        ? [...field.selectedOptions].map((option) => ({ text: option.innerText, value: option.value }))\n                        : [...(field?.value ? [{ text: field.value, value: field.value }] : [])];\n\n                    manageDynamicFilter({ action: \'set\', name, text, value });\n                };\n\n                /**\n                 * Synchronize given `filter` value from dynamic to default filter form.\n                 * @param {string} name - Filter name.\n                 * @returns {void} Do not return any value, just set given field values.\n                 */\n                const syncDynamicToDefault = (name) => {\n                    const { defaultFilterForm, dynamicFilterForm } = getFilterForms();\n\n                    const current = [...dynamicFilterForm.querySelectorAll(`input[name="${name}"][type="hidden"]`)].map(\n                        (input) => ({\n                            text: [...(input.parentElement?.childNodes ?? [])].find((node) => node.nodeName === \'#text\')?.wholeText,\n                            value: input.getAttribute(\'value\'),\n                        }),\n                    );\n\n                    const sync = defaultFilterForm?.querySelector(`[name=${name}]`);\n\n                    if (sync?.tagName === \'INPUT\' || sync?.tagName === \'TEXTAREA\') {\n                        sync.value = current.length > 0 ? current[0].value : \'\';\n                    } else if (sync?.tagName === \'SELECT\') {\n                        window.nb.select2.setSelect2Value(sync, current);\n                    }\n                };\n\n                /**\n                 * Manage dynamic filter either by adding values to the existing selection or by setting passed values\n                 * regardless of previous selection.\n                 * @param {\'add\'|\'set\'} action - Use `\'add\'` to add given value to the existing selection; use `\'set\'`\n                 *   to set given value regardless of what was set previously.\n                 * @param {string} name - Filter field name.\n                 * @param {string} text - Filter display text.\n                 * @param {object[]} value - Array of objects containing `text` and `value` key-value pairs.\n                 */\n                const manageDynamicFilter = ({ action, name, text, value }) => {\n                    const { dynamicFilterForm } = getFilterForms();\n                    const items = dynamicFilterForm.querySelector(\'.nb-dynamic-filter-items\');\n\n                    const group = (() => {\n                        const existing = items.querySelector(`.nb-multi-badge[data-nb-field="${name}"]`);\n                        if (existing) {\n                            return existing;\n                        }\n\n                        const group = document.createElement(\'span\');\n                        group.classList.toggle(\'badge\', true);\n                        group.classList.toggle(\'nb-multi-badge\', true);\n                        group.setAttribute(\'data-nb-field\', name);\n\n                        const button = document.createElement(\'button\');\n                        button.classList.toggle(\'nb-dynamic-filter-remove\', true);\n                        button.setAttribute(\'type\', \'button\');\n\n                        const close = document.createElement(\'span\');\n                        close.classList.toggle(\'mdi\', true);\n                        close.classList.toggle(\'mdi-close\', true);\n                        close.setAttribute(\'aria-hidden\', \'true\');\n\n                        const remove = document.createElement(\'span\');\n                        remove.classList.toggle(\'visually-hidden\', true);\n                        remove.innerText = \'Remove All\';\n\n                        const children = document.createElement(\'span\');\n                        children.classList.toggle(\'nb-multi-badge-items\', true);\n\n                        button.appendChild(close);\n                        button.appendChild(remove);\n                        group.appendChild(button);\n                        group.insertAdjacentText(\'beforeend\', `${text}:`);\n                        group.appendChild(children);\n\n                        return group;\n                    })();\n\n                    const children = group.querySelector(\'.nb-multi-badge-items\');\n                    const existing = [...children.querySelectorAll(\'.badge[data-nb-value]\')];\n\n                    /*\n                     * Depending on `action` remove the following badges:\n                     *   1. For `\'add\'`, remove already existing filters with the same key-value pairs and re-create them later.\n                     *   2. For `\'set\'`, remove all existing filters of given key and apply only these passed as `values`.\n                     */\n                    const badgesToRemove =\n                        action === \'add\'\n                        ? existing.filter((badge) => value.some((item) => badge.getAttribute(\'data-nb-value\') === item.value))\n                        : existing;\n                    badgesToRemove.forEach((item) => children.removeChild(item));\n\n                    value.forEach(({ text, value }) => {\n                        const badge = document.createElement(\'span\');\n                        badge.classList.toggle(\'badge\', true);\n                        badge.setAttribute(\'data-nb-value\', value);\n\n                        const input = document.createElement(\'input\');\n                        input.setAttribute(\'name\', name);\n                        input.setAttribute(\'type\', \'hidden\');\n                        input.setAttribute(\'value\', value);\n\n                        const button = document.createElement(\'button\');\n                        button.classList.toggle(\'nb-dynamic-filter-remove\', true);\n                        button.setAttribute(\'type\', \'button\');\n\n                        const close = document.createElement(\'span\');\n                        close.classList.toggle(\'mdi\', true);\n                        close.classList.toggle(\'mdi-close\', true);\n                        close.setAttribute(\'aria-hidden\', \'true\');\n\n                        const remove = document.createElement(\'span\');\n                        remove.classList.toggle(\'visually-hidden\', true);\n                        remove.innerText = \'Remove\';\n\n                        button.appendChild(close);\n                        button.appendChild(remove);\n                        badge.appendChild(button);\n                        badge.insertAdjacentText(\'beforeend\', text);\n                        badge.appendChild(input);\n\n                        insertFirst(badge, children);\n                    });\n\n                    // If group already exists, remove it and later insert as the first child.\n                    if (items.contains(group)) {\n                        items.removeChild(group);\n                    }\n\n                    if (children.hasChildNodes()) {\n                        insertFirst(group, items);\n                    }\n                };\n\n                document.addEventListener(\'click\', (event) => {\n                    const { defaultFilterForm, dynamicFilterForm } = getFilterForms();\n\n                    const add = event.target.closest(\'button.nb-dynamic-filter-add\');\n                    if (add) {\n                        const field = dynamicFilterForm.querySelector(\'[name$="lookup_field"]\');\n                        const type = dynamicFilterForm.querySelector(\'[name$="lookup_type"]\');\n                        const value = [...dynamicFilterForm.querySelectorAll(\'.nb-form-group\')]\n                            .pop()\n                        ?.querySelector(\'input, select, textarea\');\n\n                        const isMissing = (control) =>\n                        control?.selectedOptions ? control.selectedOptions.length === 0 : !control?.value;\n                        if (isMissing(field) || isMissing(type) || isMissing(value)) {\n                            // Return early if selected filter is not complete (i.e. is missing lookup field, type or value).\n                            return;\n                        }\n\n                        const name = type.selectedOptions[0].value;\n                        const label = field.selectedOptions[0].innerText.trim();\n                        const suffix = type.selectedOptions[0].innerText.trim();\n                        const text = /\\(\\w+\\)/.test(suffix) ? `${label} ${suffix}` : label;\n                        const values =\n                            value?.getAttribute(\'multiple\') !== null\n                            ? [...value.selectedOptions].map((option) => ({ text: option.innerText.trim(), value: option.value }))\n                            : [{ text: value?.value, value: value?.value }];\n\n                        // If field exists in default filter form and is a single value input, use `\'set\'` action.\n                        const action =\n                            defaultFilterForm.querySelector(`[name="${name}"]`) &&\n                        (value.tagName === \'INPUT\' || value.tagName === \'TEXTAREA\')\n                            ? \'set\'\n                            : \'add\';\n                        manageDynamicFilter({ action, name, text, value: values });\n\n                        syncDynamicToDefault(name);\n                    }\n\n                    const remove = event.target.closest(\'button.nb-dynamic-filter-remove\');\n                    if (remove) {\n                        const badge = remove.closest(\'.badge\');\n                        /*\n                         * Remove the group badge (i.e. multi-badge) when given badge is the group badge itself, or it is the only\n                         * one left in the group (i.e. has no siblings) because removing it will leave the group badge empty anyway.\n                         */\n                        const shouldRemoveGroup =\n                            badge?.classList.contains(\'nb-multi-badge\') ||\n                        (!badge?.previousElementSibling && !badge?.nextElementSibling);\n                        shouldRemoveGroup ? badge?.closest(\'.nb-multi-badge\')?.remove() : badge?.remove();\n\n                        syncDynamicToDefault(badge?.querySelector(\'input[type="hidden"]\')?.getAttribute(\'name\'));\n                    }\n                });\n\n                // Need to wrap `document` with jQuery to be able to listen to Select2 `change` event.\n                $(document).on(\'change\', (event) => {\n                    const { defaultFilterForm } = getFilterForms();\n                    const isDefaultFilterFormField = event.target.form === defaultFilterForm;\n                    if (isDefaultFilterFormField) {\n                        syncDefaultToDynamic(event.target.name);\n                    }\n                });\n\n                // Need to wrap `document` with jQuery to be able to listen to Select2 `change` event.\n                $(document).on(\'change\', async (event) => {\n                    const isLookupType = event.target.getAttribute(\'name\')?.endsWith(\'lookup_type\');\n                    if (isLookupType) {\n                        const content_type = event.target.getAttribute(\'data-contenttype\');\n                        const field_name = event.target.value;\n                        const value = [...event.target.form.querySelectorAll(\'.nb-form-group\')]\n                            .pop()\n                        ?.querySelector(\'input, select, textarea\');\n\n                        if (field_name) {\n                            const replacement = await (async () => {\n                                try {\n                                    const response = await window.fetch(\n                                        `/api/ui/core/filterset-fields/lookup-value-dom-element/?${new URLSearchParams({ content_type, field_name })}`,\n                                        { method: \'GET\', headers: { Accept: \'*/*\' } },\n                                    );\n\n                                    const html = await response.json();\n\n                                    const element = document.createElement(\'div\');\n                                    element.innerHTML = html;\n\n                                    return element.firstElementChild;\n                                } catch (exception) {\n                                    // Default to `<input type="text" ...>` field if error occurs.\n                                    const input = document.createElement(\'input\');\n                                    input.classList.toggle(\'lookup_value-input\', true);\n                                    input.classList.toggle(\'form-control\', true);\n                                    input.setAttribute(\'id\', `id_for_${field_name}`);\n                                    input.setAttribute(\'name\', field_name);\n                                    input.setAttribute(\'type\', \'text\');\n                                    return input;\n                                }\n                            })();\n\n                            value.replaceWith(replacement);\n                            replacement.nextElementSibling?.remove(); // Remove Select2 widget if present.\n                            replacement.previousElementSibling?.setAttribute(\'for\', replacement.getAttribute(\'id\')); // Set label `for` attribute to match field `id`.\n                            initializeInputs(replacement.parentElement);\n                        }\n                    }\n                });\n\n                // Need to wrap `document` with jQuery to be able to listen to Select2 `change` event.\n                $(document).on(\'change\', (event) => {\n                    const isLookupField = event.target.getAttribute(\'name\')?.endsWith(\'lookup_field\');\n                    const isLookupType = event.target.getAttribute(\'name\')?.endsWith(\'lookup_type\');\n\n                    if (isLookupField) {\n                        const type = event.target.form.querySelector(\'[name$="lookup_type"]\');\n                        $(type).val(null).trigger(\'change\');\n                    }\n\n                    if (isLookupField || isLookupType) {\n                        const value = [...event.target.form.querySelectorAll(\'.nb-form-group\')]\n                            .pop()\n                        ?.querySelector(\'input, select, textarea\');\n\n                        if (value.tagName === \'SELECT\') {\n                            $(value).val(null).trigger(\'change\');\n                        } else {\n                            value.value = \'\';\n                        }\n                    }\n                });\n\n                const isFilterForm = (target) => Boolean(target?.closest(\'#FilterForm_drawer\'));\n\n                document.addEventListener(\'reset\', (event) => {\n                    if (isFilterForm(event.target)) {\n                        event.preventDefault();\n\n                        // Remove all filter query params from location search while keeping non-filter params intact.\n                        const searchParams = new URLSearchParams(window.location.search);\n                        const nextSearchParams = new URLSearchParams([\n                            ...[...searchParams].filter(\n                                ([property]) => NON_FILTER_PARAMS.includes(property) && property !== \'all_filters_removed\',\n                            ),\n                            [\'all_filters_removed\', \'true\'],\n                        ]);\n\n                        location.assign(`?${nextSearchParams}`);\n                    }\n                });\n\n                document.addEventListener(\'submit\', (event) => {\n                    if (isFilterForm(event.target)) {\n                        event.preventDefault();\n\n                        const { defaultFilterForm, dynamicFilterForm } = getFilterForms();\n\n                        /*\n                         * Just before the form submission automatically add filter selected in "Advanced" tab (if any)\n                         * which hasn\'t been manually applied for whatever reason (usually forgetfulness, speed, etc.).\n                         * This is a requested UX flavor.\n                         */\n                        const add = dynamicFilterForm.querySelector(\'button.nb-dynamic-filter-add\');\n                        add.click();\n\n                        // Remove all field names which are not applied filters container descendants.\n                        [...dynamicFilterForm.querySelectorAll(\'input, select, textarea\')].forEach((field) =>\n                            field.closest(\'.nb-dynamic-filter-items\') ? undefined : field.removeAttribute(\'name\'),\n                        );\n\n                        /*\n                         * Get the serialized data from the forms and:\n                         *   1) Filter out query params which values are empty e.g `?sam=&dan=2` becomes `dan=2`.\n                         *   2) Combine the two forms into a single set of data without duplicate entries.\n                         */\n                        const defaultFilterFormSearchParams = new URLSearchParams(new FormData(defaultFilterForm));\n                        const dynamicFilterFormSearchParams = new URLSearchParams(new FormData(dynamicFilterForm));\n                        const searchParams = new URLSearchParams(window.location.search);\n\n                        const nextSearchParams = new URLSearchParams([\n                            ...[...defaultFilterFormSearchParams].filter(([, value]) => value !== \'\'),\n                            ...[...dynamicFilterFormSearchParams].filter(\n                                ([property, value]) => value !== \'\' && !defaultFilterFormSearchParams.has(property, value),\n                            ),\n                            ...[...searchParams].filter(\n                                ([property]) => NON_FILTER_PARAMS.includes(property) && property !== \'all_filters_removed\',\n                            ),\n                        ]);\n\n                        if (nextSearchParams.has(\'saved_view\')) {\n                            const all_filters_removed = [...nextSearchParams].every(([property]) =>\n                                NON_FILTER_PARAMS.includes(property),\n                            );\n\n                            if (all_filters_removed) {\n                                nextSearchParams.set(\'all_filters_removed\', \'true\');\n                            }\n                        }\n\n                        location.assign(`?${nextSearchParams}`);\n                    }\n                });\n\n                const onSubmitOrReset = (event) => (isFilterForm(event.target) ? window.nb?.history?.saveState() : undefined);\n                document.addEventListener(\'reset\', onSubmitOrReset);\n                document.addEventListener(\'submit\', onSubmitOrReset);\n            });\n        })();\n    </script>\n\n\n    \n        \n\n\n<section class="nb-drawer" tabindex="-1" id="OSPFInterfaceConfigurationTable_config">\n    <div class="nb-drawer-header">\n        <h1>Table Configuration</h1>\n        <button type="button" class="btn-close" data-nb-dismiss="drawer" aria-label="Close"></button>\n    </div>\n    <div class="nb-drawer-body">\n        <form class="userconfigform h-100 pb-20 px-20 vstack" data-config-root="tables.OSPFInterfaceConfigurationTable">\n            <div class="row align-content-start flex-fill">\n                <div class="col-12">\n                    <div class="alert alert-warning">\n                        Column choices may negatively affect loading times.\n                        <a href="/static/docs/user-guide/platform-functionality/user-interface/configurablecolumns.html" class="btn btn-link btn-sm" target="_blank" rel="noopener">\n                            <span class="mdi mdi-information"></span>\n                        </a>\n                    </div>\n                </div>\n                <div class="col-12">\n                    \n                        <select name="columns" size="20" class="form-control" placeholder="None" id="id_columns" multiple>\n  <option value="ospf_config" selected>Ospf config</option>\n\n  <option value="interface" selected>Interface</option>\n\n  <option value="area" selected>Area</option>\n\n  <option value="cost" selected>Cost</option>\n\n  <option value="status" selected>Status</option>\n\n  <option value="dynamic_group_count">Dynamic Groups</option>\n\n</select>\n                        <span class="form-text mt-8">Use the buttons below to arrange columns in the desired order, then select all columns to display.</span>\n                        <div class="hstack gap-4 mt-8 mx-n4">\n                            \n                            <button type="button" class="btn btn-primary btn-sm" id="move-option-up" data-target="id_columns"><span class="mdi mdi-arrow-up-bold me-4"></span>Move up</button>\n                            <button type="button" class="btn btn-primary btn-sm" id="move-option-down" data-target="id_columns"><span class="mdi mdi-arrow-down-bold me-4"></span>Move down</button>\n                            <button type="button" class="btn btn-success btn-sm" id="select-all-options" data-target="id_columns"><span class="mdi mdi-expand-all-outline me-4"></span>Select all</button>\n                            \n                        </div>\n                    \n                </div>\n            </div>\n            <div class="nb-form-sticky-footer">\n                <input type="submit" class="btn btn-primary" value="Save">\n                <input type="submit" class="btn btn-danger reset" value="Reset">\n            </div>\n        </form>\n    </div>\n</section>\n\n\n    <script>\n        (() => {\n            document.addEventListener(\'DOMContentLoaded\', () => {\n                document.addEventListener(\'submit\', (event) => {\n                    if (event.target.closest(\'#OSPFInterfaceConfigurationTable_config\')) {\n                        // Keep the drawer open after page reload caused by form submission.\n                        window.nb.history.saveState();\n                    }\n                });\n            });\n        })();\n    </script>\n\n\n    \n    <section class="nb-drawer" tabindex="-1" id="SavedViews_drawer">\n        <div class="nb-drawer-header">\n            <h1>Saved Views</h1>\n            <button type="button" class="btn-close" data-nb-dismiss="drawer" aria-label="Close"></button>\n        </div>\n        <div class="nb-drawer-body pb-20 px-20">\n            <div class="align-items-start vstack flex-grow-0 gap-10">\n                \n            </div>\n            \n            <div class="align-items-start vstack gap-10">\n                Actions:\n                \n                <a class="btn btn-secondary" href="" data-bs-toggle="modal" data-bs-target="#saved_view_modal">\n                    <span class="mdi mdi-content-save-plus-outline me-4" aria-hidden="true"></span>Save As New\n                </a>\n                \n            </div>\n        </div>\n    </section>\n\n        </div>\n        <header id="header">\n            <div class="banner-alert-area">\n                \n\n\n\n    \n        <div class="alert alert-info text-center" role="alert">\n            <p>Local</p>\n        </div>\n    \n\n\n\n\n\n\n                \n\n            </div>\n            <div class="container-fluid mb-12 mt-16">\n                <div class="row">\n                    <div id="page-title" class="col-4">\n                        \n                            \n\n\n<h1 class="d-flex fs-2 gap-8 lh-sm py-6">\n    <img\n        alt="Nautobot chevron"\n        class="align-self-start flex-grow-0 flex-shrink-0 my-n4"\n        role="presentation"\n        src="/static/img/nautobot_chevron.svg"\n        style="width: 1.5rem;"\n    />\n    \n        OSPF Interface Configurations\n    \n</h1>\n\n                        \n                    </div>\n                    \n\n\n\n    \n        <form action="/search/" class="col-4 text-center" id="header_search" method="get" role="search">\n            <label class="position-relative w-100">\n                <input\n                    aria-placeholder="Press Ctrl+K to search"\n                    class="form-control nb-text-transparent"\n                    name="q"\n                    type="search"\n                    value=""\n                />\n                <span class="align-items-center d-inline-flex gap-6 overflow-hidden px-12 py-6 pe-none position-absolute start-0 top-0 user-select-none w-100">\n                    <span aria-hidden="true" class="mdi mdi-magnify text-secondary d-inline-flex"></span>\n                    \n                        \n                            \n                                \n                                    \n                                \n                                    \n                                \n                                    \n                                \n                                    \n                                \n                                    \n                                \n                            \n                                \n                                    \n                                \n                                    \n                                \n                                    \n                                \n                            \n                                \n                                    \n                                \n                                    \n                                \n                                    \n                                \n                            \n                                \n                                    \n                                \n                                    \n                                \n                                    \n                                \n                            \n                                \n                                    \n                                \n                                    \n                                \n                            \n                                \n                                    \n                                \n                                    \n                                \n                                    \n                                \n                                    \n                                \n                            \n                                \n                                    \n                                \n                                    \n                                \n                                    \n                                \n                                    \n                                \n                                    \n                                \n                                    \n                                \n                                    \n                                \n                                    \n                                \n                                    \n                                \n                                    \n                                \n                            \n                        \n                            \n                                \n                                    \n                                \n                            \n                                \n                                    \n                                \n                            \n                                \n                                    \n                                \n                            \n                                \n                                    \n                                \n                                    \n                                \n                                    \n                                \n                            \n                                \n                                    \n                                \n                                    \n                                \n                            \n                                \n                                    \n                                \n                            \n                        \n                            \n                                \n                                    \n                                \n                                    \n                                \n                            \n                                \n                                    \n                                \n                                    \n                                \n                                    \n                                \n                                    \n                                \n                            \n                                \n                                    \n                                \n                                    \n                                \n                            \n                                \n                                    \n                                \n                                    \n                                \n                            \n                                \n                                    \n                                \n                            \n                                \n                                    \n                                \n                                    \n                                \n                                    \n                                \n                            \n                        \n                            \n                                \n                                    \n                                \n                                    \n                                \n                                    \n                                \n                                    \n                                \n                                    \n                                        <span class="badge border" data-nb-link="/plugins/nautobot-igp-models/ospf-interface-configuration/"><!--\n                                            -->in: OSPF Interface Configuration<!--\n                                            --><button tabindex="-1" type="button">\n                                            <span aria-hidden="true" class="mdi mdi-close"></span>\n                                            <span class="visually-hidden">Remove</span>\n                                        </button>\n                                        </span>\n                                    \n                                \n                            \n                        \n                            \n                                \n                                    \n                                \n                                    \n                                \n                                    \n                                \n                            \n                                \n                                    \n                                \n                                    \n                                \n                            \n                        \n                            \n                                \n                                    \n                                \n                                    \n                                \n                                    \n                                \n                            \n                                \n                                    \n                                \n                                    \n                                \n                                    \n                                \n                            \n                        \n                            \n                                \n                                    \n                                \n                                    \n                                \n                            \n                        \n                            \n                                \n                                    \n                                \n                                    \n                                \n                                    \n                                \n                                    \n                                \n                                    \n                                \n                            \n                        \n                            \n                                \n                                    \n                                \n                                    \n                                \n                            \n                        \n                            \n                                \n                                    \n                                \n                                    \n                                \n                                    \n                                \n                                    \n                                \n                                    \n                                \n                            \n                        \n                            \n                                \n                                    \n                                \n                                    \n                                \n                            \n                                \n                                    \n                                \n                                    \n                                \n                                    \n                                \n                            \n                        \n                            \n                                \n                                    \n                                \n                                    \n                                \n                                    \n                                \n                                    \n                                \n                            \n                        \n                            \n                                \n                                    \n                                \n                                    \n                                \n                            \n                        \n                            \n                                \n                                    \n                                \n                            \n                                \n                                    \n                                \n                            \n                                \n                                    \n                                \n                                    \n                                \n                                    \n                                \n                                    \n                                \n                                    \n                                \n                                    \n                                \n                            \n                                \n                                    \n                                \n                            \n                                \n                                    \n                                \n                                    \n                                \n                            \n                                \n                                    \n                                \n                                    \n                                \n                                    \n                                \n                                    \n                                \n                                    \n                                \n                            \n                                \n                                    \n                                \n                                    \n                                \n                                    \n                                \n                                    \n                                \n                            \n                                \n                                    \n                                \n                                    \n                                \n                            \n                        \n                            \n                                \n                                    \n                                \n                                    \n                                \n                                    \n                                \n                                    \n                                \n                                    \n                                \n                                    \n                                \n                            \n                        \n                            \n                                \n                                    \n                                \n                                    \n                                \n                            \n                        \n                    \n                    <span\n                        aria-hidden="true"\n                        class="align-items-center d-inline-flex gap-4 text-nowrap text-secondary"\n                    >\n                        \n                            Press <kbd class="mt-n1">Ctrl+K</kbd> to search\n                        \n                    </span>\n                    <a class="align-items-center d-inline-flex ms-auto pe-auto"\n                       href="/static/docs/user-guide/platform-functionality/user-interface/search.html"\n                       target="_blank"\n                       rel="noopener"\n                    >\n                        <span aria-hidden="true" class="mdi mdi-help-circle-outline text-secondary"></span>\n                    </a>\n                </span>\n            </label>\n        </form>\n    \n\n    <div class="col-4 text-end">\n        <div class="dropdown">\n            <button class="btn dropdown-toggle align-items-center d-inline-flex gap-6" type="button" data-bs-toggle="dropdown" aria-expanded="false">\n                <span aria-hidden="true" class="mdi mdi-account text-secondary"></span>\n                nautobotuser\n            </button>\n            <ul class="dropdown-menu dropdown-menu-end">\n                <li><a class="dropdown-item" href="/about/"><span class="mdi mdi-information"></span>About Nautobot</a></li>\n                <li><a class="dropdown-item" href="/user/profile/"><span class="mdi mdi-account-box"></span>Profile</a></li>\n                <li><a class="dropdown-item" href="/extras/approver-dashboard/"><span class="mdi mdi-check-bold"></span>Approval Dashboard</a></li>\n                \n                <li class="dropdown-divider"></li>\n                <li><a class="dropdown-item" href="/logout/"><span class="mdi mdi-logout"></span>Log out</a></li>\n            </ul>\n        </div>\n    </div>\n\n\n                    <div class="col-12">\n                        \n    \n\n    \n\n    \n\n<nav aria-label="Breadcrumbs" class="mt-1">\n    <ol class="breadcrumb">\n        \n            \n                \n            \n        \n    </ol>\n</nav>\n\n\n                    </div>\n                </div>\n            </div>\n            \n        </header>\n        <main class="container-fluid wrapper" id="main-content" tabindex="-1">\n            \n    <div class="align-items-center d-flex gap-8 justify-content-end mb-16 d-print-none">\n        \n        \n\n        <div class="btn-group">\n            \n                <button type="button" id="actions-dropdown" class="btn btn-primary dropdown-toggle" data-bs-toggle="dropdown">\n                    Actions\n                    <span class="mdi mdi-chevron-down" aria-hidden="true"></span>\n                </button>\n            \n            <ul class="dropdown-menu dropdown-menu-end" role="menu">\n                \n                \n                \n                    \n                        \n    \n        \n        \n        <li>\n            <form action="/extras/jobs/nautobot.core.jobs.ExportObjectList/run/" method="post">\n                <input type="hidden" name="csrfmiddlewaretoken" value="GhYxvK0NpqVvc24ZOrrTHqtHCXMX1odaGpPNPaJLOCPnbVZIVV9pFgupCwUD40Vd">\n                <input type="hidden" name="content_type" value="195">\n                <input type="hidden" name="query_string" value="id=62193915-7884-474d-8fd2-d58d8238edfb">\n                <input type="hidden" name="_schedule_type" value="immediately">\n                <input type="hidden" name="export_format" value="csv">\n                <button class="dropdown-item" type="submit">\n                    <span class="mdi mdi-database-export text-secondary" aria-hidden="true"></span> Export as CSV\n                </button>\n            </form>\n        </li>\n        \n    \n\n\n                    \n                \n            </ul>\n        </div>\n        \n        \n        \n            \n            \n        \n        <div class="align-items-center d-flex gap-4">\n            \n                <button\n                    type="button"\n                    class="btn position-relative text-secondary"\n                    data-nb-toggle="drawer"\n                    data-nb-target="#SavedViews_drawer"\n                    title="Saved Views"\n                    aria-expanded="false"\n                    aria-controls="SavedViews_drawer"\n                >\n                    <span class="mdi mdi-view-compact-outline" aria-hidden="true"></span>\n                    <span class="visually-hidden">Saved Views</span>\n                    \n                </button>\n            \n            \n                <button\n                    type="button"\n                    class="btn position-relative text-secondary"\n                    data-nb-toggle="drawer"\n                    data-nb-target="#FilterForm_drawer"\n                    title="Add Filters"\n                    id="id__filterbtn"\n                    aria-controls="FilterForm_drawer"\n                    aria-expanded="false"\n                >\n                    <span class="mdi mdi-filter" aria-hidden="true"></span>\n                    <span class="visually-hidden">Add Filters</span>\n                    \n                        <span aria-hidden="true" class="nb-btn-indicator"></span>\n                    \n                </button>\n            \n        </div>\n    </div>\n\n    \n\n    <div>\n        \n            \n                \n                    \n\n\n<div class="card mb-3">\n    \n    <div class="table-responsive">\n        \n\n\n\n    <table class="table table-hover nb-table-headings">\n        \n            <thead>\n                <tr>\n                    \n                        \n                            \n                                <th class="orderable"><a href="?id=62193915-7884-474d-8fd2-d58d8238edfb&amp;sort=ospf_config" data-column-name="ospf_config">Ospf config</a></th>\n                            \n                        \n                    \n                        \n                            \n                                <th class="orderable"><a href="?id=62193915-7884-474d-8fd2-d58d8238edfb&amp;sort=interface" data-column-name="interface">Interface</a></th>\n                            \n                        \n                    \n                        \n                            \n                                <th class="orderable"><a href="?id=62193915-7884-474d-8fd2-d58d8238edfb&amp;sort=area" data-column-name="area">Area</a></th>\n                            \n                        \n                    \n                        \n                            \n                                <th class="orderable"><a href="?id=62193915-7884-474d-8fd2-d58d8238edfb&amp;sort=cost" data-column-name="cost">Cost</a></th>\n                            \n                        \n                    \n                        \n                            \n                                <th class="orderable"><a href="?id=62193915-7884-474d-8fd2-d58d8238edfb&amp;sort=status" data-column-name="status">Status</a></th>\n                            \n                        \n                    \n                        \n                            <th class="nb-actionable nb-w-0 orderable">\n                                <button\n            type="button"\n            class="btn border-0 float-end rounded-0 text-end text-secondary "\n            data-nb-toggle="drawer"\n            data-nb-target="#OSPFInterfaceConfigurationTable_config"\n            \n            title="Configure table"\n            aria-controls="OSPFInterfaceConfigurationTable_config"\n            aria-expanded="false"\n        >\n            <span class="mdi mdi-cog" aria-hidden="true"></span>\n            <span class="visually-hidden">Configure</span>\n        </button>\n                            </th>\n                        \n                    \n                    \n                </tr>\n            </thead>\n        \n        <tbody>\n            \n                <tr class="even">\n                    \n                        <td ><a href="/plugins/nautobot-igp-models/ospf-configuration/02a058cd-334d-4be7-8376-50546495dc03/">OSPF 1 on router1</a></td>\n                    \n                        <td ><a href="/dcim/interfaces/099918a0-7bcf-46f8-a377-80f3c8c6381c/">GigabitEthernet1</a></td>\n                    \n                        <td >0.0.0.0</td>\n                    \n                        <td >1</td>\n                    \n                        <td >\n    \n    \n        <span class="badge" style="color: #ffffff; background-color: #4caf50">\n            Active\n        </span>\n    \n    </td>\n                    \n                        <td class="d-print-none nb-actions nb-w-0 text-end text-nowrap">\n    <div class="dropdown">\n        <button class="btn dropdown-toggle" type="button" data-bs-toggle="dropdown" aria-expanded="false">\n            <span class="mdi mdi-dots-vertical" aria-hidden="true"></span>\n            <span class="visually-hidden">Toggle Dropdown</span>\n        </button>\n        <ul class="dropdown-menu dropdown-menu-end">\n            \n            \n            \n            \n        </ul>\n    </div>\n\n    </td>\n                    \n                    \n                </tr>\n            \n        </tbody>\n        \n    </table>\n\n\n    </div>\n    \n</div>\n\n                \n            \n            \n\n<div class="paginator align-items-center d-flex fs-5 gap-10 justify-content-end mt-16 text-secondary">\n    \n        <div>\n            Showing 1-1 of 1\n        </div>\n        <div class="vr border-start my-8"></div>\n    \n    <form class="align-items-center d-flex gap-4" method="get">\n        \n            \n                \n                    <input type="hidden" name="id" value="62193915-7884-474d-8fd2-d58d8238edfb" />\n                \n            \n        \n        <select name="per_page" id="per_page" class="form-select">\n            \n                <option value="65000" selected="selected">65000</option>\n            \n            \n                <option value="25">25</option>\n            \n                <option value="50">50</option>\n            \n                <option value="100">100</option>\n            \n                <option value="250">250</option>\n            \n                <option value="500">500</option>\n            \n                <option value="1000">1000</option>\n            \n        </select>\n        per page\n    </form>\n    \n</div>\n\n            <div class="clearfix"></div>\n        \n    </div>\n    \n        \n\n\n<div class="modal fade" tabindex="-1" id="saved_view_modal" role="dialog">\n    <div class="modal-dialog modal-lg">\n        <div class="modal-content">\n            <div class="modal-header">\n                <h4 class="modal-title">New Saved View</h4>\n                <button type="button" class="btn-close" data-bs-dismiss="modal" aria-label="Close"></button>\n            </div>\n            <form action="/extras/saved-views/add/" method="post">\n                <div class="modal-body">\n                    <input type="hidden" name="csrfmiddlewaretoken" value="GhYxvK0NpqVvc24ZOrrTHqtHCXMX1odaGpPNPaJLOCPnbVZIVV9pFgupCwUD40Vd">\n                    <div class="row">\n                        \n\n<div class="mb-10 d-md-flex justify-content-center">\n    \n        <label class="col-md-3 col-form-label nb-required" for="id_name">\n            Name\n        </label>\n        <div class="col-md-9">\n            <input type="text" name="name" maxlength="255" class="form-control" required placeholder="Name" id="id_name">\n            \n            \n                <span class="form-text">The name of this view</span>\n            \n    \n    \n</div>\n</div>\n\n                        <span class="col-lg-3 text-end text-secondary">New Changes</span>\n                        <div class="col-lg-9">\n                            <pre><code class="language-json">{\n    &quot;filter_params&quot;: {\n        &quot;id&quot;: [\n            &quot;62193915-7884-474d-8fd2-d58d8238edfb&quot;\n        ]\n    },\n    &quot;per_page&quot;: 65000,\n    &quot;sort_order&quot;: [],\n    &quot;table_config&quot;: null\n}</code></pre>\n                        </div>\n                        \n\n<div class="mb-10 d-md-flex justify-content-center">\n    \n        <div class="col-md-9 offset-md-3">\n            <div class="form-check mt-6">\n                <input type="checkbox" name="is_shared" class="form-check-input" placeholder="Is shared" id="id_is_shared">\n                <label class="form-check-label" for="id_is_shared">\n                    Is shared\n                </label>\n            </div>\n            \n            \n                <span class="form-text">If checked, all users will be able to see this saved view</span>\n            \n    \n    \n</div>\n</div>\n\n                        <input type="hidden" id="view" name="view" value="plugins:nautobot_igp_models:ospfinterfaceconfiguration_list">\n                        <input type="hidden" id="params" name="params" value="id=62193915-7884-474d-8fd2-d58d8238edfb">\n                    </div>\n                </div>\n                <div class="modal-footer">\n                    <button type="submit" class="btn btn-primary">\n                        <span aria-hidden="true" class="mdi mdi-content-save-plus-outline me-4"></span><!--\n                        -->Save\n                    </button>\n                    <button class="btn btn-secondary" data-bs-dismiss="modal" type="button">\n                        <span aria-hidden="true" class="mdi mdi-close me-4"></span><!--\n                        -->Cancel\n                    </button>\n                </div>\n            </form>\n        </div>\n    </div>\n</div>\n\n    \n    \n\n<div class="modal fade" tabindex="-1" role="dialog" id="dynamic_group_assignment_modal">\n    <div class="modal-dialog modal-lg" role="document">\n        <div class="modal-content">\n            <div class="modal-header">\n                <button type="button" class="btn-close" data-bs-dismiss="modal" aria-label="Close">\n                </button>\n                <h4 class="modal-title">Static Assignment to Dynamic Groups</h4>\n            </div>\n            <form id="dynamic_group_assignment_form" action="/extras/dynamic-groups/assign-members/?"\n                  method="post" class="form form-horizontal">\n                <div class="modal-body">\n                    <input type="hidden" name="csrfmiddlewaretoken" value="GhYxvK0NpqVvc24ZOrrTHqtHCXMX1odaGpPNPaJLOCPnbVZIVV9pFgupCwUD40Vd">\n                    <input type="hidden" name="return_url" value="/plugins/nautobot-igp-models/ospf-interface-configuration/?id=62193915-7884-474d-8fd2-d58d8238edfb">\n                    <input type="hidden" id="dynamic_group_assignment_all" name="_all">\n                    <span id="dynamic_group_assignment_pks"></span>\n                    \n                        <input type="hidden" name="content_type" value="195" class="form-control" required="required" placeholder="None" id="id_content_type">\n                    \n                        \n                    \n                    \n\n<div class="mb-10 d-md-flex justify-content-center">\n    \n        <label class="col-md-3 col-form-label" for="id_add_to_groups">\n            Add to existing group(s)\n        </label>\n        <div class="col-md-9">\n            <select name="add_to_groups" class="nautobot-select2-api" data-multiple="1" data-query-param-group_type="[&quot;static&quot;]" data-query-param-content_type="[&quot;nautobot_igp_models.ospfinterfaceconfiguration&quot;]" data-query-param-exclude_m2m="[&quot;true&quot;]" display-field="display" data-depth="0" data-url="/api/extras/dynamic-groups/" id="id_add_to_groups" multiple>\n</select>\n            \n            \n    \n    \n</div>\n</div>\n\n                    \n\n<div class="mb-10 d-md-flex justify-content-center">\n    \n        <label class="col-md-3 col-form-label" for="id_create_and_assign_to_new_group_name">\n            Create a new group\n        </label>\n        <div class="col-md-9">\n            <input type="text" name="create_and_assign_to_new_group_name" class="form-control" placeholder="Create a new group" id="id_create_and_assign_to_new_group_name">\n            \n            \n                <span class="form-text">Create a new group with this name and assign the selected objects to it.</span>\n            \n    \n    \n</div>\n</div>\n\n                    \n\n<div class="mb-10 d-md-flex justify-content-center">\n    \n        <label class="col-md-3 col-form-label" for="id_remove_from_groups">\n            Remove from group(s)\n        </label>\n        <div class="col-md-9">\n            <select name="remove_from_groups" class="nautobot-select2-api" data-multiple="1" data-query-param-group_type="[&quot;static&quot;]" data-query-param-content_type="[&quot;nautobot_igp_models.ospfinterfaceconfiguration&quot;]" data-query-param-exclude_m2m="[&quot;true&quot;]" display-field="display" data-depth="0" data-url="/api/extras/dynamic-groups/" id="id_remove_from_groups" multiple>\n</select>\n            \n            \n    \n    \n</div>\n</div>\n\n                </div>\n                <div class="modal-footer">\n                    <button type="submit" class="btn btn-primary">\n                        <span class="mdi mdi-group" aria-hidden="true"></span> Apply\n                    </button>\n                    <button type="button" class="btn btn-secondary" id="dynamic_group_assignment_cancel">\n                        <span class="mdi mdi-close-thick" aria-hidden="true"></span> Cancel\n                    </button>\n                </div>\n            </form>\n        </div>\n    </div>\n</div>\n\n\n        </main>\n        \n            \n        \n        \n\n\n\n' : 


        <div id="drawer">
            
    



<section class="nb-drawer" tabindex="-1" id="FilterForm_drawer">
    <div class="nb-drawer-header">
        <h1>Filters</h1>
        <button type="button" class="btn-close" data-nb-dismiss="drawer" aria-label="Close"></button>
    </div>
    <div class="nb-drawer-body">
        <ul id="filter-tabs" class="nav nav-tabs">
            
                <li role="presentation" class="nav-item">
                    <a class="nav-link active"  href="#default-filter" role="tab" data-bs-toggle="tab">
                        Basic
                    </a>
                </li>
            
            
                <li role="presentation" class="nav-item">
                    <a class="nav-link position-relative" href="#advanced-filter" role="tab" data-bs-toggle="tab">
                        Advanced
                        
    <span
        aria-hidden="true"
        class="end-0 me-2 mt-2 top-0 nb-btn-indicator"
        data-bs-toggle="tooltip"
        data-bs-title="Some of the applied filters can only be viewed in Advanced"
    ></span>


                    </a>
                </li>
            
        </ul>
        <div class="tab-content h-100">
            
                <div id="default-filter" role="tabpanel" class="tab-pane fade show active h-100 p-20">
                    

<form class="h-100 vstack">
    <div class="align-content-start flex-fill pb-20">
        
        
            
                <div class="nb-form-group">
                    
                        <label for="id_ospf_config">OSPF Configuration</label>
                        <select name="ospf_config" class="nautobot-select2-api form-control" data-query-param-exclude_m2m="[&quot;true&quot;]" display-field="display" data-depth="0" placeholder="OSPF Configuration" data-url="/api/plugins/nautobot-igp-models/ospf-configurations/" id="id_ospf_config">
  <option value=""
         selected
        >---------</option>

</select>
                    
                </div>
            
        
            
                <div class="nb-form-group">
                    
                        <label for="id_interface">Interface</label>
                        <select name="interface" class="nautobot-select2-api form-control" data-query-param-device_id="[&quot;$ospf_config__instance__device&quot;]" data-query-param-exclude_m2m="[&quot;true&quot;]" display-field="display" data-depth="0" placeholder="Interface" data-url="/api/dcim/interfaces/" id="id_interface">
  <option value=""
         selected
        >---------</option>

</select>
                    
                </div>
            
        
            
                <div class="nb-form-group">
                    
                        <label for="id_area">Area</label>
                        <input type="text" name="area" class="form-control" placeholder="Area" id="id_area">
                    
                </div>
            
        
            
                <div class="nb-form-group">
                    
                        <label for="id_cost">Cost</label>
                        <input type="number" name="cost" class="form-control" placeholder="Cost" id="id_cost">
                    
                </div>
            
        
            
                <div class="nb-form-group">
                    
                        <label for="id_contacts">Contacts</label>
                        <select name="contacts" class="nautobot-select2-api form-control" data-multiple="1" data-query-param-exclude_m2m="[&quot;true&quot;]" display-field="display" value-field="name" data-depth="0" placeholder="None" data-url="/api/extras/contacts/" id="id_contacts" multiple>
</select>
                    
                </div>
            
        
            
                <div class="nb-form-group">
                    
                        <label for="id_teams">Teams</label>
                        <select name="teams" class="nautobot-select2-api form-control" data-multiple="1" data-query-param-exclude_m2m="[&quot;true&quot;]" display-field="display" value-field="name" data-depth="0" placeholder="None" data-url="/api/extras/teams/" id="id_teams" multiple>
</select>
                    
                </div>
            
        
    </div>
    <div class="justify-content-between mb-n20 nb-form-sticky-footer">
        <button type="submit" class="btn btn-primary">
            <span class="mdi mdi-check me-4" aria-hidden="true"></span><!--
            -->Apply Specified
        </button>
        <button type="reset" class="btn btn-secondary">
            <span aria-hidden="true" class="mdi mdi-close me-4"></span><!--
            -->Clear All
        </button>
    </div>
</form>

                </div>
            
            
                <div id="advanced-filter" role="tabpanel" class="tab-pane fade h-100 p-20">
                    <form class="h-100 vstack" id="dynamic-filter-form">
                        <div class="align-content-start flex-fill pb-20">
                            <input type="hidden" name="form-TOTAL_FORMS" value="1" id="id_form-TOTAL_FORMS"><input type="hidden" name="form-INITIAL_FORMS" value="0" id="id_form-INITIAL_FORMS"><input type="hidden" name="form-MIN_NUM_FORMS" value="0" id="id_form-MIN_NUM_FORMS"><input type="hidden" name="form-MAX_NUM_FORMS" value="1000" id="id_form-MAX_NUM_FORMS">
                            
                                <div class="nb-form-group">
                                    <label for="id_form-0-lookup_field">Field</label>
                                    <select name="form-0-lookup_field" class="nautobot-select2-static lookup_field-select" placeholder="Field" id="id_form-0-lookup_field">
  <option value="" selected>---------</option>

  <option value="contacts">Contacts (name or ID)</option>

  <option value="cost">Cost</option>

  <option value="created">Created</option>

  <option value="dynamic_groups">Dynamic groups (name or ID)</option>

  <option value="id">Id</option>

  <option value="interface">Interface</option>

  <option value="last_updated">Last updated</option>

  <option value="area">OSPF Area</option>

  <option value="ospf_config_name">OSPF Configuration</option>

  <option value="status">Status (ID)</option>

  <option value="teams">Teams (name or ID)</option>

</select>
                                </div>
                            
                                <div class="nb-form-group">
                                    <label for="id_form-0-lookup_type">Lookup type</label>
                                    <select name="form-0-lookup_type" class="nautobot-select2-api lookup_type-select" placeholder="None" data-query-param-field_name="[&quot;$lookup_field&quot;]" data-contenttype="nautobot_igp_models.ospfinterfaceconfiguration" data-url="/api/core/filterset-fields/lookup-choices/" id="id_form-0-lookup_type">
</select>
                                </div>
                            
                                <div class="nb-form-group">
                                    <label for="id_form-0-lookup_value">Value</label>
                                    <input type="text" name="form-0-lookup_value" class="form-control lookup_value-input form-control" placeholder="Value" id="id_form-0-lookup_value">
                                </div>
                            
                            <button class="nb-dynamic-filter-add btn btn-primary d-block ms-auto my-20" type="button">
                                <span aria-hidden="true" class="mdi mdi-plus me-4"></span><!--
                                -->Add Filter
                            </button>
                            <hr class="border-top my-20">
                            <div class="nb-dynamic-filter-items d-flex flex-wrap gap-10">
                                
                                    
                                        <span class="badge nb-multi-badge" data-nb-field="id">
                                            <button class="nb-dynamic-filter-remove" type="button">
                                                <span aria-hidden="true" class="mdi mdi-close"></span>
                                                <span class="visually-hidden">Remove All</span>
                                            </button>
                                            Id:
                                            <span class="nb-multi-badge-items">
                                                
                                                    <span class="badge" data-nb-value="62193915-7884-474d-8fd2-d58d8238edfb"><!--
                                                        --><button class="nb-dynamic-filter-remove" type="button">
                                                        <span aria-hidden="true" class="mdi mdi-close"></span>
                                                        <span class="visually-hidden">Remove</span>
                                                    </button><!--
                                                        -->62193915-7884-474d-8fd2-d58d8238edfb<!--
                                                        --><input name="id" type="hidden" value="62193915-7884-474d-8fd2-d58d8238edfb">
                                                    </span>
                                                
                                            </span>
                                        </span>
                                    
                                
                            </div>
                        </div>

                        <div class="d-print-none justify-content-between mb-n20 nb-form-sticky-footer">
                            <button type="submit" class="btn btn-primary">
                                <span class="mdi mdi-check me-4" aria-hidden="true"></span><!--
                                -->Apply Specified
                            </button>
                            <button type="reset" class="btn btn-secondary">
                                <span aria-hidden="true" class="mdi mdi-close me-4"></span><!--
                                -->Clear All
                            </button>
                        </div>
                    </form>
                </div>
            
        </div>
    </div>
</section>


    <script>
        (() => {
            document.addEventListener('DOMContentLoaded', () => {
                const NON_FILTER_PARAMS = [
                    'all_filters_removed',
                    'clear_view',
                    'per_page',
                    'saved_view',
                    'sort',
                    'table_changes_pending',
                ];

                /**
                 * Insert given `element` as `parent`'s first child.
                 * @param {HTMLElement} element - Element to be inserted.
                 * @param {HTMLElement} parent - Parent container for given `element`.
                 * @returns {void} Do not return any value, modify DOM in-place.
                 */
                const insertFirst = (element, parent) => {
                    parent.hasChildNodes() ? parent.insertBefore(element, parent.firstElementChild) : parent.appendChild(element);
                };

                /**
                 * Get HTML elements for default and dynamic filter forms.
                 * @returns {object} Object with `defaultFilterForm` and `dynamicFilterForm` HTML elements or `null`,
                 *   depending on their actual existence in the DOM.
                 */
                const getFilterForms = () => ({
                    defaultFilterForm: document.querySelector('#default-filter form'),
                    dynamicFilterForm: document.querySelector('#dynamic-filter-form'),
                });

                const prepopulateFilterSelectsFromURL = (() => {
                    const { defaultFilterForm } = getFilterForms();
                    const urlParams = new URLSearchParams(window.location.search);
                    // Only target Select2 controls inside the default filter form.
                    [...defaultFilterForm.querySelectorAll('select.nautobot-select2-multi-value-char')].forEach((el) => {
                        const name = el.getAttribute('name');
                        if (!name) { return; }
                        const values = urlParams.getAll(name);
                        if (!values.length) { return; }
                        values.forEach((val) => {
                            let found = Array.prototype.find.call(el.options, (opt) => {
                                return String(opt.value) === String(val);
                            });
                            if (found) {
                                found.selected = true;
                            } else {
                                el.add(new Option(val, val, true, true));
                            }
                        });
                        if (window.jQuery && $(el).data('select2')) {
                            $(el).trigger('change');
                        }
                    });
                })();

                /**
                 * Synchronize given `filter` value from default to dynamic filter form.
                 * @param {string} name - Filter name.
                 * @returns {void} Do not return any value, just set given field values.
                 */
                const syncDefaultToDynamic = (name) => {
                    const { defaultFilterForm } = getFilterForms();

                    const field = defaultFilterForm.querySelector(`[name="${name}"]`);
                    const text = field?.closest('.nb-form-group')?.querySelector('label')?.innerText?.trim();
                    /*
                     * `manageDynamicFilter` takes an array of `{ text: string, value: string }` objects as `value`, so
                     * regardless of field being a textbox, a single or multiple choice combobox, conversion is required:
                     *   1. For combobox (i.e. `<select>`), iterate over selected options and map them to display `text`
                     *     and underlying `value`.
                     *   2. For textbox (i.e. `<input>` or `<textarea>`):
                     *     1. Use entered value as both display `text` and underlying `value`.
                     *     2. If field is empty, use an empty array.
                     */
                    const value =
                        field?.tagName === 'SELECT'
                        ? [...field.selectedOptions].map((option) => ({ text: option.innerText, value: option.value }))
                        : [...(field?.value ? [{ text: field.value, value: field.value }] : [])];

                    manageDynamicFilter({ action: 'set', name, text, value });
                };

                /**
                 * Synchronize given `filter` value from dynamic to default filter form.
                 * @param {string} name - Filter name.
                 * @returns {void} Do not return any value, just set given field values.
                 */
                const syncDynamicToDefault = (name) => {
                    const { defaultFilterForm, dynamicFilterForm } = getFilterForms();

                    const current = [...dynamicFilterForm.querySelectorAll(`input[name="${name}"][type="hidden"]`)].map(
                        (input) => ({
                            text: [...(input.parentElement?.childNodes ?? [])].find((node) => node.nodeName === '#text')?.wholeText,
                            value: input.getAttribute('value'),
                        }),
                    );

                    const sync = defaultFilterForm?.querySelector(`[name=${name}]`);

                    if (sync?.tagName === 'INPUT' || sync?.tagName === 'TEXTAREA') {
                        sync.value = current.length > 0 ? current[0].value : '';
                    } else if (sync?.tagName === 'SELECT') {
                        window.nb.select2.setSelect2Value(sync, current);
                    }
                };

                /**
                 * Manage dynamic filter either by adding values to the existing selection or by setting passed values
                 * regardless of previous selection.
                 * @param {'add'|'set'} action - Use `'add'` to add given value to the existing selection; use `'set'`
                 *   to set given value regardless of what was set previously.
                 * @param {string} name - Filter field name.
                 * @param {string} text - Filter display text.
                 * @param {object[]} value - Array of objects containing `text` and `value` key-value pairs.
                 */
                const manageDynamicFilter = ({ action, name, text, value }) => {
                    const { dynamicFilterForm } = getFilterForms();
                    const items = dynamicFilterForm.querySelector('.nb-dynamic-filter-items');

                    const group = (() => {
                        const existing = items.querySelector(`.nb-multi-badge[data-nb-field="${name}"]`);
                        if (existing) {
                            return existing;
                        }

                        const group = document.createElement('span');
                        group.classList.toggle('badge', true);
                        group.classList.toggle('nb-multi-badge', true);
                        group.setAttribute('data-nb-field', name);

                        const button = document.createElement('button');
                        button.classList.toggle('nb-dynamic-filter-remove', true);
                        button.setAttribute('type', 'button');

                        const close = document.createElement('span');
                        close.classList.toggle('mdi', true);
                        close.classList.toggle('mdi-close', true);
                        close.setAttribute('aria-hidden', 'true');

                        const remove = document.createElement('span');
                        remove.classList.toggle('visually-hidden', true);
                        remove.innerText = 'Remove All';

                        const children = document.createElement('span');
                        children.classList.toggle('nb-multi-badge-items', true);

                        button.appendChild(close);
                        button.appendChild(remove);
                        group.appendChild(button);
                        group.insertAdjacentText('beforeend', `${text}:`);
                        group.appendChild(children);

                        return group;
                    })();

                    const children = group.querySelector('.nb-multi-badge-items');
                    const existing = [...children.querySelectorAll('.badge[data-nb-value]')];

                    /*
                     * Depending on `action` remove the following badges:
                     *   1. For `'add'`, remove already existing filters with the same key-value pairs and re-create them later.
                     *   2. For `'set'`, remove all existing filters of given key and apply only these passed as `values`.
                     */
                    const badgesToRemove =
                        action === 'add'
                        ? existing.filter((badge) => value.some((item) => badge.getAttribute('data-nb-value') === item.value))
                        : existing;
                    badgesToRemove.forEach((item) => children.removeChild(item));

                    value.forEach(({ text, value }) => {
                        const badge = document.createElement('span');
                        badge.classList.toggle('badge', true);
                        badge.setAttribute('data-nb-value', value);

                        const input = document.createElement('input');
                        input.setAttribute('name', name);
                        input.setAttribute('type', 'hidden');
                        input.setAttribute('value', value);

                        const button = document.createElement('button');
                        button.classList.toggle('nb-dynamic-filter-remove', true);
                        button.setAttribute('type', 'button');

                        const close = document.createElement('span');
                        close.classList.toggle('mdi', true);
                        close.classList.toggle('mdi-close', true);
                        close.setAttribute('aria-hidden', 'true');

                        const remove = document.createElement('span');
                        remove.classList.toggle('visually-hidden', true);
                        remove.innerText = 'Remove';

                        button.appendChild(close);
                        button.appendChild(remove);
                        badge.appendChild(button);
                        badge.insertAdjacentText('beforeend', text);
                        badge.appendChild(input);

                        insertFirst(badge, children);
                    });

                    // If group already exists, remove it and later insert as the first child.
                    if (items.contains(group)) {
                        items.removeChild(group);
                    }

                    if (children.hasChildNodes()) {
                        insertFirst(group, items);
                    }
                };

                document.addEventListener('click', (event) => {
                    const { defaultFilterForm, dynamicFilterForm } = getFilterForms();

                    const add = event.target.closest('button.nb-dynamic-filter-add');
                    if (add) {
                        const field = dynamicFilterForm.querySelector('[name$="lookup_field"]');
                        const type = dynamicFilterForm.querySelector('[name$="lookup_type"]');
                        const value = [...dynamicFilterForm.querySelectorAll('.nb-form-group')]
                            .pop()
                        ?.querySelector('input, select, textarea');

                        const isMissing = (control) =>
                        control?.selectedOptions ? control.selectedOptions.length === 0 : !control?.value;
                        if (isMissing(field) || isMissing(type) || isMissing(value)) {
                            // Return early if selected filter is not complete (i.e. is missing lookup field, type or value).
                            return;
                        }

                        const name = type.selectedOptions[0].value;
                        const label = field.selectedOptions[0].innerText.trim();
                        const suffix = type.selectedOptions[0].innerText.trim();
                        const text = /\(\w+\)/.test(suffix) ? `${label} ${suffix}` : label;
                        const values =
                            value?.getAttribute('multiple') !== null
                            ? [...value.selectedOptions].map((option) => ({ text: option.innerText.trim(), value: option.value }))
                            : [{ text: value?.value, value: value?.value }];

                        // If field exists in default filter form and is a single value input, use `'set'` action.
                        const action =
                            defaultFilterForm.querySelector(`[name="${name}"]`) &&
                        (value.tagName === 'INPUT' || value.tagName === 'TEXTAREA')
                            ? 'set'
                            : 'add';
                        manageDynamicFilter({ action, name, text, value: values });

                        syncDynamicToDefault(name);
                    }

                    const remove = event.target.closest('button.nb-dynamic-filter-remove');
                    if (remove) {
                        const badge = remove.closest('.badge');
                        /*
                         * Remove the group badge (i.e. multi-badge) when given badge is the group badge itself, or it is the only
                         * one left in the group (i.e. has no siblings) because removing it will leave the group badge empty anyway.
                         */
                        const shouldRemoveGroup =
                            badge?.classList.contains('nb-multi-badge') ||
                        (!badge?.previousElementSibling && !badge?.nextElementSibling);
                        shouldRemoveGroup ? badge?.closest('.nb-multi-badge')?.remove() : badge?.remove();

                        syncDynamicToDefault(badge?.querySelector('input[type="hidden"]')?.getAttribute('name'));
                    }
                });

                // Need to wrap `document` with jQuery to be able to listen to Select2 `change` event.
                $(document).on('change', (event) => {
                    const { defaultFilterForm } = getFilterForms();
                    const isDefaultFilterFormField = event.target.form === defaultFilterForm;
                    if (isDefaultFilterFormField) {
                        syncDefaultToDynamic(event.target.name);
                    }
                });

                // Need to wrap `document` with jQuery to be able to listen to Select2 `change` event.
                $(document).on('change', async (event) => {
                    const isLookupType = event.target.getAttribute('name')?.endsWith('lookup_type');
                    if (isLookupType) {
                        const content_type = event.target.getAttribute('data-contenttype');
                        const field_name = event.target.value;
                        const value = [...event.target.form.querySelectorAll('.nb-form-group')]
                            .pop()
                        ?.querySelector('input, select, textarea');

                        if (field_name) {
                            const replacement = await (async () => {
                                try {
                                    const response = await window.fetch(
                                        `/api/ui/core/filterset-fields/lookup-value-dom-element/?${new URLSearchParams({ content_type, field_name })}`,
                                        { method: 'GET', headers: { Accept: '*/*' } },
                                    );

                                    const html = await response.json();

                                    const element = document.createElement('div');
                                    element.innerHTML = html;

                                    return element.firstElementChild;
                                } catch (exception) {
                                    // Default to `<input type="text" ...>` field if error occurs.
                                    const input = document.createElement('input');
                                    input.classList.toggle('lookup_value-input', true);
                                    input.classList.toggle('form-control', true);
                                    input.setAttribute('id', `id_for_${field_name}`);
                                    input.setAttribute('name', field_name);
                                    input.setAttribute('type', 'text');
                                    return input;
                                }
                            })();

                            value.replaceWith(replacement);
                            replacement.nextElementSibling?.remove(); // Remove Select2 widget if present.
                            replacement.previousElementSibling?.setAttribute('for', replacement.getAttribute('id')); // Set label `for` attribute to match field `id`.
                            initializeInputs(replacement.parentElement);
                        }
                    }
                });

                // Need to wrap `document` with jQuery to be able to listen to Select2 `change` event.
                $(document).on('change', (event) => {
                    const isLookupField = event.target.getAttribute('name')?.endsWith('lookup_field');
                    const isLookupType = event.target.getAttribute('name')?.endsWith('lookup_type');

                    if (isLookupField) {
                        const type = event.target.form.querySelector('[name$="lookup_type"]');
                        $(type).val(null).trigger('change');
                    }

                    if (isLookupField || isLookupType) {
                        const value = [...event.target.form.querySelectorAll('.nb-form-group')]
                            .pop()
                        ?.querySelector('input, select, textarea');

                        if (value.tagName === 'SELECT') {
                            $(value).val(null).trigger('change');
                        } else {
                            value.value = '';
                        }
                    }
                });

                const isFilterForm = (target) => Boolean(target?.closest('#FilterForm_drawer'));

                document.addEventListener('reset', (event) => {
                    if (isFilterForm(event.target)) {
                        event.preventDefault();

                        // Remove all filter query params from location search while keeping non-filter params intact.
                        const searchParams = new URLSearchParams(window.location.search);
                        const nextSearchParams = new URLSearchParams([
                            ...[...searchParams].filter(
                                ([property]) => NON_FILTER_PARAMS.includes(property) && property !== 'all_filters_removed',
                            ),
                            ['all_filters_removed', 'true'],
                        ]);

                        location.assign(`?${nextSearchParams}`);
                    }
                });

                document.addEventListener('submit', (event) => {
                    if (isFilterForm(event.target)) {
                        event.preventDefault();

                        const { defaultFilterForm, dynamicFilterForm } = getFilterForms();

                        /*
                         * Just before the form submission automatically add filter selected in "Advanced" tab (if any)
                         * which hasn't been manually applied for whatever reason (usually forgetfulness, speed, etc.).
                         * This is a requested UX flavor.
                         */
                        const add = dynamicFilterForm.querySelector('button.nb-dynamic-filter-add');
                        add.click();

                        // Remove all field names which are not applied filters container descendants.
                        [...dynamicFilterForm.querySelectorAll('input, select, textarea')].forEach((field) =>
                            field.closest('.nb-dynamic-filter-items') ? undefined : field.removeAttribute('name'),
                        );

                        /*
                         * Get the serialized data from the forms and:
                         *   1) Filter out query params which values are empty e.g `?sam=&dan=2` becomes `dan=2`.
                         *   2) Combine the two forms into a single set of data without duplicate entries.
                         */
                        const defaultFilterFormSearchParams = new URLSearchParams(new FormData(defaultFilterForm));
                        const dynamicFilterFormSearchParams = new URLSearchParams(new FormData(dynamicFilterForm));
                        const searchParams = new URLSearchParams(window.location.search);

                        const nextSearchParams = new URLSearchParams([
                            ...[...defaultFilterFormSearchParams].filter(([, value]) => value !== ''),
                            ...[...dynamicFilterFormSearchParams].filter(
                                ([property, value]) => value !== '' && !defaultFilterFormSearchParams.has(property, value),
                            ),
                            ...[...searchParams].filter(
                                ([property]) => NON_FILTER_PARAMS.includes(property) && property !== 'all_filters_removed',
                            ),
                        ]);

                        if (nextSearchParams.has('saved_view')) {
                            const all_filters_removed = [...nextSearchParams].every(([property]) =>
                                NON_FILTER_PARAMS.includes(property),
                            );

                            if (all_filters_removed) {
                                nextSearchParams.set('all_filters_removed', 'true');
                            }
                        }

                        location.assign(`?${nextSearchParams}`);
                    }
                });

                const onSubmitOrReset = (event) => (isFilterForm(event.target) ? window.nb?.history?.saveState() : undefined);
                document.addEventListener('reset', onSubmitOrReset);
                document.addEventListener('submit', onSubmitOrReset);
            });
        })();
    </script>


    
        


<section class="nb-drawer" tabindex="-1" id="OSPFInterfaceConfigurationTable_config">
    <div class="nb-drawer-header">
        <h1>Table Configuration</h1>
        <button type="button" class="btn-close" data-nb-dismiss="drawer" aria-label="Close"></button>
    </div>
    <div class="nb-drawer-body">
        <form class="userconfigform h-100 pb-20 px-20 vstack" data-config-root="tables.OSPFInterfaceConfigurationTable">
            <div class="row align-content-start flex-fill">
                <div class="col-12">
                    <div class="alert alert-warning">
                        Column choices may negatively affect loading times.
                        <a href="/static/docs/user-guide/platform-functionality/user-interface/configurablecolumns.html" class="btn btn-link btn-sm" target="_blank" rel="noopener">
                            <span class="mdi mdi-information"></span>
                        </a>
                    </div>
                </div>
                <div class="col-12">
                    
                        <select name="columns" size="20" class="form-control" placeholder="None" id="id_columns" multiple>
  <option value="ospf_config" selected>Ospf config</option>

  <option value="interface" selected>Interface</option>

  <option value="area" selected>Area</option>

  <option value="cost" selected>Cost</option>

  <option value="status" selected>Status</option>

  <option value="dynamic_group_count">Dynamic Groups</option>

</select>
                        <span class="form-text mt-8">Use the buttons below to arrange columns in the desired order, then select all columns to display.</span>
                        <div class="hstack gap-4 mt-8 mx-n4">
                            
                            <button type="button" class="btn btn-primary btn-sm" id="move-option-up" data-target="id_columns"><span class="mdi mdi-arrow-up-bold me-4"></span>Move up</button>
                            <button type="button" class="btn btn-primary btn-sm" id="move-option-down" data-target="id_columns"><span class="mdi mdi-arrow-down-bold me-4"></span>Move down</button>
                            <button type="button" class="btn btn-success btn-sm" id="select-all-options" data-target="id_columns"><span class="mdi mdi-expand-all-outline me-4"></span>Select all</button>
                            
                        </div>
                    
                </div>
            </div>
            <div class="nb-form-sticky-footer">
                <input type="submit" class="btn btn-primary" value="Save">
                <input type="submit" class="btn btn-danger reset" value="Reset">
            </div>
        </form>
    </div>
</section>


    <script>
        (() => {
            document.addEventListener('DOMContentLoaded', () => {
                document.addEventListener('submit', (event) => {
                    if (event.target.closest('#OSPFInterfaceConfigurationTable_config')) {
                        // Keep the drawer open after page reload caused by form submission.
                        window.nb.history.saveState();
                    }
                });
            });
        })();
    </script>


    
    <section class="nb-drawer" tabindex="-1" id="SavedViews_drawer">
        <div class="nb-drawer-header">
            <h1>Saved Views</h1>
            <button type="button" class="btn-close" data-nb-dismiss="drawer" aria-label="Close"></button>
        </div>
        <div class="nb-drawer-body pb-20 px-20">
            <div class="align-items-start vstack flex-grow-0 gap-10">
                
            </div>
            
            <div class="align-items-start vstack gap-10">
                Actions:
                
                <a class="btn btn-secondary" href="" data-bs-toggle="modal" data-bs-target="#saved_view_modal">
                    <span class="mdi mdi-content-save-plus-outline me-4" aria-hidden="true"></span>Save As New
                </a>
                
            </div>
        </div>
    </section>

        </div>
        <header id="header">
            <div class="banner-alert-area">
                



    
        <div class="alert alert-info text-center" role="alert">
            <p>Local</p>
        </div>
    






                

            </div>
            <div class="container-fluid mb-12 mt-16">
                <div class="row">
                    <div id="page-title" class="col-4">
                        
                            


<h1 class="d-flex fs-2 gap-8 lh-sm py-6">
    <img
        alt="Nautobot chevron"
        class="align-self-start flex-grow-0 flex-shrink-0 my-n4"
        role="presentation"
        src="/static/img/nautobot_chevron.svg"
        style="width: 1.5rem;"
    />
    
        OSPF Interface Configurations
    
</h1>

                        
                    </div>
                    



    
        <form action="/search/" class="col-4 text-center" id="header_search" method="get" role="search">
            <label class="position-relative w-100">
                <input
                    aria-placeholder="Press Ctrl+K to search"
                    class="form-control nb-text-transparent"
                    name="q"
                    type="search"
                    value=""
                />
                <span class="align-items-center d-inline-flex gap-6 overflow-hidden px-12 py-6 pe-none position-absolute start-0 top-0 user-select-none w-100">
                    <span aria-hidden="true" class="mdi mdi-magnify text-secondary d-inline-flex"></span>
                    
                        
                            
                                
                                    
                                
                                    
                                
                                    
                                
                                    
                                
                                    
                                
                            
                                
                                    
                                
                                    
                                
                                    
                                
                            
                                
                                    
                                
                                    
                                
                                    
                                
                            
                                
                                    
                                
                                    
                                
                                    
                                
                            
                                
                                    
                                
                                    
                                
                            
                                
                                    
                                
                                    
                                
                                    
                                
                                    
                                
                            
                                
                                    
                                
                                    
                                
                                    
                                
                                    
                                
                                    
                                
                                    
                                
                                    
                                
                                    
                                
                                    
                                
                                    
                                
                            
                        
                            
                                
                                    
                                
                            
                                
                                    
                                
                            
                                
                                    
                                
                            
                                
                                    
                                
                                    
                                
                                    
                                
                            
                                
                                    
                                
                                    
                                
                            
                                
                                    
                                
                            
                        
                            
                                
                                    
                                
                                    
                                
                            
                                
                                    
                                
                                    
                                
                                    
                                
                                    
                                
                            
                                
                                    
                                
                                    
                                
                            
                                
                                    
                                
                                    
                                
                            
                                
                                    
                                
                            
                                
                                    
                                
                                    
                                
                                    
                                
                            
                        
                            
                                
                                    
                                
                                    
                                
                                    
                                
                                    
                                
                                    
                                        <span class="badge border" data-nb-link="/plugins/nautobot-igp-models/ospf-interface-configuration/"><!--
                                            -->in: OSPF Interface Configuration<!--
                                            --><button tabindex="-1" type="button">
                                            <span aria-hidden="true" class="mdi mdi-close"></span>
                                            <span class="visually-hidden">Remove</span>
                                        </button>
                                        </span>
                                    
                                
                            
                        
                            
                                
                                    
                                
                                    
                                
                                    
                                
                            
                                
                                    
                                
                                    
                                
                            
                        
                            
                                
                                    
                                
                                    
                                
                                    
                                
                            
                                
                                    
                                
                                    
                                
                                    
                                
                            
                        
                            
                                
                                    
                                
                                    
                                
                            
                        
                            
                                
                                    
                                
                                    
                                
                                    
                                
                                    
                                
                                    
                                
                            
                        
                            
                                
                                    
                                
                                    
                                
                            
                        
                            
                                
                                    
                                
                                    
                                
                                    
                                
                                    
                                
                                    
                                
                            
                        
                            
                                
                                    
                                
                                    
                                
                            
                                
                                    
                                
                                    
                                
                                    
                                
                            
                        
                            
                                
                                    
                                
                                    
                                
                                    
                                
                                    
                                
                            
                        
                            
                                
                                    
                                
                                    
                                
                            
                        
                            
                                
                                    
                                
                            
                                
                                    
                                
                            
                                
                                    
                                
                                    
                                
                                    
                                
                                    
                                
                                    
                                
                                    
                                
                            
                                
                                    
                                
                            
                                
                                    
                                
                                    
                                
                            
                                
                                    
                                
                                    
                                
                                    
                                
                                    
                                
                                    
                                
                            
                                
                                    
                                
                                    
                                
                                    
                                
                                    
                                
                            
                                
                                    
                                
                                    
                                
                            
                        
                            
                                
                                    
                                
                                    
                                
                                    
                                
                                    
                                
                                    
                                
                                    
                                
                            
                        
                            
                                
                                    
                                
                                    
                                
                            
                        
                    
                    <span
                        aria-hidden="true"
                        class="align-items-center d-inline-flex gap-4 text-nowrap text-secondary"
                    >
                        
                            Press <kbd class="mt-n1">Ctrl+K</kbd> to search
                        
                    </span>
                    <a class="align-items-center d-inline-flex ms-auto pe-auto"
                       href="/static/docs/user-guide/platform-functionality/user-interface/search.html"
                       target="_blank"
                       rel="noopener"
                    >
                        <span aria-hidden="true" class="mdi mdi-help-circle-outline text-secondary"></span>
                    </a>
                </span>
            </label>
        </form>
    

    <div class="col-4 text-end">
        <div class="dropdown">
            <button class="btn dropdown-toggle align-items-center d-inline-flex gap-6" type="button" data-bs-toggle="dropdown" aria-expanded="false">
                <span aria-hidden="true" class="mdi mdi-account text-secondary"></span>
                nautobotuser
            </button>
            <ul class="dropdown-menu dropdown-menu-end">
                <li><a class="dropdown-item" href="/about/"><span class="mdi mdi-information"></span>About Nautobot</a></li>
                <li><a class="dropdown-item" href="/user/profile/"><span class="mdi mdi-account-box"></span>Profile</a></li>
                <li><a class="dropdown-item" href="/extras/approver-dashboard/"><span class="mdi mdi-check-bold"></span>Approval Dashboard</a></li>
                
                <li class="dropdown-divider"></li>
                <li><a class="dropdown-item" href="/logout/"><span class="mdi mdi-logout"></span>Log out</a></li>
            </ul>
        </div>
    </div>


                    <div class="col-12">
                        
    

    

    

<nav aria-label="Breadcrumbs" class="mt-1">
    <ol class="breadcrumb">
        
            
                
            
        
    </ol>
</nav>


                    </div>
                </div>
            </div>
            
        </header>
        <main class="container-fluid wrapper" id="main-content" tabindex="-1">
            
    <div class="align-items-center d-flex gap-8 justify-content-end mb-16 d-print-none">
        
        

        <div class="btn-group">
            
                <button type="button" id="actions-dropdown" class="btn btn-primary dropdown-toggle" data-bs-toggle="dropdown">
                    Actions
                    <span class="mdi mdi-chevron-down" aria-hidden="true"></span>
                </button>
            
            <ul class="dropdown-menu dropdown-menu-end" role="menu">
                
                
                
                    
                        
    
        
        
        <li>
            <form action="/extras/jobs/nautobot.core.jobs.ExportObjectList/run/" method="post">
                <input type="hidden" name="csrfmiddlewaretoken" value="GhYxvK0NpqVvc24ZOrrTHqtHCXMX1odaGpPNPaJLOCPnbVZIVV9pFgupCwUD40Vd">
                <input type="hidden" name="content_type" value="195">
                <input type="hidden" name="query_string" value="id=62193915-7884-474d-8fd2-d58d8238edfb">
                <input type="hidden" name="_schedule_type" value="immediately">
                <input type="hidden" name="export_format" value="csv">
                <button class="dropdown-item" type="submit">
                    <span class="mdi mdi-database-export text-secondary" aria-hidden="true"></span> Export as CSV
                </button>
            </form>
        </li>
        
    


                    
                
            </ul>
        </div>
        
        
        
            
            
        
        <div class="align-items-center d-flex gap-4">
            
                <button
                    type="button"
                    class="btn position-relative text-secondary"
                    data-nb-toggle="drawer"
                    data-nb-target="#SavedViews_drawer"
                    title="Saved Views"
                    aria-expanded="false"
                    aria-controls="SavedViews_drawer"
                >
                    <span class="mdi mdi-view-compact-outline" aria-hidden="true"></span>
                    <span class="visually-hidden">Saved Views</span>
                    
                </button>
            
            
                <button
                    type="button"
                    class="btn position-relative text-secondary"
                    data-nb-toggle="drawer"
                    data-nb-target="#FilterForm_drawer"
                    title="Add Filters"
                    id="id__filterbtn"
                    aria-controls="FilterForm_drawer"
                    aria-expanded="false"
                >
                    <span class="mdi mdi-filter" aria-hidden="true"></span>
                    <span class="visually-hidden">Add Filters</span>
                    
                        <span aria-hidden="true" class="nb-btn-indicator"></span>
                    
                </button>
            
        </div>
    </div>

    

    <div>
        
            
                
                    


<div class="card mb-3">
    
    <div class="table-responsive">
        



    <table class="table table-hover nb-table-headings">
        
            <thead>
                <tr>
                    
                        
                            
                                <th class="orderable"><a href="?id=62193915-7884-474d-8fd2-d58d8238edfb&amp;sort=ospf_config" data-column-name="ospf_config">Ospf config</a></th>
                            
                        
                    
                        
                            
                                <th class="orderable"><a href="?id=62193915-7884-474d-8fd2-d58d8238edfb&amp;sort=interface" data-column-name="interface">Interface</a></th>
                            
                        
                    
                        
                            
                                <th class="orderable"><a href="?id=62193915-7884-474d-8fd2-d58d8238edfb&amp;sort=area" data-column-name="area">Area</a></th>
                            
                        
                    
                        
                            
                                <th class="orderable"><a href="?id=62193915-7884-474d-8fd2-d58d8238edfb&amp;sort=cost" data-column-name="cost">Cost</a></th>
                            
                        
                    
                        
                            
                                <th class="orderable"><a href="?id=62193915-7884-474d-8fd2-d58d8238edfb&amp;sort=status" data-column-name="status">Status</a></th>
                            
                        
                    
                        
                            <th class="nb-actionable nb-w-0 orderable">
                                <button
            type="button"
            class="btn border-0 float-end rounded-0 text-end text-secondary "
            data-nb-toggle="drawer"
            data-nb-target="#OSPFInterfaceConfigurationTable_config"
            
            title="Configure table"
            aria-controls="OSPFInterfaceConfigurationTable_config"
            aria-expanded="false"
        >
            <span class="mdi mdi-cog" aria-hidden="true"></span>
            <span class="visually-hidden">Configure</span>
        </button>
                            </th>
                        
                    
                    
                </tr>
            </thead>
        
        <tbody>
            
                <tr class="even">
                    
                        <td ><a href="/plugins/nautobot-igp-models/ospf-configuration/02a058cd-334d-4be7-8376-50546495dc03/">OSPF 1 on router1</a></td>
                    
                        <td ><a href="/dcim/interfaces/099918a0-7bcf-46f8-a377-80f3c8c6381c/">GigabitEthernet1</a></td>
                    
                        <td >0.0.0.0</td>
                    
                        <td >1</td>
                    
                        <td >
    
    
        <span class="badge" style="color: #ffffff; background-color: #4caf50">
            Active
        </span>
    
    </td>
                    
                        <td class="d-print-none nb-actions nb-w-0 text-end text-nowrap">
    <div class="dropdown">
        <button class="btn dropdown-toggle" type="button" data-bs-toggle="dropdown" aria-expanded="false">
            <span class="mdi mdi-dots-vertical" aria-hidden="true"></span>
            <span class="visually-hidden">Toggle Dropdown</span>
        </button>
        <ul class="dropdown-menu dropdown-menu-end">
            
            
            
            
        </ul>
    </div>

    </td>
                    
                    
                </tr>
            
        </tbody>
        
    </table>


    </div>
    
</div>

                
            
            

<div class="paginator align-items-center d-flex fs-5 gap-10 justify-content-end mt-16 text-secondary">
    
        <div>
            Showing 1-1 of 1
        </div>
        <div class="vr border-start my-8"></div>
    
    <form class="align-items-center d-flex gap-4" method="get">
        
            
                
                    <input type="hidden" name="id" value="62193915-7884-474d-8fd2-d58d8238edfb" />
                
            
        
        <select name="per_page" id="per_page" class="form-select">
            
                <option value="65000" selected="selected">65000</option>
            
            
                <option value="25">25</option>
            
                <option value="50">50</option>
            
                <option value="100">100</option>
            
                <option value="250">250</option>
            
                <option value="500">500</option>
            
                <option value="1000">1000</option>
            
        </select>
        per page
    </form>
    
</div>

            <div class="clearfix"></div>
        
    </div>
    
        


<div class="modal fade" tabindex="-1" id="saved_view_modal" role="dialog">
    <div class="modal-dialog modal-lg">
        <div class="modal-content">
            <div class="modal-header">
                <h4 class="modal-title">New Saved View</h4>
                <button type="button" class="btn-close" data-bs-dismiss="modal" aria-label="Close"></button>
            </div>
            <form action="/extras/saved-views/add/" method="post">
                <div class="modal-body">
                    <input type="hidden" name="csrfmiddlewaretoken" value="GhYxvK0NpqVvc24ZOrrTHqtHCXMX1odaGpPNPaJLOCPnbVZIVV9pFgupCwUD40Vd">
                    <div class="row">
                        

<div class="mb-10 d-md-flex justify-content-center">
    
        <label class="col-md-3 col-form-label nb-required" for="id_name">
            Name
        </label>
        <div class="col-md-9">
            <input type="text" name="name" maxlength="255" class="form-control" required placeholder="Name" id="id_name">
            
            
                <span class="form-text">The name of this view</span>
            
    
    
</div>
</div>

                        <span class="col-lg-3 text-end text-secondary">New Changes</span>
                        <div class="col-lg-9">
                            <pre><code class="language-json">{
    &quot;filter_params&quot;: {
        &quot;id&quot;: [
            &quot;62193915-7884-474d-8fd2-d58d8238edfb&quot;
        ]
    },
    &quot;per_page&quot;: 65000,
    &quot;sort_order&quot;: [],
    &quot;table_config&quot;: null
}</code></pre>
                        </div>
                        

<div class="mb-10 d-md-flex justify-content-center">
    
        <div class="col-md-9 offset-md-3">
            <div class="form-check mt-6">
                <input type="checkbox" name="is_shared" class="form-check-input" placeholder="Is shared" id="id_is_shared">
                <label class="form-check-label" for="id_is_shared">
                    Is shared
                </label>
            </div>
            
            
                <span class="form-text">If checked, all users will be able to see this saved view</span>
            
    
    
</div>
</div>

                        <input type="hidden" id="view" name="view" value="plugins:nautobot_igp_models:ospfinterfaceconfiguration_list">
                        <input type="hidden" id="params" name="params" value="id=62193915-7884-474d-8fd2-d58d8238edfb">
                    </div>
                </div>
                <div class="modal-footer">
                    <button type="submit" class="btn btn-primary">
                        <span aria-hidden="true" class="mdi mdi-content-save-plus-outline me-4"></span><!--
                        -->Save
                    </button>
                    <button class="btn btn-secondary" data-bs-dismiss="modal" type="button">
                        <span aria-hidden="true" class="mdi mdi-close me-4"></span><!--
                        -->Cancel
                    </button>
                </div>
            </form>
        </div>
    </div>
</div>

    
    

<div class="modal fade" tabindex="-1" role="dialog" id="dynamic_group_assignment_modal">
    <div class="modal-dialog modal-lg" role="document">
        <div class="modal-content">
            <div class="modal-header">
                <button type="button" class="btn-close" data-bs-dismiss="modal" aria-label="Close">
                </button>
                <h4 class="modal-title">Static Assignment to Dynamic Groups</h4>
            </div>
            <form id="dynamic_group_assignment_form" action="/extras/dynamic-groups/assign-members/?"
                  method="post" class="form form-horizontal">
                <div class="modal-body">
                    <input type="hidden" name="csrfmiddlewaretoken" value="GhYxvK0NpqVvc24ZOrrTHqtHCXMX1odaGpPNPaJLOCPnbVZIVV9pFgupCwUD40Vd">
                    <input type="hidden" name="return_url" value="/plugins/nautobot-igp-models/ospf-interface-configuration/?id=62193915-7884-474d-8fd2-d58d8238edfb">
                    <input type="hidden" id="dynamic_group_assignment_all" name="_all">
                    <span id="dynamic_group_assignment_pks"></span>
                    
                        <input type="hidden" name="content_type" value="195" class="form-control" required="required" placeholder="None" id="id_content_type">
                    
                        
                    
                    

<div class="mb-10 d-md-flex justify-content-center">
    
        <label class="col-md-3 col-form-label" for="id_add_to_groups">
            Add to existing group(s)
        </label>
        <div class="col-md-9">
            <select name="add_to_groups" class="nautobot-select2-api" data-multiple="1" data-query-param-group_type="[&quot;static&quot;]" data-query-param-content_type="[&quot;nautobot_igp_models.ospfinterfaceconfiguration&quot;]" data-query-param-exclude_m2m="[&quot;true&quot;]" display-field="display" data-depth="0" data-url="/api/extras/dynamic-groups/" id="id_add_to_groups" multiple>
</select>
            
            
    
    
</div>
</div>

                    

<div class="mb-10 d-md-flex justify-content-center">
    
        <label class="col-md-3 col-form-label" for="id_create_and_assign_to_new_group_name">
            Create a new group
        </label>
        <div class="col-md-9">
            <input type="text" name="create_and_assign_to_new_group_name" class="form-control" placeholder="Create a new group" id="id_create_and_assign_to_new_group_name">
            
            
                <span class="form-text">Create a new group with this name and assign the selected objects to it.</span>
            
    
    
</div>
</div>

                    

<div class="mb-10 d-md-flex justify-content-center">
    
        <label class="col-md-3 col-form-label" for="id_remove_from_groups">
            Remove from group(s)
        </label>
        <div class="col-md-9">
            <select name="remove_from_groups" class="nautobot-select2-api" data-multiple="1" data-query-param-group_type="[&quot;static&quot;]" data-query-param-content_type="[&quot;nautobot_igp_models.ospfinterfaceconfiguration&quot;]" data-query-param-exclude_m2m="[&quot;true&quot;]" display-field="display" data-depth="0" data-url="/api/extras/dynamic-groups/" id="id_remove_from_groups" multiple>
</select>
            
            
    
    
</div>
</div>

                </div>
                <div class="modal-footer">
                    <button type="submit" class="btn btn-primary">
                        <span class="mdi mdi-group" aria-hidden="true"></span> Apply
                    </button>
                    <button type="button" class="btn btn-secondary" id="dynamic_group_assignment_cancel">
                        <span class="mdi mdi-close-thick" aria-hidden="true"></span> Cancel
                    </button>
                </div>
            </form>
        </div>
    </div>
</div>


        </main>
        
            
        
        





======================================================================
FAIL: test_list_objects_unknown_filter_no_strict_filtering (nautobot_igp_models.tests.test_views.OSPFInterfaceConfigurationViewTest.test_list_objects_unknown_filter_no_strict_filtering)
Verify that without STRICT_FILTERING, an unknown filter is ignored.
----------------------------------------------------------------------
Traceback (most recent call last):
  File "/usr/local/lib/python3.11/site-packages/django/test/utils.py", line 461, in inner
    return func(*args, **kwargs)
           ^^^^^^^^^^^^^^^^^^^^^
  File "/usr/local/lib/python3.11/site-packages/nautobot/core/testing/views.py", line 1089, in test_list_objects_unknown_filter_no_strict_filtering
    self.assertRegex(content, r">\s*" + re.escape(escape(instance1.name)) + r"\s*<", msg=content)
AssertionError: Regex didn't match: '>\\s*OSPF\\-R1\\-GE1\\s*<' not found in '\n\n\n        <div id="drawer">\n            \n    \n\n\n\n<section class="nb-drawer" tabindex="-1" id="FilterForm_drawer">\n    <div class="nb-drawer-header">\n        <h1>Filters</h1>\n        <button type="button" class="btn-close" data-nb-dismiss="drawer" aria-label="Close"></button>\n    </div>\n    <div class="nb-drawer-body">\n        <ul id="filter-tabs" class="nav nav-tabs">\n            \n                <li role="presentation" class="nav-item">\n                    <a class="nav-link active"  href="#default-filter" role="tab" data-bs-toggle="tab">\n                        Basic\n                    </a>\n                </li>\n            \n            \n                <li role="presentation" class="nav-item">\n                    <a class="nav-link position-relative" href="#advanced-filter" role="tab" data-bs-toggle="tab">\n                        Advanced\n                        \n    <span\n        aria-hidden="true"\n        class="end-0 me-2 mt-2 top-0 nb-btn-indicator"\n        data-bs-toggle="tooltip"\n        data-bs-title="Some of the applied filters can only be viewed in Advanced"\n    ></span>\n\n\n                    </a>\n                </li>\n            \n        </ul>\n        <div class="tab-content h-100">\n            \n                <div id="default-filter" role="tabpanel" class="tab-pane fade show active h-100 p-20">\n                    \n\n<form class="h-100 vstack">\n    <div class="align-content-start flex-fill pb-20">\n        \n        \n            \n                <div class="nb-form-group">\n                    \n                        <label for="id_ospf_config">OSPF Configuration</label>\n                        <select name="ospf_config" class="nautobot-select2-api form-control" data-query-param-exclude_m2m="[&quot;true&quot;]" display-field="display" data-depth="0" placeholder="OSPF Configuration" data-url="/api/plugins/nautobot-igp-models/ospf-configurations/" id="id_ospf_config">\n  <option value=""\n         selected\n        >---------</option>\n\n</select>\n                    \n                </div>\n            \n        \n            \n                <div class="nb-form-group">\n                    \n                        <label for="id_interface">Interface</label>\n                        <select name="interface" class="nautobot-select2-api form-control" data-query-param-device_id="[&quot;$ospf_config__instance__device&quot;]" data-query-param-exclude_m2m="[&quot;true&quot;]" display-field="display" data-depth="0" placeholder="Interface" data-url="/api/dcim/interfaces/" id="id_interface">\n  <option value=""\n         selected\n        >---------</option>\n\n</select>\n                    \n                </div>\n            \n        \n            \n                <div class="nb-form-group">\n                    \n                        <label for="id_area">Area</label>\n                        <input type="text" name="area" class="form-control" placeholder="Area" id="id_area">\n                    \n                </div>\n            \n        \n            \n                <div class="nb-form-group">\n                    \n                        <label for="id_cost">Cost</label>\n                        <input type="number" name="cost" class="form-control" placeholder="Cost" id="id_cost">\n                    \n                </div>\n            \n        \n            \n                <div class="nb-form-group">\n                    \n                        <label for="id_contacts">Contacts</label>\n                        <select name="contacts" class="nautobot-select2-api form-control" data-multiple="1" data-query-param-exclude_m2m="[&quot;true&quot;]" display-field="display" value-field="name" data-depth="0" placeholder="None" data-url="/api/extras/contacts/" id="id_contacts" multiple>\n</select>\n                    \n                </div>\n            \n        \n            \n                <div class="nb-form-group">\n                    \n                        <label for="id_teams">Teams</label>\n                        <select name="teams" class="nautobot-select2-api form-control" data-multiple="1" data-query-param-exclude_m2m="[&quot;true&quot;]" display-field="display" value-field="name" data-depth="0" placeholder="None" data-url="/api/extras/teams/" id="id_teams" multiple>\n</select>\n                    \n                </div>\n            \n        \n    </div>\n    <div class="justify-content-between mb-n20 nb-form-sticky-footer">\n        <button type="submit" class="btn btn-primary">\n            <span class="mdi mdi-check me-4" aria-hidden="true"></span><!--\n            -->Apply Specified\n        </button>\n        <button type="reset" class="btn btn-secondary">\n            <span aria-hidden="true" class="mdi mdi-close me-4"></span><!--\n            -->Clear All\n        </button>\n    </div>\n</form>\n\n                </div>\n            \n            \n                <div id="advanced-filter" role="tabpanel" class="tab-pane fade h-100 p-20">\n                    <form class="h-100 vstack" id="dynamic-filter-form">\n                        <div class="align-content-start flex-fill pb-20">\n                            <input type="hidden" name="form-TOTAL_FORMS" value="1" id="id_form-TOTAL_FORMS"><input type="hidden" name="form-INITIAL_FORMS" value="0" id="id_form-INITIAL_FORMS"><input type="hidden" name="form-MIN_NUM_FORMS" value="0" id="id_form-MIN_NUM_FORMS"><input type="hidden" name="form-MAX_NUM_FORMS" value="1000" id="id_form-MAX_NUM_FORMS">\n                            \n                                <div class="nb-form-group">\n                                    <label for="id_form-0-lookup_field">Field</label>\n                                    <select name="form-0-lookup_field" class="nautobot-select2-static lookup_field-select" placeholder="Field" id="id_form-0-lookup_field">\n  <option value="" selected>---------</option>\n\n  <option value="contacts">Contacts (name or ID)</option>\n\n  <option value="cost">Cost</option>\n\n  <option value="created">Created</option>\n\n  <option value="dynamic_groups">Dynamic groups (name or ID)</option>\n\n  <option value="id">Id</option>\n\n  <option value="interface">Interface</option>\n\n  <option value="last_updated">Last updated</option>\n\n  <option value="area">OSPF Area</option>\n\n  <option value="ospf_config_name">OSPF Configuration</option>\n\n  <option value="status">Status (ID)</option>\n\n  <option value="teams">Teams (name or ID)</option>\n\n</select>\n                                </div>\n                            \n                                <div class="nb-form-group">\n                                    <label for="id_form-0-lookup_type">Lookup type</label>\n                                    <select name="form-0-lookup_type" class="nautobot-select2-api lookup_type-select" placeholder="None" data-query-param-field_name="[&quot;$lookup_field&quot;]" data-contenttype="nautobot_igp_models.ospfinterfaceconfiguration" data-url="/api/core/filterset-fields/lookup-choices/" id="id_form-0-lookup_type">\n</select>\n                                </div>\n                            \n                                <div class="nb-form-group">\n                                    <label for="id_form-0-lookup_value">Value</label>\n                                    <input type="text" name="form-0-lookup_value" class="form-control lookup_value-input form-control" placeholder="Value" id="id_form-0-lookup_value">\n                                </div>\n                            \n                            <button class="nb-dynamic-filter-add btn btn-primary d-block ms-auto my-20" type="button">\n                                <span aria-hidden="true" class="mdi mdi-plus me-4"></span><!--\n                                -->Add Filter\n                            </button>\n                            <hr class="border-top my-20">\n                            <div class="nb-dynamic-filter-items d-flex flex-wrap gap-10">\n                                \n                                    \n                                        <span class="badge nb-multi-badge" data-nb-field="ice_cream_flavor">\n                                            <button class="nb-dynamic-filter-remove" type="button">\n                                                <span aria-hidden="true" class="mdi mdi-close"></span>\n                                                <span class="visually-hidden">Remove All</span>\n                                            </button>\n                                            ice_cream_flavor:\n                                            <span class="nb-multi-badge-items">\n                                                \n                                                    <span class="badge" data-nb-value="chocolate"><!--\n                                                        --><button class="nb-dynamic-filter-remove" type="button">\n                                                        <span aria-hidden="true" class="mdi mdi-close"></span>\n                                                        <span class="visually-hidden">Remove</span>\n                                                    </button><!--\n                                                        -->chocolate<!--\n                                                        --><input name="ice_cream_flavor" type="hidden" value="chocolate">\n                                                    </span>\n                                                \n                                            </span>\n                                        </span>\n                                    \n                                \n                            </div>\n                        </div>\n\n                        <div class="d-print-none justify-content-between mb-n20 nb-form-sticky-footer">\n                            <button type="submit" class="btn btn-primary">\n                                <span class="mdi mdi-check me-4" aria-hidden="true"></span><!--\n                                -->Apply Specified\n                            </button>\n                            <button type="reset" class="btn btn-secondary">\n                                <span aria-hidden="true" class="mdi mdi-close me-4"></span><!--\n                                -->Clear All\n                            </button>\n                        </div>\n                    </form>\n                </div>\n            \n        </div>\n    </div>\n</section>\n\n\n    <script>\n        (() => {\n            document.addEventListener(\'DOMContentLoaded\', () => {\n                const NON_FILTER_PARAMS = [\n                    \'all_filters_removed\',\n                    \'clear_view\',\n                    \'per_page\',\n                    \'saved_view\',\n                    \'sort\',\n                    \'table_changes_pending\',\n                ];\n\n                /**\n                 * Insert given `element` as `parent`\'s first child.\n                 * @param {HTMLElement} element - Element to be inserted.\n                 * @param {HTMLElement} parent - Parent container for given `element`.\n                 * @returns {void} Do not return any value, modify DOM in-place.\n                 */\n                const insertFirst = (element, parent) => {\n                    parent.hasChildNodes() ? parent.insertBefore(element, parent.firstElementChild) : parent.appendChild(element);\n                };\n\n                /**\n                 * Get HTML elements for default and dynamic filter forms.\n                 * @returns {object} Object with `defaultFilterForm` and `dynamicFilterForm` HTML elements or `null`,\n                 *   depending on their actual existence in the DOM.\n                 */\n                const getFilterForms = () => ({\n                    defaultFilterForm: document.querySelector(\'#default-filter form\'),\n                    dynamicFilterForm: document.querySelector(\'#dynamic-filter-form\'),\n                });\n\n                const prepopulateFilterSelectsFromURL = (() => {\n                    const { defaultFilterForm } = getFilterForms();\n                    const urlParams = new URLSearchParams(window.location.search);\n                    // Only target Select2 controls inside the default filter form.\n                    [...defaultFilterForm.querySelectorAll(\'select.nautobot-select2-multi-value-char\')].forEach((el) => {\n                        const name = el.getAttribute(\'name\');\n                        if (!name) { return; }\n                        const values = urlParams.getAll(name);\n                        if (!values.length) { return; }\n                        values.forEach((val) => {\n                            let found = Array.prototype.find.call(el.options, (opt) => {\n                                return String(opt.value) === String(val);\n                            });\n                            if (found) {\n                                found.selected = true;\n                            } else {\n                                el.add(new Option(val, val, true, true));\n                            }\n                        });\n                        if (window.jQuery && $(el).data(\'select2\')) {\n                            $(el).trigger(\'change\');\n                        }\n                    });\n                })();\n\n                /**\n                 * Synchronize given `filter` value from default to dynamic filter form.\n                 * @param {string} name - Filter name.\n                 * @returns {void} Do not return any value, just set given field values.\n                 */\n                const syncDefaultToDynamic = (name) => {\n                    const { defaultFilterForm } = getFilterForms();\n\n                    const field = defaultFilterForm.querySelector(`[name="${name}"]`);\n                    const text = field?.closest(\'.nb-form-group\')?.querySelector(\'label\')?.innerText?.trim();\n                    /*\n                     * `manageDynamicFilter` takes an array of `{ text: string, value: string }` objects as `value`, so\n                     * regardless of field being a textbox, a single or multiple choice combobox, conversion is required:\n                     *   1. For combobox (i.e. `<select>`), iterate over selected options and map them to display `text`\n                     *     and underlying `value`.\n                     *   2. For textbox (i.e. `<input>` or `<textarea>`):\n                     *     1. Use entered value as both display `text` and underlying `value`.\n                     *     2. If field is empty, use an empty array.\n                     */\n                    const value =\n                        field?.tagName === \'SELECT\'\n                        ? [...field.selectedOptions].map((option) => ({ text: option.innerText, value: option.value }))\n                        : [...(field?.value ? [{ text: field.value, value: field.value }] : [])];\n\n                    manageDynamicFilter({ action: \'set\', name, text, value });\n                };\n\n                /**\n                 * Synchronize given `filter` value from dynamic to default filter form.\n                 * @param {string} name - Filter name.\n                 * @returns {void} Do not return any value, just set given field values.\n                 */\n                const syncDynamicToDefault = (name) => {\n                    const { defaultFilterForm, dynamicFilterForm } = getFilterForms();\n\n                    const current = [...dynamicFilterForm.querySelectorAll(`input[name="${name}"][type="hidden"]`)].map(\n                        (input) => ({\n                            text: [...(input.parentElement?.childNodes ?? [])].find((node) => node.nodeName === \'#text\')?.wholeText,\n                            value: input.getAttribute(\'value\'),\n                        }),\n                    );\n\n                    const sync = defaultFilterForm?.querySelector(`[name=${name}]`);\n\n                    if (sync?.tagName === \'INPUT\' || sync?.tagName === \'TEXTAREA\') {\n                        sync.value = current.length > 0 ? current[0].value : \'\';\n                    } else if (sync?.tagName === \'SELECT\') {\n                        window.nb.select2.setSelect2Value(sync, current);\n                    }\n                };\n\n                /**\n                 * Manage dynamic filter either by adding values to the existing selection or by setting passed values\n                 * regardless of previous selection.\n                 * @param {\'add\'|\'set\'} action - Use `\'add\'` to add given value to the existing selection; use `\'set\'`\n                 *   to set given value regardless of what was set previously.\n                 * @param {string} name - Filter field name.\n                 * @param {string} text - Filter display text.\n                 * @param {object[]} value - Array of objects containing `text` and `value` key-value pairs.\n                 */\n                const manageDynamicFilter = ({ action, name, text, value }) => {\n                    const { dynamicFilterForm } = getFilterForms();\n                    const items = dynamicFilterForm.querySelector(\'.nb-dynamic-filter-items\');\n\n                    const group = (() => {\n                        const existing = items.querySelector(`.nb-multi-badge[data-nb-field="${name}"]`);\n                        if (existing) {\n                            return existing;\n                        }\n\n                        const group = document.createElement(\'span\');\n                        group.classList.toggle(\'badge\', true);\n                        group.classList.toggle(\'nb-multi-badge\', true);\n                        group.setAttribute(\'data-nb-field\', name);\n\n                        const button = document.createElement(\'button\');\n                        button.classList.toggle(\'nb-dynamic-filter-remove\', true);\n                        button.setAttribute(\'type\', \'button\');\n\n                        const close = document.createElement(\'span\');\n                        close.classList.toggle(\'mdi\', true);\n                        close.classList.toggle(\'mdi-close\', true);\n                        close.setAttribute(\'aria-hidden\', \'true\');\n\n                        const remove = document.createElement(\'span\');\n                        remove.classList.toggle(\'visually-hidden\', true);\n                        remove.innerText = \'Remove All\';\n\n                        const children = document.createElement(\'span\');\n                        children.classList.toggle(\'nb-multi-badge-items\', true);\n\n                        button.appendChild(close);\n                        button.appendChild(remove);\n                        group.appendChild(button);\n                        group.insertAdjacentText(\'beforeend\', `${text}:`);\n                        group.appendChild(children);\n\n                        return group;\n                    })();\n\n                    const children = group.querySelector(\'.nb-multi-badge-items\');\n                    const existing = [...children.querySelectorAll(\'.badge[data-nb-value]\')];\n\n                    /*\n                     * Depending on `action` remove the following badges:\n                     *   1. For `\'add\'`, remove already existing filters with the same key-value pairs and re-create them later.\n                     *   2. For `\'set\'`, remove all existing filters of given key and apply only these passed as `values`.\n                     */\n                    const badgesToRemove =\n                        action === \'add\'\n                        ? existing.filter((badge) => value.some((item) => badge.getAttribute(\'data-nb-value\') === item.value))\n                        : existing;\n                    badgesToRemove.forEach((item) => children.removeChild(item));\n\n                    value.forEach(({ text, value }) => {\n                        const badge = document.createElement(\'span\');\n                        badge.classList.toggle(\'badge\', true);\n                        badge.setAttribute(\'data-nb-value\', value);\n\n                        const input = document.createElement(\'input\');\n                        input.setAttribute(\'name\', name);\n                        input.setAttribute(\'type\', \'hidden\');\n                        input.setAttribute(\'value\', value);\n\n                        const button = document.createElement(\'button\');\n                        button.classList.toggle(\'nb-dynamic-filter-remove\', true);\n                        button.setAttribute(\'type\', \'button\');\n\n                        const close = document.createElement(\'span\');\n                        close.classList.toggle(\'mdi\', true);\n                        close.classList.toggle(\'mdi-close\', true);\n                        close.setAttribute(\'aria-hidden\', \'true\');\n\n                        const remove = document.createElement(\'span\');\n                        remove.classList.toggle(\'visually-hidden\', true);\n                        remove.innerText = \'Remove\';\n\n                        button.appendChild(close);\n                        button.appendChild(remove);\n                        badge.appendChild(button);\n                        badge.insertAdjacentText(\'beforeend\', text);\n                        badge.appendChild(input);\n\n                        insertFirst(badge, children);\n                    });\n\n                    // If group already exists, remove it and later insert as the first child.\n                    if (items.contains(group)) {\n                        items.removeChild(group);\n                    }\n\n                    if (children.hasChildNodes()) {\n                        insertFirst(group, items);\n                    }\n                };\n\n                document.addEventListener(\'click\', (event) => {\n                    const { defaultFilterForm, dynamicFilterForm } = getFilterForms();\n\n                    const add = event.target.closest(\'button.nb-dynamic-filter-add\');\n                    if (add) {\n                        const field = dynamicFilterForm.querySelector(\'[name$="lookup_field"]\');\n                        const type = dynamicFilterForm.querySelector(\'[name$="lookup_type"]\');\n                        const value = [...dynamicFilterForm.querySelectorAll(\'.nb-form-group\')]\n                            .pop()\n                        ?.querySelector(\'input, select, textarea\');\n\n                        const isMissing = (control) =>\n                        control?.selectedOptions ? control.selectedOptions.length === 0 : !control?.value;\n                        if (isMissing(field) || isMissing(type) || isMissing(value)) {\n                            // Return early if selected filter is not complete (i.e. is missing lookup field, type or value).\n                            return;\n                        }\n\n                        const name = type.selectedOptions[0].value;\n                        const label = field.selectedOptions[0].innerText.trim();\n                        const suffix = type.selectedOptions[0].innerText.trim();\n                        const text = /\\(\\w+\\)/.test(suffix) ? `${label} ${suffix}` : label;\n                        const values =\n                            value?.getAttribute(\'multiple\') !== null\n                            ? [...value.selectedOptions].map((option) => ({ text: option.innerText.trim(), value: option.value }))\n                            : [{ text: value?.value, value: value?.value }];\n\n                        // If field exists in default filter form and is a single value input, use `\'set\'` action.\n                        const action =\n                            defaultFilterForm.querySelector(`[name="${name}"]`) &&\n                        (value.tagName === \'INPUT\' || value.tagName === \'TEXTAREA\')\n                            ? \'set\'\n                            : \'add\';\n                        manageDynamicFilter({ action, name, text, value: values });\n\n                        syncDynamicToDefault(name);\n                    }\n\n                    const remove = event.target.closest(\'button.nb-dynamic-filter-remove\');\n                    if (remove) {\n                        const badge = remove.closest(\'.badge\');\n                        /*\n                         * Remove the group badge (i.e. multi-badge) when given badge is the group badge itself, or it is the only\n                         * one left in the group (i.e. has no siblings) because removing it will leave the group badge empty anyway.\n                         */\n                        const shouldRemoveGroup =\n                            badge?.classList.contains(\'nb-multi-badge\') ||\n                        (!badge?.previousElementSibling && !badge?.nextElementSibling);\n                        shouldRemoveGroup ? badge?.closest(\'.nb-multi-badge\')?.remove() : badge?.remove();\n\n                        syncDynamicToDefault(badge?.querySelector(\'input[type="hidden"]\')?.getAttribute(\'name\'));\n                    }\n                });\n\n                // Need to wrap `document` with jQuery to be able to listen to Select2 `change` event.\n                $(document).on(\'change\', (event) => {\n                    const { defaultFilterForm } = getFilterForms();\n                    const isDefaultFilterFormField = event.target.form === defaultFilterForm;\n                    if (isDefaultFilterFormField) {\n                        syncDefaultToDynamic(event.target.name);\n                    }\n                });\n\n                // Need to wrap `document` with jQuery to be able to listen to Select2 `change` event.\n                $(document).on(\'change\', async (event) => {\n                    const isLookupType = event.target.getAttribute(\'name\')?.endsWith(\'lookup_type\');\n                    if (isLookupType) {\n                        const content_type = event.target.getAttribute(\'data-contenttype\');\n                        const field_name = event.target.value;\n                        const value = [...event.target.form.querySelectorAll(\'.nb-form-group\')]\n                            .pop()\n                        ?.querySelector(\'input, select, textarea\');\n\n                        if (field_name) {\n                            const replacement = await (async () => {\n                                try {\n                                    const response = await window.fetch(\n                                        `/api/ui/core/filterset-fields/lookup-value-dom-element/?${new URLSearchParams({ content_type, field_name })}`,\n                                        { method: \'GET\', headers: { Accept: \'*/*\' } },\n                                    );\n\n                                    const html = await response.json();\n\n                                    const element = document.createElement(\'div\');\n                                    element.innerHTML = html;\n\n                                    return element.firstElementChild;\n                                } catch (exception) {\n                                    // Default to `<input type="text" ...>` field if error occurs.\n                                    const input = document.createElement(\'input\');\n                                    input.classList.toggle(\'lookup_value-input\', true);\n                                    input.classList.toggle(\'form-control\', true);\n                                    input.setAttribute(\'id\', `id_for_${field_name}`);\n                                    input.setAttribute(\'name\', field_name);\n                                    input.setAttribute(\'type\', \'text\');\n                                    return input;\n                                }\n                            })();\n\n                            value.replaceWith(replacement);\n                            replacement.nextElementSibling?.remove(); // Remove Select2 widget if present.\n                            replacement.previousElementSibling?.setAttribute(\'for\', replacement.getAttribute(\'id\')); // Set label `for` attribute to match field `id`.\n                            initializeInputs(replacement.parentElement);\n                        }\n                    }\n                });\n\n                // Need to wrap `document` with jQuery to be able to listen to Select2 `change` event.\n                $(document).on(\'change\', (event) => {\n                    const isLookupField = event.target.getAttribute(\'name\')?.endsWith(\'lookup_field\');\n                    const isLookupType = event.target.getAttribute(\'name\')?.endsWith(\'lookup_type\');\n\n                    if (isLookupField) {\n                        const type = event.target.form.querySelector(\'[name$="lookup_type"]\');\n                        $(type).val(null).trigger(\'change\');\n                    }\n\n                    if (isLookupField || isLookupType) {\n                        const value = [...event.target.form.querySelectorAll(\'.nb-form-group\')]\n                            .pop()\n                        ?.querySelector(\'input, select, textarea\');\n\n                        if (value.tagName === \'SELECT\') {\n                            $(value).val(null).trigger(\'change\');\n                        } else {\n                            value.value = \'\';\n                        }\n                    }\n                });\n\n                const isFilterForm = (target) => Boolean(target?.closest(\'#FilterForm_drawer\'));\n\n                document.addEventListener(\'reset\', (event) => {\n                    if (isFilterForm(event.target)) {\n                        event.preventDefault();\n\n                        // Remove all filter query params from location search while keeping non-filter params intact.\n                        const searchParams = new URLSearchParams(window.location.search);\n                        const nextSearchParams = new URLSearchParams([\n                            ...[...searchParams].filter(\n                                ([property]) => NON_FILTER_PARAMS.includes(property) && property !== \'all_filters_removed\',\n                            ),\n                            [\'all_filters_removed\', \'true\'],\n                        ]);\n\n                        location.assign(`?${nextSearchParams}`);\n                    }\n                });\n\n                document.addEventListener(\'submit\', (event) => {\n                    if (isFilterForm(event.target)) {\n                        event.preventDefault();\n\n                        const { defaultFilterForm, dynamicFilterForm } = getFilterForms();\n\n                        /*\n                         * Just before the form submission automatically add filter selected in "Advanced" tab (if any)\n                         * which hasn\'t been manually applied for whatever reason (usually forgetfulness, speed, etc.).\n                         * This is a requested UX flavor.\n                         */\n                        const add = dynamicFilterForm.querySelector(\'button.nb-dynamic-filter-add\');\n                        add.click();\n\n                        // Remove all field names which are not applied filters container descendants.\n                        [...dynamicFilterForm.querySelectorAll(\'input, select, textarea\')].forEach((field) =>\n                            field.closest(\'.nb-dynamic-filter-items\') ? undefined : field.removeAttribute(\'name\'),\n                        );\n\n                        /*\n                         * Get the serialized data from the forms and:\n                         *   1) Filter out query params which values are empty e.g `?sam=&dan=2` becomes `dan=2`.\n                         *   2) Combine the two forms into a single set of data without duplicate entries.\n                         */\n                        const defaultFilterFormSearchParams = new URLSearchParams(new FormData(defaultFilterForm));\n                        const dynamicFilterFormSearchParams = new URLSearchParams(new FormData(dynamicFilterForm));\n                        const searchParams = new URLSearchParams(window.location.search);\n\n                        const nextSearchParams = new URLSearchParams([\n                            ...[...defaultFilterFormSearchParams].filter(([, value]) => value !== \'\'),\n                            ...[...dynamicFilterFormSearchParams].filter(\n                                ([property, value]) => value !== \'\' && !defaultFilterFormSearchParams.has(property, value),\n                            ),\n                            ...[...searchParams].filter(\n                                ([property]) => NON_FILTER_PARAMS.includes(property) && property !== \'all_filters_removed\',\n                            ),\n                        ]);\n\n                        if (nextSearchParams.has(\'saved_view\')) {\n                            const all_filters_removed = [...nextSearchParams].every(([property]) =>\n                                NON_FILTER_PARAMS.includes(property),\n                            );\n\n                            if (all_filters_removed) {\n                                nextSearchParams.set(\'all_filters_removed\', \'true\');\n                            }\n                        }\n\n                        location.assign(`?${nextSearchParams}`);\n                    }\n                });\n\n                const onSubmitOrReset = (event) => (isFilterForm(event.target) ? window.nb?.history?.saveState() : undefined);\n                document.addEventListener(\'reset\', onSubmitOrReset);\n                document.addEventListener(\'submit\', onSubmitOrReset);\n            });\n        })();\n    </script>\n\n\n    \n        \n\n\n<section class="nb-drawer" tabindex="-1" id="OSPFInterfaceConfigurationTable_config">\n    <div class="nb-drawer-header">\n        <h1>Table Configuration</h1>\n        <button type="button" class="btn-close" data-nb-dismiss="drawer" aria-label="Close"></button>\n    </div>\n    <div class="nb-drawer-body">\n        <form class="userconfigform h-100 pb-20 px-20 vstack" data-config-root="tables.OSPFInterfaceConfigurationTable">\n            <div class="row align-content-start flex-fill">\n                <div class="col-12">\n                    <div class="alert alert-warning">\n                        Column choices may negatively affect loading times.\n                        <a href="/static/docs/user-guide/platform-functionality/user-interface/configurablecolumns.html" class="btn btn-link btn-sm" target="_blank" rel="noopener">\n                            <span class="mdi mdi-information"></span>\n                        </a>\n                    </div>\n                </div>\n                <div class="col-12">\n                    \n                        <select name="columns" size="20" class="form-control" placeholder="None" id="id_columns" multiple>\n  <option value="ospf_config" selected>Ospf config</option>\n\n  <option value="interface" selected>Interface</option>\n\n  <option value="area" selected>Area</option>\n\n  <option value="cost" selected>Cost</option>\n\n  <option value="status" selected>Status</option>\n\n  <option value="dynamic_group_count">Dynamic Groups</option>\n\n</select>\n                        <span class="form-text mt-8">Use the buttons below to arrange columns in the desired order, then select all columns to display.</span>\n                        <div class="hstack gap-4 mt-8 mx-n4">\n                            \n                            <button type="button" class="btn btn-primary btn-sm" id="move-option-up" data-target="id_columns"><span class="mdi mdi-arrow-up-bold me-4"></span>Move up</button>\n                            <button type="button" class="btn btn-primary btn-sm" id="move-option-down" data-target="id_columns"><span class="mdi mdi-arrow-down-bold me-4"></span>Move down</button>\n                            <button type="button" class="btn btn-success btn-sm" id="select-all-options" data-target="id_columns"><span class="mdi mdi-expand-all-outline me-4"></span>Select all</button>\n                            \n                        </div>\n                    \n                </div>\n            </div>\n            <div class="nb-form-sticky-footer">\n                <input type="submit" class="btn btn-primary" value="Save">\n                <input type="submit" class="btn btn-danger reset" value="Reset">\n            </div>\n        </form>\n    </div>\n</section>\n\n\n    <script>\n        (() => {\n            document.addEventListener(\'DOMContentLoaded\', () => {\n                document.addEventListener(\'submit\', (event) => {\n                    if (event.target.closest(\'#OSPFInterfaceConfigurationTable_config\')) {\n                        // Keep the drawer open after page reload caused by form submission.\n                        window.nb.history.saveState();\n                    }\n                });\n            });\n        })();\n    </script>\n\n\n    \n    <section class="nb-drawer" tabindex="-1" id="SavedViews_drawer">\n        <div class="nb-drawer-header">\n            <h1>Saved Views</h1>\n            <button type="button" class="btn-close" data-nb-dismiss="drawer" aria-label="Close"></button>\n        </div>\n        <div class="nb-drawer-body pb-20 px-20">\n            <div class="align-items-start vstack flex-grow-0 gap-10">\n                \n            </div>\n            \n            <div class="align-items-start vstack gap-10">\n                Actions:\n                \n                <a class="btn btn-secondary" href="" data-bs-toggle="modal" data-bs-target="#saved_view_modal">\n                    <span class="mdi mdi-content-save-plus-outline me-4" aria-hidden="true"></span>Save As New\n                </a>\n                \n            </div>\n        </div>\n    </section>\n\n        </div>\n        <header id="header">\n            <div class="banner-alert-area">\n                \n\n\n\n    \n        <div class="alert alert-info text-center" role="alert">\n            <p>Local</p>\n        </div>\n    \n\n\n\n\n\n\n                \n\n            </div>\n            <div class="container-fluid mb-12 mt-16">\n                <div class="row">\n                    <div id="page-title" class="col-4">\n                        \n                            \n\n\n<h1 class="d-flex fs-2 gap-8 lh-sm py-6">\n    <img\n        alt="Nautobot chevron"\n        class="align-self-start flex-grow-0 flex-shrink-0 my-n4"\n        role="presentation"\n        src="/static/img/nautobot_chevron.svg"\n        style="width: 1.5rem;"\n    />\n    \n        OSPF Interface Configurations\n    \n</h1>\n\n                        \n                    </div>\n                    \n\n\n\n    \n        <form action="/search/" class="col-4 text-center" id="header_search" method="get" role="search">\n            <label class="position-relative w-100">\n                <input\n                    aria-placeholder="Press Ctrl+K to search"\n                    class="form-control nb-text-transparent"\n                    name="q"\n                    type="search"\n                    value=""\n                />\n                <span class="align-items-center d-inline-flex gap-6 overflow-hidden px-12 py-6 pe-none position-absolute start-0 top-0 user-select-none w-100">\n                    <span aria-hidden="true" class="mdi mdi-magnify text-secondary d-inline-flex"></span>\n                    \n                        \n                            \n                                \n                                    \n                                \n                                    \n                                \n                                    \n                                \n                                    \n                                \n                                    \n                                \n                            \n                                \n                                    \n                                \n                                    \n                                \n                                    \n                                \n                            \n                                \n                                    \n                                \n                                    \n                                \n                                    \n                                \n                            \n                                \n                                    \n                                \n                                    \n                                \n                                    \n                                \n                            \n                                \n                                    \n                                \n                                    \n                                \n                            \n                                \n                                    \n                                \n                                    \n                                \n                                    \n                                \n                                    \n                                \n                            \n                                \n                                    \n                                \n                                    \n                                \n                                    \n                                \n                                    \n                                \n                                    \n                                \n                                    \n                                \n                                    \n                                \n                                    \n                                \n                                    \n                                \n                                    \n                                \n                            \n                        \n                            \n                                \n                                    \n                                \n                            \n                                \n                                    \n                                \n                            \n                                \n                                    \n                                \n                            \n                                \n                                    \n                                \n                                    \n                                \n                                    \n                                \n                            \n                                \n                                    \n                                \n                                    \n                                \n                            \n                                \n                                    \n                                \n                            \n                        \n                            \n                                \n                                    \n                                \n                                    \n                                \n                            \n                                \n                                    \n                                \n                                    \n                                \n                                    \n                                \n                                    \n                                \n                            \n                                \n                                    \n                                \n                                    \n                                \n                            \n                                \n                                    \n                                \n                                    \n                                \n                            \n                                \n                                    \n                                \n                            \n                                \n                                    \n                                \n                                    \n                                \n                                    \n                                \n                            \n                        \n                            \n                                \n                                    \n                                \n                                    \n                                \n                                    \n                                \n                                    \n                                \n                                    \n                                        <span class="badge border" data-nb-link="/plugins/nautobot-igp-models/ospf-interface-configuration/"><!--\n                                            -->in: OSPF Interface Configuration<!--\n                                            --><button tabindex="-1" type="button">\n                                            <span aria-hidden="true" class="mdi mdi-close"></span>\n                                            <span class="visually-hidden">Remove</span>\n                                        </button>\n                                        </span>\n                                    \n                                \n                            \n                        \n                            \n                                \n                                    \n                                \n                                    \n                                \n                                    \n                                \n                            \n                                \n                                    \n                                \n                                    \n                                \n                            \n                        \n                            \n                                \n                                    \n                                \n                                    \n                                \n                                    \n                                \n                            \n                                \n                                    \n                                \n                                    \n                                \n                                    \n                                \n                            \n                        \n                            \n                                \n                                    \n                                \n                                    \n                                \n                            \n                        \n                            \n                                \n                                    \n                                \n                                    \n                                \n                                    \n                                \n                                    \n                                \n                                    \n                                \n                            \n                        \n                            \n                                \n                                    \n                                \n                                    \n                                \n                            \n                        \n                            \n                                \n                                    \n                                \n                                    \n                                \n                                    \n                                \n                                    \n                                \n                                    \n                                \n                            \n                        \n                            \n                                \n                                    \n                                \n                                    \n                                \n                            \n                                \n                                    \n                                \n                                    \n                                \n                                    \n                                \n                            \n                        \n                            \n                                \n                                    \n                                \n                                    \n                                \n                                    \n                                \n                                    \n                                \n                            \n                        \n                            \n                                \n                                    \n                                \n                                    \n                                \n                            \n                        \n                            \n                                \n                                    \n                                \n                            \n                                \n                                    \n                                \n                            \n                                \n                                    \n                                \n                                    \n                                \n                                    \n                                \n                                    \n                                \n                                    \n                                \n                                    \n                                \n                            \n                                \n                                    \n                                \n                            \n                                \n                                    \n                                \n                                    \n                                \n                            \n                                \n                                    \n                                \n                                    \n                                \n                                    \n                                \n                                    \n                                \n                                    \n                                \n                            \n                                \n                                    \n                                \n                                    \n                                \n                                    \n                                \n                                    \n                                \n                            \n                                \n                                    \n                                \n                                    \n                                \n                            \n                        \n                            \n                                \n                                    \n                                \n                                    \n                                \n                                    \n                                \n                                    \n                                \n                                    \n                                \n                                    \n                                \n                            \n                        \n                            \n                                \n                                    \n                                \n                                    \n                                \n                            \n                        \n                    \n                    <span\n                        aria-hidden="true"\n                        class="align-items-center d-inline-flex gap-4 text-nowrap text-secondary"\n                    >\n                        \n                            Press <kbd class="mt-n1">Ctrl+K</kbd> to search\n                        \n                    </span>\n                    <a class="align-items-center d-inline-flex ms-auto pe-auto"\n                       href="/static/docs/user-guide/platform-functionality/user-interface/search.html"\n                       target="_blank"\n                       rel="noopener"\n                    >\n                        <span aria-hidden="true" class="mdi mdi-help-circle-outline text-secondary"></span>\n                    </a>\n                </span>\n            </label>\n        </form>\n    \n\n    <div class="col-4 text-end">\n        <div class="dropdown">\n            <button class="btn dropdown-toggle align-items-center d-inline-flex gap-6" type="button" data-bs-toggle="dropdown" aria-expanded="false">\n                <span aria-hidden="true" class="mdi mdi-account text-secondary"></span>\n                nautobotuser\n            </button>\n            <ul class="dropdown-menu dropdown-menu-end">\n                <li><a class="dropdown-item" href="/about/"><span class="mdi mdi-information"></span>About Nautobot</a></li>\n                <li><a class="dropdown-item" href="/user/profile/"><span class="mdi mdi-account-box"></span>Profile</a></li>\n                <li><a class="dropdown-item" href="/extras/approver-dashboard/"><span class="mdi mdi-check-bold"></span>Approval Dashboard</a></li>\n                \n                <li class="dropdown-divider"></li>\n                <li><a class="dropdown-item" href="/logout/"><span class="mdi mdi-logout"></span>Log out</a></li>\n            </ul>\n        </div>\n    </div>\n\n\n                    <div class="col-12">\n                        \n    \n\n    \n\n    \n\n<nav aria-label="Breadcrumbs" class="mt-1">\n    <ol class="breadcrumb">\n        \n            \n                \n            \n        \n    </ol>\n</nav>\n\n\n                    </div>\n                </div>\n            </div>\n            \n        </header>\n        <main class="container-fluid wrapper" id="main-content" tabindex="-1">\n            \n    <div class="align-items-center d-flex gap-8 justify-content-end mb-16 d-print-none">\n        \n        \n\n        <div class="btn-group">\n            \n                <button type="button" id="actions-dropdown" class="btn btn-primary dropdown-toggle" data-bs-toggle="dropdown">\n                    Actions\n                    <span class="mdi mdi-chevron-down" aria-hidden="true"></span>\n                </button>\n            \n            <ul class="dropdown-menu dropdown-menu-end" role="menu">\n                \n                \n                \n                    \n                        \n    \n        \n        \n        <li>\n            <form action="/extras/jobs/nautobot.core.jobs.ExportObjectList/run/" method="post">\n                <input type="hidden" name="csrfmiddlewaretoken" value="YdRmAfxDvMpACjsEgvWT3fkMVyOdMsqgDrKl6BvCxI4l9tmBCNW680r1Scsboa6q">\n                <input type="hidden" name="content_type" value="195">\n                <input type="hidden" name="query_string" value="ice_cream_flavor=chocolate">\n                <input type="hidden" name="_schedule_type" value="immediately">\n                <input type="hidden" name="export_format" value="csv">\n                <button class="dropdown-item" type="submit">\n                    <span class="mdi mdi-database-export text-secondary" aria-hidden="true"></span> Export as CSV\n                </button>\n            </form>\n        </li>\n        \n    \n\n\n                    \n                \n            </ul>\n        </div>\n        \n        \n        \n            \n            \n        \n        <div class="align-items-center d-flex gap-4">\n            \n                <button\n                    type="button"\n                    class="btn position-relative text-secondary"\n                    data-nb-toggle="drawer"\n                    data-nb-target="#SavedViews_drawer"\n                    title="Saved Views"\n                    aria-expanded="false"\n                    aria-controls="SavedViews_drawer"\n                >\n                    <span class="mdi mdi-view-compact-outline" aria-hidden="true"></span>\n                    <span class="visually-hidden">Saved Views</span>\n                    \n                </button>\n            \n            \n                <button\n                    type="button"\n                    class="btn position-relative text-secondary"\n                    data-nb-toggle="drawer"\n                    data-nb-target="#FilterForm_drawer"\n                    title="Add Filters"\n                    id="id__filterbtn"\n                    aria-controls="FilterForm_drawer"\n                    aria-expanded="false"\n                >\n                    <span class="mdi mdi-filter" aria-hidden="true"></span>\n                    <span class="visually-hidden">Add Filters</span>\n                    \n                        <span aria-hidden="true" class="nb-btn-indicator"></span>\n                    \n                </button>\n            \n        </div>\n    </div>\n\n    \n\n    <div>\n        \n            \n                \n                    \n\n\n<div class="card mb-3">\n    \n    <div class="table-responsive">\n        \n\n\n\n    <table class="table table-hover nb-table-headings">\n        \n            <thead>\n                <tr>\n                    \n                        \n                            \n                                <th class="orderable"><a href="?ice_cream_flavor=chocolate&amp;sort=ospf_config" data-column-name="ospf_config">Ospf config</a></th>\n                            \n                        \n                    \n                        \n                            \n                                <th class="orderable"><a href="?ice_cream_flavor=chocolate&amp;sort=interface" data-column-name="interface">Interface</a></th>\n                            \n                        \n                    \n                        \n                            \n                                <th class="orderable"><a href="?ice_cream_flavor=chocolate&amp;sort=area" data-column-name="area">Area</a></th>\n                            \n                        \n                    \n                        \n                            \n                                <th class="orderable"><a href="?ice_cream_flavor=chocolate&amp;sort=cost" data-column-name="cost">Cost</a></th>\n                            \n                        \n                    \n                        \n                            \n                                <th class="orderable"><a href="?ice_cream_flavor=chocolate&amp;sort=status" data-column-name="status">Status</a></th>\n                            \n                        \n                    \n                        \n                            <th class="nb-actionable nb-w-0 orderable">\n                                <button\n            type="button"\n            class="btn border-0 float-end rounded-0 text-end text-secondary "\n            data-nb-toggle="drawer"\n            data-nb-target="#OSPFInterfaceConfigurationTable_config"\n            \n            title="Configure table"\n            aria-controls="OSPFInterfaceConfigurationTable_config"\n            aria-expanded="false"\n        >\n            <span class="mdi mdi-cog" aria-hidden="true"></span>\n            <span class="visually-hidden">Configure</span>\n        </button>\n                            </th>\n                        \n                    \n                    \n                </tr>\n            </thead>\n        \n        <tbody>\n            \n                <tr class="even">\n                    \n                        <td ><a href="/plugins/nautobot-igp-models/ospf-configuration/02a058cd-334d-4be7-8376-50546495dc03/">OSPF 1 on router1</a></td>\n                    \n                        <td ><a href="/dcim/interfaces/099918a0-7bcf-46f8-a377-80f3c8c6381c/">GigabitEthernet1</a></td>\n                    \n                        <td >0.0.0.0</td>\n                    \n                        <td >1</td>\n                    \n                        <td >\n    \n    \n        <span class="badge" style="color: #ffffff; background-color: #4caf50">\n            Active\n        </span>\n    \n    </td>\n                    \n                        <td class="d-print-none nb-actions nb-w-0 text-end text-nowrap">\n    <div class="dropdown">\n        <button class="btn dropdown-toggle" type="button" data-bs-toggle="dropdown" aria-expanded="false">\n            <span class="mdi mdi-dots-vertical" aria-hidden="true"></span>\n            <span class="visually-hidden">Toggle Dropdown</span>\n        </button>\n        <ul class="dropdown-menu dropdown-menu-end">\n            \n            \n            \n            \n        </ul>\n    </div>\n\n    </td>\n                    \n                    \n                </tr>\n            \n                <tr class="odd">\n                    \n                        <td ><a href="/plugins/nautobot-igp-models/ospf-configuration/bebf3c55-c1e9-494f-a62f-a57c9634ab0d/">OSPF 1 on router2</a></td>\n                    \n                        <td ><a href="/dcim/interfaces/7debe532-1bb8-4218-9e65-9d3759f514ab/">GigabitEthernet1</a></td>\n                    \n                        <td >0.0.0.0</td>\n                    \n                        <td >1</td>\n                    \n                        <td >\n    \n    \n        <span class="badge" style="color: #ffffff; background-color: #4caf50">\n            Active\n        </span>\n    \n    </td>\n                    \n                        <td class="d-print-none nb-actions nb-w-0 text-end text-nowrap">\n    <div class="dropdown">\n        <button class="btn dropdown-toggle" type="button" data-bs-toggle="dropdown" aria-expanded="false">\n            <span class="mdi mdi-dots-vertical" aria-hidden="true"></span>\n            <span class="visually-hidden">Toggle Dropdown</span>\n        </button>\n        <ul class="dropdown-menu dropdown-menu-end">\n            \n            \n            \n            \n        </ul>\n    </div>\n\n    </td>\n                    \n                    \n                </tr>\n            \n                <tr class="even">\n                    \n                        <td ><a href="/plugins/nautobot-igp-models/ospf-configuration/ec2987d3-f9ac-4b83-81c2-882c7ec56119/">OSPF 1 on router3</a></td>\n                    \n                        <td ><a href="/dcim/interfaces/3bce600f-9f21-4dcb-897d-5b961c32cdd6/">GigabitEthernet1</a></td>\n                    \n                        <td >0.0.0.0</td>\n                    \n                        <td >1</td>\n                    \n                        <td >\n    \n    \n        <span class="badge" style="color: #ffffff; background-color: #4caf50">\n            Active\n        </span>\n    \n    </td>\n                    \n                        <td class="d-print-none nb-actions nb-w-0 text-end text-nowrap">\n    <div class="dropdown">\n        <button class="btn dropdown-toggle" type="button" data-bs-toggle="dropdown" aria-expanded="false">\n            <span class="mdi mdi-dots-vertical" aria-hidden="true"></span>\n            <span class="visually-hidden">Toggle Dropdown</span>\n        </button>\n        <ul class="dropdown-menu dropdown-menu-end">\n            \n            \n            \n            \n        </ul>\n    </div>\n\n    </td>\n                    \n                    \n                </tr>\n            \n        </tbody>\n        \n    </table>\n\n\n    </div>\n    \n</div>\n\n                \n            \n            \n\n<div class="paginator align-items-center d-flex fs-5 gap-10 justify-content-end mt-16 text-secondary">\n    \n        <div>\n            Showing 1-3 of 3\n        </div>\n        <div class="vr border-start my-8"></div>\n    \n    <form class="align-items-center d-flex gap-4" method="get">\n        \n            \n                \n                    <input type="hidden" name="ice_cream_flavor" value="chocolate" />\n                \n            \n        \n        <select name="per_page" id="per_page" class="form-select">\n            \n                <option value="65000" selected="selected">65000</option>\n            \n            \n                <option value="25">25</option>\n            \n                <option value="50">50</option>\n            \n                <option value="100">100</option>\n            \n                <option value="250">250</option>\n            \n                <option value="500">500</option>\n            \n                <option value="1000">1000</option>\n            \n        </select>\n        per page\n    </form>\n    \n</div>\n\n            <div class="clearfix"></div>\n        \n    </div>\n    \n        \n\n\n<div class="modal fade" tabindex="-1" id="saved_view_modal" role="dialog">\n    <div class="modal-dialog modal-lg">\n        <div class="modal-content">\n            <div class="modal-header">\n                <h4 class="modal-title">New Saved View</h4>\n                <button type="button" class="btn-close" data-bs-dismiss="modal" aria-label="Close"></button>\n            </div>\n            <form action="/extras/saved-views/add/" method="post">\n                <div class="modal-body">\n                    <input type="hidden" name="csrfmiddlewaretoken" value="YdRmAfxDvMpACjsEgvWT3fkMVyOdMsqgDrKl6BvCxI4l9tmBCNW680r1Scsboa6q">\n                    <div class="row">\n                        \n\n<div class="mb-10 d-md-flex justify-content-center">\n    \n        <label class="col-md-3 col-form-label nb-required" for="id_name">\n            Name\n        </label>\n        <div class="col-md-9">\n            <input type="text" name="name" maxlength="255" class="form-control" required placeholder="Name" id="id_name">\n            \n            \n                <span class="form-text">The name of this view</span>\n            \n    \n    \n</div>\n</div>\n\n                        <span class="col-lg-3 text-end text-secondary">New Changes</span>\n                        <div class="col-lg-9">\n                            <pre><code class="language-json">{\n    &quot;filter_params&quot;: {\n        &quot;ice_cream_flavor&quot;: [\n            &quot;chocolate&quot;\n        ]\n    },\n    &quot;per_page&quot;: 65000,\n    &quot;sort_order&quot;: [],\n    &quot;table_config&quot;: null\n}</code></pre>\n                        </div>\n                        \n\n<div class="mb-10 d-md-flex justify-content-center">\n    \n        <div class="col-md-9 offset-md-3">\n            <div class="form-check mt-6">\n                <input type="checkbox" name="is_shared" class="form-check-input" placeholder="Is shared" id="id_is_shared">\n                <label class="form-check-label" for="id_is_shared">\n                    Is shared\n                </label>\n            </div>\n            \n            \n                <span class="form-text">If checked, all users will be able to see this saved view</span>\n            \n    \n    \n</div>\n</div>\n\n                        <input type="hidden" id="view" name="view" value="plugins:nautobot_igp_models:ospfinterfaceconfiguration_list">\n                        <input type="hidden" id="params" name="params" value="ice_cream_flavor=chocolate">\n                    </div>\n                </div>\n                <div class="modal-footer">\n                    <button type="submit" class="btn btn-primary">\n                        <span aria-hidden="true" class="mdi mdi-content-save-plus-outline me-4"></span><!--\n                        -->Save\n                    </button>\n                    <button class="btn btn-secondary" data-bs-dismiss="modal" type="button">\n                        <span aria-hidden="true" class="mdi mdi-close me-4"></span><!--\n                        -->Cancel\n                    </button>\n                </div>\n            </form>\n        </div>\n    </div>\n</div>\n\n    \n    \n\n<div class="modal fade" tabindex="-1" role="dialog" id="dynamic_group_assignment_modal">\n    <div class="modal-dialog modal-lg" role="document">\n        <div class="modal-content">\n            <div class="modal-header">\n                <button type="button" class="btn-close" data-bs-dismiss="modal" aria-label="Close">\n                </button>\n                <h4 class="modal-title">Static Assignment to Dynamic Groups</h4>\n            </div>\n            <form id="dynamic_group_assignment_form" action="/extras/dynamic-groups/assign-members/?"\n                  method="post" class="form form-horizontal">\n                <div class="modal-body">\n                    <input type="hidden" name="csrfmiddlewaretoken" value="YdRmAfxDvMpACjsEgvWT3fkMVyOdMsqgDrKl6BvCxI4l9tmBCNW680r1Scsboa6q">\n                    <input type="hidden" name="return_url" value="/plugins/nautobot-igp-models/ospf-interface-configuration/?ice_cream_flavor=chocolate">\n                    <input type="hidden" id="dynamic_group_assignment_all" name="_all">\n                    <span id="dynamic_group_assignment_pks"></span>\n                    \n                        <input type="hidden" name="content_type" value="195" class="form-control" required="required" placeholder="None" id="id_content_type">\n                    \n                        \n                    \n                    \n\n<div class="mb-10 d-md-flex justify-content-center">\n    \n        <label class="col-md-3 col-form-label" for="id_add_to_groups">\n            Add to existing group(s)\n        </label>\n        <div class="col-md-9">\n            <select name="add_to_groups" class="nautobot-select2-api" data-multiple="1" data-query-param-group_type="[&quot;static&quot;]" data-query-param-content_type="[&quot;nautobot_igp_models.ospfinterfaceconfiguration&quot;]" data-query-param-exclude_m2m="[&quot;true&quot;]" display-field="display" data-depth="0" data-url="/api/extras/dynamic-groups/" id="id_add_to_groups" multiple>\n</select>\n            \n            \n    \n    \n</div>\n</div>\n\n                    \n\n<div class="mb-10 d-md-flex justify-content-center">\n    \n        <label class="col-md-3 col-form-label" for="id_create_and_assign_to_new_group_name">\n            Create a new group\n        </label>\n        <div class="col-md-9">\n            <input type="text" name="create_and_assign_to_new_group_name" class="form-control" placeholder="Create a new group" id="id_create_and_assign_to_new_group_name">\n            \n            \n                <span class="form-text">Create a new group with this name and assign the selected objects to it.</span>\n            \n    \n    \n</div>\n</div>\n\n                    \n\n<div class="mb-10 d-md-flex justify-content-center">\n    \n        <label class="col-md-3 col-form-label" for="id_remove_from_groups">\n            Remove from group(s)\n        </label>\n        <div class="col-md-9">\n            <select name="remove_from_groups" class="nautobot-select2-api" data-multiple="1" data-query-param-group_type="[&quot;static&quot;]" data-query-param-content_type="[&quot;nautobot_igp_models.ospfinterfaceconfiguration&quot;]" data-query-param-exclude_m2m="[&quot;true&quot;]" display-field="display" data-depth="0" data-url="/api/extras/dynamic-groups/" id="id_remove_from_groups" multiple>\n</select>\n            \n            \n    \n    \n</div>\n</div>\n\n                </div>\n                <div class="modal-footer">\n                    <button type="submit" class="btn btn-primary">\n                        <span class="mdi mdi-group" aria-hidden="true"></span> Apply\n                    </button>\n                    <button type="button" class="btn btn-secondary" id="dynamic_group_assignment_cancel">\n                        <span class="mdi mdi-close-thick" aria-hidden="true"></span> Cancel\n                    </button>\n                </div>\n            </form>\n        </div>\n    </div>\n</div>\n\n\n        </main>\n        \n            \n        \n        \n\n\n\n' : 


        <div id="drawer">
            
    



<section class="nb-drawer" tabindex="-1" id="FilterForm_drawer">
    <div class="nb-drawer-header">
        <h1>Filters</h1>
        <button type="button" class="btn-close" data-nb-dismiss="drawer" aria-label="Close"></button>
    </div>
    <div class="nb-drawer-body">
        <ul id="filter-tabs" class="nav nav-tabs">
            
                <li role="presentation" class="nav-item">
                    <a class="nav-link active"  href="#default-filter" role="tab" data-bs-toggle="tab">
                        Basic
                    </a>
                </li>
            
            
                <li role="presentation" class="nav-item">
                    <a class="nav-link position-relative" href="#advanced-filter" role="tab" data-bs-toggle="tab">
                        Advanced
                        
    <span
        aria-hidden="true"
        class="end-0 me-2 mt-2 top-0 nb-btn-indicator"
        data-bs-toggle="tooltip"
        data-bs-title="Some of the applied filters can only be viewed in Advanced"
    ></span>


                    </a>
                </li>
            
        </ul>
        <div class="tab-content h-100">
            
                <div id="default-filter" role="tabpanel" class="tab-pane fade show active h-100 p-20">
                    

<form class="h-100 vstack">
    <div class="align-content-start flex-fill pb-20">
        
        
            
                <div class="nb-form-group">
                    
                        <label for="id_ospf_config">OSPF Configuration</label>
                        <select name="ospf_config" class="nautobot-select2-api form-control" data-query-param-exclude_m2m="[&quot;true&quot;]" display-field="display" data-depth="0" placeholder="OSPF Configuration" data-url="/api/plugins/nautobot-igp-models/ospf-configurations/" id="id_ospf_config">
  <option value=""
         selected
        >---------</option>

</select>
                    
                </div>
            
        
            
                <div class="nb-form-group">
                    
                        <label for="id_interface">Interface</label>
                        <select name="interface" class="nautobot-select2-api form-control" data-query-param-device_id="[&quot;$ospf_config__instance__device&quot;]" data-query-param-exclude_m2m="[&quot;true&quot;]" display-field="display" data-depth="0" placeholder="Interface" data-url="/api/dcim/interfaces/" id="id_interface">
  <option value=""
         selected
        >---------</option>

</select>
                    
                </div>
            
        
            
                <div class="nb-form-group">
                    
                        <label for="id_area">Area</label>
                        <input type="text" name="area" class="form-control" placeholder="Area" id="id_area">
                    
                </div>
            
        
            
                <div class="nb-form-group">
                    
                        <label for="id_cost">Cost</label>
                        <input type="number" name="cost" class="form-control" placeholder="Cost" id="id_cost">
                    
                </div>
            
        
            
                <div class="nb-form-group">
                    
                        <label for="id_contacts">Contacts</label>
                        <select name="contacts" class="nautobot-select2-api form-control" data-multiple="1" data-query-param-exclude_m2m="[&quot;true&quot;]" display-field="display" value-field="name" data-depth="0" placeholder="None" data-url="/api/extras/contacts/" id="id_contacts" multiple>
</select>
                    
                </div>
            
        
            
                <div class="nb-form-group">
                    
                        <label for="id_teams">Teams</label>
                        <select name="teams" class="nautobot-select2-api form-control" data-multiple="1" data-query-param-exclude_m2m="[&quot;true&quot;]" display-field="display" value-field="name" data-depth="0" placeholder="None" data-url="/api/extras/teams/" id="id_teams" multiple>
</select>
                    
                </div>
            
        
    </div>
    <div class="justify-content-between mb-n20 nb-form-sticky-footer">
        <button type="submit" class="btn btn-primary">
            <span class="mdi mdi-check me-4" aria-hidden="true"></span><!--
            -->Apply Specified
        </button>
        <button type="reset" class="btn btn-secondary">
            <span aria-hidden="true" class="mdi mdi-close me-4"></span><!--
            -->Clear All
        </button>
    </div>
</form>

                </div>
            
            
                <div id="advanced-filter" role="tabpanel" class="tab-pane fade h-100 p-20">
                    <form class="h-100 vstack" id="dynamic-filter-form">
                        <div class="align-content-start flex-fill pb-20">
                            <input type="hidden" name="form-TOTAL_FORMS" value="1" id="id_form-TOTAL_FORMS"><input type="hidden" name="form-INITIAL_FORMS" value="0" id="id_form-INITIAL_FORMS"><input type="hidden" name="form-MIN_NUM_FORMS" value="0" id="id_form-MIN_NUM_FORMS"><input type="hidden" name="form-MAX_NUM_FORMS" value="1000" id="id_form-MAX_NUM_FORMS">
                            
                                <div class="nb-form-group">
                                    <label for="id_form-0-lookup_field">Field</label>
                                    <select name="form-0-lookup_field" class="nautobot-select2-static lookup_field-select" placeholder="Field" id="id_form-0-lookup_field">
  <option value="" selected>---------</option>

  <option value="contacts">Contacts (name or ID)</option>

  <option value="cost">Cost</option>

  <option value="created">Created</option>

  <option value="dynamic_groups">Dynamic groups (name or ID)</option>

  <option value="id">Id</option>

  <option value="interface">Interface</option>

  <option value="last_updated">Last updated</option>

  <option value="area">OSPF Area</option>

  <option value="ospf_config_name">OSPF Configuration</option>

  <option value="status">Status (ID)</option>

  <option value="teams">Teams (name or ID)</option>

</select>
                                </div>
                            
                                <div class="nb-form-group">
                                    <label for="id_form-0-lookup_type">Lookup type</label>
                                    <select name="form-0-lookup_type" class="nautobot-select2-api lookup_type-select" placeholder="None" data-query-param-field_name="[&quot;$lookup_field&quot;]" data-contenttype="nautobot_igp_models.ospfinterfaceconfiguration" data-url="/api/core/filterset-fields/lookup-choices/" id="id_form-0-lookup_type">
</select>
                                </div>
                            
                                <div class="nb-form-group">
                                    <label for="id_form-0-lookup_value">Value</label>
                                    <input type="text" name="form-0-lookup_value" class="form-control lookup_value-input form-control" placeholder="Value" id="id_form-0-lookup_value">
                                </div>
                            
                            <button class="nb-dynamic-filter-add btn btn-primary d-block ms-auto my-20" type="button">
                                <span aria-hidden="true" class="mdi mdi-plus me-4"></span><!--
                                -->Add Filter
                            </button>
                            <hr class="border-top my-20">
                            <div class="nb-dynamic-filter-items d-flex flex-wrap gap-10">
                                
                                    
                                        <span class="badge nb-multi-badge" data-nb-field="ice_cream_flavor">
                                            <button class="nb-dynamic-filter-remove" type="button">
                                                <span aria-hidden="true" class="mdi mdi-close"></span>
                                                <span class="visually-hidden">Remove All</span>
                                            </button>
                                            ice_cream_flavor:
                                            <span class="nb-multi-badge-items">
                                                
                                                    <span class="badge" data-nb-value="chocolate"><!--
                                                        --><button class="nb-dynamic-filter-remove" type="button">
                                                        <span aria-hidden="true" class="mdi mdi-close"></span>
                                                        <span class="visually-hidden">Remove</span>
                                                    </button><!--
                                                        -->chocolate<!--
                                                        --><input name="ice_cream_flavor" type="hidden" value="chocolate">
                                                    </span>
                                                
                                            </span>
                                        </span>
                                    
                                
                            </div>
                        </div>

                        <div class="d-print-none justify-content-between mb-n20 nb-form-sticky-footer">
                            <button type="submit" class="btn btn-primary">
                                <span class="mdi mdi-check me-4" aria-hidden="true"></span><!--
                                -->Apply Specified
                            </button>
                            <button type="reset" class="btn btn-secondary">
                                <span aria-hidden="true" class="mdi mdi-close me-4"></span><!--
                                -->Clear All
                            </button>
                        </div>
                    </form>
                </div>
            
        </div>
    </div>
</section>


    <script>
        (() => {
            document.addEventListener('DOMContentLoaded', () => {
                const NON_FILTER_PARAMS = [
                    'all_filters_removed',
                    'clear_view',
                    'per_page',
                    'saved_view',
                    'sort',
                    'table_changes_pending',
                ];

                /**
                 * Insert given `element` as `parent`'s first child.
                 * @param {HTMLElement} element - Element to be inserted.
                 * @param {HTMLElement} parent - Parent container for given `element`.
                 * @returns {void} Do not return any value, modify DOM in-place.
                 */
                const insertFirst = (element, parent) => {
                    parent.hasChildNodes() ? parent.insertBefore(element, parent.firstElementChild) : parent.appendChild(element);
                };

                /**
                 * Get HTML elements for default and dynamic filter forms.
                 * @returns {object} Object with `defaultFilterForm` and `dynamicFilterForm` HTML elements or `null`,
                 *   depending on their actual existence in the DOM.
                 */
                const getFilterForms = () => ({
                    defaultFilterForm: document.querySelector('#default-filter form'),
                    dynamicFilterForm: document.querySelector('#dynamic-filter-form'),
                });

                const prepopulateFilterSelectsFromURL = (() => {
                    const { defaultFilterForm } = getFilterForms();
                    const urlParams = new URLSearchParams(window.location.search);
                    // Only target Select2 controls inside the default filter form.
                    [...defaultFilterForm.querySelectorAll('select.nautobot-select2-multi-value-char')].forEach((el) => {
                        const name = el.getAttribute('name');
                        if (!name) { return; }
                        const values = urlParams.getAll(name);
                        if (!values.length) { return; }
                        values.forEach((val) => {
                            let found = Array.prototype.find.call(el.options, (opt) => {
                                return String(opt.value) === String(val);
                            });
                            if (found) {
                                found.selected = true;
                            } else {
                                el.add(new Option(val, val, true, true));
                            }
                        });
                        if (window.jQuery && $(el).data('select2')) {
                            $(el).trigger('change');
                        }
                    });
                })();

                /**
                 * Synchronize given `filter` value from default to dynamic filter form.
                 * @param {string} name - Filter name.
                 * @returns {void} Do not return any value, just set given field values.
                 */
                const syncDefaultToDynamic = (name) => {
                    const { defaultFilterForm } = getFilterForms();

                    const field = defaultFilterForm.querySelector(`[name="${name}"]`);
                    const text = field?.closest('.nb-form-group')?.querySelector('label')?.innerText?.trim();
                    /*
                     * `manageDynamicFilter` takes an array of `{ text: string, value: string }` objects as `value`, so
                     * regardless of field being a textbox, a single or multiple choice combobox, conversion is required:
                     *   1. For combobox (i.e. `<select>`), iterate over selected options and map them to display `text`
                     *     and underlying `value`.
                     *   2. For textbox (i.e. `<input>` or `<textarea>`):
                     *     1. Use entered value as both display `text` and underlying `value`.
                     *     2. If field is empty, use an empty array.
                     */
                    const value =
                        field?.tagName === 'SELECT'
                        ? [...field.selectedOptions].map((option) => ({ text: option.innerText, value: option.value }))
                        : [...(field?.value ? [{ text: field.value, value: field.value }] : [])];

                    manageDynamicFilter({ action: 'set', name, text, value });
                };

                /**
                 * Synchronize given `filter` value from dynamic to default filter form.
                 * @param {string} name - Filter name.
                 * @returns {void} Do not return any value, just set given field values.
                 */
                const syncDynamicToDefault = (name) => {
                    const { defaultFilterForm, dynamicFilterForm } = getFilterForms();

                    const current = [...dynamicFilterForm.querySelectorAll(`input[name="${name}"][type="hidden"]`)].map(
                        (input) => ({
                            text: [...(input.parentElement?.childNodes ?? [])].find((node) => node.nodeName === '#text')?.wholeText,
                            value: input.getAttribute('value'),
                        }),
                    );

                    const sync = defaultFilterForm?.querySelector(`[name=${name}]`);

                    if (sync?.tagName === 'INPUT' || sync?.tagName === 'TEXTAREA') {
                        sync.value = current.length > 0 ? current[0].value : '';
                    } else if (sync?.tagName === 'SELECT') {
                        window.nb.select2.setSelect2Value(sync, current);
                    }
                };

                /**
                 * Manage dynamic filter either by adding values to the existing selection or by setting passed values
                 * regardless of previous selection.
                 * @param {'add'|'set'} action - Use `'add'` to add given value to the existing selection; use `'set'`
                 *   to set given value regardless of what was set previously.
                 * @param {string} name - Filter field name.
                 * @param {string} text - Filter display text.
                 * @param {object[]} value - Array of objects containing `text` and `value` key-value pairs.
                 */
                const manageDynamicFilter = ({ action, name, text, value }) => {
                    const { dynamicFilterForm } = getFilterForms();
                    const items = dynamicFilterForm.querySelector('.nb-dynamic-filter-items');

                    const group = (() => {
                        const existing = items.querySelector(`.nb-multi-badge[data-nb-field="${name}"]`);
                        if (existing) {
                            return existing;
                        }

                        const group = document.createElement('span');
                        group.classList.toggle('badge', true);
                        group.classList.toggle('nb-multi-badge', true);
                        group.setAttribute('data-nb-field', name);

                        const button = document.createElement('button');
                        button.classList.toggle('nb-dynamic-filter-remove', true);
                        button.setAttribute('type', 'button');

                        const close = document.createElement('span');
                        close.classList.toggle('mdi', true);
                        close.classList.toggle('mdi-close', true);
                        close.setAttribute('aria-hidden', 'true');

                        const remove = document.createElement('span');
                        remove.classList.toggle('visually-hidden', true);
                        remove.innerText = 'Remove All';

                        const children = document.createElement('span');
                        children.classList.toggle('nb-multi-badge-items', true);

                        button.appendChild(close);
                        button.appendChild(remove);
                        group.appendChild(button);
                        group.insertAdjacentText('beforeend', `${text}:`);
                        group.appendChild(children);

                        return group;
                    })();

                    const children = group.querySelector('.nb-multi-badge-items');
                    const existing = [...children.querySelectorAll('.badge[data-nb-value]')];

                    /*
                     * Depending on `action` remove the following badges:
                     *   1. For `'add'`, remove already existing filters with the same key-value pairs and re-create them later.
                     *   2. For `'set'`, remove all existing filters of given key and apply only these passed as `values`.
                     */
                    const badgesToRemove =
                        action === 'add'
                        ? existing.filter((badge) => value.some((item) => badge.getAttribute('data-nb-value') === item.value))
                        : existing;
                    badgesToRemove.forEach((item) => children.removeChild(item));

                    value.forEach(({ text, value }) => {
                        const badge = document.createElement('span');
                        badge.classList.toggle('badge', true);
                        badge.setAttribute('data-nb-value', value);

                        const input = document.createElement('input');
                        input.setAttribute('name', name);
                        input.setAttribute('type', 'hidden');
                        input.setAttribute('value', value);

                        const button = document.createElement('button');
                        button.classList.toggle('nb-dynamic-filter-remove', true);
                        button.setAttribute('type', 'button');

                        const close = document.createElement('span');
                        close.classList.toggle('mdi', true);
                        close.classList.toggle('mdi-close', true);
                        close.setAttribute('aria-hidden', 'true');

                        const remove = document.createElement('span');
                        remove.classList.toggle('visually-hidden', true);
                        remove.innerText = 'Remove';

                        button.appendChild(close);
                        button.appendChild(remove);
                        badge.appendChild(button);
                        badge.insertAdjacentText('beforeend', text);
                        badge.appendChild(input);

                        insertFirst(badge, children);
                    });

                    // If group already exists, remove it and later insert as the first child.
                    if (items.contains(group)) {
                        items.removeChild(group);
                    }

                    if (children.hasChildNodes()) {
                        insertFirst(group, items);
                    }
                };

                document.addEventListener('click', (event) => {
                    const { defaultFilterForm, dynamicFilterForm } = getFilterForms();

                    const add = event.target.closest('button.nb-dynamic-filter-add');
                    if (add) {
                        const field = dynamicFilterForm.querySelector('[name$="lookup_field"]');
                        const type = dynamicFilterForm.querySelector('[name$="lookup_type"]');
                        const value = [...dynamicFilterForm.querySelectorAll('.nb-form-group')]
                            .pop()
                        ?.querySelector('input, select, textarea');

                        const isMissing = (control) =>
                        control?.selectedOptions ? control.selectedOptions.length === 0 : !control?.value;
                        if (isMissing(field) || isMissing(type) || isMissing(value)) {
                            // Return early if selected filter is not complete (i.e. is missing lookup field, type or value).
                            return;
                        }

                        const name = type.selectedOptions[0].value;
                        const label = field.selectedOptions[0].innerText.trim();
                        const suffix = type.selectedOptions[0].innerText.trim();
                        const text = /\(\w+\)/.test(suffix) ? `${label} ${suffix}` : label;
                        const values =
                            value?.getAttribute('multiple') !== null
                            ? [...value.selectedOptions].map((option) => ({ text: option.innerText.trim(), value: option.value }))
                            : [{ text: value?.value, value: value?.value }];

                        // If field exists in default filter form and is a single value input, use `'set'` action.
                        const action =
                            defaultFilterForm.querySelector(`[name="${name}"]`) &&
                        (value.tagName === 'INPUT' || value.tagName === 'TEXTAREA')
                            ? 'set'
                            : 'add';
                        manageDynamicFilter({ action, name, text, value: values });

                        syncDynamicToDefault(name);
                    }

                    const remove = event.target.closest('button.nb-dynamic-filter-remove');
                    if (remove) {
                        const badge = remove.closest('.badge');
                        /*
                         * Remove the group badge (i.e. multi-badge) when given badge is the group badge itself, or it is the only
                         * one left in the group (i.e. has no siblings) because removing it will leave the group badge empty anyway.
                         */
                        const shouldRemoveGroup =
                            badge?.classList.contains('nb-multi-badge') ||
                        (!badge?.previousElementSibling && !badge?.nextElementSibling);
                        shouldRemoveGroup ? badge?.closest('.nb-multi-badge')?.remove() : badge?.remove();

                        syncDynamicToDefault(badge?.querySelector('input[type="hidden"]')?.getAttribute('name'));
                    }
                });

                // Need to wrap `document` with jQuery to be able to listen to Select2 `change` event.
                $(document).on('change', (event) => {
                    const { defaultFilterForm } = getFilterForms();
                    const isDefaultFilterFormField = event.target.form === defaultFilterForm;
                    if (isDefaultFilterFormField) {
                        syncDefaultToDynamic(event.target.name);
                    }
                });

                // Need to wrap `document` with jQuery to be able to listen to Select2 `change` event.
                $(document).on('change', async (event) => {
                    const isLookupType = event.target.getAttribute('name')?.endsWith('lookup_type');
                    if (isLookupType) {
                        const content_type = event.target.getAttribute('data-contenttype');
                        const field_name = event.target.value;
                        const value = [...event.target.form.querySelectorAll('.nb-form-group')]
                            .pop()
                        ?.querySelector('input, select, textarea');

                        if (field_name) {
                            const replacement = await (async () => {
                                try {
                                    const response = await window.fetch(
                                        `/api/ui/core/filterset-fields/lookup-value-dom-element/?${new URLSearchParams({ content_type, field_name })}`,
                                        { method: 'GET', headers: { Accept: '*/*' } },
                                    );

                                    const html = await response.json();

                                    const element = document.createElement('div');
                                    element.innerHTML = html;

                                    return element.firstElementChild;
                                } catch (exception) {
                                    // Default to `<input type="text" ...>` field if error occurs.
                                    const input = document.createElement('input');
                                    input.classList.toggle('lookup_value-input', true);
                                    input.classList.toggle('form-control', true);
                                    input.setAttribute('id', `id_for_${field_name}`);
                                    input.setAttribute('name', field_name);
                                    input.setAttribute('type', 'text');
                                    return input;
                                }
                            })();

                            value.replaceWith(replacement);
                            replacement.nextElementSibling?.remove(); // Remove Select2 widget if present.
                            replacement.previousElementSibling?.setAttribute('for', replacement.getAttribute('id')); // Set label `for` attribute to match field `id`.
                            initializeInputs(replacement.parentElement);
                        }
                    }
                });

                // Need to wrap `document` with jQuery to be able to listen to Select2 `change` event.
                $(document).on('change', (event) => {
                    const isLookupField = event.target.getAttribute('name')?.endsWith('lookup_field');
                    const isLookupType = event.target.getAttribute('name')?.endsWith('lookup_type');

                    if (isLookupField) {
                        const type = event.target.form.querySelector('[name$="lookup_type"]');
                        $(type).val(null).trigger('change');
                    }

                    if (isLookupField || isLookupType) {
                        const value = [...event.target.form.querySelectorAll('.nb-form-group')]
                            .pop()
                        ?.querySelector('input, select, textarea');

                        if (value.tagName === 'SELECT') {
                            $(value).val(null).trigger('change');
                        } else {
                            value.value = '';
                        }
                    }
                });

                const isFilterForm = (target) => Boolean(target?.closest('#FilterForm_drawer'));

                document.addEventListener('reset', (event) => {
                    if (isFilterForm(event.target)) {
                        event.preventDefault();

                        // Remove all filter query params from location search while keeping non-filter params intact.
                        const searchParams = new URLSearchParams(window.location.search);
                        const nextSearchParams = new URLSearchParams([
                            ...[...searchParams].filter(
                                ([property]) => NON_FILTER_PARAMS.includes(property) && property !== 'all_filters_removed',
                            ),
                            ['all_filters_removed', 'true'],
                        ]);

                        location.assign(`?${nextSearchParams}`);
                    }
                });

                document.addEventListener('submit', (event) => {
                    if (isFilterForm(event.target)) {
                        event.preventDefault();

                        const { defaultFilterForm, dynamicFilterForm } = getFilterForms();

                        /*
                         * Just before the form submission automatically add filter selected in "Advanced" tab (if any)
                         * which hasn't been manually applied for whatever reason (usually forgetfulness, speed, etc.).
                         * This is a requested UX flavor.
                         */
                        const add = dynamicFilterForm.querySelector('button.nb-dynamic-filter-add');
                        add.click();

                        // Remove all field names which are not applied filters container descendants.
                        [...dynamicFilterForm.querySelectorAll('input, select, textarea')].forEach((field) =>
                            field.closest('.nb-dynamic-filter-items') ? undefined : field.removeAttribute('name'),
                        );

                        /*
                         * Get the serialized data from the forms and:
                         *   1) Filter out query params which values are empty e.g `?sam=&dan=2` becomes `dan=2`.
                         *   2) Combine the two forms into a single set of data without duplicate entries.
                         */
                        const defaultFilterFormSearchParams = new URLSearchParams(new FormData(defaultFilterForm));
                        const dynamicFilterFormSearchParams = new URLSearchParams(new FormData(dynamicFilterForm));
                        const searchParams = new URLSearchParams(window.location.search);

                        const nextSearchParams = new URLSearchParams([
                            ...[...defaultFilterFormSearchParams].filter(([, value]) => value !== ''),
                            ...[...dynamicFilterFormSearchParams].filter(
                                ([property, value]) => value !== '' && !defaultFilterFormSearchParams.has(property, value),
                            ),
                            ...[...searchParams].filter(
                                ([property]) => NON_FILTER_PARAMS.includes(property) && property !== 'all_filters_removed',
                            ),
                        ]);

                        if (nextSearchParams.has('saved_view')) {
                            const all_filters_removed = [...nextSearchParams].every(([property]) =>
                                NON_FILTER_PARAMS.includes(property),
                            );

                            if (all_filters_removed) {
                                nextSearchParams.set('all_filters_removed', 'true');
                            }
                        }

                        location.assign(`?${nextSearchParams}`);
                    }
                });

                const onSubmitOrReset = (event) => (isFilterForm(event.target) ? window.nb?.history?.saveState() : undefined);
                document.addEventListener('reset', onSubmitOrReset);
                document.addEventListener('submit', onSubmitOrReset);
            });
        })();
    </script>


    
        


<section class="nb-drawer" tabindex="-1" id="OSPFInterfaceConfigurationTable_config">
    <div class="nb-drawer-header">
        <h1>Table Configuration</h1>
        <button type="button" class="btn-close" data-nb-dismiss="drawer" aria-label="Close"></button>
    </div>
    <div class="nb-drawer-body">
        <form class="userconfigform h-100 pb-20 px-20 vstack" data-config-root="tables.OSPFInterfaceConfigurationTable">
            <div class="row align-content-start flex-fill">
                <div class="col-12">
                    <div class="alert alert-warning">
                        Column choices may negatively affect loading times.
                        <a href="/static/docs/user-guide/platform-functionality/user-interface/configurablecolumns.html" class="btn btn-link btn-sm" target="_blank" rel="noopener">
                            <span class="mdi mdi-information"></span>
                        </a>
                    </div>
                </div>
                <div class="col-12">
                    
                        <select name="columns" size="20" class="form-control" placeholder="None" id="id_columns" multiple>
  <option value="ospf_config" selected>Ospf config</option>

  <option value="interface" selected>Interface</option>

  <option value="area" selected>Area</option>

  <option value="cost" selected>Cost</option>

  <option value="status" selected>Status</option>

  <option value="dynamic_group_count">Dynamic Groups</option>

</select>
                        <span class="form-text mt-8">Use the buttons below to arrange columns in the desired order, then select all columns to display.</span>
                        <div class="hstack gap-4 mt-8 mx-n4">
                            
                            <button type="button" class="btn btn-primary btn-sm" id="move-option-up" data-target="id_columns"><span class="mdi mdi-arrow-up-bold me-4"></span>Move up</button>
                            <button type="button" class="btn btn-primary btn-sm" id="move-option-down" data-target="id_columns"><span class="mdi mdi-arrow-down-bold me-4"></span>Move down</button>
                            <button type="button" class="btn btn-success btn-sm" id="select-all-options" data-target="id_columns"><span class="mdi mdi-expand-all-outline me-4"></span>Select all</button>
                            
                        </div>
                    
                </div>
            </div>
            <div class="nb-form-sticky-footer">
                <input type="submit" class="btn btn-primary" value="Save">
                <input type="submit" class="btn btn-danger reset" value="Reset">
            </div>
        </form>
    </div>
</section>


    <script>
        (() => {
            document.addEventListener('DOMContentLoaded', () => {
                document.addEventListener('submit', (event) => {
                    if (event.target.closest('#OSPFInterfaceConfigurationTable_config')) {
                        // Keep the drawer open after page reload caused by form submission.
                        window.nb.history.saveState();
                    }
                });
            });
        })();
    </script>


    
    <section class="nb-drawer" tabindex="-1" id="SavedViews_drawer">
        <div class="nb-drawer-header">
            <h1>Saved Views</h1>
            <button type="button" class="btn-close" data-nb-dismiss="drawer" aria-label="Close"></button>
        </div>
        <div class="nb-drawer-body pb-20 px-20">
            <div class="align-items-start vstack flex-grow-0 gap-10">
                
            </div>
            
            <div class="align-items-start vstack gap-10">
                Actions:
                
                <a class="btn btn-secondary" href="" data-bs-toggle="modal" data-bs-target="#saved_view_modal">
                    <span class="mdi mdi-content-save-plus-outline me-4" aria-hidden="true"></span>Save As New
                </a>
                
            </div>
        </div>
    </section>

        </div>
        <header id="header">
            <div class="banner-alert-area">
                



    
        <div class="alert alert-info text-center" role="alert">
            <p>Local</p>
        </div>
    






                

            </div>
            <div class="container-fluid mb-12 mt-16">
                <div class="row">
                    <div id="page-title" class="col-4">
                        
                            


<h1 class="d-flex fs-2 gap-8 lh-sm py-6">
    <img
        alt="Nautobot chevron"
        class="align-self-start flex-grow-0 flex-shrink-0 my-n4"
        role="presentation"
        src="/static/img/nautobot_chevron.svg"
        style="width: 1.5rem;"
    />
    
        OSPF Interface Configurations
    
</h1>

                        
                    </div>
                    



    
        <form action="/search/" class="col-4 text-center" id="header_search" method="get" role="search">
            <label class="position-relative w-100">
                <input
                    aria-placeholder="Press Ctrl+K to search"
                    class="form-control nb-text-transparent"
                    name="q"
                    type="search"
                    value=""
                />
                <span class="align-items-center d-inline-flex gap-6 overflow-hidden px-12 py-6 pe-none position-absolute start-0 top-0 user-select-none w-100">
                    <span aria-hidden="true" class="mdi mdi-magnify text-secondary d-inline-flex"></span>
                    
                        
                            
                                
                                    
                                
                                    
                                
                                    
                                
                                    
                                
                                    
                                
                            
                                
                                    
                                
                                    
                                
                                    
                                
                            
                                
                                    
                                
                                    
                                
                                    
                                
                            
                                
                                    
                                
                                    
                                
                                    
                                
                            
                                
                                    
                                
                                    
                                
                            
                                
                                    
                                
                                    
                                
                                    
                                
                                    
                                
                            
                                
                                    
                                
                                    
                                
                                    
                                
                                    
                                
                                    
                                
                                    
                                
                                    
                                
                                    
                                
                                    
                                
                                    
                                
                            
                        
                            
                                
                                    
                                
                            
                                
                                    
                                
                            
                                
                                    
                                
                            
                                
                                    
                                
                                    
                                
                                    
                                
                            
                                
                                    
                                
                                    
                                
                            
                                
                                    
                                
                            
                        
                            
                                
                                    
                                
                                    
                                
                            
                                
                                    
                                
                                    
                                
                                    
                                
                                    
                                
                            
                                
                                    
                                
                                    
                                
                            
                                
                                    
                                
                                    
                                
                            
                                
                                    
                                
                            
                                
                                    
                                
                                    
                                
                                    
                                
                            
                        
                            
                                
                                    
                                
                                    
                                
                                    
                                
                                    
                                
                                    
                                        <span class="badge border" data-nb-link="/plugins/nautobot-igp-models/ospf-interface-configuration/"><!--
                                            -->in: OSPF Interface Configuration<!--
                                            --><button tabindex="-1" type="button">
                                            <span aria-hidden="true" class="mdi mdi-close"></span>
                                            <span class="visually-hidden">Remove</span>
                                        </button>
                                        </span>
                                    
                                
                            
                        
                            
                                
                                    
                                
                                    
                                
                                    
                                
                            
                                
                                    
                                
                                    
                                
                            
                        
                            
                                
                                    
                                
                                    
                                
                                    
                                
                            
                                
                                    
                                
                                    
                                
                                    
                                
                            
                        
                            
                                
                                    
                                
                                    
                                
                            
                        
                            
                                
                                    
                                
                                    
                                
                                    
                                
                                    
                                
                                    
                                
                            
                        
                            
                                
                                    
                                
                                    
                                
                            
                        
                            
                                
                                    
                                
                                    
                                
                                    
                                
                                    
                                
                                    
                                
                            
                        
                            
                                
                                    
                                
                                    
                                
                            
                                
                                    
                                
                                    
                                
                                    
                                
                            
                        
                            
                                
                                    
                                
                                    
                                
                                    
                                
                                    
                                
                            
                        
                            
                                
                                    
                                
                                    
                                
                            
                        
                            
                                
                                    
                                
                            
                                
                                    
                                
                            
                                
                                    
                                
                                    
                                
                                    
                                
                                    
                                
                                    
                                
                                    
                                
                            
                                
                                    
                                
                            
                                
                                    
                                
                                    
                                
                            
                                
                                    
                                
                                    
                                
                                    
                                
                                    
                                
                                    
                                
                            
                                
                                    
                                
                                    
                                
                                    
                                
                                    
                                
                            
                                
                                    
                                
                                    
                                
                            
                        
                            
                                
                                    
                                
                                    
                                
                                    
                                
                                    
                                
                                    
                                
                                    
                                
                            
                        
                            
                                
                                    
                                
                                    
                                
                            
                        
                    
                    <span
                        aria-hidden="true"
                        class="align-items-center d-inline-flex gap-4 text-nowrap text-secondary"
                    >
                        
                            Press <kbd class="mt-n1">Ctrl+K</kbd> to search
                        
                    </span>
                    <a class="align-items-center d-inline-flex ms-auto pe-auto"
                       href="/static/docs/user-guide/platform-functionality/user-interface/search.html"
                       target="_blank"
                       rel="noopener"
                    >
                        <span aria-hidden="true" class="mdi mdi-help-circle-outline text-secondary"></span>
                    </a>
                </span>
            </label>
        </form>
    

    <div class="col-4 text-end">
        <div class="dropdown">
            <button class="btn dropdown-toggle align-items-center d-inline-flex gap-6" type="button" data-bs-toggle="dropdown" aria-expanded="false">
                <span aria-hidden="true" class="mdi mdi-account text-secondary"></span>
                nautobotuser
            </button>
            <ul class="dropdown-menu dropdown-menu-end">
                <li><a class="dropdown-item" href="/about/"><span class="mdi mdi-information"></span>About Nautobot</a></li>
                <li><a class="dropdown-item" href="/user/profile/"><span class="mdi mdi-account-box"></span>Profile</a></li>
                <li><a class="dropdown-item" href="/extras/approver-dashboard/"><span class="mdi mdi-check-bold"></span>Approval Dashboard</a></li>
                
                <li class="dropdown-divider"></li>
                <li><a class="dropdown-item" href="/logout/"><span class="mdi mdi-logout"></span>Log out</a></li>
            </ul>
        </div>
    </div>


                    <div class="col-12">
                        
    

    

    

<nav aria-label="Breadcrumbs" class="mt-1">
    <ol class="breadcrumb">
        
            
                
            
        
    </ol>
</nav>


                    </div>
                </div>
            </div>
            
        </header>
        <main class="container-fluid wrapper" id="main-content" tabindex="-1">
            
    <div class="align-items-center d-flex gap-8 justify-content-end mb-16 d-print-none">
        
        

        <div class="btn-group">
            
                <button type="button" id="actions-dropdown" class="btn btn-primary dropdown-toggle" data-bs-toggle="dropdown">
                    Actions
                    <span class="mdi mdi-chevron-down" aria-hidden="true"></span>
                </button>
            
            <ul class="dropdown-menu dropdown-menu-end" role="menu">
                
                
                
                    
                        
    
        
        
        <li>
            <form action="/extras/jobs/nautobot.core.jobs.ExportObjectList/run/" method="post">
                <input type="hidden" name="csrfmiddlewaretoken" value="YdRmAfxDvMpACjsEgvWT3fkMVyOdMsqgDrKl6BvCxI4l9tmBCNW680r1Scsboa6q">
                <input type="hidden" name="content_type" value="195">
                <input type="hidden" name="query_string" value="ice_cream_flavor=chocolate">
                <input type="hidden" name="_schedule_type" value="immediately">
                <input type="hidden" name="export_format" value="csv">
                <button class="dropdown-item" type="submit">
                    <span class="mdi mdi-database-export text-secondary" aria-hidden="true"></span> Export as CSV
                </button>
            </form>
        </li>
        
    


                    
                
            </ul>
        </div>
        
        
        
            
            
        
        <div class="align-items-center d-flex gap-4">
            
                <button
                    type="button"
                    class="btn position-relative text-secondary"
                    data-nb-toggle="drawer"
                    data-nb-target="#SavedViews_drawer"
                    title="Saved Views"
                    aria-expanded="false"
                    aria-controls="SavedViews_drawer"
                >
                    <span class="mdi mdi-view-compact-outline" aria-hidden="true"></span>
                    <span class="visually-hidden">Saved Views</span>
                    
                </button>
            
            
                <button
                    type="button"
                    class="btn position-relative text-secondary"
                    data-nb-toggle="drawer"
                    data-nb-target="#FilterForm_drawer"
                    title="Add Filters"
                    id="id__filterbtn"
                    aria-controls="FilterForm_drawer"
                    aria-expanded="false"
                >
                    <span class="mdi mdi-filter" aria-hidden="true"></span>
                    <span class="visually-hidden">Add Filters</span>
                    
                        <span aria-hidden="true" class="nb-btn-indicator"></span>
                    
                </button>
            
        </div>
    </div>

    

    <div>
        
            
                
                    


<div class="card mb-3">
    
    <div class="table-responsive">
        



    <table class="table table-hover nb-table-headings">
        
            <thead>
                <tr>
                    
                        
                            
                                <th class="orderable"><a href="?ice_cream_flavor=chocolate&amp;sort=ospf_config" data-column-name="ospf_config">Ospf config</a></th>
                            
                        
                    
                        
                            
                                <th class="orderable"><a href="?ice_cream_flavor=chocolate&amp;sort=interface" data-column-name="interface">Interface</a></th>
                            
                        
                    
                        
                            
                                <th class="orderable"><a href="?ice_cream_flavor=chocolate&amp;sort=area" data-column-name="area">Area</a></th>
                            
                        
                    
                        
                            
                                <th class="orderable"><a href="?ice_cream_flavor=chocolate&amp;sort=cost" data-column-name="cost">Cost</a></th>
                            
                        
                    
                        
                            
                                <th class="orderable"><a href="?ice_cream_flavor=chocolate&amp;sort=status" data-column-name="status">Status</a></th>
                            
                        
                    
                        
                            <th class="nb-actionable nb-w-0 orderable">
                                <button
            type="button"
            class="btn border-0 float-end rounded-0 text-end text-secondary "
            data-nb-toggle="drawer"
            data-nb-target="#OSPFInterfaceConfigurationTable_config"
            
            title="Configure table"
            aria-controls="OSPFInterfaceConfigurationTable_config"
            aria-expanded="false"
        >
            <span class="mdi mdi-cog" aria-hidden="true"></span>
            <span class="visually-hidden">Configure</span>
        </button>
                            </th>
                        
                    
                    
                </tr>
            </thead>
        
        <tbody>
            
                <tr class="even">
                    
                        <td ><a href="/plugins/nautobot-igp-models/ospf-configuration/02a058cd-334d-4be7-8376-50546495dc03/">OSPF 1 on router1</a></td>
                    
                        <td ><a href="/dcim/interfaces/099918a0-7bcf-46f8-a377-80f3c8c6381c/">GigabitEthernet1</a></td>
                    
                        <td >0.0.0.0</td>
                    
                        <td >1</td>
                    
                        <td >
    
    
        <span class="badge" style="color: #ffffff; background-color: #4caf50">
            Active
        </span>
    
    </td>
                    
                        <td class="d-print-none nb-actions nb-w-0 text-end text-nowrap">
    <div class="dropdown">
        <button class="btn dropdown-toggle" type="button" data-bs-toggle="dropdown" aria-expanded="false">
            <span class="mdi mdi-dots-vertical" aria-hidden="true"></span>
            <span class="visually-hidden">Toggle Dropdown</span>
        </button>
        <ul class="dropdown-menu dropdown-menu-end">
            
            
            
            
        </ul>
    </div>

    </td>
                    
                    
                </tr>
            
                <tr class="odd">
                    
                        <td ><a href="/plugins/nautobot-igp-models/ospf-configuration/bebf3c55-c1e9-494f-a62f-a57c9634ab0d/">OSPF 1 on router2</a></td>
                    
                        <td ><a href="/dcim/interfaces/7debe532-1bb8-4218-9e65-9d3759f514ab/">GigabitEthernet1</a></td>
                    
                        <td >0.0.0.0</td>
                    
                        <td >1</td>
                    
                        <td >
    
    
        <span class="badge" style="color: #ffffff; background-color: #4caf50">
            Active
        </span>
    
    </td>
                    
                        <td class="d-print-none nb-actions nb-w-0 text-end text-nowrap">
    <div class="dropdown">
        <button class="btn dropdown-toggle" type="button" data-bs-toggle="dropdown" aria-expanded="false">
            <span class="mdi mdi-dots-vertical" aria-hidden="true"></span>
            <span class="visually-hidden">Toggle Dropdown</span>
        </button>
        <ul class="dropdown-menu dropdown-menu-end">
            
            
            
            
        </ul>
    </div>

    </td>
                    
                    
                </tr>
            
                <tr class="even">
                    
                        <td ><a href="/plugins/nautobot-igp-models/ospf-configuration/ec2987d3-f9ac-4b83-81c2-882c7ec56119/">OSPF 1 on router3</a></td>
                    
                        <td ><a href="/dcim/interfaces/3bce600f-9f21-4dcb-897d-5b961c32cdd6/">GigabitEthernet1</a></td>
                    
                        <td >0.0.0.0</td>
                    
                        <td >1</td>
                    
                        <td >
    
    
        <span class="badge" style="color: #ffffff; background-color: #4caf50">
            Active
        </span>
    
    </td>
                    
                        <td class="d-print-none nb-actions nb-w-0 text-end text-nowrap">
    <div class="dropdown">
        <button class="btn dropdown-toggle" type="button" data-bs-toggle="dropdown" aria-expanded="false">
            <span class="mdi mdi-dots-vertical" aria-hidden="true"></span>
            <span class="visually-hidden">Toggle Dropdown</span>
        </button>
        <ul class="dropdown-menu dropdown-menu-end">
            
            
            
            
        </ul>
    </div>

    </td>
                    
                    
                </tr>
            
        </tbody>
        
    </table>


    </div>
    
</div>

                
            
            

<div class="paginator align-items-center d-flex fs-5 gap-10 justify-content-end mt-16 text-secondary">
    
        <div>
            Showing 1-3 of 3
        </div>
        <div class="vr border-start my-8"></div>
    
    <form class="align-items-center d-flex gap-4" method="get">
        
            
                
                    <input type="hidden" name="ice_cream_flavor" value="chocolate" />
                
            
        
        <select name="per_page" id="per_page" class="form-select">
            
                <option value="65000" selected="selected">65000</option>
            
            
                <option value="25">25</option>
            
                <option value="50">50</option>
            
                <option value="100">100</option>
            
                <option value="250">250</option>
            
                <option value="500">500</option>
            
                <option value="1000">1000</option>
            
        </select>
        per page
    </form>
    
</div>

            <div class="clearfix"></div>
        
    </div>
    
        


<div class="modal fade" tabindex="-1" id="saved_view_modal" role="dialog">
    <div class="modal-dialog modal-lg">
        <div class="modal-content">
            <div class="modal-header">
                <h4 class="modal-title">New Saved View</h4>
                <button type="button" class="btn-close" data-bs-dismiss="modal" aria-label="Close"></button>
            </div>
            <form action="/extras/saved-views/add/" method="post">
                <div class="modal-body">
                    <input type="hidden" name="csrfmiddlewaretoken" value="YdRmAfxDvMpACjsEgvWT3fkMVyOdMsqgDrKl6BvCxI4l9tmBCNW680r1Scsboa6q">
                    <div class="row">
                        

<div class="mb-10 d-md-flex justify-content-center">
    
        <label class="col-md-3 col-form-label nb-required" for="id_name">
            Name
        </label>
        <div class="col-md-9">
            <input type="text" name="name" maxlength="255" class="form-control" required placeholder="Name" id="id_name">
            
            
                <span class="form-text">The name of this view</span>
            
    
    
</div>
</div>

                        <span class="col-lg-3 text-end text-secondary">New Changes</span>
                        <div class="col-lg-9">
                            <pre><code class="language-json">{
    &quot;filter_params&quot;: {
        &quot;ice_cream_flavor&quot;: [
            &quot;chocolate&quot;
        ]
    },
    &quot;per_page&quot;: 65000,
    &quot;sort_order&quot;: [],
    &quot;table_config&quot;: null
}</code></pre>
                        </div>
                        

<div class="mb-10 d-md-flex justify-content-center">
    
        <div class="col-md-9 offset-md-3">
            <div class="form-check mt-6">
                <input type="checkbox" name="is_shared" class="form-check-input" placeholder="Is shared" id="id_is_shared">
                <label class="form-check-label" for="id_is_shared">
                    Is shared
                </label>
            </div>
            
            
                <span class="form-text">If checked, all users will be able to see this saved view</span>
            
    
    
</div>
</div>

                        <input type="hidden" id="view" name="view" value="plugins:nautobot_igp_models:ospfinterfaceconfiguration_list">
                        <input type="hidden" id="params" name="params" value="ice_cream_flavor=chocolate">
                    </div>
                </div>
                <div class="modal-footer">
                    <button type="submit" class="btn btn-primary">
                        <span aria-hidden="true" class="mdi mdi-content-save-plus-outline me-4"></span><!--
                        -->Save
                    </button>
                    <button class="btn btn-secondary" data-bs-dismiss="modal" type="button">
                        <span aria-hidden="true" class="mdi mdi-close me-4"></span><!--
                        -->Cancel
                    </button>
                </div>
            </form>
        </div>
    </div>
</div>

    
    

<div class="modal fade" tabindex="-1" role="dialog" id="dynamic_group_assignment_modal">
    <div class="modal-dialog modal-lg" role="document">
        <div class="modal-content">
            <div class="modal-header">
                <button type="button" class="btn-close" data-bs-dismiss="modal" aria-label="Close">
                </button>
                <h4 class="modal-title">Static Assignment to Dynamic Groups</h4>
            </div>
            <form id="dynamic_group_assignment_form" action="/extras/dynamic-groups/assign-members/?"
                  method="post" class="form form-horizontal">
                <div class="modal-body">
                    <input type="hidden" name="csrfmiddlewaretoken" value="YdRmAfxDvMpACjsEgvWT3fkMVyOdMsqgDrKl6BvCxI4l9tmBCNW680r1Scsboa6q">
                    <input type="hidden" name="return_url" value="/plugins/nautobot-igp-models/ospf-interface-configuration/?ice_cream_flavor=chocolate">
                    <input type="hidden" id="dynamic_group_assignment_all" name="_all">
                    <span id="dynamic_group_assignment_pks"></span>
                    
                        <input type="hidden" name="content_type" value="195" class="form-control" required="required" placeholder="None" id="id_content_type">
                    
                        
                    
                    

<div class="mb-10 d-md-flex justify-content-center">
    
        <label class="col-md-3 col-form-label" for="id_add_to_groups">
            Add to existing group(s)
        </label>
        <div class="col-md-9">
            <select name="add_to_groups" class="nautobot-select2-api" data-multiple="1" data-query-param-group_type="[&quot;static&quot;]" data-query-param-content_type="[&quot;nautobot_igp_models.ospfinterfaceconfiguration&quot;]" data-query-param-exclude_m2m="[&quot;true&quot;]" display-field="display" data-depth="0" data-url="/api/extras/dynamic-groups/" id="id_add_to_groups" multiple>
</select>
            
            
    
    
</div>
</div>

                    

<div class="mb-10 d-md-flex justify-content-center">
    
        <label class="col-md-3 col-form-label" for="id_create_and_assign_to_new_group_name">
            Create a new group
        </label>
        <div class="col-md-9">
            <input type="text" name="create_and_assign_to_new_group_name" class="form-control" placeholder="Create a new group" id="id_create_and_assign_to_new_group_name">
            
            
                <span class="form-text">Create a new group with this name and assign the selected objects to it.</span>
            
    
    
</div>
</div>

                    

<div class="mb-10 d-md-flex justify-content-center">
    
        <label class="col-md-3 col-form-label" for="id_remove_from_groups">
            Remove from group(s)
        </label>
        <div class="col-md-9">
            <select name="remove_from_groups" class="nautobot-select2-api" data-multiple="1" data-query-param-group_type="[&quot;static&quot;]" data-query-param-content_type="[&quot;nautobot_igp_models.ospfinterfaceconfiguration&quot;]" data-query-param-exclude_m2m="[&quot;true&quot;]" display-field="display" data-depth="0" data-url="/api/extras/dynamic-groups/" id="id_remove_from_groups" multiple>
</select>
            
            
    
    
</div>
</div>

                </div>
                <div class="modal-footer">
                    <button type="submit" class="btn btn-primary">
                        <span class="mdi mdi-group" aria-hidden="true"></span> Apply
                    </button>
                    <button type="button" class="btn btn-secondary" id="dynamic_group_assignment_cancel">
                        <span class="mdi mdi-close-thick" aria-hidden="true"></span> Cancel
                    </button>
                </div>
            </form>
        </div>
    </div>
</div>


        </main>
        
            
        
        





======================================================================
FAIL: test_list_objects_with_constrained_permission (nautobot_igp_models.tests.test_views.OSPFInterfaceConfigurationViewTest.test_list_objects_with_constrained_permission)
----------------------------------------------------------------------
Traceback (most recent call last):
  File "/usr/local/lib/python3.11/site-packages/django/test/utils.py", line 461, in inner
    return func(*args, **kwargs)
           ^^^^^^^^^^^^^^^^^^^^^
  File "/usr/local/lib/python3.11/site-packages/nautobot/core/testing/views.py", line 1160, in test_list_objects_with_constrained_permission
    self.assertRegex(content, r">\s*" + re.escape(escape(instance1.name)) + r"\s*<", msg=content)
AssertionError: Regex didn't match: '>\\s*OSPF\\-R1\\-GE1\\s*<' not found in '\n\n\n        <div id="drawer">\n            \n    \n\n\n\n<section class="nb-drawer" tabindex="-1" id="FilterForm_drawer">\n    <div class="nb-drawer-header">\n        <h1>Filters</h1>\n        <button type="button" class="btn-close" data-nb-dismiss="drawer" aria-label="Close"></button>\n    </div>\n    <div class="nb-drawer-body">\n        <ul id="filter-tabs" class="nav nav-tabs">\n            \n                <li role="presentation" class="nav-item">\n                    <a class="nav-link active"  href="#default-filter" role="tab" data-bs-toggle="tab">\n                        Basic\n                    </a>\n                </li>\n            \n            \n                <li role="presentation" class="nav-item">\n                    <a class="nav-link position-relative" href="#advanced-filter" role="tab" data-bs-toggle="tab">\n                        Advanced\n                        \n\n                    </a>\n                </li>\n            \n        </ul>\n        <div class="tab-content h-100">\n            \n                <div id="default-filter" role="tabpanel" class="tab-pane fade show active h-100 p-20">\n                    \n\n<form class="h-100 vstack">\n    <div class="align-content-start flex-fill pb-20">\n        \n        \n            \n                <div class="nb-form-group">\n                    \n                        <label for="id_ospf_config">OSPF Configuration</label>\n                        <select name="ospf_config" class="nautobot-select2-api form-control" data-query-param-exclude_m2m="[&quot;true&quot;]" display-field="display" data-depth="0" placeholder="OSPF Configuration" data-url="/api/plugins/nautobot-igp-models/ospf-configurations/" id="id_ospf_config">\n  <option value=""\n         selected\n        >---------</option>\n\n</select>\n                    \n                </div>\n            \n        \n            \n                <div class="nb-form-group">\n                    \n                        <label for="id_interface">Interface</label>\n                        <select name="interface" class="nautobot-select2-api form-control" data-query-param-device_id="[&quot;$ospf_config__instance__device&quot;]" data-query-param-exclude_m2m="[&quot;true&quot;]" display-field="display" data-depth="0" placeholder="Interface" data-url="/api/dcim/interfaces/" id="id_interface">\n  <option value=""\n         selected\n        >---------</option>\n\n</select>\n                    \n                </div>\n            \n        \n            \n                <div class="nb-form-group">\n                    \n                        <label for="id_area">Area</label>\n                        <input type="text" name="area" class="form-control" placeholder="Area" id="id_area">\n                    \n                </div>\n            \n        \n            \n                <div class="nb-form-group">\n                    \n                        <label for="id_cost">Cost</label>\n                        <input type="number" name="cost" class="form-control" placeholder="Cost" id="id_cost">\n                    \n                </div>\n            \n        \n            \n                <div class="nb-form-group">\n                    \n                        <label for="id_contacts">Contacts</label>\n                        <select name="contacts" class="nautobot-select2-api form-control" data-multiple="1" data-query-param-exclude_m2m="[&quot;true&quot;]" display-field="display" value-field="name" data-depth="0" placeholder="None" data-url="/api/extras/contacts/" id="id_contacts" multiple>\n</select>\n                    \n                </div>\n            \n        \n            \n                <div class="nb-form-group">\n                    \n                        <label for="id_teams">Teams</label>\n                        <select name="teams" class="nautobot-select2-api form-control" data-multiple="1" data-query-param-exclude_m2m="[&quot;true&quot;]" display-field="display" value-field="name" data-depth="0" placeholder="None" data-url="/api/extras/teams/" id="id_teams" multiple>\n</select>\n                    \n                </div>\n            \n        \n    </div>\n    <div class="justify-content-between mb-n20 nb-form-sticky-footer">\n        <button type="submit" class="btn btn-primary">\n            <span class="mdi mdi-check me-4" aria-hidden="true"></span><!--\n            -->Apply Specified\n        </button>\n        <button type="reset" class="btn btn-secondary">\n            <span aria-hidden="true" class="mdi mdi-close me-4"></span><!--\n            -->Clear All\n        </button>\n    </div>\n</form>\n\n                </div>\n            \n            \n                <div id="advanced-filter" role="tabpanel" class="tab-pane fade h-100 p-20">\n                    <form class="h-100 vstack" id="dynamic-filter-form">\n                        <div class="align-content-start flex-fill pb-20">\n                            <input type="hidden" name="form-TOTAL_FORMS" value="1" id="id_form-TOTAL_FORMS"><input type="hidden" name="form-INITIAL_FORMS" value="0" id="id_form-INITIAL_FORMS"><input type="hidden" name="form-MIN_NUM_FORMS" value="0" id="id_form-MIN_NUM_FORMS"><input type="hidden" name="form-MAX_NUM_FORMS" value="1000" id="id_form-MAX_NUM_FORMS">\n                            \n                                <div class="nb-form-group">\n                                    <label for="id_form-0-lookup_field">Field</label>\n                                    <select name="form-0-lookup_field" class="nautobot-select2-static lookup_field-select" placeholder="Field" id="id_form-0-lookup_field">\n  <option value="" selected>---------</option>\n\n  <option value="contacts">Contacts (name or ID)</option>\n\n  <option value="cost">Cost</option>\n\n  <option value="created">Created</option>\n\n  <option value="dynamic_groups">Dynamic groups (name or ID)</option>\n\n  <option value="id">Id</option>\n\n  <option value="interface">Interface</option>\n\n  <option value="last_updated">Last updated</option>\n\n  <option value="area">OSPF Area</option>\n\n  <option value="ospf_config_name">OSPF Configuration</option>\n\n  <option value="status">Status (ID)</option>\n\n  <option value="teams">Teams (name or ID)</option>\n\n</select>\n                                </div>\n                            \n                                <div class="nb-form-group">\n                                    <label for="id_form-0-lookup_type">Lookup type</label>\n                                    <select name="form-0-lookup_type" class="nautobot-select2-api lookup_type-select" placeholder="None" data-query-param-field_name="[&quot;$lookup_field&quot;]" data-contenttype="nautobot_igp_models.ospfinterfaceconfiguration" data-url="/api/core/filterset-fields/lookup-choices/" id="id_form-0-lookup_type">\n</select>\n                                </div>\n                            \n                                <div class="nb-form-group">\n                                    <label for="id_form-0-lookup_value">Value</label>\n                                    <input type="text" name="form-0-lookup_value" class="form-control lookup_value-input form-control" placeholder="Value" id="id_form-0-lookup_value">\n                                </div>\n                            \n                            <button class="nb-dynamic-filter-add btn btn-primary d-block ms-auto my-20" type="button">\n                                <span aria-hidden="true" class="mdi mdi-plus me-4"></span><!--\n                                -->Add Filter\n                            </button>\n                            <hr class="border-top my-20">\n                            <div class="nb-dynamic-filter-items d-flex flex-wrap gap-10">\n                                \n                            </div>\n                        </div>\n\n                        <div class="d-print-none justify-content-between mb-n20 nb-form-sticky-footer">\n                            <button type="submit" class="btn btn-primary">\n                                <span class="mdi mdi-check me-4" aria-hidden="true"></span><!--\n                                -->Apply Specified\n                            </button>\n                            <button type="reset" class="btn btn-secondary">\n                                <span aria-hidden="true" class="mdi mdi-close me-4"></span><!--\n                                -->Clear All\n                            </button>\n                        </div>\n                    </form>\n                </div>\n            \n        </div>\n    </div>\n</section>\n\n\n    <script>\n        (() => {\n            document.addEventListener(\'DOMContentLoaded\', () => {\n                const NON_FILTER_PARAMS = [\n                    \'all_filters_removed\',\n                    \'clear_view\',\n                    \'per_page\',\n                    \'saved_view\',\n                    \'sort\',\n                    \'table_changes_pending\',\n                ];\n\n                /**\n                 * Insert given `element` as `parent`\'s first child.\n                 * @param {HTMLElement} element - Element to be inserted.\n                 * @param {HTMLElement} parent - Parent container for given `element`.\n                 * @returns {void} Do not return any value, modify DOM in-place.\n                 */\n                const insertFirst = (element, parent) => {\n                    parent.hasChildNodes() ? parent.insertBefore(element, parent.firstElementChild) : parent.appendChild(element);\n                };\n\n                /**\n                 * Get HTML elements for default and dynamic filter forms.\n                 * @returns {object} Object with `defaultFilterForm` and `dynamicFilterForm` HTML elements or `null`,\n                 *   depending on their actual existence in the DOM.\n                 */\n                const getFilterForms = () => ({\n                    defaultFilterForm: document.querySelector(\'#default-filter form\'),\n                    dynamicFilterForm: document.querySelector(\'#dynamic-filter-form\'),\n                });\n\n                const prepopulateFilterSelectsFromURL = (() => {\n                    const { defaultFilterForm } = getFilterForms();\n                    const urlParams = new URLSearchParams(window.location.search);\n                    // Only target Select2 controls inside the default filter form.\n                    [...defaultFilterForm.querySelectorAll(\'select.nautobot-select2-multi-value-char\')].forEach((el) => {\n                        const name = el.getAttribute(\'name\');\n                        if (!name) { return; }\n                        const values = urlParams.getAll(name);\n                        if (!values.length) { return; }\n                        values.forEach((val) => {\n                            let found = Array.prototype.find.call(el.options, (opt) => {\n                                return String(opt.value) === String(val);\n                            });\n                            if (found) {\n                                found.selected = true;\n                            } else {\n                                el.add(new Option(val, val, true, true));\n                            }\n                        });\n                        if (window.jQuery && $(el).data(\'select2\')) {\n                            $(el).trigger(\'change\');\n                        }\n                    });\n                })();\n\n                /**\n                 * Synchronize given `filter` value from default to dynamic filter form.\n                 * @param {string} name - Filter name.\n                 * @returns {void} Do not return any value, just set given field values.\n                 */\n                const syncDefaultToDynamic = (name) => {\n                    const { defaultFilterForm } = getFilterForms();\n\n                    const field = defaultFilterForm.querySelector(`[name="${name}"]`);\n                    const text = field?.closest(\'.nb-form-group\')?.querySelector(\'label\')?.innerText?.trim();\n                    /*\n                     * `manageDynamicFilter` takes an array of `{ text: string, value: string }` objects as `value`, so\n                     * regardless of field being a textbox, a single or multiple choice combobox, conversion is required:\n                     *   1. For combobox (i.e. `<select>`), iterate over selected options and map them to display `text`\n                     *     and underlying `value`.\n                     *   2. For textbox (i.e. `<input>` or `<textarea>`):\n                     *     1. Use entered value as both display `text` and underlying `value`.\n                     *     2. If field is empty, use an empty array.\n                     */\n                    const value =\n                        field?.tagName === \'SELECT\'\n                        ? [...field.selectedOptions].map((option) => ({ text: option.innerText, value: option.value }))\n                        : [...(field?.value ? [{ text: field.value, value: field.value }] : [])];\n\n                    manageDynamicFilter({ action: \'set\', name, text, value });\n                };\n\n                /**\n                 * Synchronize given `filter` value from dynamic to default filter form.\n                 * @param {string} name - Filter name.\n                 * @returns {void} Do not return any value, just set given field values.\n                 */\n                const syncDynamicToDefault = (name) => {\n                    const { defaultFilterForm, dynamicFilterForm } = getFilterForms();\n\n                    const current = [...dynamicFilterForm.querySelectorAll(`input[name="${name}"][type="hidden"]`)].map(\n                        (input) => ({\n                            text: [...(input.parentElement?.childNodes ?? [])].find((node) => node.nodeName === \'#text\')?.wholeText,\n                            value: input.getAttribute(\'value\'),\n                        }),\n                    );\n\n                    const sync = defaultFilterForm?.querySelector(`[name=${name}]`);\n\n                    if (sync?.tagName === \'INPUT\' || sync?.tagName === \'TEXTAREA\') {\n                        sync.value = current.length > 0 ? current[0].value : \'\';\n                    } else if (sync?.tagName === \'SELECT\') {\n                        window.nb.select2.setSelect2Value(sync, current);\n                    }\n                };\n\n                /**\n                 * Manage dynamic filter either by adding values to the existing selection or by setting passed values\n                 * regardless of previous selection.\n                 * @param {\'add\'|\'set\'} action - Use `\'add\'` to add given value to the existing selection; use `\'set\'`\n                 *   to set given value regardless of what was set previously.\n                 * @param {string} name - Filter field name.\n                 * @param {string} text - Filter display text.\n                 * @param {object[]} value - Array of objects containing `text` and `value` key-value pairs.\n                 */\n                const manageDynamicFilter = ({ action, name, text, value }) => {\n                    const { dynamicFilterForm } = getFilterForms();\n                    const items = dynamicFilterForm.querySelector(\'.nb-dynamic-filter-items\');\n\n                    const group = (() => {\n                        const existing = items.querySelector(`.nb-multi-badge[data-nb-field="${name}"]`);\n                        if (existing) {\n                            return existing;\n                        }\n\n                        const group = document.createElement(\'span\');\n                        group.classList.toggle(\'badge\', true);\n                        group.classList.toggle(\'nb-multi-badge\', true);\n                        group.setAttribute(\'data-nb-field\', name);\n\n                        const button = document.createElement(\'button\');\n                        button.classList.toggle(\'nb-dynamic-filter-remove\', true);\n                        button.setAttribute(\'type\', \'button\');\n\n                        const close = document.createElement(\'span\');\n                        close.classList.toggle(\'mdi\', true);\n                        close.classList.toggle(\'mdi-close\', true);\n                        close.setAttribute(\'aria-hidden\', \'true\');\n\n                        const remove = document.createElement(\'span\');\n                        remove.classList.toggle(\'visually-hidden\', true);\n                        remove.innerText = \'Remove All\';\n\n                        const children = document.createElement(\'span\');\n                        children.classList.toggle(\'nb-multi-badge-items\', true);\n\n                        button.appendChild(close);\n                        button.appendChild(remove);\n                        group.appendChild(button);\n                        group.insertAdjacentText(\'beforeend\', `${text}:`);\n                        group.appendChild(children);\n\n                        return group;\n                    })();\n\n                    const children = group.querySelector(\'.nb-multi-badge-items\');\n                    const existing = [...children.querySelectorAll(\'.badge[data-nb-value]\')];\n\n                    /*\n                     * Depending on `action` remove the following badges:\n                     *   1. For `\'add\'`, remove already existing filters with the same key-value pairs and re-create them later.\n                     *   2. For `\'set\'`, remove all existing filters of given key and apply only these passed as `values`.\n                     */\n                    const badgesToRemove =\n                        action === \'add\'\n                        ? existing.filter((badge) => value.some((item) => badge.getAttribute(\'data-nb-value\') === item.value))\n                        : existing;\n                    badgesToRemove.forEach((item) => children.removeChild(item));\n\n                    value.forEach(({ text, value }) => {\n                        const badge = document.createElement(\'span\');\n                        badge.classList.toggle(\'badge\', true);\n                        badge.setAttribute(\'data-nb-value\', value);\n\n                        const input = document.createElement(\'input\');\n                        input.setAttribute(\'name\', name);\n                        input.setAttribute(\'type\', \'hidden\');\n                        input.setAttribute(\'value\', value);\n\n                        const button = document.createElement(\'button\');\n                        button.classList.toggle(\'nb-dynamic-filter-remove\', true);\n                        button.setAttribute(\'type\', \'button\');\n\n                        const close = document.createElement(\'span\');\n                        close.classList.toggle(\'mdi\', true);\n                        close.classList.toggle(\'mdi-close\', true);\n                        close.setAttribute(\'aria-hidden\', \'true\');\n\n                        const remove = document.createElement(\'span\');\n                        remove.classList.toggle(\'visually-hidden\', true);\n                        remove.innerText = \'Remove\';\n\n                        button.appendChild(close);\n                        button.appendChild(remove);\n                        badge.appendChild(button);\n                        badge.insertAdjacentText(\'beforeend\', text);\n                        badge.appendChild(input);\n\n                        insertFirst(badge, children);\n                    });\n\n                    // If group already exists, remove it and later insert as the first child.\n                    if (items.contains(group)) {\n                        items.removeChild(group);\n                    }\n\n                    if (children.hasChildNodes()) {\n                        insertFirst(group, items);\n                    }\n                };\n\n                document.addEventListener(\'click\', (event) => {\n                    const { defaultFilterForm, dynamicFilterForm } = getFilterForms();\n\n                    const add = event.target.closest(\'button.nb-dynamic-filter-add\');\n                    if (add) {\n                        const field = dynamicFilterForm.querySelector(\'[name$="lookup_field"]\');\n                        const type = dynamicFilterForm.querySelector(\'[name$="lookup_type"]\');\n                        const value = [...dynamicFilterForm.querySelectorAll(\'.nb-form-group\')]\n                            .pop()\n                        ?.querySelector(\'input, select, textarea\');\n\n                        const isMissing = (control) =>\n                        control?.selectedOptions ? control.selectedOptions.length === 0 : !control?.value;\n                        if (isMissing(field) || isMissing(type) || isMissing(value)) {\n                            // Return early if selected filter is not complete (i.e. is missing lookup field, type or value).\n                            return;\n                        }\n\n                        const name = type.selectedOptions[0].value;\n                        const label = field.selectedOptions[0].innerText.trim();\n                        const suffix = type.selectedOptions[0].innerText.trim();\n                        const text = /\\(\\w+\\)/.test(suffix) ? `${label} ${suffix}` : label;\n                        const values =\n                            value?.getAttribute(\'multiple\') !== null\n                            ? [...value.selectedOptions].map((option) => ({ text: option.innerText.trim(), value: option.value }))\n                            : [{ text: value?.value, value: value?.value }];\n\n                        // If field exists in default filter form and is a single value input, use `\'set\'` action.\n                        const action =\n                            defaultFilterForm.querySelector(`[name="${name}"]`) &&\n                        (value.tagName === \'INPUT\' || value.tagName === \'TEXTAREA\')\n                            ? \'set\'\n                            : \'add\';\n                        manageDynamicFilter({ action, name, text, value: values });\n\n                        syncDynamicToDefault(name);\n                    }\n\n                    const remove = event.target.closest(\'button.nb-dynamic-filter-remove\');\n                    if (remove) {\n                        const badge = remove.closest(\'.badge\');\n                        /*\n                         * Remove the group badge (i.e. multi-badge) when given badge is the group badge itself, or it is the only\n                         * one left in the group (i.e. has no siblings) because removing it will leave the group badge empty anyway.\n                         */\n                        const shouldRemoveGroup =\n                            badge?.classList.contains(\'nb-multi-badge\') ||\n                        (!badge?.previousElementSibling && !badge?.nextElementSibling);\n                        shouldRemoveGroup ? badge?.closest(\'.nb-multi-badge\')?.remove() : badge?.remove();\n\n                        syncDynamicToDefault(badge?.querySelector(\'input[type="hidden"]\')?.getAttribute(\'name\'));\n                    }\n                });\n\n                // Need to wrap `document` with jQuery to be able to listen to Select2 `change` event.\n                $(document).on(\'change\', (event) => {\n                    const { defaultFilterForm } = getFilterForms();\n                    const isDefaultFilterFormField = event.target.form === defaultFilterForm;\n                    if (isDefaultFilterFormField) {\n                        syncDefaultToDynamic(event.target.name);\n                    }\n                });\n\n                // Need to wrap `document` with jQuery to be able to listen to Select2 `change` event.\n                $(document).on(\'change\', async (event) => {\n                    const isLookupType = event.target.getAttribute(\'name\')?.endsWith(\'lookup_type\');\n                    if (isLookupType) {\n                        const content_type = event.target.getAttribute(\'data-contenttype\');\n                        const field_name = event.target.value;\n                        const value = [...event.target.form.querySelectorAll(\'.nb-form-group\')]\n                            .pop()\n                        ?.querySelector(\'input, select, textarea\');\n\n                        if (field_name) {\n                            const replacement = await (async () => {\n                                try {\n                                    const response = await window.fetch(\n                                        `/api/ui/core/filterset-fields/lookup-value-dom-element/?${new URLSearchParams({ content_type, field_name })}`,\n                                        { method: \'GET\', headers: { Accept: \'*/*\' } },\n                                    );\n\n                                    const html = await response.json();\n\n                                    const element = document.createElement(\'div\');\n                                    element.innerHTML = html;\n\n                                    return element.firstElementChild;\n                                } catch (exception) {\n                                    // Default to `<input type="text" ...>` field if error occurs.\n                                    const input = document.createElement(\'input\');\n                                    input.classList.toggle(\'lookup_value-input\', true);\n                                    input.classList.toggle(\'form-control\', true);\n                                    input.setAttribute(\'id\', `id_for_${field_name}`);\n                                    input.setAttribute(\'name\', field_name);\n                                    input.setAttribute(\'type\', \'text\');\n                                    return input;\n                                }\n                            })();\n\n                            value.replaceWith(replacement);\n                            replacement.nextElementSibling?.remove(); // Remove Select2 widget if present.\n                            replacement.previousElementSibling?.setAttribute(\'for\', replacement.getAttribute(\'id\')); // Set label `for` attribute to match field `id`.\n                            initializeInputs(replacement.parentElement);\n                        }\n                    }\n                });\n\n                // Need to wrap `document` with jQuery to be able to listen to Select2 `change` event.\n                $(document).on(\'change\', (event) => {\n                    const isLookupField = event.target.getAttribute(\'name\')?.endsWith(\'lookup_field\');\n                    const isLookupType = event.target.getAttribute(\'name\')?.endsWith(\'lookup_type\');\n\n                    if (isLookupField) {\n                        const type = event.target.form.querySelector(\'[name$="lookup_type"]\');\n                        $(type).val(null).trigger(\'change\');\n                    }\n\n                    if (isLookupField || isLookupType) {\n                        const value = [...event.target.form.querySelectorAll(\'.nb-form-group\')]\n                            .pop()\n                        ?.querySelector(\'input, select, textarea\');\n\n                        if (value.tagName === \'SELECT\') {\n                            $(value).val(null).trigger(\'change\');\n                        } else {\n                            value.value = \'\';\n                        }\n                    }\n                });\n\n                const isFilterForm = (target) => Boolean(target?.closest(\'#FilterForm_drawer\'));\n\n                document.addEventListener(\'reset\', (event) => {\n                    if (isFilterForm(event.target)) {\n                        event.preventDefault();\n\n                        // Remove all filter query params from location search while keeping non-filter params intact.\n                        const searchParams = new URLSearchParams(window.location.search);\n                        const nextSearchParams = new URLSearchParams([\n                            ...[...searchParams].filter(\n                                ([property]) => NON_FILTER_PARAMS.includes(property) && property !== \'all_filters_removed\',\n                            ),\n                            [\'all_filters_removed\', \'true\'],\n                        ]);\n\n                        location.assign(`?${nextSearchParams}`);\n                    }\n                });\n\n                document.addEventListener(\'submit\', (event) => {\n                    if (isFilterForm(event.target)) {\n                        event.preventDefault();\n\n                        const { defaultFilterForm, dynamicFilterForm } = getFilterForms();\n\n                        /*\n                         * Just before the form submission automatically add filter selected in "Advanced" tab (if any)\n                         * which hasn\'t been manually applied for whatever reason (usually forgetfulness, speed, etc.).\n                         * This is a requested UX flavor.\n                         */\n                        const add = dynamicFilterForm.querySelector(\'button.nb-dynamic-filter-add\');\n                        add.click();\n\n                        // Remove all field names which are not applied filters container descendants.\n                        [...dynamicFilterForm.querySelectorAll(\'input, select, textarea\')].forEach((field) =>\n                            field.closest(\'.nb-dynamic-filter-items\') ? undefined : field.removeAttribute(\'name\'),\n                        );\n\n                        /*\n                         * Get the serialized data from the forms and:\n                         *   1) Filter out query params which values are empty e.g `?sam=&dan=2` becomes `dan=2`.\n                         *   2) Combine the two forms into a single set of data without duplicate entries.\n                         */\n                        const defaultFilterFormSearchParams = new URLSearchParams(new FormData(defaultFilterForm));\n                        const dynamicFilterFormSearchParams = new URLSearchParams(new FormData(dynamicFilterForm));\n                        const searchParams = new URLSearchParams(window.location.search);\n\n                        const nextSearchParams = new URLSearchParams([\n                            ...[...defaultFilterFormSearchParams].filter(([, value]) => value !== \'\'),\n                            ...[...dynamicFilterFormSearchParams].filter(\n                                ([property, value]) => value !== \'\' && !defaultFilterFormSearchParams.has(property, value),\n                            ),\n                            ...[...searchParams].filter(\n                                ([property]) => NON_FILTER_PARAMS.includes(property) && property !== \'all_filters_removed\',\n                            ),\n                        ]);\n\n                        if (nextSearchParams.has(\'saved_view\')) {\n                            const all_filters_removed = [...nextSearchParams].every(([property]) =>\n                                NON_FILTER_PARAMS.includes(property),\n                            );\n\n                            if (all_filters_removed) {\n                                nextSearchParams.set(\'all_filters_removed\', \'true\');\n                            }\n                        }\n\n                        location.assign(`?${nextSearchParams}`);\n                    }\n                });\n\n                const onSubmitOrReset = (event) => (isFilterForm(event.target) ? window.nb?.history?.saveState() : undefined);\n                document.addEventListener(\'reset\', onSubmitOrReset);\n                document.addEventListener(\'submit\', onSubmitOrReset);\n            });\n        })();\n    </script>\n\n\n    \n        \n\n\n<section class="nb-drawer" tabindex="-1" id="OSPFInterfaceConfigurationTable_config">\n    <div class="nb-drawer-header">\n        <h1>Table Configuration</h1>\n        <button type="button" class="btn-close" data-nb-dismiss="drawer" aria-label="Close"></button>\n    </div>\n    <div class="nb-drawer-body">\n        <form class="userconfigform h-100 pb-20 px-20 vstack" data-config-root="tables.OSPFInterfaceConfigurationTable">\n            <div class="row align-content-start flex-fill">\n                <div class="col-12">\n                    <div class="alert alert-warning">\n                        Column choices may negatively affect loading times.\n                        <a href="/static/docs/user-guide/platform-functionality/user-interface/configurablecolumns.html" class="btn btn-link btn-sm" target="_blank" rel="noopener">\n                            <span class="mdi mdi-information"></span>\n                        </a>\n                    </div>\n                </div>\n                <div class="col-12">\n                    \n                        <select name="columns" size="20" class="form-control" placeholder="None" id="id_columns" multiple>\n  <option value="ospf_config" selected>Ospf config</option>\n\n  <option value="interface" selected>Interface</option>\n\n  <option value="area" selected>Area</option>\n\n  <option value="cost" selected>Cost</option>\n\n  <option value="status" selected>Status</option>\n\n  <option value="dynamic_group_count">Dynamic Groups</option>\n\n</select>\n                        <span class="form-text mt-8">Use the buttons below to arrange columns in the desired order, then select all columns to display.</span>\n                        <div class="hstack gap-4 mt-8 mx-n4">\n                            \n                            <button type="button" class="btn btn-primary btn-sm" id="move-option-up" data-target="id_columns"><span class="mdi mdi-arrow-up-bold me-4"></span>Move up</button>\n                            <button type="button" class="btn btn-primary btn-sm" id="move-option-down" data-target="id_columns"><span class="mdi mdi-arrow-down-bold me-4"></span>Move down</button>\n                            <button type="button" class="btn btn-success btn-sm" id="select-all-options" data-target="id_columns"><span class="mdi mdi-expand-all-outline me-4"></span>Select all</button>\n                            \n                        </div>\n                    \n                </div>\n            </div>\n            <div class="nb-form-sticky-footer">\n                <input type="submit" class="btn btn-primary" value="Save">\n                <input type="submit" class="btn btn-danger reset" value="Reset">\n            </div>\n        </form>\n    </div>\n</section>\n\n\n    <script>\n        (() => {\n            document.addEventListener(\'DOMContentLoaded\', () => {\n                document.addEventListener(\'submit\', (event) => {\n                    if (event.target.closest(\'#OSPFInterfaceConfigurationTable_config\')) {\n                        // Keep the drawer open after page reload caused by form submission.\n                        window.nb.history.saveState();\n                    }\n                });\n            });\n        })();\n    </script>\n\n\n    \n    <section class="nb-drawer" tabindex="-1" id="SavedViews_drawer">\n        <div class="nb-drawer-header">\n            <h1>Saved Views</h1>\n            <button type="button" class="btn-close" data-nb-dismiss="drawer" aria-label="Close"></button>\n        </div>\n        <div class="nb-drawer-body pb-20 px-20">\n            <div class="align-items-start vstack flex-grow-0 gap-10">\n                \n            </div>\n            \n            <div class="align-items-start vstack gap-10">\n                Actions:\n                \n                <a class="btn btn-secondary" href="" data-bs-toggle="modal" data-bs-target="#saved_view_modal">\n                    <span class="mdi mdi-content-save-plus-outline me-4" aria-hidden="true"></span>Save As New\n                </a>\n                \n            </div>\n        </div>\n    </section>\n\n        </div>\n        <header id="header">\n            <div class="banner-alert-area">\n                \n\n\n\n    \n        <div class="alert alert-info text-center" role="alert">\n            <p>Local</p>\n        </div>\n    \n\n\n\n\n\n\n                \n\n            </div>\n            <div class="container-fluid mb-12 mt-16">\n                <div class="row">\n                    <div id="page-title" class="col-4">\n                        \n                            \n\n\n<h1 class="d-flex fs-2 gap-8 lh-sm py-6">\n    <img\n        alt="Nautobot chevron"\n        class="align-self-start flex-grow-0 flex-shrink-0 my-n4"\n        role="presentation"\n        src="/static/img/nautobot_chevron.svg"\n        style="width: 1.5rem;"\n    />\n    \n        OSPF Interface Configurations\n    \n</h1>\n\n                        \n                    </div>\n                    \n\n\n\n    \n        <form action="/search/" class="col-4 text-center" id="header_search" method="get" role="search">\n            <label class="position-relative w-100">\n                <input\n                    aria-placeholder="Press Ctrl+K to search"\n                    class="form-control nb-text-transparent"\n                    name="q"\n                    type="search"\n                    value=""\n                />\n                <span class="align-items-center d-inline-flex gap-6 overflow-hidden px-12 py-6 pe-none position-absolute start-0 top-0 user-select-none w-100">\n                    <span aria-hidden="true" class="mdi mdi-magnify text-secondary d-inline-flex"></span>\n                    \n                        \n                            \n                                \n                                    \n                                        <span class="badge border" data-nb-link="/plugins/nautobot-igp-models/ospf-interface-configuration/"><!--\n                                            -->in: OSPF Interface Configuration<!--\n                                            --><button tabindex="-1" type="button">\n                                            <span aria-hidden="true" class="mdi mdi-close"></span>\n                                            <span class="visually-hidden">Remove</span>\n                                        </button>\n                                        </span>\n                                    \n                                \n                            \n                        \n                            \n                                \n                                    \n                                \n                                    \n                                \n                            \n                        \n                    \n                    <span\n                        aria-hidden="true"\n                        class="align-items-center d-inline-flex gap-4 text-nowrap text-secondary"\n                    >\n                        \n                            Press <kbd class="mt-n1">Ctrl+K</kbd> to search\n                        \n                    </span>\n                    <a class="align-items-center d-inline-flex ms-auto pe-auto"\n                       href="/static/docs/user-guide/platform-functionality/user-interface/search.html"\n                       target="_blank"\n                       rel="noopener"\n                    >\n                        <span aria-hidden="true" class="mdi mdi-help-circle-outline text-secondary"></span>\n                    </a>\n                </span>\n            </label>\n        </form>\n    \n\n    <div class="col-4 text-end">\n        <div class="dropdown">\n            <button class="btn dropdown-toggle align-items-center d-inline-flex gap-6" type="button" data-bs-toggle="dropdown" aria-expanded="false">\n                <span aria-hidden="true" class="mdi mdi-account text-secondary"></span>\n                nautobotuser\n            </button>\n            <ul class="dropdown-menu dropdown-menu-end">\n                <li><a class="dropdown-item" href="/about/"><span class="mdi mdi-information"></span>About Nautobot</a></li>\n                <li><a class="dropdown-item" href="/user/profile/"><span class="mdi mdi-account-box"></span>Profile</a></li>\n                <li><a class="dropdown-item" href="/extras/approver-dashboard/"><span class="mdi mdi-check-bold"></span>Approval Dashboard</a></li>\n                \n                <li class="dropdown-divider"></li>\n                <li><a class="dropdown-item" href="/logout/"><span class="mdi mdi-logout"></span>Log out</a></li>\n            </ul>\n        </div>\n    </div>\n\n\n                    <div class="col-12">\n                        \n    \n\n    \n\n    \n\n<nav aria-label="Breadcrumbs" class="mt-1">\n    <ol class="breadcrumb">\n        \n            \n                \n            \n        \n    </ol>\n</nav>\n\n\n                    </div>\n                </div>\n            </div>\n            \n        </header>\n        <main class="container-fluid wrapper" id="main-content" tabindex="-1">\n            \n    <div class="align-items-center d-flex gap-8 justify-content-end mb-16 d-print-none">\n        \n        \n\n        <div class="btn-group">\n            \n                \n    \n        <a href="/plugins/nautobot-igp-models/ospf-interface-configuration/add/" class="btn btn-primary" id="add-button">\n            <span class="mdi mdi-plus-thick" aria-hidden="true"></span> Add OSPF Interface Configuration\n        </a>\n    \n\n\n                <button type="button" id="actions-dropdown" class="btn btn-primary dropdown-toggle" data-bs-toggle="dropdown">\n                    <span class="visually-hidden">Toggle Dropdown</span>\n                    <span class="mdi mdi-chevron-down"></span>\n                </button>\n            \n            <ul class="dropdown-menu dropdown-menu-end" role="menu">\n                \n                    \n                        \n    \n        <li>\n            <a class="dropdown-item" id="import-button" href="/extras/jobs/nautobot.core.jobs.ImportObjects/run/?content_type=195">\n                <span class="mdi mdi-database-import text-secondary" aria-hidden="true"></span> Import from CSV\n            </a>\n        </li>\n    \n\n\n                    \n                \n                \n                    <li class="dropdown-divider"></li>\n                \n                \n                    \n                        \n    \n        \n        \n        <li>\n            <form action="/extras/jobs/nautobot.core.jobs.ExportObjectList/run/" method="post">\n                <input type="hidden" name="csrfmiddlewaretoken" value="Jwc4eAVkgjl3drbNs3TPjsW0rTOR3OOXGPMFMgbye6ZqGA40UpC6Av8v5uzymS25">\n                <input type="hidden" name="content_type" value="195">\n                <input type="hidden" name="query_string" value="">\n                <input type="hidden" name="_schedule_type" value="immediately">\n                <input type="hidden" name="export_format" value="csv">\n                <button class="dropdown-item" type="submit">\n                    <span class="mdi mdi-database-export text-secondary" aria-hidden="true"></span> Export as CSV\n                </button>\n            </form>\n        </li>\n        \n    \n\n\n                    \n                \n            </ul>\n        </div>\n        \n        \n            \n            \n        \n        \n            \n            \n        \n        <div class="align-items-center d-flex gap-4">\n            \n                <button\n                    type="button"\n                    class="btn position-relative text-secondary"\n                    data-nb-toggle="drawer"\n                    data-nb-target="#SavedViews_drawer"\n                    title="Saved Views"\n                    aria-expanded="false"\n                    aria-controls="SavedViews_drawer"\n                >\n                    <span class="mdi mdi-view-compact-outline" aria-hidden="true"></span>\n                    <span class="visually-hidden">Saved Views</span>\n                    \n                </button>\n            \n            \n                <button\n                    type="button"\n                    class="btn position-relative text-secondary"\n                    data-nb-toggle="drawer"\n                    data-nb-target="#FilterForm_drawer"\n                    title="Add Filters"\n                    id="id__filterbtn"\n                    aria-controls="FilterForm_drawer"\n                    aria-expanded="false"\n                >\n                    <span class="mdi mdi-filter" aria-hidden="true"></span>\n                    <span class="visually-hidden">Add Filters</span>\n                    \n                </button>\n            \n        </div>\n    </div>\n\n    \n\n    <div>\n        \n            \n                \n                    \n\n\n<div class="card mb-3">\n    \n    <div class="table-responsive">\n        \n\n\n\n    <table class="table table-hover nb-table-headings">\n        \n            <thead>\n                <tr>\n                    \n                        \n                            \n                                <th class="orderable"><a href="?sort=ospf_config" data-column-name="ospf_config">Ospf config</a></th>\n                            \n                        \n                    \n                        \n                            \n                                <th class="orderable"><a href="?sort=interface" data-column-name="interface">Interface</a></th>\n                            \n                        \n                    \n                        \n                            \n                                <th class="orderable"><a href="?sort=area" data-column-name="area">Area</a></th>\n                            \n                        \n                    \n                        \n                            \n                                <th class="orderable"><a href="?sort=cost" data-column-name="cost">Cost</a></th>\n                            \n                        \n                    \n                        \n                            \n                                <th class="orderable"><a href="?sort=status" data-column-name="status">Status</a></th>\n                            \n                        \n                    \n                        \n                            <th class="nb-actionable nb-w-0 orderable">\n                                <button\n            type="button"\n            class="btn border-0 float-end rounded-0 text-end text-secondary "\n            data-nb-toggle="drawer"\n            data-nb-target="#OSPFInterfaceConfigurationTable_config"\n            \n            title="Configure table"\n            aria-controls="OSPFInterfaceConfigurationTable_config"\n            aria-expanded="false"\n        >\n            <span class="mdi mdi-cog" aria-hidden="true"></span>\n            <span class="visually-hidden">Configure</span>\n        </button>\n                            </th>\n                        \n                    \n                    \n                </tr>\n            </thead>\n        \n        <tbody>\n            \n                <tr class="even">\n                    \n                        <td ><a href="/plugins/nautobot-igp-models/ospf-configuration/02a058cd-334d-4be7-8376-50546495dc03/">OSPF 1 on router1</a></td>\n                    \n                        <td ><a href="/dcim/interfaces/099918a0-7bcf-46f8-a377-80f3c8c6381c/">GigabitEthernet1</a></td>\n                    \n                        <td >0.0.0.0</td>\n                    \n                        <td >1</td>\n                    \n                        <td >\n    \n    \n        <span class="badge" style="color: #ffffff; background-color: #4caf50">\n            Active\n        </span>\n    \n    </td>\n                    \n                        <td class="d-print-none nb-actions nb-w-0 text-end text-nowrap">\n    <div class="dropdown">\n        <button class="btn dropdown-toggle" type="button" data-bs-toggle="dropdown" aria-expanded="false">\n            <span class="mdi mdi-dots-vertical" aria-hidden="true"></span>\n            <span class="visually-hidden">Toggle Dropdown</span>\n        </button>\n        <ul class="dropdown-menu dropdown-menu-end">\n            \n            \n            \n            \n        </ul>\n    </div>\n\n    </td>\n                    \n                    \n                </tr>\n            \n        </tbody>\n        \n    </table>\n\n\n    </div>\n    \n</div>\n\n                \n            \n            \n\n<div class="paginator align-items-center d-flex fs-5 gap-10 justify-content-end mt-16 text-secondary">\n    \n        <div>\n            Showing 1-1 of 1\n        </div>\n        <div class="vr border-start my-8"></div>\n    \n    <form class="align-items-center d-flex gap-4" method="get">\n        \n        <select name="per_page" id="per_page" class="form-select">\n            \n                <option value="65000" selected="selected">65000</option>\n            \n            \n                <option value="25">25</option>\n            \n                <option value="50">50</option>\n            \n                <option value="100">100</option>\n            \n                <option value="250">250</option>\n            \n                <option value="500">500</option>\n            \n                <option value="1000">1000</option>\n            \n        </select>\n        per page\n    </form>\n    \n</div>\n\n            <div class="clearfix"></div>\n        \n    </div>\n    \n        \n\n\n<div class="modal fade" tabindex="-1" id="saved_view_modal" role="dialog">\n    <div class="modal-dialog modal-lg">\n        <div class="modal-content">\n            <div class="modal-header">\n                <h4 class="modal-title">New Saved View</h4>\n                <button type="button" class="btn-close" data-bs-dismiss="modal" aria-label="Close"></button>\n            </div>\n            <form action="/extras/saved-views/add/" method="post">\n                <div class="modal-body">\n                    <input type="hidden" name="csrfmiddlewaretoken" value="Jwc4eAVkgjl3drbNs3TPjsW0rTOR3OOXGPMFMgbye6ZqGA40UpC6Av8v5uzymS25">\n                    <div class="row">\n                        \n\n<div class="mb-10 d-md-flex justify-content-center">\n    \n        <label class="col-md-3 col-form-label nb-required" for="id_name">\n            Name\n        </label>\n        <div class="col-md-9">\n            <input type="text" name="name" maxlength="255" class="form-control" required placeholder="Name" id="id_name">\n            \n            \n                <span class="form-text">The name of this view</span>\n            \n    \n    \n</div>\n</div>\n\n                        <span class="col-lg-3 text-end text-secondary">New Changes</span>\n                        <div class="col-lg-9">\n                            <pre><code class="language-json">{\n    &quot;filter_params&quot;: {},\n    &quot;per_page&quot;: 65000,\n    &quot;sort_order&quot;: [],\n    &quot;table_config&quot;: null\n}</code></pre>\n                        </div>\n                        \n\n<div class="mb-10 d-md-flex justify-content-center">\n    \n        <div class="col-md-9 offset-md-3">\n            <div class="form-check mt-6">\n                <input type="checkbox" name="is_shared" class="form-check-input" placeholder="Is shared" id="id_is_shared">\n                <label class="form-check-label" for="id_is_shared">\n                    Is shared\n                </label>\n            </div>\n            \n            \n                <span class="form-text">If checked, all users will be able to see this saved view</span>\n            \n    \n    \n</div>\n</div>\n\n                        <input type="hidden" id="view" name="view" value="plugins:nautobot_igp_models:ospfinterfaceconfiguration_list">\n                        <input type="hidden" id="params" name="params" value="">\n                    </div>\n                </div>\n                <div class="modal-footer">\n                    <button type="submit" class="btn btn-primary">\n                        <span aria-hidden="true" class="mdi mdi-content-save-plus-outline me-4"></span><!--\n                        -->Save\n                    </button>\n                    <button class="btn btn-secondary" data-bs-dismiss="modal" type="button">\n                        <span aria-hidden="true" class="mdi mdi-close me-4"></span><!--\n                        -->Cancel\n                    </button>\n                </div>\n            </form>\n        </div>\n    </div>\n</div>\n\n    \n    \n\n<div class="modal fade" tabindex="-1" role="dialog" id="dynamic_group_assignment_modal">\n    <div class="modal-dialog modal-lg" role="document">\n        <div class="modal-content">\n            <div class="modal-header">\n                <button type="button" class="btn-close" data-bs-dismiss="modal" aria-label="Close">\n                </button>\n                <h4 class="modal-title">Static Assignment to Dynamic Groups</h4>\n            </div>\n            <form id="dynamic_group_assignment_form" action="/extras/dynamic-groups/assign-members/?"\n                  method="post" class="form form-horizontal">\n                <div class="modal-body">\n                    <input type="hidden" name="csrfmiddlewaretoken" value="Jwc4eAVkgjl3drbNs3TPjsW0rTOR3OOXGPMFMgbye6ZqGA40UpC6Av8v5uzymS25">\n                    <input type="hidden" name="return_url" value="/plugins/nautobot-igp-models/ospf-interface-configuration/">\n                    <input type="hidden" id="dynamic_group_assignment_all" name="_all">\n                    <span id="dynamic_group_assignment_pks"></span>\n                    \n                        <input type="hidden" name="content_type" value="195" class="form-control" required="required" placeholder="None" id="id_content_type">\n                    \n                        \n                    \n                    \n\n<div class="mb-10 d-md-flex justify-content-center">\n    \n        <label class="col-md-3 col-form-label" for="id_add_to_groups">\n            Add to existing group(s)\n        </label>\n        <div class="col-md-9">\n            <select name="add_to_groups" class="nautobot-select2-api" data-multiple="1" data-query-param-group_type="[&quot;static&quot;]" data-query-param-content_type="[&quot;nautobot_igp_models.ospfinterfaceconfiguration&quot;]" data-query-param-exclude_m2m="[&quot;true&quot;]" display-field="display" data-depth="0" data-url="/api/extras/dynamic-groups/" id="id_add_to_groups" multiple>\n</select>\n            \n            \n    \n    \n</div>\n</div>\n\n                    \n\n<div class="mb-10 d-md-flex justify-content-center">\n    \n        <label class="col-md-3 col-form-label" for="id_create_and_assign_to_new_group_name">\n            Create a new group\n        </label>\n        <div class="col-md-9">\n            <input type="text" name="create_and_assign_to_new_group_name" class="form-control" placeholder="Create a new group" id="id_create_and_assign_to_new_group_name">\n            \n            \n                <span class="form-text">Create a new group with this name and assign the selected objects to it.</span>\n            \n    \n    \n</div>\n</div>\n\n                    \n\n<div class="mb-10 d-md-flex justify-content-center">\n    \n        <label class="col-md-3 col-form-label" for="id_remove_from_groups">\n            Remove from group(s)\n        </label>\n        <div class="col-md-9">\n            <select name="remove_from_groups" class="nautobot-select2-api" data-multiple="1" data-query-param-group_type="[&quot;static&quot;]" data-query-param-content_type="[&quot;nautobot_igp_models.ospfinterfaceconfiguration&quot;]" data-query-param-exclude_m2m="[&quot;true&quot;]" display-field="display" data-depth="0" data-url="/api/extras/dynamic-groups/" id="id_remove_from_groups" multiple>\n</select>\n            \n            \n    \n    \n</div>\n</div>\n\n                </div>\n                <div class="modal-footer">\n                    <button type="submit" class="btn btn-primary">\n                        <span class="mdi mdi-group" aria-hidden="true"></span> Apply\n                    </button>\n                    <button type="button" class="btn btn-secondary" id="dynamic_group_assignment_cancel">\n                        <span class="mdi mdi-close-thick" aria-hidden="true"></span> Cancel\n                    </button>\n                </div>\n            </form>\n        </div>\n    </div>\n</div>\n\n\n        </main>\n        \n            \n        \n        \n\n\n\n' : 


        <div id="drawer">
            
    



<section class="nb-drawer" tabindex="-1" id="FilterForm_drawer">
    <div class="nb-drawer-header">
        <h1>Filters</h1>
        <button type="button" class="btn-close" data-nb-dismiss="drawer" aria-label="Close"></button>
    </div>
    <div class="nb-drawer-body">
        <ul id="filter-tabs" class="nav nav-tabs">
            
                <li role="presentation" class="nav-item">
                    <a class="nav-link active"  href="#default-filter" role="tab" data-bs-toggle="tab">
                        Basic
                    </a>
                </li>
            
            
                <li role="presentation" class="nav-item">
                    <a class="nav-link position-relative" href="#advanced-filter" role="tab" data-bs-toggle="tab">
                        Advanced
                        

                    </a>
                </li>
            
        </ul>
        <div class="tab-content h-100">
            
                <div id="default-filter" role="tabpanel" class="tab-pane fade show active h-100 p-20">
                    

<form class="h-100 vstack">
    <div class="align-content-start flex-fill pb-20">
        
        
            
                <div class="nb-form-group">
                    
                        <label for="id_ospf_config">OSPF Configuration</label>
                        <select name="ospf_config" class="nautobot-select2-api form-control" data-query-param-exclude_m2m="[&quot;true&quot;]" display-field="display" data-depth="0" placeholder="OSPF Configuration" data-url="/api/plugins/nautobot-igp-models/ospf-configurations/" id="id_ospf_config">
  <option value=""
         selected
        >---------</option>

</select>
                    
                </div>
            
        
            
                <div class="nb-form-group">
                    
                        <label for="id_interface">Interface</label>
                        <select name="interface" class="nautobot-select2-api form-control" data-query-param-device_id="[&quot;$ospf_config__instance__device&quot;]" data-query-param-exclude_m2m="[&quot;true&quot;]" display-field="display" data-depth="0" placeholder="Interface" data-url="/api/dcim/interfaces/" id="id_interface">
  <option value=""
         selected
        >---------</option>

</select>
                    
                </div>
            
        
            
                <div class="nb-form-group">
                    
                        <label for="id_area">Area</label>
                        <input type="text" name="area" class="form-control" placeholder="Area" id="id_area">
                    
                </div>
            
        
            
                <div class="nb-form-group">
                    
                        <label for="id_cost">Cost</label>
                        <input type="number" name="cost" class="form-control" placeholder="Cost" id="id_cost">
                    
                </div>
            
        
            
                <div class="nb-form-group">
                    
                        <label for="id_contacts">Contacts</label>
                        <select name="contacts" class="nautobot-select2-api form-control" data-multiple="1" data-query-param-exclude_m2m="[&quot;true&quot;]" display-field="display" value-field="name" data-depth="0" placeholder="None" data-url="/api/extras/contacts/" id="id_contacts" multiple>
</select>
                    
                </div>
            
        
            
                <div class="nb-form-group">
                    
                        <label for="id_teams">Teams</label>
                        <select name="teams" class="nautobot-select2-api form-control" data-multiple="1" data-query-param-exclude_m2m="[&quot;true&quot;]" display-field="display" value-field="name" data-depth="0" placeholder="None" data-url="/api/extras/teams/" id="id_teams" multiple>
</select>
                    
                </div>
            
        
    </div>
    <div class="justify-content-between mb-n20 nb-form-sticky-footer">
        <button type="submit" class="btn btn-primary">
            <span class="mdi mdi-check me-4" aria-hidden="true"></span><!--
            -->Apply Specified
        </button>
        <button type="reset" class="btn btn-secondary">
            <span aria-hidden="true" class="mdi mdi-close me-4"></span><!--
            -->Clear All
        </button>
    </div>
</form>

                </div>
            
            
                <div id="advanced-filter" role="tabpanel" class="tab-pane fade h-100 p-20">
                    <form class="h-100 vstack" id="dynamic-filter-form">
                        <div class="align-content-start flex-fill pb-20">
                            <input type="hidden" name="form-TOTAL_FORMS" value="1" id="id_form-TOTAL_FORMS"><input type="hidden" name="form-INITIAL_FORMS" value="0" id="id_form-INITIAL_FORMS"><input type="hidden" name="form-MIN_NUM_FORMS" value="0" id="id_form-MIN_NUM_FORMS"><input type="hidden" name="form-MAX_NUM_FORMS" value="1000" id="id_form-MAX_NUM_FORMS">
                            
                                <div class="nb-form-group">
                                    <label for="id_form-0-lookup_field">Field</label>
                                    <select name="form-0-lookup_field" class="nautobot-select2-static lookup_field-select" placeholder="Field" id="id_form-0-lookup_field">
  <option value="" selected>---------</option>

  <option value="contacts">Contacts (name or ID)</option>

  <option value="cost">Cost</option>

  <option value="created">Created</option>

  <option value="dynamic_groups">Dynamic groups (name or ID)</option>

  <option value="id">Id</option>

  <option value="interface">Interface</option>

  <option value="last_updated">Last updated</option>

  <option value="area">OSPF Area</option>

  <option value="ospf_config_name">OSPF Configuration</option>

  <option value="status">Status (ID)</option>

  <option value="teams">Teams (name or ID)</option>

</select>
                                </div>
                            
                                <div class="nb-form-group">
                                    <label for="id_form-0-lookup_type">Lookup type</label>
                                    <select name="form-0-lookup_type" class="nautobot-select2-api lookup_type-select" placeholder="None" data-query-param-field_name="[&quot;$lookup_field&quot;]" data-contenttype="nautobot_igp_models.ospfinterfaceconfiguration" data-url="/api/core/filterset-fields/lookup-choices/" id="id_form-0-lookup_type">
</select>
                                </div>
                            
                                <div class="nb-form-group">
                                    <label for="id_form-0-lookup_value">Value</label>
                                    <input type="text" name="form-0-lookup_value" class="form-control lookup_value-input form-control" placeholder="Value" id="id_form-0-lookup_value">
                                </div>
                            
                            <button class="nb-dynamic-filter-add btn btn-primary d-block ms-auto my-20" type="button">
                                <span aria-hidden="true" class="mdi mdi-plus me-4"></span><!--
                                -->Add Filter
                            </button>
                            <hr class="border-top my-20">
                            <div class="nb-dynamic-filter-items d-flex flex-wrap gap-10">
                                
                            </div>
                        </div>

                        <div class="d-print-none justify-content-between mb-n20 nb-form-sticky-footer">
                            <button type="submit" class="btn btn-primary">
                                <span class="mdi mdi-check me-4" aria-hidden="true"></span><!--
                                -->Apply Specified
                            </button>
                            <button type="reset" class="btn btn-secondary">
                                <span aria-hidden="true" class="mdi mdi-close me-4"></span><!--
                                -->Clear All
                            </button>
                        </div>
                    </form>
                </div>
            
        </div>
    </div>
</section>


    <script>
        (() => {
            document.addEventListener('DOMContentLoaded', () => {
                const NON_FILTER_PARAMS = [
                    'all_filters_removed',
                    'clear_view',
                    'per_page',
                    'saved_view',
                    'sort',
                    'table_changes_pending',
                ];

                /**
                 * Insert given `element` as `parent`'s first child.
                 * @param {HTMLElement} element - Element to be inserted.
                 * @param {HTMLElement} parent - Parent container for given `element`.
                 * @returns {void} Do not return any value, modify DOM in-place.
                 */
                const insertFirst = (element, parent) => {
                    parent.hasChildNodes() ? parent.insertBefore(element, parent.firstElementChild) : parent.appendChild(element);
                };

                /**
                 * Get HTML elements for default and dynamic filter forms.
                 * @returns {object} Object with `defaultFilterForm` and `dynamicFilterForm` HTML elements or `null`,
                 *   depending on their actual existence in the DOM.
                 */
                const getFilterForms = () => ({
                    defaultFilterForm: document.querySelector('#default-filter form'),
                    dynamicFilterForm: document.querySelector('#dynamic-filter-form'),
                });

                const prepopulateFilterSelectsFromURL = (() => {
                    const { defaultFilterForm } = getFilterForms();
                    const urlParams = new URLSearchParams(window.location.search);
                    // Only target Select2 controls inside the default filter form.
                    [...defaultFilterForm.querySelectorAll('select.nautobot-select2-multi-value-char')].forEach((el) => {
                        const name = el.getAttribute('name');
                        if (!name) { return; }
                        const values = urlParams.getAll(name);
                        if (!values.length) { return; }
                        values.forEach((val) => {
                            let found = Array.prototype.find.call(el.options, (opt) => {
                                return String(opt.value) === String(val);
                            });
                            if (found) {
                                found.selected = true;
                            } else {
                                el.add(new Option(val, val, true, true));
                            }
                        });
                        if (window.jQuery && $(el).data('select2')) {
                            $(el).trigger('change');
                        }
                    });
                })();

                /**
                 * Synchronize given `filter` value from default to dynamic filter form.
                 * @param {string} name - Filter name.
                 * @returns {void} Do not return any value, just set given field values.
                 */
                const syncDefaultToDynamic = (name) => {
                    const { defaultFilterForm } = getFilterForms();

                    const field = defaultFilterForm.querySelector(`[name="${name}"]`);
                    const text = field?.closest('.nb-form-group')?.querySelector('label')?.innerText?.trim();
                    /*
                     * `manageDynamicFilter` takes an array of `{ text: string, value: string }` objects as `value`, so
                     * regardless of field being a textbox, a single or multiple choice combobox, conversion is required:
                     *   1. For combobox (i.e. `<select>`), iterate over selected options and map them to display `text`
                     *     and underlying `value`.
                     *   2. For textbox (i.e. `<input>` or `<textarea>`):
                     *     1. Use entered value as both display `text` and underlying `value`.
                     *     2. If field is empty, use an empty array.
                     */
                    const value =
                        field?.tagName === 'SELECT'
                        ? [...field.selectedOptions].map((option) => ({ text: option.innerText, value: option.value }))
                        : [...(field?.value ? [{ text: field.value, value: field.value }] : [])];

                    manageDynamicFilter({ action: 'set', name, text, value });
                };

                /**
                 * Synchronize given `filter` value from dynamic to default filter form.
                 * @param {string} name - Filter name.
                 * @returns {void} Do not return any value, just set given field values.
                 */
                const syncDynamicToDefault = (name) => {
                    const { defaultFilterForm, dynamicFilterForm } = getFilterForms();

                    const current = [...dynamicFilterForm.querySelectorAll(`input[name="${name}"][type="hidden"]`)].map(
                        (input) => ({
                            text: [...(input.parentElement?.childNodes ?? [])].find((node) => node.nodeName === '#text')?.wholeText,
                            value: input.getAttribute('value'),
                        }),
                    );

                    const sync = defaultFilterForm?.querySelector(`[name=${name}]`);

                    if (sync?.tagName === 'INPUT' || sync?.tagName === 'TEXTAREA') {
                        sync.value = current.length > 0 ? current[0].value : '';
                    } else if (sync?.tagName === 'SELECT') {
                        window.nb.select2.setSelect2Value(sync, current);
                    }
                };

                /**
                 * Manage dynamic filter either by adding values to the existing selection or by setting passed values
                 * regardless of previous selection.
                 * @param {'add'|'set'} action - Use `'add'` to add given value to the existing selection; use `'set'`
                 *   to set given value regardless of what was set previously.
                 * @param {string} name - Filter field name.
                 * @param {string} text - Filter display text.
                 * @param {object[]} value - Array of objects containing `text` and `value` key-value pairs.
                 */
                const manageDynamicFilter = ({ action, name, text, value }) => {
                    const { dynamicFilterForm } = getFilterForms();
                    const items = dynamicFilterForm.querySelector('.nb-dynamic-filter-items');

                    const group = (() => {
                        const existing = items.querySelector(`.nb-multi-badge[data-nb-field="${name}"]`);
                        if (existing) {
                            return existing;
                        }

                        const group = document.createElement('span');
                        group.classList.toggle('badge', true);
                        group.classList.toggle('nb-multi-badge', true);
                        group.setAttribute('data-nb-field', name);

                        const button = document.createElement('button');
                        button.classList.toggle('nb-dynamic-filter-remove', true);
                        button.setAttribute('type', 'button');

                        const close = document.createElement('span');
                        close.classList.toggle('mdi', true);
                        close.classList.toggle('mdi-close', true);
                        close.setAttribute('aria-hidden', 'true');

                        const remove = document.createElement('span');
                        remove.classList.toggle('visually-hidden', true);
                        remove.innerText = 'Remove All';

                        const children = document.createElement('span');
                        children.classList.toggle('nb-multi-badge-items', true);

                        button.appendChild(close);
                        button.appendChild(remove);
                        group.appendChild(button);
                        group.insertAdjacentText('beforeend', `${text}:`);
                        group.appendChild(children);

                        return group;
                    })();

                    const children = group.querySelector('.nb-multi-badge-items');
                    const existing = [...children.querySelectorAll('.badge[data-nb-value]')];

                    /*
                     * Depending on `action` remove the following badges:
                     *   1. For `'add'`, remove already existing filters with the same key-value pairs and re-create them later.
                     *   2. For `'set'`, remove all existing filters of given key and apply only these passed as `values`.
                     */
                    const badgesToRemove =
                        action === 'add'
                        ? existing.filter((badge) => value.some((item) => badge.getAttribute('data-nb-value') === item.value))
                        : existing;
                    badgesToRemove.forEach((item) => children.removeChild(item));

                    value.forEach(({ text, value }) => {
                        const badge = document.createElement('span');
                        badge.classList.toggle('badge', true);
                        badge.setAttribute('data-nb-value', value);

                        const input = document.createElement('input');
                        input.setAttribute('name', name);
                        input.setAttribute('type', 'hidden');
                        input.setAttribute('value', value);

                        const button = document.createElement('button');
                        button.classList.toggle('nb-dynamic-filter-remove', true);
                        button.setAttribute('type', 'button');

                        const close = document.createElement('span');
                        close.classList.toggle('mdi', true);
                        close.classList.toggle('mdi-close', true);
                        close.setAttribute('aria-hidden', 'true');

                        const remove = document.createElement('span');
                        remove.classList.toggle('visually-hidden', true);
                        remove.innerText = 'Remove';

                        button.appendChild(close);
                        button.appendChild(remove);
                        badge.appendChild(button);
                        badge.insertAdjacentText('beforeend', text);
                        badge.appendChild(input);

                        insertFirst(badge, children);
                    });

                    // If group already exists, remove it and later insert as the first child.
                    if (items.contains(group)) {
                        items.removeChild(group);
                    }

                    if (children.hasChildNodes()) {
                        insertFirst(group, items);
                    }
                };

                document.addEventListener('click', (event) => {
                    const { defaultFilterForm, dynamicFilterForm } = getFilterForms();

                    const add = event.target.closest('button.nb-dynamic-filter-add');
                    if (add) {
                        const field = dynamicFilterForm.querySelector('[name$="lookup_field"]');
                        const type = dynamicFilterForm.querySelector('[name$="lookup_type"]');
                        const value = [...dynamicFilterForm.querySelectorAll('.nb-form-group')]
                            .pop()
                        ?.querySelector('input, select, textarea');

                        const isMissing = (control) =>
                        control?.selectedOptions ? control.selectedOptions.length === 0 : !control?.value;
                        if (isMissing(field) || isMissing(type) || isMissing(value)) {
                            // Return early if selected filter is not complete (i.e. is missing lookup field, type or value).
                            return;
                        }

                        const name = type.selectedOptions[0].value;
                        const label = field.selectedOptions[0].innerText.trim();
                        const suffix = type.selectedOptions[0].innerText.trim();
                        const text = /\(\w+\)/.test(suffix) ? `${label} ${suffix}` : label;
                        const values =
                            value?.getAttribute('multiple') !== null
                            ? [...value.selectedOptions].map((option) => ({ text: option.innerText.trim(), value: option.value }))
                            : [{ text: value?.value, value: value?.value }];

                        // If field exists in default filter form and is a single value input, use `'set'` action.
                        const action =
                            defaultFilterForm.querySelector(`[name="${name}"]`) &&
                        (value.tagName === 'INPUT' || value.tagName === 'TEXTAREA')
                            ? 'set'
                            : 'add';
                        manageDynamicFilter({ action, name, text, value: values });

                        syncDynamicToDefault(name);
                    }

                    const remove = event.target.closest('button.nb-dynamic-filter-remove');
                    if (remove) {
                        const badge = remove.closest('.badge');
                        /*
                         * Remove the group badge (i.e. multi-badge) when given badge is the group badge itself, or it is the only
                         * one left in the group (i.e. has no siblings) because removing it will leave the group badge empty anyway.
                         */
                        const shouldRemoveGroup =
                            badge?.classList.contains('nb-multi-badge') ||
                        (!badge?.previousElementSibling && !badge?.nextElementSibling);
                        shouldRemoveGroup ? badge?.closest('.nb-multi-badge')?.remove() : badge?.remove();

                        syncDynamicToDefault(badge?.querySelector('input[type="hidden"]')?.getAttribute('name'));
                    }
                });

                // Need to wrap `document` with jQuery to be able to listen to Select2 `change` event.
                $(document).on('change', (event) => {
                    const { defaultFilterForm } = getFilterForms();
                    const isDefaultFilterFormField = event.target.form === defaultFilterForm;
                    if (isDefaultFilterFormField) {
                        syncDefaultToDynamic(event.target.name);
                    }
                });

                // Need to wrap `document` with jQuery to be able to listen to Select2 `change` event.
                $(document).on('change', async (event) => {
                    const isLookupType = event.target.getAttribute('name')?.endsWith('lookup_type');
                    if (isLookupType) {
                        const content_type = event.target.getAttribute('data-contenttype');
                        const field_name = event.target.value;
                        const value = [...event.target.form.querySelectorAll('.nb-form-group')]
                            .pop()
                        ?.querySelector('input, select, textarea');

                        if (field_name) {
                            const replacement = await (async () => {
                                try {
                                    const response = await window.fetch(
                                        `/api/ui/core/filterset-fields/lookup-value-dom-element/?${new URLSearchParams({ content_type, field_name })}`,
                                        { method: 'GET', headers: { Accept: '*/*' } },
                                    );

                                    const html = await response.json();

                                    const element = document.createElement('div');
                                    element.innerHTML = html;

                                    return element.firstElementChild;
                                } catch (exception) {
                                    // Default to `<input type="text" ...>` field if error occurs.
                                    const input = document.createElement('input');
                                    input.classList.toggle('lookup_value-input', true);
                                    input.classList.toggle('form-control', true);
                                    input.setAttribute('id', `id_for_${field_name}`);
                                    input.setAttribute('name', field_name);
                                    input.setAttribute('type', 'text');
                                    return input;
                                }
                            })();

                            value.replaceWith(replacement);
                            replacement.nextElementSibling?.remove(); // Remove Select2 widget if present.
                            replacement.previousElementSibling?.setAttribute('for', replacement.getAttribute('id')); // Set label `for` attribute to match field `id`.
                            initializeInputs(replacement.parentElement);
                        }
                    }
                });

                // Need to wrap `document` with jQuery to be able to listen to Select2 `change` event.
                $(document).on('change', (event) => {
                    const isLookupField = event.target.getAttribute('name')?.endsWith('lookup_field');
                    const isLookupType = event.target.getAttribute('name')?.endsWith('lookup_type');

                    if (isLookupField) {
                        const type = event.target.form.querySelector('[name$="lookup_type"]');
                        $(type).val(null).trigger('change');
                    }

                    if (isLookupField || isLookupType) {
                        const value = [...event.target.form.querySelectorAll('.nb-form-group')]
                            .pop()
                        ?.querySelector('input, select, textarea');

                        if (value.tagName === 'SELECT') {
                            $(value).val(null).trigger('change');
                        } else {
                            value.value = '';
                        }
                    }
                });

                const isFilterForm = (target) => Boolean(target?.closest('#FilterForm_drawer'));

                document.addEventListener('reset', (event) => {
                    if (isFilterForm(event.target)) {
                        event.preventDefault();

                        // Remove all filter query params from location search while keeping non-filter params intact.
                        const searchParams = new URLSearchParams(window.location.search);
                        const nextSearchParams = new URLSearchParams([
                            ...[...searchParams].filter(
                                ([property]) => NON_FILTER_PARAMS.includes(property) && property !== 'all_filters_removed',
                            ),
                            ['all_filters_removed', 'true'],
                        ]);

                        location.assign(`?${nextSearchParams}`);
                    }
                });

                document.addEventListener('submit', (event) => {
                    if (isFilterForm(event.target)) {
                        event.preventDefault();

                        const { defaultFilterForm, dynamicFilterForm } = getFilterForms();

                        /*
                         * Just before the form submission automatically add filter selected in "Advanced" tab (if any)
                         * which hasn't been manually applied for whatever reason (usually forgetfulness, speed, etc.).
                         * This is a requested UX flavor.
                         */
                        const add = dynamicFilterForm.querySelector('button.nb-dynamic-filter-add');
                        add.click();

                        // Remove all field names which are not applied filters container descendants.
                        [...dynamicFilterForm.querySelectorAll('input, select, textarea')].forEach((field) =>
                            field.closest('.nb-dynamic-filter-items') ? undefined : field.removeAttribute('name'),
                        );

                        /*
                         * Get the serialized data from the forms and:
                         *   1) Filter out query params which values are empty e.g `?sam=&dan=2` becomes `dan=2`.
                         *   2) Combine the two forms into a single set of data without duplicate entries.
                         */
                        const defaultFilterFormSearchParams = new URLSearchParams(new FormData(defaultFilterForm));
                        const dynamicFilterFormSearchParams = new URLSearchParams(new FormData(dynamicFilterForm));
                        const searchParams = new URLSearchParams(window.location.search);

                        const nextSearchParams = new URLSearchParams([
                            ...[...defaultFilterFormSearchParams].filter(([, value]) => value !== ''),
                            ...[...dynamicFilterFormSearchParams].filter(
                                ([property, value]) => value !== '' && !defaultFilterFormSearchParams.has(property, value),
                            ),
                            ...[...searchParams].filter(
                                ([property]) => NON_FILTER_PARAMS.includes(property) && property !== 'all_filters_removed',
                            ),
                        ]);

                        if (nextSearchParams.has('saved_view')) {
                            const all_filters_removed = [...nextSearchParams].every(([property]) =>
                                NON_FILTER_PARAMS.includes(property),
                            );

                            if (all_filters_removed) {
                                nextSearchParams.set('all_filters_removed', 'true');
                            }
                        }

                        location.assign(`?${nextSearchParams}`);
                    }
                });

                const onSubmitOrReset = (event) => (isFilterForm(event.target) ? window.nb?.history?.saveState() : undefined);
                document.addEventListener('reset', onSubmitOrReset);
                document.addEventListener('submit', onSubmitOrReset);
            });
        })();
    </script>


    
        


<section class="nb-drawer" tabindex="-1" id="OSPFInterfaceConfigurationTable_config">
    <div class="nb-drawer-header">
        <h1>Table Configuration</h1>
        <button type="button" class="btn-close" data-nb-dismiss="drawer" aria-label="Close"></button>
    </div>
    <div class="nb-drawer-body">
        <form class="userconfigform h-100 pb-20 px-20 vstack" data-config-root="tables.OSPFInterfaceConfigurationTable">
            <div class="row align-content-start flex-fill">
                <div class="col-12">
                    <div class="alert alert-warning">
                        Column choices may negatively affect loading times.
                        <a href="/static/docs/user-guide/platform-functionality/user-interface/configurablecolumns.html" class="btn btn-link btn-sm" target="_blank" rel="noopener">
                            <span class="mdi mdi-information"></span>
                        </a>
                    </div>
                </div>
                <div class="col-12">
                    
                        <select name="columns" size="20" class="form-control" placeholder="None" id="id_columns" multiple>
  <option value="ospf_config" selected>Ospf config</option>

  <option value="interface" selected>Interface</option>

  <option value="area" selected>Area</option>

  <option value="cost" selected>Cost</option>

  <option value="status" selected>Status</option>

  <option value="dynamic_group_count">Dynamic Groups</option>

</select>
                        <span class="form-text mt-8">Use the buttons below to arrange columns in the desired order, then select all columns to display.</span>
                        <div class="hstack gap-4 mt-8 mx-n4">
                            
                            <button type="button" class="btn btn-primary btn-sm" id="move-option-up" data-target="id_columns"><span class="mdi mdi-arrow-up-bold me-4"></span>Move up</button>
                            <button type="button" class="btn btn-primary btn-sm" id="move-option-down" data-target="id_columns"><span class="mdi mdi-arrow-down-bold me-4"></span>Move down</button>
                            <button type="button" class="btn btn-success btn-sm" id="select-all-options" data-target="id_columns"><span class="mdi mdi-expand-all-outline me-4"></span>Select all</button>
                            
                        </div>
                    
                </div>
            </div>
            <div class="nb-form-sticky-footer">
                <input type="submit" class="btn btn-primary" value="Save">
                <input type="submit" class="btn btn-danger reset" value="Reset">
            </div>
        </form>
    </div>
</section>


    <script>
        (() => {
            document.addEventListener('DOMContentLoaded', () => {
                document.addEventListener('submit', (event) => {
                    if (event.target.closest('#OSPFInterfaceConfigurationTable_config')) {
                        // Keep the drawer open after page reload caused by form submission.
                        window.nb.history.saveState();
                    }
                });
            });
        })();
    </script>


    
    <section class="nb-drawer" tabindex="-1" id="SavedViews_drawer">
        <div class="nb-drawer-header">
            <h1>Saved Views</h1>
            <button type="button" class="btn-close" data-nb-dismiss="drawer" aria-label="Close"></button>
        </div>
        <div class="nb-drawer-body pb-20 px-20">
            <div class="align-items-start vstack flex-grow-0 gap-10">
                
            </div>
            
            <div class="align-items-start vstack gap-10">
                Actions:
                
                <a class="btn btn-secondary" href="" data-bs-toggle="modal" data-bs-target="#saved_view_modal">
                    <span class="mdi mdi-content-save-plus-outline me-4" aria-hidden="true"></span>Save As New
                </a>
                
            </div>
        </div>
    </section>

        </div>
        <header id="header">
            <div class="banner-alert-area">
                



    
        <div class="alert alert-info text-center" role="alert">
            <p>Local</p>
        </div>
    






                

            </div>
            <div class="container-fluid mb-12 mt-16">
                <div class="row">
                    <div id="page-title" class="col-4">
                        
                            


<h1 class="d-flex fs-2 gap-8 lh-sm py-6">
    <img
        alt="Nautobot chevron"
        class="align-self-start flex-grow-0 flex-shrink-0 my-n4"
        role="presentation"
        src="/static/img/nautobot_chevron.svg"
        style="width: 1.5rem;"
    />
    
        OSPF Interface Configurations
    
</h1>

                        
                    </div>
                    



    
        <form action="/search/" class="col-4 text-center" id="header_search" method="get" role="search">
            <label class="position-relative w-100">
                <input
                    aria-placeholder="Press Ctrl+K to search"
                    class="form-control nb-text-transparent"
                    name="q"
                    type="search"
                    value=""
                />
                <span class="align-items-center d-inline-flex gap-6 overflow-hidden px-12 py-6 pe-none position-absolute start-0 top-0 user-select-none w-100">
                    <span aria-hidden="true" class="mdi mdi-magnify text-secondary d-inline-flex"></span>
                    
                        
                            
                                
                                    
                                        <span class="badge border" data-nb-link="/plugins/nautobot-igp-models/ospf-interface-configuration/"><!--
                                            -->in: OSPF Interface Configuration<!--
                                            --><button tabindex="-1" type="button">
                                            <span aria-hidden="true" class="mdi mdi-close"></span>
                                            <span class="visually-hidden">Remove</span>
                                        </button>
                                        </span>
                                    
                                
                            
                        
                            
                                
                                    
                                
                                    
                                
                            
                        
                    
                    <span
                        aria-hidden="true"
                        class="align-items-center d-inline-flex gap-4 text-nowrap text-secondary"
                    >
                        
                            Press <kbd class="mt-n1">Ctrl+K</kbd> to search
                        
                    </span>
                    <a class="align-items-center d-inline-flex ms-auto pe-auto"
                       href="/static/docs/user-guide/platform-functionality/user-interface/search.html"
                       target="_blank"
                       rel="noopener"
                    >
                        <span aria-hidden="true" class="mdi mdi-help-circle-outline text-secondary"></span>
                    </a>
                </span>
            </label>
        </form>
    

    <div class="col-4 text-end">
        <div class="dropdown">
            <button class="btn dropdown-toggle align-items-center d-inline-flex gap-6" type="button" data-bs-toggle="dropdown" aria-expanded="false">
                <span aria-hidden="true" class="mdi mdi-account text-secondary"></span>
                nautobotuser
            </button>
            <ul class="dropdown-menu dropdown-menu-end">
                <li><a class="dropdown-item" href="/about/"><span class="mdi mdi-information"></span>About Nautobot</a></li>
                <li><a class="dropdown-item" href="/user/profile/"><span class="mdi mdi-account-box"></span>Profile</a></li>
                <li><a class="dropdown-item" href="/extras/approver-dashboard/"><span class="mdi mdi-check-bold"></span>Approval Dashboard</a></li>
                
                <li class="dropdown-divider"></li>
                <li><a class="dropdown-item" href="/logout/"><span class="mdi mdi-logout"></span>Log out</a></li>
            </ul>
        </div>
    </div>


                    <div class="col-12">
                        
    

    

    

<nav aria-label="Breadcrumbs" class="mt-1">
    <ol class="breadcrumb">
        
            
                
            
        
    </ol>
</nav>


                    </div>
                </div>
            </div>
            
        </header>
        <main class="container-fluid wrapper" id="main-content" tabindex="-1">
            
    <div class="align-items-center d-flex gap-8 justify-content-end mb-16 d-print-none">
        
        

        <div class="btn-group">
            
                
    
        <a href="/plugins/nautobot-igp-models/ospf-interface-configuration/add/" class="btn btn-primary" id="add-button">
            <span class="mdi mdi-plus-thick" aria-hidden="true"></span> Add OSPF Interface Configuration
        </a>
    


                <button type="button" id="actions-dropdown" class="btn btn-primary dropdown-toggle" data-bs-toggle="dropdown">
                    <span class="visually-hidden">Toggle Dropdown</span>
                    <span class="mdi mdi-chevron-down"></span>
                </button>
            
            <ul class="dropdown-menu dropdown-menu-end" role="menu">
                
                    
                        
    
        <li>
            <a class="dropdown-item" id="import-button" href="/extras/jobs/nautobot.core.jobs.ImportObjects/run/?content_type=195">
                <span class="mdi mdi-database-import text-secondary" aria-hidden="true"></span> Import from CSV
            </a>
        </li>
    


                    
                
                
                    <li class="dropdown-divider"></li>
                
                
                    
                        
    
        
        
        <li>
            <form action="/extras/jobs/nautobot.core.jobs.ExportObjectList/run/" method="post">
                <input type="hidden" name="csrfmiddlewaretoken" value="Jwc4eAVkgjl3drbNs3TPjsW0rTOR3OOXGPMFMgbye6ZqGA40UpC6Av8v5uzymS25">
                <input type="hidden" name="content_type" value="195">
                <input type="hidden" name="query_string" value="">
                <input type="hidden" name="_schedule_type" value="immediately">
                <input type="hidden" name="export_format" value="csv">
                <button class="dropdown-item" type="submit">
                    <span class="mdi mdi-database-export text-secondary" aria-hidden="true"></span> Export as CSV
                </button>
            </form>
        </li>
        
    


                    
                
            </ul>
        </div>
        
        
            
            
        
        
            
            
        
        <div class="align-items-center d-flex gap-4">
            
                <button
                    type="button"
                    class="btn position-relative text-secondary"
                    data-nb-toggle="drawer"
                    data-nb-target="#SavedViews_drawer"
                    title="Saved Views"
                    aria-expanded="false"
                    aria-controls="SavedViews_drawer"
                >
                    <span class="mdi mdi-view-compact-outline" aria-hidden="true"></span>
                    <span class="visually-hidden">Saved Views</span>
                    
                </button>
            
            
                <button
                    type="button"
                    class="btn position-relative text-secondary"
                    data-nb-toggle="drawer"
                    data-nb-target="#FilterForm_drawer"
                    title="Add Filters"
                    id="id__filterbtn"
                    aria-controls="FilterForm_drawer"
                    aria-expanded="false"
                >
                    <span class="mdi mdi-filter" aria-hidden="true"></span>
                    <span class="visually-hidden">Add Filters</span>
                    
                </button>
            
        </div>
    </div>

    

    <div>
        
            
                
                    


<div class="card mb-3">
    
    <div class="table-responsive">
        



    <table class="table table-hover nb-table-headings">
        
            <thead>
                <tr>
                    
                        
                            
                                <th class="orderable"><a href="?sort=ospf_config" data-column-name="ospf_config">Ospf config</a></th>
                            
                        
                    
                        
                            
                                <th class="orderable"><a href="?sort=interface" data-column-name="interface">Interface</a></th>
                            
                        
                    
                        
                            
                                <th class="orderable"><a href="?sort=area" data-column-name="area">Area</a></th>
                            
                        
                    
                        
                            
                                <th class="orderable"><a href="?sort=cost" data-column-name="cost">Cost</a></th>
                            
                        
                    
                        
                            
                                <th class="orderable"><a href="?sort=status" data-column-name="status">Status</a></th>
                            
                        
                    
                        
                            <th class="nb-actionable nb-w-0 orderable">
                                <button
            type="button"
            class="btn border-0 float-end rounded-0 text-end text-secondary "
            data-nb-toggle="drawer"
            data-nb-target="#OSPFInterfaceConfigurationTable_config"
            
            title="Configure table"
            aria-controls="OSPFInterfaceConfigurationTable_config"
            aria-expanded="false"
        >
            <span class="mdi mdi-cog" aria-hidden="true"></span>
            <span class="visually-hidden">Configure</span>
        </button>
                            </th>
                        
                    
                    
                </tr>
            </thead>
        
        <tbody>
            
                <tr class="even">
                    
                        <td ><a href="/plugins/nautobot-igp-models/ospf-configuration/02a058cd-334d-4be7-8376-50546495dc03/">OSPF 1 on router1</a></td>
                    
                        <td ><a href="/dcim/interfaces/099918a0-7bcf-46f8-a377-80f3c8c6381c/">GigabitEthernet1</a></td>
                    
                        <td >0.0.0.0</td>
                    
                        <td >1</td>
                    
                        <td >
    
    
        <span class="badge" style="color: #ffffff; background-color: #4caf50">
            Active
        </span>
    
    </td>
                    
                        <td class="d-print-none nb-actions nb-w-0 text-end text-nowrap">
    <div class="dropdown">
        <button class="btn dropdown-toggle" type="button" data-bs-toggle="dropdown" aria-expanded="false">
            <span class="mdi mdi-dots-vertical" aria-hidden="true"></span>
            <span class="visually-hidden">Toggle Dropdown</span>
        </button>
        <ul class="dropdown-menu dropdown-menu-end">
            
            
            
            
        </ul>
    </div>

    </td>
                    
                    
                </tr>
            
        </tbody>
        
    </table>


    </div>
    
</div>

                
            
            

<div class="paginator align-items-center d-flex fs-5 gap-10 justify-content-end mt-16 text-secondary">
    
        <div>
            Showing 1-1 of 1
        </div>
        <div class="vr border-start my-8"></div>
    
    <form class="align-items-center d-flex gap-4" method="get">
        
        <select name="per_page" id="per_page" class="form-select">
            
                <option value="65000" selected="selected">65000</option>
            
            
                <option value="25">25</option>
            
                <option value="50">50</option>
            
                <option value="100">100</option>
            
                <option value="250">250</option>
            
                <option value="500">500</option>
            
                <option value="1000">1000</option>
            
        </select>
        per page
    </form>
    
</div>

            <div class="clearfix"></div>
        
    </div>
    
        


<div class="modal fade" tabindex="-1" id="saved_view_modal" role="dialog">
    <div class="modal-dialog modal-lg">
        <div class="modal-content">
            <div class="modal-header">
                <h4 class="modal-title">New Saved View</h4>
                <button type="button" class="btn-close" data-bs-dismiss="modal" aria-label="Close"></button>
            </div>
            <form action="/extras/saved-views/add/" method="post">
                <div class="modal-body">
                    <input type="hidden" name="csrfmiddlewaretoken" value="Jwc4eAVkgjl3drbNs3TPjsW0rTOR3OOXGPMFMgbye6ZqGA40UpC6Av8v5uzymS25">
                    <div class="row">
                        

<div class="mb-10 d-md-flex justify-content-center">
    
        <label class="col-md-3 col-form-label nb-required" for="id_name">
            Name
        </label>
        <div class="col-md-9">
            <input type="text" name="name" maxlength="255" class="form-control" required placeholder="Name" id="id_name">
            
            
                <span class="form-text">The name of this view</span>
            
    
    
</div>
</div>

                        <span class="col-lg-3 text-end text-secondary">New Changes</span>
                        <div class="col-lg-9">
                            <pre><code class="language-json">{
    &quot;filter_params&quot;: {},
    &quot;per_page&quot;: 65000,
    &quot;sort_order&quot;: [],
    &quot;table_config&quot;: null
}</code></pre>
                        </div>
                        

<div class="mb-10 d-md-flex justify-content-center">
    
        <div class="col-md-9 offset-md-3">
            <div class="form-check mt-6">
                <input type="checkbox" name="is_shared" class="form-check-input" placeholder="Is shared" id="id_is_shared">
                <label class="form-check-label" for="id_is_shared">
                    Is shared
                </label>
            </div>
            
            
                <span class="form-text">If checked, all users will be able to see this saved view</span>
            
    
    
</div>
</div>

                        <input type="hidden" id="view" name="view" value="plugins:nautobot_igp_models:ospfinterfaceconfiguration_list">
                        <input type="hidden" id="params" name="params" value="">
                    </div>
                </div>
                <div class="modal-footer">
                    <button type="submit" class="btn btn-primary">
                        <span aria-hidden="true" class="mdi mdi-content-save-plus-outline me-4"></span><!--
                        -->Save
                    </button>
                    <button class="btn btn-secondary" data-bs-dismiss="modal" type="button">
                        <span aria-hidden="true" class="mdi mdi-close me-4"></span><!--
                        -->Cancel
                    </button>
                </div>
            </form>
        </div>
    </div>
</div>

    
    

<div class="modal fade" tabindex="-1" role="dialog" id="dynamic_group_assignment_modal">
    <div class="modal-dialog modal-lg" role="document">
        <div class="modal-content">
            <div class="modal-header">
                <button type="button" class="btn-close" data-bs-dismiss="modal" aria-label="Close">
                </button>
                <h4 class="modal-title">Static Assignment to Dynamic Groups</h4>
            </div>
            <form id="dynamic_group_assignment_form" action="/extras/dynamic-groups/assign-members/?"
                  method="post" class="form form-horizontal">
                <div class="modal-body">
                    <input type="hidden" name="csrfmiddlewaretoken" value="Jwc4eAVkgjl3drbNs3TPjsW0rTOR3OOXGPMFMgbye6ZqGA40UpC6Av8v5uzymS25">
                    <input type="hidden" name="return_url" value="/plugins/nautobot-igp-models/ospf-interface-configuration/">
                    <input type="hidden" id="dynamic_group_assignment_all" name="_all">
                    <span id="dynamic_group_assignment_pks"></span>
                    
                        <input type="hidden" name="content_type" value="195" class="form-control" required="required" placeholder="None" id="id_content_type">
                    
                        
                    
                    

<div class="mb-10 d-md-flex justify-content-center">
    
        <label class="col-md-3 col-form-label" for="id_add_to_groups">
            Add to existing group(s)
        </label>
        <div class="col-md-9">
            <select name="add_to_groups" class="nautobot-select2-api" data-multiple="1" data-query-param-group_type="[&quot;static&quot;]" data-query-param-content_type="[&quot;nautobot_igp_models.ospfinterfaceconfiguration&quot;]" data-query-param-exclude_m2m="[&quot;true&quot;]" display-field="display" data-depth="0" data-url="/api/extras/dynamic-groups/" id="id_add_to_groups" multiple>
</select>
            
            
    
    
</div>
</div>

                    

<div class="mb-10 d-md-flex justify-content-center">
    
        <label class="col-md-3 col-form-label" for="id_create_and_assign_to_new_group_name">
            Create a new group
        </label>
        <div class="col-md-9">
            <input type="text" name="create_and_assign_to_new_group_name" class="form-control" placeholder="Create a new group" id="id_create_and_assign_to_new_group_name">
            
            
                <span class="form-text">Create a new group with this name and assign the selected objects to it.</span>
            
    
    
</div>
</div>

                    

<div class="mb-10 d-md-flex justify-content-center">
    
        <label class="col-md-3 col-form-label" for="id_remove_from_groups">
            Remove from group(s)
        </label>
        <div class="col-md-9">
            <select name="remove_from_groups" class="nautobot-select2-api" data-multiple="1" data-query-param-group_type="[&quot;static&quot;]" data-query-param-content_type="[&quot;nautobot_igp_models.ospfinterfaceconfiguration&quot;]" data-query-param-exclude_m2m="[&quot;true&quot;]" display-field="display" data-depth="0" data-url="/api/extras/dynamic-groups/" id="id_remove_from_groups" multiple>
</select>
            
            
    
    
</div>
</div>

                </div>
                <div class="modal-footer">
                    <button type="submit" class="btn btn-primary">
                        <span class="mdi mdi-group" aria-hidden="true"></span> Apply
                    </button>
                    <button type="button" class="btn btn-secondary" id="dynamic_group_assignment_cancel">
                        <span class="mdi mdi-close-thick" aria-hidden="true"></span> Cancel
                    </button>
                </div>
            </form>
        </div>
    </div>
</div>


        </main>
        
            
        
        





----------------------------------------------------------------------
Ran 475 tests in 159.739s

FAILED (failures=88, errors=6, skipped=17)
Destroying test database for alias 'default'...
[0m